<html>
<body>
<pre>
<h1>礦ision Build Log</h1>
<h2>Tool Versions:</h2>
IDE-Version: μVision V5.21.0.0
Copyright (C) 2016 ARM Ltd and ARM Germany GmbH. All rights reserved.
License Information: FUN FUN, mcuinit, LIC=MPP8T-RVIUY-H8EFS-L9JFE-2XWRF-HDUIE
 
Tool Versions:
Toolchain:       MDK-ARM Plus  Version: 5.21
Toolchain Path:  D:\KEIL\Keil5.2MDK\ARM\ARMCC\Bin
C Compiler:      Armcc.exe V5.06 update 3 (build 300)
Assembler:       Armasm.exe V5.06 update 3 (build 300)
Linker/Locator:  ArmLink.exe V5.06 update 3 (build 300)
Library Manager: ArmAr.exe V5.06 update 3 (build 300)
Hex Converter:   FromElf.exe V5.06 update 3 (build 300)
CPU DLL:         SARMCM3.DLL V5.21
Dialog DLL:      DCM.DLL V1.13.8.0
Target DLL:      Segger\JL2CM3.dll V2.99.23.0
Dialog DLL:      TCM.DLL V1.14.14.0
 
<h2>Project:</h2>
F:\工作历程\生意\已出售\83.WiFi空气质量PCB论文APP\智能家居环境监测系统\空气质量检测程序\USER\CKF.uvprojx
Project File Date:  12/15/2019

<h2>Output:</h2>
*** Using Compiler 'V5.06 update 3 (build 300)', folder: 'D:\KEIL\Keil5.2MDK\ARM\ARMCC\Bin'
Build target 'CKF'
compiling app.c...
linking...
Program Size: Code=15078 RO-data=2514 RW-data=200 ZI-data=1536  
FromELF: creating hex file...
".\Objects\TIM4PWM.axf" - 0 Error(s), 0 Warning(s).

<h2>Collection of Component include folders:</h2>
  F:\工作历程\生意\已出售\83.WiFi空气质量PCB论文APP\智能家居环境监测系统\空气质量检测程序\USER\RTE
  D:\KEIL\Keil5.2MDK\ARM\PACK\Keil\STM32F1xx_DFP\2.1.0\Device\Include

<h2>Collection of Component Files used:</h2>
Build Time Elapsed:  00:00:10
</pre>
</body>
</html>
