BL51 BANKED LINKER/LOCATER V6.22                                                        11/07/2018  16:09:27  PAGE 1


BL51 BANKED LINKER/LOCATER V6.22, INVOKED BY:
J:\MDK4\C51\BIN\BL51.EXE .\output\main.obj, .\output\public.obj, .\output\uart.obj, .\output\tftlcd.obj, .\output\touch.
>> obj, .\output\gui.obj TO .\output\template PRINT (.\output\template.m51) RAMSIZE (256)


MEMORY MODEL: LARGE


INPUT MODULES INCLUDED:
  .\output\main.obj (MAIN)
  .\output\public.obj (PUBLIC)
  .\output\uart.obj (UART)
  .\output\tftlcd.obj (TFTLCD)
  .\output\touch.obj (TOUCH)
  .\output\gui.obj (GUI)
  J:\MDK4\C51\LIB\C51L.LIB (?C_STARTUP)
  J:\MDK4\C51\LIB\C51L.LIB (?C?CLDPTR)
  J:\MDK4\C51\LIB\C51L.LIB (?C?CLDOPTR)
  J:\MDK4\C51\LIB\C51L.LIB (?C?CSTPTR)
  J:\MDK4\C51\LIB\C51L.LIB (?C?IMUL)
  J:\MDK4\C51\LIB\C51L.LIB (?C?UIDIV)
  J:\MDK4\C51\LIB\C51L.LIB (?C?IILDX)
  J:\MDK4\C51\LIB\C51L.LIB (?C?ILDIX)
  J:\MDK4\C51\LIB\C51L.LIB (?C?ILDOPTR)
  J:\MDK4\C51\LIB\C51L.LIB (?C?ISTOPTR)
  J:\MDK4\C51\LIB\C51L.LIB (?C?LMUL)
  J:\MDK4\C51\LIB\C51L.LIB (?C?ULDIV)
  J:\MDK4\C51\LIB\C51L.LIB (?C?SLDIV)
  J:\MDK4\C51\LIB\C51L.LIB (?C?SLCMP)
  J:\MDK4\C51\LIB\C51L.LIB (?C?ULCMP)
  J:\MDK4\C51\LIB\C51L.LIB (?C?ULSHR)
  J:\MDK4\C51\LIB\C51L.LIB (?C?LSTXDATA)
  J:\MDK4\C51\LIB\C51L.LIB (?C?LSTKXDATA)
  J:\MDK4\C51\LIB\C51L.LIB (?C?LIMUL)
  J:\MDK4\C51\LIB\C51L.LIB (PRINTF)
  J:\MDK4\C51\LIB\C51L.LIB (STRLEN)
  J:\MDK4\C51\LIB\C51L.LIB (?C_INIT)
  J:\MDK4\C51\LIB\C51L.LIB (?C?PLDIXDATA)
  J:\MDK4\C51\LIB\C51L.LIB (?C?PSTXDATA)
  J:\MDK4\C51\LIB\C51L.LIB (?C?CCASE)
  J:\MDK4\C51\LIB\C51L.LIB (PUTCHAR)


LINK MAP OF MODULE:  .\output\template (MAIN)


            TYPE    BASE      LENGTH    RELOCATION   SEGMENT NAME
            -----------------------------------------------------

            * * * * * * *   D A T A   M E M O R Y   * * * * * * *
            REG     0000H     0008H     ABSOLUTE     "REG BANK 0"
            DATA    0008H     0005H     UNIT         _DATA_GROUP_
                    000DH     0013H                  *** GAP ***
            BIT     0020H.0   0001H.1   UNIT         _BIT_GROUP_
                    0021H.1   0000H.7                *** GAP ***
            IDATA   0022H     0001H     UNIT         ?STACK

            * * * * * * *  X D A T A   M E M O R Y  * * * * * * *
BL51 BANKED LINKER/LOCATER V6.22                                                      11/07/2018  16:09:27  PAGE 2


            XDATA   0000H     0034H     UNIT         ?XD?UART
            XDATA   0034H     0028H     UNIT         _XDATA_GROUP_
            XDATA   005CH     0024H     UNIT         ?XD?_GUI_DRAW_ELLIPSE?GUI
            XDATA   0080H     0022H     UNIT         ?XD?_GUI_FILL_ELLIPSE?GUI
            XDATA   00A2H     001FH     UNIT         ?XD?_GUI_DRAW_BLINE?GUI
            XDATA   00C1H     001FH     UNIT         ?XD?_GUI_DRAW_BLINE1?GUI
            XDATA   00E0H     001EH     UNIT         ?XD?_LCD_DRAWLINE_COLOR?TFTLCD
            XDATA   00FEH     001EH     UNIT         ?XD?_GUI_DRAW_LINE?GUI
            XDATA   011CH     001EH     UNIT         ?XD?_GUI_SMOOTH_COLOR?GUI
            XDATA   013AH     001CH     UNIT         ?XD?_LCD_DRAWLINE?TFTLCD
            XDATA   0156H     001AH     UNIT         ?XD?_TOUCH_XPT_READDATA?TOUCH
            XDATA   0170H     0019H     UNIT         ?XD?_GUI_DRAW_ARC?GUI
            XDATA   0189H     0019H     UNIT         ?XD?_GUI_SHOW_PTCHAR?GUI
            XDATA   01A2H     0018H     UNIT         ?XD?_GUI_FILL_CIRCLE?GUI
            XDATA   01BAH     0017H     UNIT         ?XD?_GUI_DRAW_SMOOTH_RECTANGLE?GUI
            XDATA   01D1H     0016H     UNIT         ?XD?_GUI_SHOW_STRING?GUI
            XDATA   01E7H     0015H     UNIT         ?XD?_LCD_SHOWPICTURE?TFTLCD
            XDATA   01FCH     0013H     UNIT         ?XD?_LCD_COLOR_FILL?TFTLCD
            XDATA   020FH     0013H     UNIT         ?XD?_GUI_SHOW_PTSTR?GUI
            XDATA   0222H     0012H     UNIT         ?XD?_GUI_DRAW_CIRCLE8?GUI
            XDATA   0234H     0012H     UNIT         ?XD?_GUI_SHOW_STRMID?GUI
            XDATA   0246H     0012H     UNIT         ?XD?_GUI_SHOW_PTSTRWHITERIM?GUI
            XDATA   0258H     0011H     UNIT         ?XD?_GUI_ALPHABLEND_AREA?GUI
            XDATA   0269H     0010H     UNIT         ?XD?_GUI_DRAW_ARCRECTANGLE?GUI
            XDATA   0279H     0010H     UNIT         ?XD?_GUI_DRAW_EXPOINT?GUI
            XDATA   0289H     0010H     UNIT         ?XD?_GUI_SHOW_NUM?GUI
            XDATA   0299H     000EH     UNIT         ?XD?_LCD_SHOWXNUM?TFTLCD
            XDATA   02A7H     000EH     UNIT         ?XD?_GUI_DRAW_BIGPOINT?GUI
            XDATA   02B5H     000EH     UNIT         ?XD?_GUI_FILL_COLORBLOCK?GUI
            XDATA   02C3H     000DH     UNIT         ?XD?_LCD_SHOWNUM?TFTLCD
            XDATA   02D0H     000DH     UNIT         ?XD?TOUCH
            XDATA   02DDH     000DH     UNIT         ?XD?_GUI_ALPHA_BLEND565?GUI
            XDATA   02EAH     000CH     UNIT         ?XD?_LCD_FILL?TFTLCD
            XDATA   02F6H     000CH     UNIT         ?XD?_GUI_GET_STRINGLINE?GUI
            XDATA   0302H     000BH     UNIT         ?XD?TFTLCD
            XDATA   030DH     000AH     UNIT         ?XD?_LCD_DRAW_CIRCLE?TFTLCD
            XDATA   0317H     000AH     UNIT         ?XD?_LCD_SHOWFONTHZ?TFTLCD
            XDATA   0321H     000AH     UNIT         ?XD?TOUCH_XPT_READXY?TOUCH
            XDATA   032BH     000AH     UNIT         ?XD?_GUI_DRAW_RECTANGLE?GUI
            XDATA   0335H     000AH     UNIT         ?XD?_GUI_FILL_RECTANGLE?GUI
            XDATA   033FH     0009H     UNIT         ?XD?_GUI_NUM2STR?GUI
            XDATA   0348H     0008H     UNIT         ?XD?_LCD_READPOINT?TFTLCD
            XDATA   0350H     0008H     UNIT         ?XD?_LCD_DRAWRECTANGLE?TFTLCD
            XDATA   0358H     0008H     UNIT         ?XD?_GUI_COLOR_CHG?GUI
            XDATA   0360H     0008H     UNIT         ?XD?_GUI_DISABS?GUI
            XDATA   0368H     0008H     UNIT         ?XD?_GUI_DRAW_VLINE?GUI
            XDATA   0370H     0008H     UNIT         ?XD?_GUI_DRAW_HLINE?GUI
            XDATA   0378H     0006H     UNIT         ?XD?_LCD_DRAWBIGPOINT?TFTLCD
            XDATA   037EH     0006H     UNIT         ?XD?_LCD_DROWSIGN?TFTLCD
            XDATA   0384H     0006H     UNIT         ?XD?_LCD_POW?TFTLCD
            XDATA   038AH     0006H     UNIT         ?XD?_GUI_POW?GUI
            XDATA   0390H     0005H     UNIT         ?XD?TOUCH_SCAN?TOUCH
            XDATA   0395H     0004H     UNIT         ?XD?_GUI_DRAW_POINT?GUI
            XDATA   0399H     0003H     UNIT         ?XD?_UART_SENDSTRING?UART
            XDATA   039CH     0002H     UNIT         ?XD?TOUCH_SPI_READ?TOUCH

            * * * * * * *   C O D E   M E M O R Y   * * * * * * *
BL51 BANKED LINKER/LOCATER V6.22                                                      11/07/2018  16:09:27  PAGE 3


            CODE    0000H     0003H     ABSOLUTE     
            CODE    0003H     001FH     UNIT         ?PR?_DELAY?TFTLCD
                    0022H     0001H                  *** GAP ***
            CODE    0023H     0003H     ABSOLUTE     
            CODE    0026H     1BF3H     UNIT         ?CO?TFTLCD
            CODE    1C19H     06B3H     UNIT         ?PR?_GUI_DRAW_ARCRECTANGLE?GUI
            CODE    22CCH     0404H     UNIT         ?PR?_GUI_DRAW_ELLIPSE?GUI
            CODE    26D0H     03CAH     UNIT         ?PR?_GUI_DRAW_BLINE1?GUI
            CODE    2A9AH     03A0H     UNIT         ?PR?_GUI_FILL_CIRCLE?GUI
            CODE    2E3AH     0365H     UNIT         ?PR?PRINTF?PRINTF
            CODE    319FH     0357H     UNIT         ?C?LIB_CODE
            CODE    34F6H     0271H     UNIT         ?PR?_GUI_DRAW_CIRCLE8?GUI
            CODE    3767H     026CH     UNIT         ?PR?_GUI_DRAW_BLINE?GUI
            CODE    39D3H     025CH     UNIT         ?PR?_GUI_FILL_ELLIPSE?GUI
            CODE    3C2FH     024EH     UNIT         ?PR?_GUI_SHOW_PTCHAR?GUI
            CODE    3E7DH     024BH     UNIT         ?PR?_GUI_SHOW_PTSTR?GUI
            CODE    40C8H     0249H     UNIT         ?PR?TFTLCD_INIT?TFTLCD
            CODE    4311H     022BH     UNIT         ?PR?_GUI_SHOW_STRING?GUI
            CODE    453CH     01F3H     UNIT         ?PR?_GUI_DRAW_LINE?GUI
            CODE    472FH     01EFH     UNIT         ?PR?_LCD_DRAWLINE?TFTLCD
            CODE    491EH     01EDH     UNIT         ?PR?_LCD_DRAWLINE_COLOR?TFTLCD
            CODE    4B0BH     01E9H     UNIT         ?PR?_GUI_SMOOTH_COLOR?GUI
            CODE    4CF4H     01D8H     UNIT         ?PR?_LCD_DRAW_CIRCLE?TFTLCD
            CODE    4ECCH     01D7H     UNIT         ?PR?_GUI_DRAW_ARC?GUI
            CODE    50A3H     01C3H     UNIT         ?PR?_GUI_SHOW_NUM?GUI
            CODE    5266H     0187H     UNIT         ?PR?_TOUCH_XPT_READDATA?TOUCH
            CODE    53EDH     017CH     UNIT         ?PR?_GUI_GET_STRINGLINE?GUI
            CODE    5569H     0178H     UNIT         ?PR?_LCD_SHOWCHAR?TFTLCD
            CODE    56E1H     0148H     UNIT         ?PR?_GUI_SHOW_STRMID?GUI
            CODE    5829H     0147H     UNIT         ?PR?_GUI_FILL_COLORBLOCK?GUI
            CODE    5970H     0140H     UNIT         ?PR?TOUCH_SCAN?TOUCH
            CODE    5AB0H     013DH     UNIT         ?PR?CHARACTERSHOW_TEST?MAIN
            CODE    5BEDH     012DH     UNIT         ?PR?_LCD_SHOWPICTURE?TFTLCD
            CODE    5D1AH     012BH     UNIT         ?PR?_LCD_SHOWFONTHZ?TFTLCD
            CODE    5E45H     0129H     UNIT         ?PR?_LCD_SHOWXNUM?TFTLCD
            CODE    5F6EH     0114H     UNIT         ?PR?TOUCH_XPT_READXY?TOUCH
            CODE    6082H     010CH     UNIT         ?PR?_GUI_DRAW_SMOOTH_RECTANGLE?GUI
            CODE    618EH     00F8H     UNIT         ?PR?_LCD_COLOR_FILL?TFTLCD
            CODE    6286H     00F7H     UNIT         ?PR?_GUI_ALPHABLEND_AREA?GUI
            CODE    637DH     00F4H     UNIT         ?PR?_GUI_DRAW_BIGPOINT?GUI
            CODE    6471H     00EDH     UNIT         ?PR?_GUI_ALPHA_BLEND565?GUI
            CODE    655EH     00E5H     UNIT         ?PR?_LCD_SHOWSTRING?TFTLCD
            CODE    6643H     00DCH     UNIT         ?PR?_LCD_SHOWNUM?TFTLCD
            CODE    671FH     00D8H     UNIT         ?PR?_LCD_DROWSIGN?TFTLCD
            CODE    67F7H     00D2H     UNIT         ?PR?_GUI_SHOW_PTSTRWHITERIM?GUI
            CODE    68C9H     00D0H     UNIT         ?PR?_LCD_FILL?TFTLCD
            CODE    6999H     00CFH     UNIT         ?PR?_LCD_READPOINT?TFTLCD
            CODE    6A68H     00C8H     UNIT         ?PR?_GUI_DRAW_RECTANGLE?GUI
            CODE    6B30H     00C1H     UNIT         ?PR?_GUI_DRAW_EXPOINT?GUI
            CODE    6BF1H     00AAH     UNIT         ?PR?_LCD_DRAWRECTANGLE?TFTLCD
            CODE    6C9BH     00AAH     UNIT         ?PR?_GUI_NUM2STR?GUI
            CODE    6D45H     0096H     UNIT         ?PR?_GUI_DRAW_VLINE?GUI
            CODE    6DDBH     0091H     UNIT         ?PR?_LCD_SET_WINDOW?TFTLCD
            CODE    6E6CH     008CH     UNIT         ?C_C51STARTUP
            CODE    6EF8H     008AH     UNIT         ?PR?_GUI_FILL_RECTANGLE?GUI
            CODE    6F82H     0087H     UNIT         ?PR?UART_IRQN?UART
            CODE    7009H     0081H     UNIT         ?PR?_LCD_CLEAR?TFTLCD
BL51 BANKED LINKER/LOCATER V6.22                                                      11/07/2018  16:09:27  PAGE 4


            CODE    708AH     0080H     UNIT         ?PR?_GUI_COLOR_CHG?GUI
            CODE    710AH     007BH     UNIT         ?PR?_GUI_DRAW_HLINE?GUI
            CODE    7185H     0073H     UNIT         ?PR?_LCD_DRAWBIGPOINT?TFTLCD
            CODE    71F8H     006BH     UNIT         ?PR?_GUI_DISABS?GUI
            CODE    7263H     0052H     UNIT         ?PR?_LCD_DISPLAY_DIR?TFTLCD
            CODE    72B5H     0050H     UNIT         ?PR?_LCD_POW?TFTLCD
            CODE    7305H     0049H     UNIT         ?PR?_GUI_POW?GUI
            CODE    734EH     0048H     UNIT         ?PR?_LCD_DRAWFRONT_COLOR?TFTLCD
            CODE    7396H     0044H     UNIT         ?C?LDIV
            CODE    73DAH     0040H     UNIT         ?PR?_LCD_DRAWPOINT?TFTLCD
            CODE    741AH     003CH     UNIT         ?PR?_GUI_RGB332TORGB565?GUI
            CODE    7456H     003CH     UNIT         ?PR?_GUI_DRAW_POINT?GUI
            CODE    7492H     003BH     UNIT         ?PR?TOUCH_SPI_READ?TOUCH
            CODE    74CDH     0033H     UNIT         ?PR?_UART_SENDSTRING?UART
            CODE    7500H     002EH     UNIT         ?PR?_LCD_WRITEDATA?TFTLCD
            CODE    752EH     0029H     UNIT         ?PR?_LCD_WRITECMD?TFTLCD
            CODE    7557H     0029H     UNIT         ?PR?_LCD_WRITEDATA_COLOR?TFTLCD
            CODE    7580H     0027H     UNIT         ?PR?PUTCHAR?PUTCHAR
            CODE    75A7H     001FH     UNIT         ?PR?LCD_READDATA?TFTLCD
            CODE    75C6H     001EH     UNIT         ?PR?_DELAY_MS?PUBLIC
            CODE    75E4H     001DH     UNIT         ?PR?_TOUCH_SPI_WRITE?TOUCH
            CODE    7601H     0018H     UNIT         ?CO?MAIN
            CODE    7619H     0016H     UNIT         ?PR?UART_INIT?UART
            CODE    762FH     0015H     UNIT         ?PR?_STRLEN?STRLEN
            CODE    7644H     0014H     UNIT         ?PR?_LCD_WRITECMDDATA?TFTLCD
            CODE    7658H     0010H     UNIT         ?C_INITSEG
            CODE    7668H     000EH     UNIT         ?PR?_UART_SENDDATA?UART
            CODE    7676H     000BH     UNIT         ?PR?MAIN?MAIN
            CODE    7681H     000BH     UNIT         ?PR?_DELAY_10US?PUBLIC
            CODE    768CH     000BH     UNIT         ?PR?TOUCH_SPI_START?TOUCH
            CODE    7697H     0006H     UNIT         ?PR?_UART_CMD?UART



OVERLAY MAP OF MODULE:   .\output\template (MAIN)


SEGMENT                                       BIT_GROUP          DATA_GROUP          XDATA_GROUP
  +--> CALLED SEGMENT                      START    LENGTH     START    LENGTH     START    LENGTH
--------------------------------------------------------------------------------------------------
?C_C51STARTUP                              -----    -----      -----    -----      -----    -----
  +--> ?PR?MAIN?MAIN
  +--> ?C_INITSEG

?PR?MAIN?MAIN                              -----    -----      -----    -----      -----    -----
  +--> ?PR?UART_INIT?UART
  +--> ?PR?TFTLCD_INIT?TFTLCD
  +--> ?PR?CHARACTERSHOW_TEST?MAIN

?PR?TFTLCD_INIT?TFTLCD                     -----    -----      -----    -----      -----    -----
  +--> ?PR?_DELAY_MS?PUBLIC
  +--> ?PR?_LCD_WRITECMD?TFTLCD
  +--> ?PR?LCD_READDATA?TFTLCD
  +--> ?CO?TFTLCD
  +--> ?PR?PRINTF?PRINTF
  +--> ?PR?_LCD_WRITEDATA?TFTLCD
  +--> ?PR?_DELAY_10US?PUBLIC
BL51 BANKED LINKER/LOCATER V6.22                                                      11/07/2018  16:09:27  PAGE 5


  +--> ?PR?_DELAY?TFTLCD
  +--> ?PR?_LCD_DISPLAY_DIR?TFTLCD
  +--> ?PR?_LCD_CLEAR?TFTLCD

?PR?PRINTF?PRINTF                          0020H.0  0001H.1    0008H    0005H      0034H    0028H
  +--> ?PR?PUTCHAR?PUTCHAR

?PR?_LCD_WRITEDATA?TFTLCD                  -----    -----      -----    -----      -----    -----
  +--> ?PR?_LCD_WRITECMD?TFTLCD

?PR?_LCD_DISPLAY_DIR?TFTLCD                -----    -----      -----    -----      -----    -----
  +--> ?PR?_LCD_WRITECMDDATA?TFTLCD

?PR?_LCD_WRITECMDDATA?TFTLCD               -----    -----      -----    -----      -----    -----
  +--> ?PR?_LCD_WRITECMD?TFTLCD
  +--> ?PR?_LCD_WRITEDATA?TFTLCD

?PR?_LCD_CLEAR?TFTLCD                      -----    -----      -----    -----      0034H    0004H
  +--> ?PR?_LCD_SET_WINDOW?TFTLCD
  +--> ?PR?_LCD_WRITEDATA_COLOR?TFTLCD

?PR?_LCD_SET_WINDOW?TFTLCD                 -----    -----      -----    -----      0053H    0008H
  +--> ?PR?_LCD_WRITEDATA?TFTLCD
  +--> ?PR?_LCD_WRITECMD?TFTLCD

?PR?CHARACTERSHOW_TEST?MAIN                -----    -----      -----    -----      -----    -----
  +--> ?CO?MAIN
  +--> ?PR?_LCD_SHOWSTRING?TFTLCD

?PR?_LCD_SHOWSTRING?TFTLCD                 -----    -----      -----    -----      0034H    000DH
  +--> ?PR?_LCD_SHOWCHAR?TFTLCD

?PR?_LCD_SHOWCHAR?TFTLCD                   -----    -----      -----    -----      0041H    000CH
  +--> ?CO?TFTLCD
  +--> ?PR?_LCD_DRAWFRONT_COLOR?TFTLCD

?PR?_LCD_DRAWFRONT_COLOR?TFTLCD            -----    -----      -----    -----      004DH    0006H
  +--> ?PR?_LCD_SET_WINDOW?TFTLCD
  +--> ?PR?_LCD_WRITEDATA_COLOR?TFTLCD



SYMBOL TABLE OF MODULE:  .\output\template (MAIN)

  VALUE           TYPE          NAME
  ----------------------------------

  -------         MODULE        MAIN
  C:0000H         SYMBOL        _ICE_DUMMY_
  D:0090H         PUBLIC        P1
  D:00A0H         PUBLIC        P2
  D:00B0H         PUBLIC        P3
  D:00A8H         PUBLIC        IE
  D:00B8H         PUBLIC        IP
  C:7676H         PUBLIC        main
  D:0098H         PUBLIC        SCON
  D:0088H         PUBLIC        TCON
BL51 BANKED LINKER/LOCATER V6.22                                                      11/07/2018  16:09:27  PAGE 6


  C:5AB0H         PUBLIC        CharacterShow_Test
  D:00C8H         PUBLIC        T2CON
  D:00D0H         PUBLIC        PSW
  -------         PROC          CHARACTERSHOW_TEST
  C:5AB0H         LINE#         10
  C:5AB0H         LINE#         11
  C:5AB0H         LINE#         12
  C:5AB9H         LINE#         13
  C:5AEBH         LINE#         14
  C:5B1DH         LINE#         15
  C:5B4FH         LINE#         16
  C:5B57H         LINE#         17
  C:5B89H         LINE#         18
  C:5BBBH         LINE#         19
  -------         ENDPROC       CHARACTERSHOW_TEST
  -------         PROC          MAIN
  C:7676H         LINE#         23
  C:7676H         LINE#         24
  C:7676H         LINE#         26
  C:7679H         LINE#         27
  C:767CH         LINE#         29
  C:767FH         LINE#         31
  C:767FH         LINE#         32
  C:767FH         LINE#         34
  -------         ENDPROC       MAIN
  -------         ENDMOD        MAIN

  -------         MODULE        PUBLIC
  C:0000H         SYMBOL        _ICE_DUMMY_
  D:0090H         PUBLIC        P1
  D:00B0H         PUBLIC        P3
  D:00A8H         PUBLIC        IE
  D:00B8H         PUBLIC        IP
  D:0098H         PUBLIC        SCON
  D:0088H         PUBLIC        TCON
  C:7681H         PUBLIC        _delay_10us
  C:75C6H         PUBLIC        _delay_ms
  D:00C8H         PUBLIC        T2CON
  D:00D0H         PUBLIC        PSW
  -------         PROC          _DELAY_10US
  D:0006H         SYMBOL        us
  C:7681H         LINE#         6
  C:7681H         LINE#         7
  C:7681H         LINE#         8
  C:768BH         LINE#         9
  -------         ENDPROC       _DELAY_10US
  -------         PROC          _DELAY_MS
  D:0006H         SYMBOL        ms
  -------         DO            
  D:0006H         SYMBOL        i
  D:0004H         SYMBOL        j
  -------         ENDDO         
  C:75C6H         LINE#         11
  C:75C6H         LINE#         12
  C:75C6H         LINE#         14
  C:75CFH         LINE#         15
  C:75E3H         LINE#         16
BL51 BANKED LINKER/LOCATER V6.22                                                      11/07/2018  16:09:27  PAGE 7


  -------         ENDPROC       _DELAY_MS
  -------         ENDMOD        PUBLIC

  -------         MODULE        UART
  C:0000H         SYMBOL        _ICE_DUMMY_
  D:0090H         PUBLIC        P1
  D:00B0H         PUBLIC        P3
  B:00A8H.7       PUBLIC        EA
  X:0000H         PUBLIC        UART_RX_BUF
  D:00A8H         PUBLIC        IE
  X:0032H         PUBLIC        UART_RX_STA
  B:00A8H.4       PUBLIC        ES
  D:00B8H         PUBLIC        IP
  B:0098H.0       PUBLIC        RI
  B:0098H.1       PUBLIC        TI
  C:74CDH         PUBLIC        _UART_SendString
  C:7668H         PUBLIC        _UART_SendData
  D:0099H         PUBLIC        SBUF
  D:0087H         PUBLIC        PCON
  C:7697H         PUBLIC        _UART_Cmd
  C:7619H         PUBLIC        UART_Init
  D:0098H         PUBLIC        SCON
  D:0089H         PUBLIC        TMOD
  D:0088H         PUBLIC        TCON
  D:008DH         PUBLIC        TH1
  D:008BH         PUBLIC        TL1
  B:0088H.6       PUBLIC        TR1
  D:00C8H         PUBLIC        T2CON
  C:6F82H         PUBLIC        UART_IRQn
  D:00D0H         PUBLIC        PSW
  -------         PROC          UART_INIT
  C:7619H         LINE#         5
  C:7619H         LINE#         6
  C:7619H         LINE#         7
  C:761CH         LINE#         8
  C:761FH         LINE#         9
  C:7622H         LINE#         10
  C:7625H         LINE#         11
  C:7628H         LINE#         13
  C:762AH         LINE#         14
  C:762CH         LINE#         15
  C:762EH         LINE#         16
  -------         ENDPROC       UART_INIT
  -------         PROC          _UART_CMD
  D:0007H         SYMBOL        ensta
  C:7697H         LINE#         18
  C:7697H         LINE#         19
  C:7697H         LINE#         20
  C:769CH         LINE#         21
  -------         ENDPROC       _UART_CMD
  -------         PROC          _UART_SENDDATA
  D:0007H         SYMBOL        dat
  C:7668H         LINE#         23
  C:7668H         LINE#         24
  C:7668H         LINE#         25
  C:766AH         LINE#         26
  C:766CH         LINE#         27
BL51 BANKED LINKER/LOCATER V6.22                                                      11/07/2018  16:09:27  PAGE 8


  C:766EH         LINE#         28
  C:7671H         LINE#         29
  C:7673H         LINE#         30
  C:7675H         LINE#         31
  -------         ENDPROC       _UART_SENDDATA
  -------         PROC          _UART_SENDSTRING
  X:0399H         SYMBOL        pbuf
  C:74CDH         LINE#         33
  C:74D8H         LINE#         34
  C:74D8H         LINE#         35
  C:74E9H         LINE#         36
  C:74E9H         LINE#         37
  C:74ECH         LINE#         38
  C:74F3H         LINE#         39
  C:74FDH         LINE#         40
  C:74FFH         LINE#         41
  -------         ENDPROC       _UART_SENDSTRING
  -------         PROC          UART_IRQN
  -------         DO            
  D:0007H         SYMBOL        r
  -------         ENDDO         
  C:6F82H         LINE#         51
  C:6F93H         LINE#         55
  C:6F96H         LINE#         56
  C:6F96H         LINE#         57
  C:6F98H         LINE#         58
  C:6F9AH         LINE#         59
  C:6FA3H         LINE#         60
  C:6FA3H         LINE#         61
  C:6FA6H         LINE#         62
  C:6FA6H         LINE#         63
  C:6FB0H         LINE#         64
  C:6FB3H         LINE#         65
  C:6FB5H         LINE#         67
  C:6FB5H         LINE#         68
  C:6FC5H         LINE#         70
  C:6FC5H         LINE#         71
  C:6FD9H         LINE#         72
  C:6FE7H         LINE#         73
  C:6FFAH         LINE#         74
  C:6FFAH         LINE#         75
  C:6FFAH         LINE#         76
  C:6FFAH         LINE#         77
  C:6FFAH         LINE#         78
  -------         ENDPROC       UART_IRQN
  -------         ENDMOD        UART

  -------         MODULE        TFTLCD
  C:0000H         SYMBOL        _ICE_DUMMY_
  D:0080H         PUBLIC        P0
  D:0090H         PUBLIC        P1
  X:0302H         PUBLIC        tftlcd_data
  D:00A0H         PUBLIC        P2
  C:5E45H         PUBLIC        _LCD_ShowxNum
  D:00B0H         PUBLIC        P3
  C:6643H         PUBLIC        _LCD_ShowNum
  D:00A8H         PUBLIC        IE
BL51 BANKED LINKER/LOCATER V6.22                                                      11/07/2018  16:09:27  PAGE 9


  C:7263H         PUBLIC        _LCD_Display_Dir
  C:5D1AH         PUBLIC        _LCD_ShowFontHZ
  D:00B8H         PUBLIC        IP
  C:7009H         PUBLIC        _LCD_Clear
  C:618EH         PUBLIC        _LCD_Color_Fill
  C:755FH         PUBLIC        _LCD_WriteData_Color
  C:75A7H         PUBLIC        LCD_ReadData
  C:491EH         PUBLIC        _LCD_DrawLine_Color
  C:7354H         PUBLIC        _LCD_DrawFRONT_COLOR
  D:0098H         PUBLIC        SCON
  D:0088H         PUBLIC        TCON
  C:0A97H         PUBLIC        ascii_2412
  C:0033H         PUBLIC        ascii_1206
  C:5BEDH         PUBLIC        _LCD_ShowPicture
  C:40C8H         PUBLIC        TFTLCD_Init
  C:04A7H         PUBLIC        ascii_1608
  C:68C9H         PUBLIC        _LCD_Fill
  C:6DE0H         PUBLIC        _LCD_Set_Window
  C:750DH         PUBLIC        _LCD_WriteData
  C:6999H         PUBLIC        _LCD_ReadPoint
  B:00B0H.3       PUBLIC        TFT_RST
  C:472FH         PUBLIC        _LCD_DrawLine
  C:73F0H         PUBLIC        _LCD_DrawPoint
  C:655EH         PUBLIC        _LCD_ShowString
  C:764AH         PUBLIC        _LCD_WriteCmdData
  C:5569H         PUBLIC        _LCD_ShowChar
  C:7536H         PUBLIC        _LCD_WriteCmd
  C:6BF1H         PUBLIC        _LCD_DrawRectangle
  B:00B0H.2       PUBLIC        TFT_RD
  B:00A0H.7       PUBLIC        TFT_CS
  C:671FH         PUBLIC        _LCD_DrowSign
  C:7185H         PUBLIC        _LCD_DrawBigPoint
  D:00C8H         PUBLIC        T2CON
  C:72BCH         PUBLIC        _LCD_Pow
  X:0309H         PUBLIC        FRONT_COLOR
  C:0003H         PUBLIC        _Delay
  X:030BH         PUBLIC        BACK_COLOR
  B:00A0H.6       PUBLIC        TFT_RS
  B:00A0H.5       PUBLIC        TFT_WR
  C:4CF4H         PUBLIC        _LCD_Draw_Circle
  D:00D0H         PUBLIC        PSW
  C:17F3H         PUBLIC        CnChar32x29
  -------         PROC          _DELAY
  D:0006H         SYMBOL        dly
  -------         DO            
  D:0004H         SYMBOL        i
  D:0002H         SYMBOL        j
  -------         ENDDO         
  C:0003H         LINE#         14
  C:0003H         LINE#         15
  C:0003H         LINE#         18
  C:000DH         LINE#         19
  C:0021H         LINE#         20
  -------         ENDPROC       _DELAY
  -------         PROC          L?0197
  -------         ENDPROC       L?0197
  -------         PROC          _LCD_WRITECMD
BL51 BANKED LINKER/LOCATER V6.22                                                      11/07/2018  16:09:27  PAGE 10


  D:0004H         SYMBOL        cmd
  -------         DO            
  D:0007H         SYMBOL        cmdH
  D:0006H         SYMBOL        cmdL
  -------         ENDDO         
  C:7536H         LINE#         23
  C:753AH         LINE#         24
  C:753AH         LINE#         27
  C:753CH         LINE#         28
  C:753EH         LINE#         31
  C:7540H         LINE#         32
  C:7542H         LINE#         34
  C:7544H         LINE#         35
  C:7546H         LINE#         38
  C:7548H         LINE#         39
  C:754AH         LINE#         41
  C:754CH         LINE#         42
  C:7550H         LINE#         43
  C:7552H         LINE#         44
  C:7554H         LINE#         46
  C:7556H         LINE#         94
  -------         ENDPROC       _LCD_WRITECMD
  C:7500H         SYMBOL        L?0184
  C:7502H         SYMBOL        L?0185
  C:7508H         SYMBOL        L?0186
  -------         PROC          L?0183
  -------         ENDPROC       L?0183
  C:7500H         SYMBOL        L?0184
  C:7502H         SYMBOL        L?0185
  C:7508H         SYMBOL        L?0186
  -------         PROC          _LCD_WRITEDATA
  D:0004H         SYMBOL        dat
  -------         DO            
  D:0007H         SYMBOL        datH
  D:0006H         SYMBOL        datL
  -------         ENDDO         
  C:750DH         LINE#         98
  C:7511H         LINE#         99
  C:7511H         LINE#         102
  C:7513H         LINE#         103
  C:7515H         LINE#         105
  C:7517H         LINE#         106
  C:7519H         LINE#         108
  C:751BH         LINE#         109
  C:751DH         LINE#         112
  C:751FH         LINE#         113
  C:7521H         LINE#         114
  C:7523H         LINE#         116
  C:7527H         LINE#         118
  C:7529H         LINE#         119
  C:752BH         LINE#         121
  C:752DH         LINE#         168
  -------         ENDPROC       _LCD_WRITEDATA
  C:7557H         SYMBOL        L?0191
  C:755AH         SYMBOL        L?0192
  -------         PROC          L?0190
  -------         ENDPROC       L?0190
BL51 BANKED LINKER/LOCATER V6.22                                                      11/07/2018  16:09:27  PAGE 11


  C:7557H         SYMBOL        L?0191
  C:755AH         SYMBOL        L?0192
  -------         PROC          _LCD_WRITEDATA_COLOR
  D:0004H         SYMBOL        color
  -------         DO            
  D:0007H         SYMBOL        datH
  D:0006H         SYMBOL        datL
  -------         ENDDO         
  C:755FH         LINE#         170
  C:7563H         LINE#         171
  C:7563H         LINE#         174
  C:7565H         LINE#         175
  C:7567H         LINE#         177
  C:7569H         LINE#         178
  C:756BH         LINE#         180
  C:756DH         LINE#         181
  C:756FH         LINE#         184
  C:7571H         LINE#         185
  C:7573H         LINE#         186
  C:7575H         LINE#         188
  C:7579H         LINE#         190
  C:757BH         LINE#         191
  C:757DH         LINE#         193
  C:757FH         LINE#         240
  -------         ENDPROC       _LCD_WRITEDATA_COLOR
  -------         PROC          L?0199
  -------         ENDPROC       L?0199
  -------         PROC          _LCD_WRITECMDDATA
  D:0006H         SYMBOL        cmd
  D:0002H         SYMBOL        dat
  C:764AH         LINE#         242
  C:764EH         LINE#         243
  C:764EH         LINE#         244
  C:7651H         LINE#         245
  -------         ENDPROC       _LCD_WRITECMDDATA
  -------         PROC          LCD_READDATA
  -------         DO            
  D:0006H         SYMBOL        ram
  -------         ENDDO         
  C:75A7H         LINE#         250
  C:75A7H         LINE#         251
  C:75A7H         LINE#         254
  C:75AAH         LINE#         255
  C:75ADH         LINE#         259
  C:75AFH         LINE#         260
  C:75B1H         LINE#         261
  C:75B3H         LINE#         262
  C:75B4H         LINE#         263
  C:75B6H         LINE#         264
  C:75B8H         LINE#         266
  C:75BAH         LINE#         267
  C:75BCH         LINE#         268
  C:75BDH         LINE#         269
  C:75C1H         LINE#         270
  C:75C3H         LINE#         271
  C:75C5H         LINE#         325
  C:75C5H         LINE#         326
BL51 BANKED LINKER/LOCATER V6.22                                                      11/07/2018  16:09:27  PAGE 12


  -------         ENDPROC       LCD_READDATA
  -------         PROC          _LCD_DISPLAY_DIR
  D:0007H         SYMBOL        dir
  C:7263H         LINE#         330
  C:7263H         LINE#         331
  C:7263H         LINE#         333
  C:7266H         LINE#         334
  C:7266H         LINE#         336
  C:726FH         LINE#         337
  C:7274H         LINE#         360
  C:727DH         LINE#         361
  C:7286H         LINE#         363
  C:728BH         LINE#         364
  C:728CH         LINE#         366
  C:728CH         LINE#         369
  C:7297H         LINE#         370
  C:729CH         LINE#         394
  C:72A5H         LINE#         395
  C:72AEH         LINE#         397
  C:72B4H         LINE#         398
  C:72B4H         LINE#         399
  -------         ENDPROC       _LCD_DISPLAY_DIR
  -------         PROC          TFTLCD_INIT
  C:40C8H         LINE#         402
  C:40C8H         LINE#         403
  C:40C8H         LINE#         404
  C:40CAH         LINE#         405
  C:40D1H         LINE#         407
  C:40D3H         LINE#         408
  C:40DAH         LINE#         410
  C:40DCH         LINE#         411
  C:40E3H         LINE#         414
  C:40E9H         LINE#         415
  C:40F4H         LINE#         437
  C:4105H         LINE#         442
  C:4112H         LINE#         443
  C:4119H         LINE#         444
  C:411EH         LINE#         445
  C:4123H         LINE#         446
  C:4131H         LINE#         447
  C:4138H         LINE#         448
  C:4146H         LINE#         449
  C:4154H         LINE#         450
  C:4162H         LINE#         452
  C:4170H         LINE#         453
  C:417EH         LINE#         454
  C:418CH         LINE#         455
  C:419AH         LINE#         456
  C:41A8H         LINE#         457
  C:41B6H         LINE#         458
  C:41BDH         LINE#         461
  C:41C9H         LINE#         462
  C:41D7H         LINE#         463
  C:41E5H         LINE#         465
  C:41F3H         LINE#         466
  C:4201H         LINE#         467
  C:420EH         LINE#         468
BL51 BANKED LINKER/LOCATER V6.22                                                      11/07/2018  16:09:27  PAGE 13


  C:421CH         LINE#         470
  C:4229H         LINE#         471
  C:4236H         LINE#         472
  C:4243H         LINE#         485
  C:4250H         LINE#         486
  C:425EH         LINE#         487
  C:426BH         LINE#         488
  C:4279H         LINE#         490
  C:4287H         LINE#         491
  C:4294H         LINE#         493
  C:42A1H         LINE#         494
  C:42AFH         LINE#         495
  C:42BDH         LINE#         496
  C:42CBH         LINE#         497
  C:42D9H         LINE#         498
  C:42E7H         LINE#         500
  C:42F5H         LINE#         501
  C:42FCH         LINE#         505
  C:4301H         LINE#         750
  C:4306H         LINE#         751
  -------         ENDPROC       TFTLCD_INIT
  C:6DDBH         SYMBOL        L?0194
  -------         PROC          L?0193
  -------         ENDPROC       L?0193
  C:6DDBH         SYMBOL        L?0194
  -------         PROC          _LCD_SET_WINDOW
  X:0053H         SYMBOL        sx
  X:0055H         SYMBOL        sy
  D:0002H         SYMBOL        width
  X:0059H         SYMBOL        height
  C:6DE0H         LINE#         758
  C:6DEEH         LINE#         759
  C:6DEEH         LINE#         761
  C:6DF4H         LINE#         762
  C:6DF4H         LINE#         763
  C:6DF7H         LINE#         764
  C:6DFAH         LINE#         765
  C:6E01H         LINE#         766
  C:6E08H         LINE#         767
  C:6E0FH         LINE#         768
  C:6E13H         LINE#         769
  C:6E1AH         LINE#         770
  C:6E20H         LINE#         772
  C:6E22H         LINE#         773
  C:6E25H         LINE#         774
  C:6E27H         LINE#         775
  C:6E27H         LINE#         777
  C:6E27H         LINE#         779
  C:6E29H         LINE#         781
  C:6E29H         LINE#         782
  C:6E2BH         LINE#         783
  C:6E2EH         LINE#         784
  C:6E35H         LINE#         785
  C:6E3CH         LINE#         786
  C:6E43H         LINE#         787
  C:6E47H         LINE#         788
  C:6E4EH         LINE#         789
BL51 BANKED LINKER/LOCATER V6.22                                                      11/07/2018  16:09:27  PAGE 14


  C:6E54H         LINE#         791
  C:6E56H         LINE#         792
  C:6E59H         LINE#         793
  C:6E60H         LINE#         794
  C:6E64H         LINE#         796
  C:6E6BH         LINE#         797
  C:6E6BH         LINE#         904
  -------         ENDPROC       _LCD_SET_WINDOW
  -------         PROC          _LCD_READPOINT
  X:0348H         SYMBOL        x
  X:034AH         SYMBOL        y
  -------         DO            
  D:0004H         SYMBOL        r
  X:034CH         SYMBOL        g
  X:034EH         SYMBOL        b
  D:0002H         SYMBOL        dat
  -------         ENDDO         
  C:6999H         LINE#         909
  C:69A7H         LINE#         910
  C:69A7H         LINE#         911
  C:69B3H         LINE#         912
  C:69E1H         LINE#         913
  C:6A04H         LINE#         919
  C:6A0BH         LINE#         920
  C:6A12H         LINE#         923
  C:6A21H         LINE#         924
  C:6A36H         LINE#         925
  C:6A3CH         LINE#         926
  C:6A62H         LINE#         928
  C:6A64H         LINE#         959
  C:6A67H         LINE#         960
  -------         ENDPROC       _LCD_READPOINT
  -------         PROC          _LCD_CLEAR
  X:0034H         SYMBOL        color
  -------         DO            
  D:0002H         SYMBOL        i
  X:0036H         SYMBOL        j
  -------         ENDDO         
  C:7009H         LINE#         964
  C:7011H         LINE#         965
  C:7011H         LINE#         966
  C:7016H         LINE#         968
  C:7040H         LINE#         969
  C:7050H         LINE#         970
  C:7050H         LINE#         971
  C:706CH         LINE#         972
  C:706CH         LINE#         973
  C:7072H         LINE#         974
  C:7082H         LINE#         975
  C:7089H         LINE#         976
  -------         ENDPROC       _LCD_CLEAR
  -------         PROC          _LCD_FILL
  X:02EAH         SYMBOL        xState
  X:02ECH         SYMBOL        yState
  X:02EEH         SYMBOL        xEnd
  X:02F0H         SYMBOL        yEnd
  X:02F2H         SYMBOL        color
BL51 BANKED LINKER/LOCATER V6.22                                                      11/07/2018  16:09:27  PAGE 15


  -------         DO            
  X:02F4H         SYMBOL        temp
  -------         ENDDO         
  C:68C9H         LINE#         981
  C:68E1H         LINE#         982
  C:68E1H         LINE#         983
  C:68E8H         LINE#         985
  C:690AH         LINE#         986
  C:690AH         LINE#         988
  C:690AH         LINE#         989
  C:6925H         LINE#         990
  C:6946H         LINE#         991
  C:6965H         LINE#         993
  C:6973H         LINE#         994
  C:6973H         LINE#         995
  C:6982H         LINE#         996
  C:6990H         LINE#         997
  C:6990H         LINE#         998
  C:6996H         LINE#         999
  C:6998H         LINE#         1000
  C:6998H         LINE#         1001
  -------         ENDPROC       _LCD_FILL
  -------         PROC          _LCD_COLOR_FILL
  X:01FCH         SYMBOL        sx
  X:01FEH         SYMBOL        sy
  D:0002H         SYMBOL        ex
  X:0202H         SYMBOL        ey
  X:0204H         SYMBOL        color
  -------         DO            
  X:0207H         SYMBOL        height
  X:0209H         SYMBOL        width
  X:020BH         SYMBOL        i
  X:020DH         SYMBOL        j
  -------         ENDDO         
  C:618EH         LINE#         1006
  C:619CH         LINE#         1007
  C:619CH         LINE#         1010
  C:61B7H         LINE#         1011
  C:61D8H         LINE#         1012
  C:61F5H         LINE#         1013
  C:6211H         LINE#         1014
  C:6211H         LINE#         1015
  C:622EH         LINE#         1016
  C:622EH         LINE#         1017
  C:6264H         LINE#         1018
  C:6274H         LINE#         1019
  C:6285H         LINE#         1020
  -------         ENDPROC       _LCD_COLOR_FILL
  C:73DDH         SYMBOL        L?0188
  C:73DEH         SYMBOL        L?0189
  -------         PROC          L?0187
  -------         ENDPROC       L?0187
  C:73DDH         SYMBOL        L?0188
  C:73DEH         SYMBOL        L?0189
  -------         PROC          _LCD_DRAWPOINT
  D:0002H         SYMBOL        x
  D:0082H         SYMBOL        y
BL51 BANKED LINKER/LOCATER V6.22                                                      11/07/2018  16:09:27  PAGE 16


  C:73F0H         LINE#         1025
  C:73F8H         LINE#         1026
  C:73F8H         LINE#         1027
  C:740FH         LINE#         1028
  -------         ENDPROC       _LCD_DRAWPOINT
  C:734FH         SYMBOL        L?0196
  -------         PROC          L?0195
  -------         ENDPROC       L?0195
  C:734FH         SYMBOL        L?0196
  -------         PROC          _LCD_DRAWFRONT_COLOR
  X:004DH         SYMBOL        x
  X:004FH         SYMBOL        y
  X:0051H         SYMBOL        color
  C:7354H         LINE#         1034
  C:736CH         LINE#         1035
  C:736CH         LINE#         1036
  C:738BH         LINE#         1037
  -------         ENDPROC       _LCD_DRAWFRONT_COLOR
  -------         PROC          _LCD_DRAWBIGPOINT
  X:0378H         SYMBOL        x
  X:037AH         SYMBOL        y
  X:037CH         SYMBOL        color
  C:7185H         LINE#         1042
  C:7199H         LINE#         1043
  C:7199H         LINE#         1044
  C:719CH         LINE#         1045
  C:71B5H         LINE#         1046
  C:71D1H         LINE#         1047
  -------         ENDPROC       _LCD_DRAWBIGPOINT
  -------         PROC          _LCD_DRAWLINE
  X:013AH         SYMBOL        x1
  X:013CH         SYMBOL        y1
  D:0002H         SYMBOL        x2
  X:0140H         SYMBOL        y2
  -------         DO            
  X:0142H         SYMBOL        t
  X:0144H         SYMBOL        xerr
  X:0146H         SYMBOL        yerr
  X:0148H         SYMBOL        delta_x
  X:014AH         SYMBOL        delta_y
  X:014CH         SYMBOL        distance
  X:014EH         SYMBOL        incx
  X:0150H         SYMBOL        incy
  X:0152H         SYMBOL        uRow
  X:0154H         SYMBOL        uCol
  -------         ENDDO         
  C:472FH         LINE#         1053
  C:473DH         LINE#         1054
  C:473DH         LINE#         1055
  C:4744H         LINE#         1056
  C:474CH         LINE#         1058
  C:4761H         LINE#         1059
  C:477CH         LINE#         1060
  C:478BH         LINE#         1061
  C:4791H         LINE#         1062
  C:47ADH         LINE#         1063
  C:47B9H         LINE#         1064
BL51 BANKED LINKER/LOCATER V6.22                                                      11/07/2018  16:09:27  PAGE 17


  C:47CEH         LINE#         1065
  C:47EAH         LINE#         1066
  C:47F6H         LINE#         1067
  C:480BH         LINE#         1068
  C:4831H         LINE#         1069
  C:4836H         LINE#         1070
  C:485BH         LINE#         1071
  C:485BH         LINE#         1072
  C:486CH         LINE#         1073
  C:4880H         LINE#         1074
  C:4894H         LINE#         1075
  C:48B0H         LINE#         1076
  C:48B0H         LINE#         1077
  C:48BCH         LINE#         1078
  C:48D0H         LINE#         1079
  C:48D0H         LINE#         1080
  C:48ECH         LINE#         1081
  C:48ECH         LINE#         1082
  C:48F8H         LINE#         1083
  C:490CH         LINE#         1084
  C:490CH         LINE#         1085
  C:491DH         LINE#         1086
  -------         ENDPROC       _LCD_DRAWLINE
  -------         PROC          _LCD_DRAWLINE_COLOR
  X:00E0H         SYMBOL        x1
  X:00E2H         SYMBOL        y1
  D:0002H         SYMBOL        x2
  X:00E6H         SYMBOL        y2
  X:00E8H         SYMBOL        color
  -------         DO            
  X:00EAH         SYMBOL        t
  X:00ECH         SYMBOL        xerr
  X:00EEH         SYMBOL        yerr
  X:00F0H         SYMBOL        delta_x
  X:00F2H         SYMBOL        delta_y
  X:00F4H         SYMBOL        distance
  X:00F6H         SYMBOL        incx
  X:00F8H         SYMBOL        incy
  X:00FAH         SYMBOL        uRow
  X:00FCH         SYMBOL        uCol
  -------         ENDDO         
  C:491EH         LINE#         1088
  C:492CH         LINE#         1089
  C:492CH         LINE#         1091
  C:4937H         LINE#         1093
  C:494CH         LINE#         1094
  C:4967H         LINE#         1095
  C:4976H         LINE#         1096
  C:497CH         LINE#         1097
  C:4998H         LINE#         1098
  C:49A4H         LINE#         1099
  C:49B9H         LINE#         1100
  C:49D5H         LINE#         1101
  C:49E1H         LINE#         1102
  C:49F6H         LINE#         1103
  C:4A1CH         LINE#         1104
  C:4A21H         LINE#         1105
BL51 BANKED LINKER/LOCATER V6.22                                                      11/07/2018  16:09:27  PAGE 18


  C:4A46H         LINE#         1106
  C:4A46H         LINE#         1107
  C:4A59H         LINE#         1108
  C:4A6DH         LINE#         1109
  C:4A81H         LINE#         1110
  C:4A9DH         LINE#         1111
  C:4A9DH         LINE#         1112
  C:4AA9H         LINE#         1113
  C:4ABDH         LINE#         1114
  C:4ABDH         LINE#         1115
  C:4AD9H         LINE#         1116
  C:4AD9H         LINE#         1117
  C:4AE5H         LINE#         1118
  C:4AF9H         LINE#         1119
  C:4AF9H         LINE#         1120
  C:4B0AH         LINE#         1121
  -------         ENDPROC       _LCD_DRAWLINE_COLOR
  -------         PROC          _LCD_DROWSIGN
  X:037EH         SYMBOL        x
  X:0380H         SYMBOL        y
  X:0382H         SYMBOL        color
  -------         DO            
  D:0003H         SYMBOL        i
  -------         ENDDO         
  C:671FH         LINE#         1128
  C:6737H         LINE#         1129
  C:6737H         LINE#         1133
  C:6771H         LINE#         1134
  C:6773H         LINE#         1135
  C:6773H         LINE#         1136
  C:6776H         LINE#         1137
  C:677BH         LINE#         1140
  C:67B5H         LINE#         1141
  C:67B7H         LINE#         1142
  C:67B7H         LINE#         1143
  C:67BAH         LINE#         1144
  C:67BFH         LINE#         1147
  C:67ECH         LINE#         1148
  C:67EEH         LINE#         1149
  C:67EEH         LINE#         1150
  C:67F1H         LINE#         1151
  C:67F6H         LINE#         1152
  -------         ENDPROC       _LCD_DROWSIGN
  -------         PROC          _LCD_DRAWRECTANGLE
  X:0350H         SYMBOL        x1
  X:0352H         SYMBOL        y1
  X:0354H         SYMBOL        x2
  X:0356H         SYMBOL        y2
  C:6BF1H         LINE#         1156
  C:6C07H         LINE#         1157
  C:6C07H         LINE#         1158
  C:6C23H         LINE#         1159
  C:6C4AH         LINE#         1160
  C:6C72H         LINE#         1161
  -------         ENDPROC       _LCD_DRAWRECTANGLE
  -------         PROC          _LCD_DRAW_CIRCLE
  X:030DH         SYMBOL        x0
BL51 BANKED LINKER/LOCATER V6.22                                                      11/07/2018  16:09:27  PAGE 19


  X:030FH         SYMBOL        y0
  D:0003H         SYMBOL        r
  -------         DO            
  X:0311H         SYMBOL        a
  X:0313H         SYMBOL        b
  X:0315H         SYMBOL        di
  -------         ENDDO         
  C:4CF4H         LINE#         1166
  C:4D02H         LINE#         1167
  C:4D02H         LINE#         1170
  C:4D11H         LINE#         1171
  C:4D25H         LINE#         1172
  C:4D44H         LINE#         1173
  C:4D44H         LINE#         1174
  C:4D52H         LINE#         1175
  C:4D6BH         LINE#         1176
  C:4D96H         LINE#         1177
  C:4DC1H         LINE#         1178
  C:4DEDH         LINE#         1179
  C:4E19H         LINE#         1180
  C:4E30H         LINE#         1181
  C:4E4BH         LINE#         1182
  C:4E59H         LINE#         1184
  C:4E89H         LINE#         1186
  C:4E89H         LINE#         1187
  C:4EBAH         LINE#         1188
  C:4EC8H         LINE#         1189
  C:4EC8H         LINE#         1190
  C:4ECBH         LINE#         1191
  -------         ENDPROC       _LCD_DRAW_CIRCLE
  -------         PROC          _LCD_SHOWCHAR
  X:0041H         SYMBOL        x
  X:0043H         SYMBOL        y
  X:0045H         SYMBOL        num
  X:0046H         SYMBOL        size
  X:0047H         SYMBOL        mode
  -------         DO            
  X:0048H         SYMBOL        temp
  X:0049H         SYMBOL        t1
  D:0001H         SYMBOL        t
  X:004AH         SYMBOL        y0
  X:004CH         SYMBOL        csize
  -------         ENDDO         
  C:5569H         LINE#         1199
  C:557EH         LINE#         1200
  C:557EH         LINE#         1202
  C:5586H         LINE#         1203
  C:55AEH         LINE#         1204
  C:55B5H         LINE#         1205
  C:55C4H         LINE#         1206
  C:55C4H         LINE#         1207
  C:55DEH         LINE#         1208
  C:55F4H         LINE#         1209
  C:5621H         LINE#         1211
  C:5626H         LINE#         1212
  C:5626H         LINE#         1213
  C:5640H         LINE#         1214
BL51 BANKED LINKER/LOCATER V6.22                                                      11/07/2018  16:09:27  PAGE 20


  C:565AH         LINE#         1215
  C:5661H         LINE#         1216
  C:566FH         LINE#         1217
  C:5685H         LINE#         1218
  C:56A1H         LINE#         1219
  C:56A1H         LINE#         1220
  C:56A9H         LINE#         1221
  C:56B7H         LINE#         1222
  C:56CDH         LINE#         1224
  C:56CDH         LINE#         1225
  C:56DCH         LINE#         1226
  C:56E0H         LINE#         1227
  -------         ENDPROC       _LCD_SHOWCHAR
  -------         PROC          L?0198
  -------         ENDPROC       L?0198
  -------         PROC          _LCD_POW
  X:0384H         SYMBOL        m
  X:0385H         SYMBOL        n
  -------         DO            
  X:0386H         SYMBOL        result
  -------         ENDDO         
  C:72BCH         LINE#         1230
  C:72C4H         LINE#         1231
  C:72C4H         LINE#         1232
  C:72CCH         LINE#         1233
  C:72F6H         LINE#         1234
  C:7304H         LINE#         1235
  -------         ENDPROC       _LCD_POW
  -------         PROC          _LCD_SHOWNUM
  X:02C3H         SYMBOL        x
  X:02C5H         SYMBOL        y
  X:02C7H         SYMBOL        num
  X:02CBH         SYMBOL        len
  X:02CCH         SYMBOL        size
  -------         DO            
  X:02CDH         SYMBOL        t
  X:02CEH         SYMBOL        temp
  X:02CFH         SYMBOL        enshow
  -------         ENDDO         
  C:6643H         LINE#         1242
  C:6651H         LINE#         1243
  C:6651H         LINE#         1245
  C:6656H         LINE#         1246
  C:666BH         LINE#         1247
  C:666BH         LINE#         1248
  C:6695H         LINE#         1249
  C:66A8H         LINE#         1250
  C:66A8H         LINE#         1251
  C:66ACH         LINE#         1252
  C:66ACH         LINE#         1253
  C:66D6H         LINE#         1254
  C:66D8H         LINE#         1255
  C:66DEH         LINE#         1257
  C:66DEH         LINE#         1258
  C:6715H         LINE#         1259
  C:671EH         LINE#         1260
  -------         ENDPROC       _LCD_SHOWNUM
BL51 BANKED LINKER/LOCATER V6.22                                                      11/07/2018  16:09:27  PAGE 21


  -------         PROC          _LCD_SHOWXNUM
  X:0299H         SYMBOL        x
  X:029BH         SYMBOL        y
  X:029DH         SYMBOL        num
  X:02A1H         SYMBOL        len
  X:02A2H         SYMBOL        size
  X:02A3H         SYMBOL        mode
  -------         DO            
  X:02A4H         SYMBOL        t
  X:02A5H         SYMBOL        temp
  X:02A6H         SYMBOL        enshow
  -------         ENDDO         
  C:5E45H         LINE#         1271
  C:5E53H         LINE#         1272
  C:5E53H         LINE#         1274
  C:5E58H         LINE#         1275
  C:5E6DH         LINE#         1276
  C:5E6DH         LINE#         1277
  C:5E97H         LINE#         1278
  C:5EADH         LINE#         1279
  C:5EADH         LINE#         1280
  C:5EB1H         LINE#         1281
  C:5EB1H         LINE#         1282
  C:5EE7H         LINE#         1283
  C:5F1CH         LINE#         1284
  C:5F1EH         LINE#         1285
  C:5F24H         LINE#         1287
  C:5F24H         LINE#         1288
  C:5F64H         LINE#         1289
  C:5F6DH         LINE#         1290
  -------         ENDPROC       _LCD_SHOWXNUM
  -------         PROC          _LCD_SHOWSTRING
  X:0034H         SYMBOL        x
  X:0036H         SYMBOL        y
  X:0038H         SYMBOL        width
  X:003AH         SYMBOL        height
  X:003CH         SYMBOL        size
  X:003DH         SYMBOL        p
  -------         DO            
  X:0040H         SYMBOL        x0
  -------         ENDDO         
  C:655EH         LINE#         1296
  C:6572H         LINE#         1297
  C:6572H         LINE#         1298
  C:657EH         LINE#         1299
  C:658AH         LINE#         1300
  C:659EH         LINE#         1301
  C:65BEH         LINE#         1302
  C:65BEH         LINE#         1303
  C:65F1H         LINE#         1304
  C:6607H         LINE#         1305
  C:6621H         LINE#         1306
  C:6635H         LINE#         1307
  C:663FH         LINE#         1308
  C:6642H         LINE#         1309
  -------         ENDPROC       _LCD_SHOWSTRING
  -------         PROC          _LCD_SHOWFONTHZ
BL51 BANKED LINKER/LOCATER V6.22                                                      11/07/2018  16:09:27  PAGE 22


  X:0317H         SYMBOL        x
  X:0319H         SYMBOL        y
  X:031BH         SYMBOL        cn
  -------         DO            
  D:0003H         SYMBOL        i
  D:0002H         SYMBOL        j
  X:031EH         SYMBOL        wordNum
  X:031FH         SYMBOL        color
  -------         ENDDO         
  C:5D1AH         LINE#         1322
  C:5D31H         LINE#         1323
  C:5D31H         LINE#         1326
  C:5D44H         LINE#         1327
  C:5D44H         LINE#         1328
  C:5D7AH         LINE#         1329
  C:5D8CH         LINE#         1330
  C:5D8CH         LINE#         1331
  C:5DCDH         LINE#         1333
  C:5DCDH         LINE#         1335
  C:5DCEH         LINE#         1336
  C:5DCEH         LINE#         1337
  C:5DF5H         LINE#         1338
  C:5DF7H         LINE#         1339
  C:5DF7H         LINE#         1340
  C:5DFEH         LINE#         1341
  C:5DFEH         LINE#         1342
  C:5E01H         LINE#         1343
  C:5E03H         LINE#         1345
  C:5E03H         LINE#         1346
  C:5E09H         LINE#         1347
  C:5E09H         LINE#         1348
  C:5E16H         LINE#         1349
  C:5E1BH         LINE#         1350
  C:5E20H         LINE#         1351
  C:5E20H         LINE#         1352
  C:5E29H         LINE#         1353
  C:5E33H         LINE#         1354
  C:5E41H         LINE#         1355
  C:5E44H         LINE#         1356
  -------         ENDPROC       _LCD_SHOWFONTHZ
  -------         PROC          _LCD_SHOWPICTURE
  X:01E7H         SYMBOL        x
  X:01E9H         SYMBOL        y
  X:01EBH         SYMBOL        wide
  X:01EDH         SYMBOL        high
  X:01EFH         SYMBOL        pic
  -------         DO            
  X:01F2H         SYMBOL        temp
  X:01F4H         SYMBOL        tmp
  X:01F8H         SYMBOL        num
  -------         ENDDO         
  C:5BEDH         LINE#         1410
  C:5C01H         LINE#         1411
  C:5C01H         LINE#         1412
  C:5C08H         LINE#         1413
  C:5C1AH         LINE#         1414
  C:5C61H         LINE#         1415
BL51 BANKED LINKER/LOCATER V6.22                                                      11/07/2018  16:09:27  PAGE 23


  C:5C84H         LINE#         1417
  C:5C84H         LINE#         1418
  C:5CB1H         LINE#         1419
  C:5CBAH         LINE#         1420
  C:5CD4H         LINE#         1421
  C:5CD7H         LINE#         1422
  C:5CF4H         LINE#         1423
  C:5CF4H         LINE#         1424
  C:5D19H         LINE#         1425
  -------         ENDPROC       _LCD_SHOWPICTURE
  -------         ENDMOD        TFTLCD

  -------         MODULE        TOUCH
  C:0000H         SYMBOL        _ICE_DUMMY_
  D:0090H         PUBLIC        P1
  D:00A0H         PUBLIC        P2
  D:00B0H         PUBLIC        P3
  D:00A8H         PUBLIC        IE
  D:00B8H         PUBLIC        IP
  B:00A0H.0       PUBLIC        TOUCH_DOUT
  X:02D0H         PUBLIC        xpt_xy
  C:7492H         PUBLIC        TOUCH_SPI_Read
  D:0098H         PUBLIC        SCON
  D:0088H         PUBLIC        TCON
  C:526DH         PUBLIC        _TOUCH_XPT_ReadData
  B:00A0H.1       PUBLIC        TOUCH_CLK
  C:75E4H         PUBLIC        _TOUCH_SPI_Write
  B:00A0H.2       PUBLIC        TOUCH_DIN
  C:768CH         PUBLIC        TOUCH_SPI_Start
  D:00C8H         PUBLIC        T2CON
  C:5970H         PUBLIC        TOUCH_Scan
  C:5F6EH         PUBLIC        TOUCH_XPT_ReadXY
  D:00D0H         PUBLIC        PSW
  B:00A0H.3       PUBLIC        TOUCH_CS
  -------         PROC          TOUCH_SPI_START
  C:768CH         LINE#         9
  C:768CH         LINE#         10
  C:768CH         LINE#         11
  C:768EH         LINE#         12
  C:7690H         LINE#         13
  C:7692H         LINE#         14
  C:7694H         LINE#         15
  C:7696H         LINE#         16
  -------         ENDPROC       TOUCH_SPI_START
  -------         PROC          _TOUCH_SPI_WRITE
  D:0007H         SYMBOL        dat
  -------         DO            
  D:0006H         SYMBOL        i
  -------         ENDDO         
  C:75E4H         LINE#         18
  C:75E4H         LINE#         19
  C:75E4H         LINE#         21
  C:75E6H         LINE#         22
  C:75E8H         LINE#         23
  C:75E8H         LINE#         24
  C:75F3H         LINE#         25
  C:75F7H         LINE#         26
BL51 BANKED LINKER/LOCATER V6.22                                                      11/07/2018  16:09:27  PAGE 24


  C:75F9H         LINE#         28
  C:75FBH         LINE#         30
  C:7600H         LINE#         31
  -------         ENDPROC       _TOUCH_SPI_WRITE
  -------         PROC          TOUCH_SPI_READ
  -------         DO            
  D:0004H         SYMBOL        i
  X:039CH         SYMBOL        dat
  -------         ENDDO         
  C:7492H         LINE#         33
  C:7492H         LINE#         34
  C:7492H         LINE#         35
  C:7499H         LINE#         36
  C:749BH         LINE#         37
  C:749DH         LINE#         38
  C:749DH         LINE#         39
  C:74AAH         LINE#         41
  C:74ACH         LINE#         42
  C:74AEH         LINE#         44
  C:74B9H         LINE#         46
  C:74C4H         LINE#         47
  C:74CCH         LINE#         48
  -------         ENDPROC       TOUCH_SPI_READ
  -------         PROC          L?0046
  -------         ENDPROC       L?0046
  -------         PROC          _TOUCH_XPT_READDATA
  D:0003H         SYMBOL        cmd
  -------         DO            
  X:0156H         SYMBOL        i
  X:0157H         SYMBOL        j
  X:0158H         SYMBOL        readValue
  X:016CH         SYMBOL        endValue
  -------         ENDDO         
  C:526DH         LINE#         52
  C:526FH         LINE#         53
  C:526FH         LINE#         58
  C:5271H         LINE#         59
  C:5273H         LINE#         61
  C:5278H         LINE#         62
  C:5278H         LINE#         63
  C:527DH         LINE#         65
  C:528CH         LINE#         66
  C:528EH         LINE#         67
  C:528FH         LINE#         68
  C:5290H         LINE#         69
  C:5292H         LINE#         70
  C:5293H         LINE#         71
  C:5294H         LINE#         73
  C:52ABH         LINE#         74
  C:52B7H         LINE#         75
  C:52B9H         LINE#         79
  C:52CBH         LINE#         80
  C:52CBH         LINE#         81
  C:52DCH         LINE#         82
  C:52DCH         LINE#         83
  C:5307H         LINE#         84
  C:5307H         LINE#         85
BL51 BANKED LINKER/LOCATER V6.22                                                      11/07/2018  16:09:27  PAGE 25


  C:5321H         LINE#         86
  C:5347H         LINE#         87
  C:5362H         LINE#         88
  C:5362H         LINE#         89
  C:536BH         LINE#         90
  C:5374H         LINE#         95
  C:537EH         LINE#         96
  C:5384H         LINE#         97
  C:5384H         LINE#         98
  C:53BBH         LINE#         99
  C:53C5H         LINE#         100
  C:53E2H         LINE#         102
  C:53ECH         LINE#         103
  -------         ENDPROC       _TOUCH_XPT_READDATA
  -------         PROC          TOUCH_XPT_READXY
  -------         DO            
  X:0321H         SYMBOL        x1
  X:0323H         SYMBOL        x2
  X:0325H         SYMBOL        x
  X:0327H         SYMBOL        y1
  D:0004H         SYMBOL        y2
  X:0329H         SYMBOL        y
  -------         ENDDO         
  C:5F6EH         LINE#         107
  C:5F6EH         LINE#         108
  C:5F6EH         LINE#         111
  C:5F71H         LINE#         113
  C:5F79H         LINE#         114
  C:5F84H         LINE#         115
  C:5F8CH         LINE#         116
  C:5F93H         LINE#         120
  C:5FA9H         LINE#         121
  C:5FA9H         LINE#         122
  C:5FB1H         LINE#         123
  C:5FB3H         LINE#         125
  C:5FB3H         LINE#         126
  C:5FCEH         LINE#         127
  C:5FCEH         LINE#         130
  C:5FDCH         LINE#         131
  C:5FDCH         LINE#         132
  C:5FE1H         LINE#         133
  C:5FE3H         LINE#         135
  C:5FE3H         LINE#         136
  C:5FF6H         LINE#         137
  C:5FF6H         LINE#         140
  C:6013H         LINE#         141
  C:6013H         LINE#         142
  C:6016H         LINE#         143
  C:6016H         LINE#         146
  C:6037H         LINE#         147
  C:6050H         LINE#         149
  C:6057H         LINE#         150
  C:605EH         LINE#         153
  C:607CH         LINE#         154
  C:607CH         LINE#         155
  C:607FH         LINE#         156
  C:607FH         LINE#         158
BL51 BANKED LINKER/LOCATER V6.22                                                      11/07/2018  16:09:27  PAGE 26


  C:6081H         LINE#         159
  -------         ENDPROC       TOUCH_XPT_READXY
  -------         PROC          TOUCH_SCAN
  -------         DO            
  X:0390H         SYMBOL        res
  X:0391H         SYMBOL        temp
  -------         ENDDO         
  C:5970H         LINE#         163
  C:5970H         LINE#         164
  C:5970H         LINE#         165
  C:5975H         LINE#         168
  C:597EH         LINE#         169
  C:597EH         LINE#         172
  C:5987H         LINE#         173
  C:5987H         LINE#         182
  C:5998H         LINE#         183
  C:59CDH         LINE#         184
  C:59DEH         LINE#         185
  C:5A08H         LINE#         209
  C:5A0BH         LINE#         211
  C:5A0BH         LINE#         220
  C:5A22H         LINE#         221
  C:5A57H         LINE#         222
  C:5A68H         LINE#         223
  C:5A9DH         LINE#         247
  C:5A9DH         LINE#         264
  C:5AA3H         LINE#         265
  C:5AA3H         LINE#         266
  C:5AA5H         LINE#         268
  C:5AAAH         LINE#         269
  C:5AAFH         LINE#         270
  -------         ENDPROC       TOUCH_SCAN
  -------         ENDMOD        TOUCH

  -------         MODULE        GUI
  C:0000H         SYMBOL        _ICE_DUMMY_
  C:7305H         PUBLIC        _gui_pow
  D:0090H         PUBLIC        P1
  D:00A0H         PUBLIC        P2
  D:00B0H         PUBLIC        P3
  C:6C9BH         PUBLIC        _gui_num2str
  C:3E7DH         PUBLIC        _gui_show_ptstr
  D:00A8H         PUBLIC        IE
  C:53EDH         PUBLIC        _gui_get_stringline
  D:00B8H         PUBLIC        IP
  C:637DH         PUBLIC        _gui_draw_bigpoint
  C:50A3H         PUBLIC        _gui_show_num
  C:71F8H         PUBLIC        _gui_disabs
  C:39D3H         PUBLIC        _gui_fill_ellipse
  C:2A9AH         PUBLIC        _gui_fill_circle
  C:22CCH         PUBLIC        _gui_draw_ellipse
  C:1C19H         PUBLIC        _gui_draw_arcrectangle
  D:0098H         PUBLIC        SCON
  C:6286H         PUBLIC        _gui_alphablend_area
  D:0088H         PUBLIC        TCON
  C:6471H         PUBLIC        _gui_alpha_blend565
  C:741AH         PUBLIC        _gui_rgb332torgb565
BL51 BANKED LINKER/LOCATER V6.22                                                      11/07/2018  16:09:27  PAGE 27


  C:6B68H         PUBLIC        _gui_draw_expoint
  C:3767H         PUBLIC        _gui_draw_bline
  C:4B0BH         PUBLIC        _gui_smooth_color
  C:710AH         PUBLIC        _gui_draw_hline
  C:3C2FH         PUBLIC        _gui_show_ptchar
  C:6D5AH         PUBLIC        _gui_draw_vline
  C:708AH         PUBLIC        _gui_color_chg
  C:56E1H         PUBLIC        _gui_show_strmid
  C:5829H         PUBLIC        _gui_fill_colorblock
  C:453CH         PUBLIC        _gui_draw_line
  C:7456H         PUBLIC        _gui_draw_point
  C:3519H         PUBLIC        _gui_draw_circle8
  C:4311H         PUBLIC        _gui_show_string
  D:00C8H         PUBLIC        T2CON
  C:6F0CH         PUBLIC        _gui_fill_rectangle
  C:4EE8H         PUBLIC        _gui_draw_arc
  C:6082H         PUBLIC        _gui_draw_smooth_rectangle
  C:6A68H         PUBLIC        _gui_draw_rectangle
  C:26D0H         PUBLIC        _gui_draw_bline1
  D:00D0H         PUBLIC        PSW
  C:67F7H         PUBLIC        _gui_show_ptstrwhiterim
  -------         PROC          _GUI_COLOR_CHG
  X:0358H         SYMBOL        rgb
  -------         DO            
  X:035CH         SYMBOL        r
  X:035EH         SYMBOL        g
  D:0004H         SYMBOL        b
  -------         ENDDO         
  C:708AH         LINE#         15
  C:7090H         LINE#         16
  C:7090H         LINE#         18
  C:70A9H         LINE#         19
  C:70C8H         LINE#         20
  C:70E3H         LINE#         21
  C:7109H         LINE#         22
  -------         ENDPROC       _GUI_COLOR_CHG
  -------         PROC          _GUI_RGB332TORGB565
  D:0004H         SYMBOL        rgb332
  -------         DO            
  D:0002H         SYMBOL        rgb565
  -------         ENDDO         
  C:741AH         LINE#         26
  C:741EH         LINE#         27
  C:741EH         LINE#         28
  C:7422H         LINE#         29
  C:7437H         LINE#         30
  C:744CH         LINE#         31
  C:7452H         LINE#         32
  C:7455H         LINE#         33
  -------         ENDPROC       _GUI_RGB332TORGB565
  -------         PROC          _GUI_POW
  X:038AH         SYMBOL        m
  X:038BH         SYMBOL        n
  -------         DO            
  X:038CH         SYMBOL        result
  -------         ENDDO         
  C:7305H         LINE#         35
BL51 BANKED LINKER/LOCATER V6.22                                                      11/07/2018  16:09:27  PAGE 28


  C:730DH         LINE#         36
  C:730DH         LINE#         37
  C:7315H         LINE#         38
  C:733FH         LINE#         39
  C:734DH         LINE#         40
  -------         ENDPROC       _GUI_POW
  -------         PROC          _GUI_DISABS
  X:0360H         SYMBOL        x1
  X:0364H         SYMBOL        x2
  C:71F8H         LINE#         42
  C:71FEH         LINE#         43
  C:71FEH         LINE#         44
  C:7262H         LINE#         45
  -------         ENDPROC       _GUI_DISABS
  -------         PROC          _GUI_DRAW_POINT
  X:0395H         SYMBOL        x0
  D:0004H         SYMBOL        y0
  D:0002H         SYMBOL        color
  -------         DO            
  X:0397H         SYMBOL        tempcolor
  -------         ENDDO         
  C:7456H         LINE#         51
  C:745EH         LINE#         52
  C:745EH         LINE#         53
  C:746DH         LINE#         54
  C:7477H         LINE#         55
  C:7482H         LINE#         56
  C:7491H         LINE#         57
  -------         ENDPROC       _GUI_DRAW_POINT
  -------         PROC          _GUI_ALPHABLEND_AREA
  X:0258H         SYMBOL        x
  X:025AH         SYMBOL        y
  X:025CH         SYMBOL        width
  X:025EH         SYMBOL        height
  X:0260H         SYMBOL        color
  X:0262H         SYMBOL        aval
  -------         DO            
  X:0263H         SYMBOL        i
  X:0265H         SYMBOL        j
  X:0267H         SYMBOL        tempcolor
  -------         ENDDO         
  C:6286H         LINE#         63
  C:629AH         LINE#         64
  C:629AH         LINE#         67
  C:62B9H         LINE#         68
  C:62B9H         LINE#         69
  C:62D8H         LINE#         70
  C:62D8H         LINE#         71
  C:630BH         LINE#         72
  C:6321H         LINE#         73
  C:6354H         LINE#         74
  C:6368H         LINE#         75
  C:637CH         LINE#         76
  -------         ENDPROC       _GUI_ALPHABLEND_AREA
  -------         PROC          _GUI_DRAW_BIGPOINT
  X:02A7H         SYMBOL        x0
  X:02A9H         SYMBOL        y0
BL51 BANKED LINKER/LOCATER V6.22                                                      11/07/2018  16:09:27  PAGE 29


  X:02ABH         SYMBOL        color
  -------         DO            
  X:02ADH         SYMBOL        i
  X:02AFH         SYMBOL        j
  X:02B1H         SYMBOL        x
  X:02B3H         SYMBOL        y
  -------         ENDDO         
  C:637DH         LINE#         82
  C:6393H         LINE#         83
  C:6393H         LINE#         86
  C:63AEH         LINE#         87
  C:63BDH         LINE#         88
  C:63D9H         LINE#         89
  C:63E8H         LINE#         90
  C:6412H         LINE#         91
  C:6412H         LINE#         92
  C:6460H         LINE#         93
  C:6470H         LINE#         94
  -------         ENDPROC       _GUI_DRAW_BIGPOINT
  -------         PROC          _GUI_DRAW_LINE
  X:00FEH         SYMBOL        x0
  X:0100H         SYMBOL        y0
  D:0002H         SYMBOL        x1
  X:0104H         SYMBOL        y1
  X:0106H         SYMBOL        color
  -------         DO            
  X:0108H         SYMBOL        t
  X:010AH         SYMBOL        xerr
  X:010CH         SYMBOL        yerr
  X:010EH         SYMBOL        delta_x
  X:0110H         SYMBOL        delta_y
  X:0112H         SYMBOL        distance
  X:0114H         SYMBOL        incx
  X:0116H         SYMBOL        incy
  X:0118H         SYMBOL        uRow
  X:011AH         SYMBOL        uCol
  -------         ENDDO         
  C:453CH         LINE#         98
  C:454AH         LINE#         99
  C:454AH         LINE#         101
  C:4555H         LINE#         104
  C:456AH         LINE#         105
  C:4585H         LINE#         106
  C:4594H         LINE#         107
  C:459AH         LINE#         108
  C:45B6H         LINE#         109
  C:45C2H         LINE#         110
  C:45D7H         LINE#         111
  C:45F3H         LINE#         112
  C:45FFH         LINE#         113
  C:4614H         LINE#         114
  C:463AH         LINE#         115
  C:463FH         LINE#         116
  C:4664H         LINE#         117
  C:4664H         LINE#         118
  C:467DH         LINE#         119
  C:4691H         LINE#         120
BL51 BANKED LINKER/LOCATER V6.22                                                      11/07/2018  16:09:27  PAGE 30


  C:46A5H         LINE#         121
  C:46C1H         LINE#         122
  C:46C1H         LINE#         123
  C:46CDH         LINE#         124
  C:46E1H         LINE#         125
  C:46E1H         LINE#         126
  C:46FDH         LINE#         127
  C:46FDH         LINE#         128
  C:4709H         LINE#         129
  C:471DH         LINE#         130
  C:471DH         LINE#         131
  C:472EH         LINE#         132
  -------         ENDPROC       _GUI_DRAW_LINE
  -------         PROC          _GUI_DRAW_BLINE
  X:00A2H         SYMBOL        x1
  X:00A4H         SYMBOL        y1
  X:00A6H         SYMBOL        x2
  X:00A8H         SYMBOL        y2
  X:00AAH         SYMBOL        size
  X:00ABH         SYMBOL        color
  -------         DO            
  X:00ADH         SYMBOL        t
  X:00AFH         SYMBOL        xerr
  X:00B1H         SYMBOL        yerr
  X:00B3H         SYMBOL        delta_x
  X:00B5H         SYMBOL        delta_y
  X:00B7H         SYMBOL        distance
  X:00B9H         SYMBOL        incx
  X:00BBH         SYMBOL        incy
  X:00BDH         SYMBOL        uRow
  X:00BFH         SYMBOL        uCol
  -------         ENDDO         
  C:3767H         LINE#         137
  C:377BH         LINE#         138
  C:377BH         LINE#         140
  C:3786H         LINE#         142
  C:37CBH         LINE#         143
  C:37E4H         LINE#         144
  C:37FFH         LINE#         145
  C:381AH         LINE#         146
  C:3822H         LINE#         147
  C:3830H         LINE#         148
  C:384CH         LINE#         149
  C:3858H         LINE#         150
  C:386DH         LINE#         151
  C:3889H         LINE#         152
  C:3895H         LINE#         153
  C:38AAH         LINE#         154
  C:38D0H         LINE#         155
  C:38D5H         LINE#         156
  C:38FAH         LINE#         157
  C:38FAH         LINE#         158
  C:3921H         LINE#         159
  C:3935H         LINE#         160
  C:3949H         LINE#         161
  C:3985H         LINE#         162
  C:39C1H         LINE#         163
BL51 BANKED LINKER/LOCATER V6.22                                                      11/07/2018  16:09:27  PAGE 31


  C:39D2H         LINE#         164
  -------         ENDPROC       _GUI_DRAW_BLINE
  -------         PROC          _GUI_DRAW_BLINE1
  X:00C1H         SYMBOL        x0
  X:00C3H         SYMBOL        y0
  D:0002H         SYMBOL        x1
  X:00C7H         SYMBOL        y1
  X:00C9H         SYMBOL        size
  X:00CAH         SYMBOL        color
  -------         DO            
  X:00CCH         SYMBOL        t
  X:00CEH         SYMBOL        xerr
  X:00D0H         SYMBOL        yerr
  X:00D2H         SYMBOL        delta_x
  X:00D4H         SYMBOL        delta_y
  X:00D6H         SYMBOL        distance
  X:00D8H         SYMBOL        incx
  X:00DAH         SYMBOL        incy
  X:00DCH         SYMBOL        uRow
  X:00DEH         SYMBOL        uCol
  -------         ENDDO         
  C:26D0H         LINE#         170
  C:26DEH         LINE#         171
  C:26DEH         LINE#         173
  C:26E9H         LINE#         176
  C:26FEH         LINE#         177
  C:2719H         LINE#         178
  C:2728H         LINE#         179
  C:272EH         LINE#         180
  C:274AH         LINE#         181
  C:2756H         LINE#         182
  C:276BH         LINE#         183
  C:2787H         LINE#         184
  C:2793H         LINE#         185
  C:27A8H         LINE#         186
  C:27CEH         LINE#         187
  C:27D3H         LINE#         188
  C:27F8H         LINE#         189
  C:27F8H         LINE#         190
  C:2817H         LINE#         191
  C:2822H         LINE#         192
  C:2822H         LINE#         193
  C:283BH         LINE#         194
  C:285CH         LINE#         195
  C:287DH         LINE#         196
  C:28A4H         LINE#         197
  C:28A4H         LINE#         198
  C:28AFH         LINE#         199
  C:28AFH         LINE#         200
  C:28C8H         LINE#         201
  C:28E9H         LINE#         202
  C:290AH         LINE#         203
  C:2931H         LINE#         204
  C:2958H         LINE#         205
  C:297FH         LINE#         206
  C:29A6H         LINE#         207
  C:29C7H         LINE#         208
BL51 BANKED LINKER/LOCATER V6.22                                                      11/07/2018  16:09:27  PAGE 32


  C:29E8H         LINE#         209
  C:29E8H         LINE#         210
  C:29FCH         LINE#         211
  C:2A10H         LINE#         212
  C:2A2CH         LINE#         213
  C:2A2CH         LINE#         214
  C:2A38H         LINE#         215
  C:2A4CH         LINE#         216
  C:2A4CH         LINE#         217
  C:2A68H         LINE#         218
  C:2A68H         LINE#         219
  C:2A74H         LINE#         220
  C:2A88H         LINE#         221
  C:2A88H         LINE#         222
  C:2A99H         LINE#         223
  -------         ENDPROC       _GUI_DRAW_BLINE1
  C:6D55H         SYMBOL        L?0318
  -------         PROC          L?0317
  -------         ENDPROC       L?0317
  C:6D55H         SYMBOL        L?0318
  -------         PROC          _GUI_DRAW_VLINE
  X:0368H         SYMBOL        x0
  X:036AH         SYMBOL        y0
  X:036CH         SYMBOL        len
  X:036EH         SYMBOL        color
  C:6D5AH         LINE#         228
  C:6D6EH         LINE#         229
  C:6D6EH         LINE#         230
  C:6D9CH         LINE#         231
  C:6DDAH         LINE#         232
  -------         ENDPROC       _GUI_DRAW_VLINE
  -------         PROC          _GUI_DRAW_HLINE
  X:0370H         SYMBOL        x0
  X:0372H         SYMBOL        y0
  D:0002H         SYMBOL        len
  X:0376H         SYMBOL        color
  C:710AH         LINE#         237
  C:7118H         LINE#         238
  C:7118H         LINE#         239
  C:7146H         LINE#         240
  C:7184H         LINE#         241
  -------         ENDPROC       _GUI_DRAW_HLINE
  -------         PROC          _GUI_FILL_COLORBLOCK
  X:02B5H         SYMBOL        x0
  X:02B7H         SYMBOL        y0
  X:02B9H         SYMBOL        width
  X:02BBH         SYMBOL        height
  X:02BDH         SYMBOL        ctbl
  X:02C0H         SYMBOL        mode
  -------         DO            
  X:02C1H         SYMBOL        i
  -------         ENDDO         
  C:5829H         LINE#         248
  C:583DH         LINE#         249
  C:583DH         LINE#         251
  C:5855H         LINE#         252
  C:585FH         LINE#         253
BL51 BANKED LINKER/LOCATER V6.22                                                      11/07/2018  16:09:27  PAGE 33


  C:585FH         LINE#         254
  C:587DH         LINE#         255
  C:587DH         LINE#         256
  C:58DBH         LINE#         257
  C:58ECH         LINE#         258
  C:58ECH         LINE#         259
  C:58ECH         LINE#         260
  C:5909H         LINE#         261
  C:5909H         LINE#         262
  C:595FH         LINE#         263
  C:596FH         LINE#         264
  C:596FH         LINE#         265
  -------         ENDPROC       _GUI_FILL_COLORBLOCK
  -------         PROC          _GUI_SMOOTH_COLOR
  X:011CH         SYMBOL        srgb
  X:0120H         SYMBOL        ergb
  X:0124H         SYMBOL        cbuf
  X:0127H         SYMBOL        len
  -------         DO            
  X:0129H         SYMBOL        sr
  X:012AH         SYMBOL        sg
  X:012BH         SYMBOL        sb
  X:012CH         SYMBOL        dr
  X:012EH         SYMBOL        dg
  X:0130H         SYMBOL        db
  X:0132H         SYMBOL        r
  X:0134H         SYMBOL        g
  X:0136H         SYMBOL        b
  X:0138H         SYMBOL        i
  -------         ENDDO         
  C:4B0BH         LINE#         271
  C:4B11H         LINE#         272
  C:4B11H         LINE#         276
  C:4B18H         LINE#         277
  C:4B31H         LINE#         278
  C:4B4AH         LINE#         279
  C:4B59H         LINE#         280
  C:4B7CH         LINE#         281
  C:4B9FH         LINE#         282
  C:4BB7H         LINE#         283
  C:4BD6H         LINE#         284
  C:4BD6H         LINE#         285
  C:4C04H         LINE#         286
  C:4C2FH         LINE#         287
  C:4C5AH         LINE#         288
  C:4C70H         LINE#         289
  C:4C86H         LINE#         290
  C:4C9CH         LINE#         291
  C:4CE2H         LINE#         292
  C:4CF3H         LINE#         293
  -------         ENDPROC       _GUI_SMOOTH_COLOR
  -------         PROC          _GUI_DRAW_SMOOTH_RECTANGLE
  X:01BAH         SYMBOL        x
  X:01BCH         SYMBOL        y
  X:01BEH         SYMBOL        width
  X:01C0H         SYMBOL        height
  X:01C2H         SYMBOL        srgb
BL51 BANKED LINKER/LOCATER V6.22                                                      11/07/2018  16:09:27  PAGE 34


  X:01C6H         SYMBOL        ergb
  -------         DO            
[...]
  C:5720H         LINE#         540
  C:5734H         LINE#         541
  C:5759H         LINE#         542
  C:5766H         LINE#         543
  C:5766H         LINE#         544
  C:577DH         LINE#         545
  C:577DH         LINE#         546
  C:5828H         LINE#         547
  -------         ENDPROC       _GUI_SHOW_STRMID
  -------         PROC          _GUI_SHOW_PTCHAR
  X:0189H         SYMBOL        x
  X:018BH         SYMBOL        y
  X:018DH         SYMBOL        xend
  X:018FH         SYMBOL        yend
  X:0191H         SYMBOL        offset
  X:0193H         SYMBOL        color
  X:0195H         SYMBOL        size
  X:0197H         SYMBOL        chr
  X:0198H         SYMBOL        mode
  -------         DO            
  X:0199H         SYMBOL        temp
  X:019AH         SYMBOL        t1
  X:019BH         SYMBOL        t
  X:019CH         SYMBOL        tempoff
  X:019EH         SYMBOL        y0
  X:01A0H         SYMBOL        csize
  -------         ENDDO         
  C:3C2FH         LINE#         557
  C:3C47H         LINE#         558
  C:3C47H         LINE#         562
  C:3C4FH         LINE#         563
  C:3C90H         LINE#         564
  C:3C9FH         LINE#         565
BL51 BANKED LINKER/LOCATER V6.22                                                      11/07/2018  16:09:27  PAGE 40


  C:3CA4H         LINE#         566
  C:3CC0H         LINE#         567
  C:3CC0H         LINE#         568
  C:3CDEH         LINE#         569
  C:3CDEH         LINE#         570
  C:3CDEH         LINE#         571
  C:3CEEH         LINE#         572
  C:3CF0H         LINE#         573
  C:3CF0H         LINE#         574
  C:3D05H         LINE#         575
  C:3D07H         LINE#         576
  C:3D07H         LINE#         577
  C:3D2EH         LINE#         578
  C:3D2EH         LINE#         579
  C:3D2EH         LINE#         581
  C:3D2EH         LINE#         582
  C:3D3DH         LINE#         583
  C:3D55H         LINE#         584
  C:3D62H         LINE#         585
  C:3D62H         LINE#         586
  C:3D66H         LINE#         587
  C:3D66H         LINE#         588
  C:3D7CH         LINE#         589
  C:3D7CH         LINE#         590
  C:3D83H         LINE#         591
  C:3D83H         LINE#         592
  C:3D9FH         LINE#         593
  C:3DADH         LINE#         594
  C:3DCEH         LINE#         595
  C:3DCEH         LINE#         596
  C:3DD5H         LINE#         597
  C:3DE3H         LINE#         598
  C:3E04H         LINE#         599
  C:3E04H         LINE#         600
  C:3E0CH         LINE#         601
  C:3E1AH         LINE#         602
  C:3E1CH         LINE#         603
  C:3E1CH         LINE#         604
  C:3E2DH         LINE#         605
  C:3E2DH         LINE#         606
  C:3E2DH         LINE#         607
  C:3E3BH         LINE#         608
  C:3E5DH         LINE#         609
  C:3E5DH         LINE#         610
  C:3E65H         LINE#         611
  C:3E73H         LINE#         612
  C:3E73H         LINE#         613
  C:3E73H         LINE#         614
  C:3E7CH         LINE#         615
  -------         ENDPROC       _GUI_SHOW_PTCHAR
  -------         PROC          _GUI_SHOW_NUM
  X:0289H         SYMBOL        x
  X:028BH         SYMBOL        y
  X:028DH         SYMBOL        len
  X:028EH         SYMBOL        color
  X:0290H         SYMBOL        size
  X:0291H         SYMBOL        num
BL51 BANKED LINKER/LOCATER V6.22                                                      11/07/2018  16:09:27  PAGE 41


  X:0295H         SYMBOL        mode
  -------         DO            
  X:0296H         SYMBOL        t
  X:0297H         SYMBOL        temp
  X:0298H         SYMBOL        enshow
  -------         ENDDO         
  C:50A3H         LINE#         626
  C:50B4H         LINE#         627
  C:50B4H         LINE#         629
  C:50B9H         LINE#         630
  C:50CEH         LINE#         631
  C:50CEH         LINE#         632
  C:50FFH         LINE#         633
  C:5118H         LINE#         634
  C:5118H         LINE#         635
  C:511FH         LINE#         636
  C:511FH         LINE#         637
  C:5181H         LINE#         638
  C:51DDH         LINE#         639
  C:51DFH         LINE#         640
  C:51E5H         LINE#         642
  C:51E5H         LINE#         643
  C:525CH         LINE#         644
  C:5265H         LINE#         645
  -------         ENDPROC       _GUI_SHOW_NUM
  -------         PROC          _GUI_NUM2STR
  X:033FH         SYMBOL        str
  X:0342H         SYMBOL        num
  -------         DO            
  X:0346H         SYMBOL        t
  D:0007H         SYMBOL        temp
  X:0347H         SYMBOL        enrec
  -------         ENDDO         
  C:6C9BH         LINE#         650
  C:6CAAH         LINE#         651
  C:6CAAH         LINE#         653
  C:6CAFH         LINE#         654
  C:6CBDH         LINE#         655
  C:6CBDH         LINE#         656
  C:6CEBH         LINE#         657
  C:6CFAH         LINE#         658
  C:6CFAH         LINE#         659
  C:6CFFH         LINE#         660
  C:6D05H         LINE#         661
  C:6D05H         LINE#         662
  C:6D18H         LINE#         663
  C:6D22H         LINE#         664
  C:6D2AH         LINE#         665
  C:6D39H         LINE#         666
  C:6D44H         LINE#         667
  -------         ENDPROC       _GUI_NUM2STR
  -------         PROC          _GUI_SHOW_PTSTR
  X:020FH         SYMBOL        x
  X:0211H         SYMBOL        y
  X:0213H         SYMBOL        xend
  X:0215H         SYMBOL        yend
  X:0217H         SYMBOL        offset
BL51 BANKED LINKER/LOCATER V6.22                                                      11/07/2018  16:09:27  PAGE 42


  X:0219H         SYMBOL        color
  X:021BH         SYMBOL        size
  X:021CH         SYMBOL        str
  X:021FH         SYMBOL        mode
  -------         DO            
  X:0220H         SYMBOL        bHz
  X:0221H         SYMBOL        EnDisp
  -------         ENDDO         
  C:3E7DH         LINE#         677
  C:3E91H         LINE#         678
  C:3E91H         LINE#         679
  C:3E96H         LINE#         680
  C:3E98H         LINE#         681
  C:3EACH         LINE#         682
  C:3EACH         LINE#         683
  C:3EB5H         LINE#         684
  C:3EB5H         LINE#         685
  C:3EC0H         LINE#         687
  C:3EC0H         LINE#         688
  C:3EC6H         LINE#         689
  C:3EC6H         LINE#         690
  C:3EDDH         LINE#         691
  C:3EDDH         LINE#         692
  C:3EEAH         LINE#         693
  C:3EECH         LINE#         694
  C:3EECH         LINE#         695
  C:3F03H         LINE#         696
  C:3F09H         LINE#         697
  C:3F09H         LINE#         698
  C:3F09H         LINE#         699
  C:3F14H         LINE#         700
  C:3F14H         LINE#         701
  C:3F81H         LINE#         702
  C:3FB4H         LINE#         703
  C:3FBCH         LINE#         704
  C:3FC7H         LINE#         705
  C:3FC7H         LINE#         706
  C:3FD4H         LINE#         707
  C:3FDBH         LINE#         708
  C:3FDBH         LINE#         709
  C:3FDBH         LINE#         710
  C:3FF3H         LINE#         711
  C:3FFAH         LINE#         712
  C:3FFAH         LINE#         713
  C:3FFDH         LINE#         714
  C:3FFDH         LINE#         715
  C:4002H         LINE#         716
  C:4006H         LINE#         717
  C:4006H         LINE#         718
  C:401BH         LINE#         719
  C:401BH         LINE#         720
  C:4028H         LINE#         721
  C:402AH         LINE#         722
  C:402AH         LINE#         723
  C:4041H         LINE#         724
  C:4047H         LINE#         725
  C:4047H         LINE#         726
BL51 BANKED LINKER/LOCATER V6.22                                                      11/07/2018  16:09:27  PAGE 43


  C:4047H         LINE#         727
  C:404DH         LINE#         728
  C:404DH         LINE#         730
  C:407EH         LINE#         731
  C:4086H         LINE#         732
  C:4091H         LINE#         733
  C:4091H         LINE#         734
  C:409EH         LINE#         735
  C:40A5H         LINE#         736
  C:40A5H         LINE#         737
  C:40A5H         LINE#         738
  C:40BAH         LINE#         739
  C:40C4H         LINE#         740
  C:40C4H         LINE#         741
  C:40C7H         LINE#         742
  -------         ENDPROC       _GUI_SHOW_PTSTR
  -------         PROC          _GUI_SHOW_PTSTRWHITERIM
  X:0246H         SYMBOL        x
  X:0248H         SYMBOL        y
  X:024AH         SYMBOL        xend
  X:024CH         SYMBOL        yend
  X:024EH         SYMBOL        offset
  X:0250H         SYMBOL        color
  X:0252H         SYMBOL        rimcolor
  X:0254H         SYMBOL        size
  X:0255H         SYMBOL        str
  C:67F7H         LINE#         752
  C:680BH         LINE#         753
  C:680BH         LINE#         754
  C:6862H         LINE#         755
  -------         ENDPROC       _GUI_SHOW_PTSTRWHITERIM
  -------         PROC          _GUI_GET_STRINGLINE
  X:02F6H         SYMBOL        str
  X:02F9H         SYMBOL        linelenth
  X:02FBH         SYMBOL        font
  -------         DO            
  X:02FCH         SYMBOL        xpos
  X:02FEH         SYMBOL        lincnt
  -------         ENDDO         
  C:53EDH         LINE#         763
  C:5400H         LINE#         764
  C:5400H         LINE#         765
  C:5407H         LINE#         766
  C:540FH         LINE#         767
  C:5425H         LINE#         768
  C:5455H         LINE#         769
  C:5455H         LINE#         770
  C:5475H         LINE#         771
  C:5475H         LINE#         772
  C:5484H         LINE#         773
  C:548BH         LINE#         774
  C:54AAH         LINE#         775
  C:54B1H         LINE#         776
  C:54C7H         LINE#         777
  C:54C7H         LINE#         778
  C:54DAH         LINE#         779
  C:54E4H         LINE#         780
BL51 BANKED LINKER/LOCATER V6.22                                                      11/07/2018  16:09:27  PAGE 44


  C:54FCH         LINE#         781
  C:54FCH         LINE#         782
  C:54FCH         LINE#         783
  C:54FCH         LINE#         784
  C:54FCH         LINE#         785
  C:54FEH         LINE#         786
  C:54FEH         LINE#         787
  C:5513H         LINE#         788
  C:551DH         LINE#         789
  C:5535H         LINE#         790
  C:5535H         LINE#         791
  C:553AH         LINE#         792
  C:5557H         LINE#         793
  C:5557H         LINE#         794
  C:5557H         LINE#         795
  C:555AH         LINE#         796
  C:5568H         LINE#         797
  -------         ENDPROC       _GUI_GET_STRINGLINE
  -------         PROC          _GUI_SHOW_STRING
  X:01D1H         SYMBOL        str
  X:01D4H         SYMBOL        x
  X:01D6H         SYMBOL        y
  X:01D8H         SYMBOL        width
  X:01DAH         SYMBOL        height
  X:01DCH         SYMBOL        font
  X:01DDH         SYMBOL        fcolor
  -------         DO            
  X:01DFH         SYMBOL        xpos
  X:01E1H         SYMBOL        ypos
  X:01E3H         SYMBOL        endx
  X:01E5H         SYMBOL        endy
  -------         ENDDO         
  C:4311H         LINE#         804
  C:4322H         LINE#         805
  C:4322H         LINE#         806
  C:4332H         LINE#         807
  C:4342H         LINE#         808
  C:435CH         LINE#         809
  C:4376H         LINE#         810
  C:438EH         LINE#         811
  C:43A1H         LINE#         812
  C:43A1H         LINE#         813
  C:43B5H         LINE#         814
  C:43B5H         LINE#         815
  C:43C4H         LINE#         816
  C:43CBH         LINE#         817
  C:43DAH         LINE#         818
  C:43ECH         LINE#         819
  C:4400H         LINE#         820
  C:4400H         LINE#         821
  C:4428H         LINE#         822
  C:4428H         LINE#         823
  C:4437H         LINE#         824
  C:4443H         LINE#         825
  C:4443H         LINE#         827
  C:4455H         LINE#         828
  C:445CH         LINE#         830
BL51 BANKED LINKER/LOCATER V6.22                                                      11/07/2018  16:09:27  PAGE 45


  C:445FH         LINE#         831
  C:445FH         LINE#         832
  C:4489H         LINE#         833
  C:4489H         LINE#         834
  C:4498H         LINE#         835
  C:44A5H         LINE#         836
  C:44A5H         LINE#         837
  C:4504H         LINE#         838
  C:4518H         LINE#         839
  C:4522H         LINE#         840
  C:4522H         LINE#         841
  C:453BH         LINE#         843
  -------         ENDPROC       _GUI_SHOW_STRING
  -------         ENDMOD        GUI

  -------         MODULE        ?C?CLDPTR
  C:319FH         PUBLIC        ?C?CLDPTR
  -------         ENDMOD        ?C?CLDPTR

  -------         MODULE        ?C?CLDOPTR
  C:31B8H         PUBLIC        ?C?CLDOPTR
  -------         ENDMOD        ?C?CLDOPTR

  -------         MODULE        ?C?CSTPTR
  C:31E5H         PUBLIC        ?C?CSTPTR
  -------         ENDMOD        ?C?CSTPTR

  -------         MODULE        ?C?IMUL
  C:31F7H         PUBLIC        ?C?IMUL
  -------         ENDMOD        ?C?IMUL

  -------         MODULE        ?C?UIDIV
  C:3209H         PUBLIC        ?C?UIDIV
  -------         ENDMOD        ?C?UIDIV

  -------         MODULE        ?C?IILDX
  C:325EH         PUBLIC        ?C?IILDX
  -------         ENDMOD        ?C?IILDX

  -------         MODULE        ?C?ILDIX
  C:3274H         PUBLIC        ?C?ILDIX
  -------         ENDMOD        ?C?ILDIX

  -------         MODULE        ?C?ILDOPTR
  C:328AH         PUBLIC        ?C?ILDOPTR
  -------         ENDMOD        ?C?ILDOPTR

  -------         MODULE        ?C?ISTOPTR
  C:32C2H         PUBLIC        ?C?ISTOPTR
  -------         ENDMOD        ?C?ISTOPTR

  -------         MODULE        ?C?LMUL
  C:32EFH         PUBLIC        ?C?LMUL
  -------         ENDMOD        ?C?LMUL

  -------         MODULE        ?C?ULDIV
  C:337AH         PUBLIC        ?C?ULDIV
BL51 BANKED LINKER/LOCATER V6.22                                                      11/07/2018  16:09:27  PAGE 46


  -------         ENDMOD        ?C?ULDIV

  -------         MODULE        ?C?SLDIV
  C:7396H         PUBLIC        ?C?SLDIV
  -------         ENDMOD        ?C?SLDIV

  -------         MODULE        ?C?SLCMP
  C:340CH         PUBLIC        ?C?SLCMP
  -------         ENDMOD        ?C?SLCMP

  -------         MODULE        ?C?ULCMP
  C:3422H         PUBLIC        ?C?ULCMP
  -------         ENDMOD        ?C?ULCMP

  -------         MODULE        ?C?ULSHR
  C:3433H         PUBLIC        ?C?ULSHR
  -------         ENDMOD        ?C?ULSHR

  -------         MODULE        ?C?LSTXDATA
  C:3446H         PUBLIC        ?C?LSTXDATA
  -------         ENDMOD        ?C?LSTXDATA

  -------         MODULE        ?C?LSTKXDATA
  C:3452H         PUBLIC        ?C?LSTKXDATA
  -------         ENDMOD        ?C?LSTKXDATA

  -------         MODULE        ?C?LIMUL
  C:3483H         PUBLIC        ?C?LIMUL
  -------         ENDMOD        ?C?LIMUL

  -------         MODULE        PRINTF
  X:0034H         PUBLIC        ?_PRINTF517?BYTE
  X:0034H         PUBLIC        ?_PRINTF?BYTE
  X:0034H         PUBLIC        ?_SPRINTF517?BYTE
  X:0034H         PUBLIC        ?_SPRINTF?BYTE
  C:2EA5H         PUBLIC        _PRINTF
  C:2EA5H         PUBLIC        _PRINTF517
  C:2E9FH         PUBLIC        _SPRINTF
  C:2E9FH         PUBLIC        _SPRINTF517
  -------         ENDMOD        PRINTF

  -------         MODULE        STRLEN
  C:762FH         PUBLIC        _STRLEN
  -------         ENDMOD        STRLEN

  -------         MODULE        ?C?PLDIXDATA
  C:34B0H         PUBLIC        ?C?PLDIXDATA
  -------         ENDMOD        ?C?PLDIXDATA

  -------         MODULE        ?C?PSTXDATA
  C:34C7H         PUBLIC        ?C?PSTXDATA
  -------         ENDMOD        ?C?PSTXDATA

  -------         MODULE        ?C?CCASE
  C:34D0H         PUBLIC        ?C?CCASE
  -------         ENDMOD        ?C?CCASE

BL51 BANKED LINKER/LOCATER V6.22                                                      11/07/2018  16:09:27  PAGE 47


  -------         MODULE        PUTCHAR
  C:7580H         PUBLIC        _PUTCHAR
  -------         ENDMOD        PUTCHAR

*** WARNING L16: UNCALLED SEGMENT, IGNORED FOR OVERLAY PROCESS
    SEGMENT: ?PR?_UART_CMD?UART

*** WARNING L16: UNCALLED SEGMENT, IGNORED FOR OVERLAY PROCESS
    SEGMENT: ?PR?_UART_SENDSTRING?UART

*** WARNING L16: UNCALLED SEGMENT, IGNORED FOR OVERLAY PROCESS
    SEGMENT: ?PR?_LCD_COLOR_FILL?TFTLCD

*** WARNING L16: UNCALLED SEGMENT, IGNORED FOR OVERLAY PROCESS
    SEGMENT: ?PR?_LCD_DRAWBIGPOINT?TFTLCD

*** WARNING L16: UNCALLED SEGMENT, IGNORED FOR OVERLAY PROCESS
    SEGMENT: ?PR?_LCD_DRAWLINE_COLOR?TFTLCD

*** WARNING L16: UNCALLED SEGMENT, IGNORED FOR OVERLAY PROCESS
    SEGMENT: ?PR?_LCD_DROWSIGN?TFTLCD

*** WARNING L16: UNCALLED SEGMENT, IGNORED FOR OVERLAY PROCESS
    SEGMENT: ?PR?_LCD_DRAWRECTANGLE?TFTLCD

*** WARNING L16: UNCALLED SEGMENT, IGNORED FOR OVERLAY PROCESS
    SEGMENT: ?PR?_LCD_DRAW_CIRCLE?TFTLCD

*** WARNING L16: UNCALLED SEGMENT, IGNORED FOR OVERLAY PROCESS
    SEGMENT: ?PR?_LCD_SHOWNUM?TFTLCD

*** WARNING L16: UNCALLED SEGMENT, IGNORED FOR OVERLAY PROCESS
    SEGMENT: ?PR?_LCD_SHOWXNUM?TFTLCD

*** WARNING L16: UNCALLED SEGMENT, IGNORED FOR OVERLAY PROCESS
    SEGMENT: ?PR?_LCD_SHOWFONTHZ?TFTLCD

*** WARNING L16: UNCALLED SEGMENT, IGNORED FOR OVERLAY PROCESS
    SEGMENT: ?PR?_LCD_SHOWPICTURE?TFTLCD

*** WARNING L16: UNCALLED SEGMENT, IGNORED FOR OVERLAY PROCESS
    SEGMENT: ?PR?TOUCH_SCAN?TOUCH

*** WARNING L16: UNCALLED SEGMENT, IGNORED FOR OVERLAY PROCESS
    SEGMENT: ?PR?_GUI_COLOR_CHG?GUI

*** WARNING L16: UNCALLED SEGMENT, IGNORED FOR OVERLAY PROCESS
    SEGMENT: ?PR?_GUI_RGB332TORGB565?GUI

*** WARNING L16: UNCALLED SEGMENT, IGNORED FOR OVERLAY PROCESS
    SEGMENT: ?PR?_GUI_DISABS?GUI

*** WARNING L16: UNCALLED SEGMENT, IGNORED FOR OVERLAY PROCESS
    SEGMENT: ?PR?_GUI_DRAW_POINT?GUI

*** WARNING L16: UNCALLED SEGMENT, IGNORED FOR OVERLAY PROCESS
    SEGMENT: ?PR?_GUI_ALPHABLEND_AREA?GUI
BL51 BANKED LINKER/LOCATER V6.22                                                      11/07/2018  16:09:27  PAGE 48



*** WARNING L16: UNCALLED SEGMENT, IGNORED FOR OVERLAY PROCESS
    SEGMENT: ?PR?_GUI_DRAW_BLINE?GUI

*** WARNING L16: UNCALLED SEGMENT, IGNORED FOR OVERLAY PROCESS
    SEGMENT: ?PR?_GUI_DRAW_BLINE1?GUI

*** WARNING L16: UNCALLED SEGMENT, IGNORED FOR OVERLAY PROCESS
    SEGMENT: ?PR?_GUI_FILL_COLORBLOCK?GUI

*** WARNING L16: UNCALLED SEGMENT, IGNORED FOR OVERLAY PROCESS
    SEGMENT: ?PR?_GUI_DRAW_SMOOTH_RECTANGLE?GUI

*** WARNING L16: UNCALLED SEGMENT, IGNORED FOR OVERLAY PROCESS
    SEGMENT: ?PR?_GUI_DRAW_RECTANGLE?GUI

*** WARNING L16: UNCALLED SEGMENT, IGNORED FOR OVERLAY PROCESS
    SEGMENT: ?PR?_GUI_DRAW_ARCRECTANGLE?GUI

*** WARNING L16: UNCALLED SEGMENT, IGNORED FOR OVERLAY PROCESS
    SEGMENT: ?PR?_GUI_DRAW_ELLIPSE?GUI

*** WARNING L16: UNCALLED SEGMENT, IGNORED FOR OVERLAY PROCESS
    SEGMENT: ?PR?_GUI_FILL_ELLIPSE?GUI

*** WARNING L16: UNCALLED SEGMENT, IGNORED FOR OVERLAY PROCESS
    SEGMENT: ?PR?_GUI_SHOW_STRMID?GUI

*** WARNING L16: UNCALLED SEGMENT, IGNORED FOR OVERLAY PROCESS
    SEGMENT: ?PR?_GUI_SHOW_NUM?GUI

*** WARNING L16: UNCALLED SEGMENT, IGNORED FOR OVERLAY PROCESS
    SEGMENT: ?PR?_GUI_NUM2STR?GUI

*** WARNING L16: UNCALLED SEGMENT, IGNORED FOR OVERLAY PROCESS
    SEGMENT: ?PR?_GUI_SHOW_PTSTRWHITERIM?GUI

*** WARNING L16: UNCALLED SEGMENT, IGNORED FOR OVERLAY PROCESS
    SEGMENT: ?PR?_GUI_GET_STRINGLINE?GUI

*** WARNING L16: UNCALLED SEGMENT, IGNORED FOR OVERLAY PROCESS
    SEGMENT: ?PR?_GUI_SHOW_STRING?GUI

Program Size: data=15.1 xdata=926 code=30364
LINK/LOCATE RUN COMPLETE.  32 WARNING(S),  0 ERROR(S)
