<html>
<body>
<pre>
<h1>礦ision Build Log</h1>
<h2>Project:</h2>
C:\Users\Administrator\Desktop\Disk for STM32-4\3 实验教程及配套源码\21 TFT2.8\21.1 TFT2.8 Show(绿屏)\User\Project\Demo.uvproj
Project File Date:  01/07/2016

<h2>Output:</h2>
Rebuild target 'Demo'
compiling main.c...
..\src\main.c(84): warning:  #192-D: unrecognized character escape sequence
compiling stm32f10x_it.c...
assembling startup_stm32f10x_hd.s...
compiling core_cm3.c...
compiling system_stm32f10x.c...
compiling stm32f10x_gpio.c...
compiling stm32f10x_rcc.c...
compiling TFT28.C...
linking...
Program Size: Code=5502 RO-data=2486 RW-data=56 ZI-data=1024  
FromELF: creating hex file...
".\obj\Demo.axf" - 0 Error(s), 1 Warning(s).
Load "C:\\Users\\Administrator\\Desktop\\Disk for STM32-4\\3 实验教程及配套源码\\21 TFT2.8\\21.1 TFT2.8 Show(绿屏)\\User\\Project\\obj\\Demo.AXF" 
Full Chip Erase Done.
Programming Done.
Verify OK.
Application running ...
Rebuild target 'Demo'
compiling main.c...
..\src\main.c(84): warning:  #192-D: unrecognized character escape sequence
compiling stm32f10x_it.c...
assembling startup_stm32f10x_hd.s...
compiling core_cm3.c...
compiling system_stm32f10x.c...
compiling stm32f10x_gpio.c...
compiling stm32f10x_rcc.c...
compiling TFT28.C...
linking...
Program Size: Code=5502 RO-data=2486 RW-data=56 ZI-data=1024  
FromELF: creating hex file...
".\obj\Demo.axf" - 0 Error(s), 1 Warning(s).
Load "C:\\Users\\Administrator\\Desktop\\Disk for STM32-4\\3 实验教程及配套源码\\21 TFT2.8\\21.1 TFT2.8 Show(绿屏)\\User\\Project\\obj\\Demo.AXF" 
Full Chip Erase Done.
Programming Done.
Verify OK.
Application running ...
