BL51 BANKED LINKER/LOCATER V6.22                                                        11/12/2018  16:05:53  PAGE 1


BL51 BANKED LINKER/LOCATER V6.22, INVOKED BY:
J:\MDK4\C51\BIN\BL51.EXE .\Output\main.obj, .\Output\public.obj, .\Output\uart.obj, .\Output\tftlcd.obj, .\Output\touch.
>> obj, .\Output\time.obj, .\Output\gui.obj TO .\Output\template PRINT (.\template.m51) RAMSIZE (256)


MEMORY MODEL: LARGE WITH FLOATING POINT ARITHMETIC


INPUT MODULES INCLUDED:
  .\Output\main.obj (MAIN)
  .\Output\public.obj (PUBLIC)
  .\Output\uart.obj (UART)
  .\Output\tftlcd.obj (TFTLCD)
  .\Output\touch.obj (TOUCH)
  .\Output\time.obj (TIME)
  .\Output\gui.obj (GUI)
  J:\MDK4\C51\LIB\C51FPL.LIB (?C?FPADD)
  J:\MDK4\C51\LIB\C51FPL.LIB (?C?FPMUL)
  J:\MDK4\C51\LIB\C51FPL.LIB (?C?FPDIV)
  J:\MDK4\C51\LIB\C51FPL.LIB (?C?FCAST)
  J:\MDK4\C51\LIB\C51FPL.LIB (?C?CASTF)
  J:\MDK4\C51\LIB\C51FPL.LIB (PRINTF)
  J:\MDK4\C51\LIB\C51FPL.LIB (SIN)
  J:\MDK4\C51\LIB\C51FPL.LIB (?C?FPGETOPN)
  J:\MDK4\C51\LIB\C51FPL.LIB (?C?FPROUND)
  J:\MDK4\C51\LIB\C51FPL.LIB (?C?FPCONVERT)
  J:\MDK4\C51\LIB\C51FPL.LIB (?C?FPSERIES)
  J:\MDK4\C51\LIB\C51FPL.LIB (?C?FTNPWR)
  J:\MDK4\C51\LIB\C51L.LIB (?C_STARTUP)
  J:\MDK4\C51\LIB\C51L.LIB (?C?CLDPTR)
  J:\MDK4\C51\LIB\C51L.LIB (?C?CLDOPTR)
  J:\MDK4\C51\LIB\C51L.LIB (?C?CSTPTR)
  J:\MDK4\C51\LIB\C51L.LIB (?C?CSTOPTR)
  J:\MDK4\C51\LIB\C51L.LIB (?C?IMUL)
  J:\MDK4\C51\LIB\C51L.LIB (?C?UIDIV)
  J:\MDK4\C51\LIB\C51L.LIB (?C?SIDIV)
  J:\MDK4\C51\LIB\C51L.LIB (?C?IILDX)
  J:\MDK4\C51\LIB\C51L.LIB (?C?ILDIX)
  J:\MDK4\C51\LIB\C51L.LIB (?C?ILDOPTR)
  J:\MDK4\C51\LIB\C51L.LIB (?C?ISTOPTR)
  J:\MDK4\C51\LIB\C51L.LIB (?C?LMUL)
  J:\MDK4\C51\LIB\C51L.LIB (?C?ULDIV)
  J:\MDK4\C51\LIB\C51L.LIB (?C?SLDIV)
  J:\MDK4\C51\LIB\C51L.LIB (?C?LNEG)
  J:\MDK4\C51\LIB\C51L.LIB (?C?SLCMP)
  J:\MDK4\C51\LIB\C51L.LIB (?C?ULCMP)
  J:\MDK4\C51\LIB\C51L.LIB (?C?ULSHR)
  J:\MDK4\C51\LIB\C51L.LIB (?C?LLDCODE)
  J:\MDK4\C51\LIB\C51L.LIB (?C?LLDXDATA0)
  J:\MDK4\C51\LIB\C51L.LIB (?C?LLDCODE0)
  J:\MDK4\C51\LIB\C51L.LIB (?C?LSTXDATA)
  J:\MDK4\C51\LIB\C51L.LIB (?C?LSTKXDATA)
  J:\MDK4\C51\LIB\C51L.LIB (?C?PLDIXDATA)
  J:\MDK4\C51\LIB\C51L.LIB (?C?PSTXDATA)
  J:\MDK4\C51\LIB\C51L.LIB (?C?CCASE)
  J:\MDK4\C51\LIB\C51L.LIB (?C?LIMUL)
  J:\MDK4\C51\LIB\C51L.LIB (PUTCHAR)
  J:\MDK4\C51\LIB\C51L.LIB (STRLEN)
BL51 BANKED LINKER/LOCATER V6.22                                                      11/12/2018  16:05:53  PAGE 2


  J:\MDK4\C51\LIB\C51L.LIB (?C_INIT)


LINK MAP OF MODULE:  .\Output\template (MAIN)


            TYPE    BASE      LENGTH    RELOCATION   SEGMENT NAME
            -----------------------------------------------------

            * * * * * * *   D A T A   M E M O R Y   * * * * * * *
            REG     0000H     0008H     ABSOLUTE     "REG BANK 0"
            DATA    0008H     0005H     UNIT         _DATA_GROUP_
                    000DH     0013H                  *** GAP ***
            BIT     0020H.0   0001H.1   UNIT         _BIT_GROUP_
                    0021H.1   0000H.7                *** GAP ***
            IDATA   0022H     0001H     UNIT         ?STACK

            * * * * * * *  X D A T A   M E M O R Y  * * * * * * *
            XDATA   0000H     004EH     UNIT         _XDATA_GROUP_
            XDATA   004EH     0034H     UNIT         ?XD?UART
            XDATA   0082H     0024H     UNIT         ?XD?_GUI_DRAW_ELLIPSE?GUI
            XDATA   00A6H     0022H     UNIT         ?XD?_GUI_FILL_ELLIPSE?GUI
            XDATA   00C8H     001FH     UNIT         ?XD?_GUI_DRAW_BLINE?GUI
            XDATA   00E7H     001EH     UNIT         ?XD?_LCD_DRAWLINE_COLOR?TFTLCD
            XDATA   0105H     001EH     UNIT         ?XD?_GUI_DRAW_LINE?GUI
            XDATA   0123H     001EH     UNIT         ?XD?_GUI_SMOOTH_COLOR?GUI
            XDATA   0141H     001CH     UNIT         ?XD?_LCD_DRAWLINE?TFTLCD
            XDATA   015DH     001AH     UNIT         ?XD?_TOUCH_XPT_READDATA?TOUCH
            XDATA   0177H     0019H     UNIT         ?XD?_GUI_DRAW_ARC?GUI
            XDATA   0190H     0019H     UNIT         ?XD?_GUI_SHOW_PTCHAR?GUI
            XDATA   01A9H     0017H     UNIT         ?XD?_GUI_DRAW_SMOOTH_RECTANGLE?GUI
            XDATA   01C0H     0017H     UNIT         ?XD?_GUI_SHOW_STRINGEX?GUI
            XDATA   01D7H     0016H     UNIT         ?XD?_GUI_SHOW_STRING?GUI
            XDATA   01EDH     0015H     UNIT         ?XD?_LCD_SHOWPICTURE?TFTLCD
            XDATA   0202H     0013H     UNIT         ?XD?_CALENDAR_CIRCLE_CLOCK_SHOWNUM?MAIN
            XDATA   0215H     0013H     UNIT         ?XD?_LCD_COLOR_FILL?TFTLCD
            XDATA   0228H     0013H     UNIT         ?XD?_GUI_SHOW_STRMIDEX?GUI
            XDATA   023BH     0013H     UNIT         ?XD?_GUI_SHOW_PTSTR?GUI
            XDATA   024EH     0012H     UNIT         ?XD?_GUI_DRAW_CIRCLE8?GUI
            XDATA   0260H     0012H     UNIT         ?XD?_GUI_SHOW_STRMID?GUI
            XDATA   0272H     0012H     UNIT         ?XD?_GUI_SHOW_PTSTRWHITERIM?GUI
            XDATA   0284H     0011H     UNIT         ?XD?_GUI_ALPHABLEND_AREA?GUI
            XDATA   0295H     0010H     UNIT         ?XD?_GUI_DRAW_ARCRECTANGLE?GUI
            XDATA   02A5H     0010H     UNIT         ?XD?_GUI_DRAW_EXPOINT?GUI
            XDATA   02B5H     0010H     UNIT         ?XD?_GUI_SHOW_NUM?GUI
            XDATA   02C5H     000FH     UNIT         ?XD?MAIN
            XDATA   02D4H     000EH     UNIT         ?XD?_GUI_DRAW_BIGPOINT?GUI
            XDATA   02E2H     000EH     UNIT         ?XD?_GUI_FILL_COLORBLOCK?GUI
            XDATA   02F0H     000DH     UNIT         ?XD?_LCD_SHOWNUM?TFTLCD
            XDATA   02FDH     000DH     UNIT         ?XD?TOUCH
            XDATA   030AH     000DH     UNIT         ?XD?_GUI_ALPHA_BLEND565?GUI
            XDATA   0317H     000DH     UNIT         ?XD?_GUI_NUM2STREX?GUI
            XDATA   0324H     000CH     UNIT         ?XD?_GUI_GET_STRINGLINE?GUI
            XDATA   0330H     000BH     UNIT         ?XD?TFTLCD
            XDATA   033BH     000AH     UNIT         ?XD?_LCD_SHOWFONTHZ?TFTLCD
            XDATA   0345H     000AH     UNIT         ?XD?TOUCH_XPT_READXY?TOUCH
            XDATA   034FH     000AH     UNIT         ?XD?_GUI_DRAW_RECTANGLE?GUI
BL51 BANKED LINKER/LOCATER V6.22                                                      11/12/2018  16:05:53  PAGE 3


            XDATA   0359H     000AH     UNIT         ?XD?_GUI_FILL_RECTANGLE?GUI
            XDATA   0363H     0009H     UNIT         ?XD?_GUI_NUM2STR?GUI
            XDATA   036CH     0008H     UNIT         ?XD?_LCD_READPOINT?TFTLCD
            XDATA   0374H     0008H     UNIT         ?XD?_LCD_DRAWRECTANGLE?TFTLCD
            XDATA   037CH     0008H     UNIT         ?XD?_GUI_COLOR_CHG?GUI
            XDATA   0384H     0008H     UNIT         ?XD?_GUI_DISABS?GUI
            XDATA   038CH     0008H     UNIT         ?XD?_GUI_DRAW_VLINE?GUI
            XDATA   0394H     0006H     UNIT         ?XD?_LCD_DRAWBIGPOINT?TFTLCD
            XDATA   039AH     0006H     UNIT         ?XD?_LCD_DROWSIGN?TFTLCD
            XDATA   03A0H     0006H     UNIT         ?XD?_GUI_POW?GUI
            XDATA   03A6H     0005H     UNIT         ?XD?TOUCH_SCAN?TOUCH
            XDATA   03ABH     0005H     UNIT         ?XD?TIME
            XDATA   03B0H     0004H     UNIT         ?XD?_GUI_DRAW_POINT?GUI
            XDATA   03B4H     0003H     UNIT         ?XD?_UART_SENDSTRING?UART
            XDATA   03B7H     0002H     UNIT         ?XD?TOUCH_SPI_READ?TOUCH

            * * * * * * *   C O D E   M E M O R Y   * * * * * * *
            CODE    0000H     0003H     ABSOLUTE     
            CODE    0003H     0006H     UNIT         ?PR?_UART_CMD?UART
                    0009H     0002H                  *** GAP ***
            CODE    000BH     0003H     ABSOLUTE     
            CODE    000EH     0015H     UNIT         ?PR?_STRLEN?STRLEN
            CODE    0023H     0003H     ABSOLUTE     
            CODE    0026H     1BF3H     UNIT         ?CO?TFTLCD
            CODE    1C19H     0EB0H     UNIT         ?PR?_CALENDAR_CIRCLE_CLOCK_SHOWTIME?MAIN
            CODE    2AC9H     0945H     UNIT         ?C?LIB_CODE
            CODE    340EH     0920H     UNIT         ?PR?_CALENDAR_CIRCLE_CLOCK_DRAWPANEL?MAIN
            CODE    3D2EH     06B3H     UNIT         ?PR?_GUI_DRAW_ARCRECTANGLE?GUI
            CODE    43E1H     0483H     UNIT         ?PR?PRINTF?PRINTF
            CODE    4864H     0404H     UNIT         ?PR?_GUI_DRAW_ELLIPSE?GUI
            CODE    4C68H     03CAH     UNIT         ?PR?_GUI_DRAW_BLINE1?GUI
            CODE    5032H     03A0H     UNIT         ?PR?_GUI_FILL_CIRCLE?GUI
            CODE    53D2H     0271H     UNIT         ?PR?_GUI_DRAW_CIRCLE8?GUI
            CODE    5643H     026CH     UNIT         ?PR?_GUI_DRAW_BLINE?GUI
            CODE    58AFH     025CH     UNIT         ?PR?_GUI_FILL_ELLIPSE?GUI
            CODE    5B0BH     0253H     UNIT         ?PR?_GUI_SHOW_PTCHAR?GUI
            CODE    5D5EH     0249H     UNIT         ?PR?TFTLCD_INIT?TFTLCD
            CODE    5FA7H     0246H     UNIT         ?PR?_GUI_SHOW_PTSTR?GUI
            CODE    61EDH     0226H     UNIT         ?PR?_GUI_SHOW_STRING?GUI
            CODE    6413H     021CH     UNIT         ?PR?_GUI_SHOW_STRINGEX?GUI
            CODE    662FH     01F3H     UNIT         ?PR?_GUI_DRAW_LINE?GUI
            CODE    6822H     01EFH     UNIT         ?PR?_LCD_DRAWLINE?TFTLCD
            CODE    6A11H     01EDH     UNIT         ?PR?_LCD_DRAWLINE_COLOR?TFTLCD
            CODE    6BFEH     01E9H     UNIT         ?PR?_GUI_SMOOTH_COLOR?GUI
            CODE    6DE7H     01E0H     UNIT         ?PR?_CALENDAR_CIRCLE_CLOCK_SHOWNUM?MAIN
            CODE    6FC7H     01D8H     UNIT         ?PR?_LCD_DRAW_CIRCLE?TFTLCD
            CODE    719FH     01D7H     UNIT         ?PR?_GUI_DRAW_ARC?GUI
            CODE    7376H     01C3H     UNIT         ?PR?_GUI_SHOW_NUM?GUI
            CODE    7539H     0188H     UNIT         ?PR?SIN?SIN
            CODE    76C1H     0187H     UNIT         ?PR?_TOUCH_XPT_READDATA?TOUCH
            CODE    7848H     017CH     UNIT         ?PR?_GUI_GET_STRINGLINE?GUI
            CODE    79C4H     0178H     UNIT         ?PR?_LCD_SHOWCHAR?TFTLCD
            CODE    7B3CH     014CH     UNIT         ?PR?_GUI_SHOW_STRMIDEX?GUI
            CODE    7C88H     0148H     UNIT         ?PR?_GUI_SHOW_STRMID?GUI
            CODE    7DD0H     0147H     UNIT         ?PR?_GUI_FILL_COLORBLOCK?GUI
            CODE    7F17H     0140H     UNIT         ?PR?TOUCH_SCAN?TOUCH
            CODE    8057H     012DH     UNIT         ?PR?_LCD_SHOWPICTURE?TFTLCD
BL51 BANKED LINKER/LOCATER V6.22                                                      11/12/2018  16:05:53  PAGE 4


            CODE    8184H     012BH     UNIT         ?PR?_LCD_SHOWFONTHZ?TFTLCD
            CODE    82AFH     0129H     UNIT         ?PR?_LCD_SHOWXNUM?TFTLCD
            CODE    83D8H     0114H     UNIT         ?PR?TOUCH_XPT_READXY?TOUCH
            CODE    84ECH     010CH     UNIT         ?PR?_GUI_DRAW_SMOOTH_RECTANGLE?GUI
            CODE    85F8H     00F8H     UNIT         ?PR?_LCD_COLOR_FILL?TFTLCD
            CODE    86F0H     00F7H     UNIT         ?PR?_GUI_ALPHABLEND_AREA?GUI
            CODE    87E7H     00F4H     UNIT         ?PR?_GUI_DRAW_BIGPOINT?GUI
            CODE    88DBH     00EDH     UNIT         ?PR?_GUI_ALPHA_BLEND565?GUI
            CODE    89C8H     00E5H     UNIT         ?PR?_LCD_SHOWSTRING?TFTLCD
            CODE    8AADH     00DCH     UNIT         ?PR?_LCD_SHOWNUM?TFTLCD
            CODE    8B89H     00D8H     UNIT         ?PR?_LCD_DROWSIGN?TFTLCD
            CODE    8C61H     00D2H     UNIT         ?PR?_GUI_SHOW_PTSTRWHITERIM?GUI
            CODE    8D33H     00D0H     UNIT         ?PR?_LCD_FILL?TFTLCD
            CODE    8E03H     00CFH     UNIT         ?PR?_LCD_READPOINT?TFTLCD
            CODE    8ED2H     00C8H     UNIT         ?PR?_GUI_DRAW_RECTANGLE?GUI
            CODE    8F9AH     00C7H     UNIT         ?PR?_GUI_NUM2STREX?GUI
            CODE    9061H     00C1H     UNIT         ?PR?_GUI_DRAW_EXPOINT?GUI
            CODE    9122H     00AAH     UNIT         ?PR?_LCD_DRAWRECTANGLE?TFTLCD
            CODE    91CCH     00AAH     UNIT         ?PR?_GUI_NUM2STR?GUI
            CODE    9276H     0096H     UNIT         ?PR?_GUI_DRAW_VLINE?GUI
            CODE    930CH     0091H     UNIT         ?PR?_LCD_SET_WINDOW?TFTLCD
            CODE    939DH     008FH     UNIT         ?PR?MULTIFUNCTION_DIGITAL_CLOCK_TEST?MAIN
            CODE    942CH     008CH     UNIT         ?C_C51STARTUP
            CODE    94B8H     008AH     UNIT         ?PR?_GUI_FILL_RECTANGLE?GUI
            CODE    9542H     0087H     UNIT         ?PR?UART_IRQN?UART
            CODE    95C9H     0081H     UNIT         ?PR?_LCD_CLEAR?TFTLCD
            CODE    964AH     0080H     UNIT         ?PR?_GUI_COLOR_CHG?GUI
            CODE    96CAH     007BH     UNIT         ?PR?_GUI_DRAW_HLINE?GUI
            CODE    9745H     0073H     UNIT         ?PR?_LCD_DRAWBIGPOINT?TFTLCD
            CODE    97B8H     006BH     UNIT         ?PR?_GUI_DISABS?GUI
            CODE    9823H     0052H     UNIT         ?PR?_LCD_DISPLAY_DIR?TFTLCD
            CODE    9875H     0050H     UNIT         ?PR?_LCD_POW?TFTLCD
            CODE    98C5H     004EH     UNIT         ?PR?TIMER0?TIME
            CODE    9913H     0049H     UNIT         ?PR?_GUI_POW?GUI
            CODE    995CH     0048H     UNIT         ?PR?_LCD_DRAWFRONT_COLOR?TFTLCD
            CODE    99A4H     0044H     UNIT         ?C?LDIV
            CODE    99E8H     0040H     UNIT         ?PR?_LCD_DRAWPOINT?TFTLCD
            CODE    9A28H     003CH     UNIT         ?PR?_GUI_RGB332TORGB565?GUI
            CODE    9A64H     003CH     UNIT         ?PR?_GUI_DRAW_POINT?GUI
            CODE    9AA0H     003BH     UNIT         ?C_INITSEG
            CODE    9ADBH     003BH     UNIT         ?PR?TOUCH_SPI_READ?TOUCH
            CODE    9B16H     0033H     UNIT         ?PR?_UART_SENDSTRING?UART
            CODE    9B49H     002EH     UNIT         ?PR?_LCD_WRITEDATA?TFTLCD
            CODE    9B77H     0029H     UNIT         ?PR?_LCD_WRITECMD?TFTLCD
            CODE    9BA0H     0029H     UNIT         ?PR?_LCD_WRITEDATA_COLOR?TFTLCD
            CODE    9BC9H     0027H     UNIT         ?PR?PUTCHAR?PUTCHAR
            CODE    9BF0H     001FH     UNIT         ?PR?_DELAY?TFTLCD
            CODE    9C0FH     001FH     UNIT         ?PR?LCD_READDATA?TFTLCD
            CODE    9C2EH     001EH     UNIT         ?PR?_DELAY_MS?PUBLIC
            CODE    9C4CH     001DH     UNIT         ?PR?_TOUCH_SPI_WRITE?TOUCH
            CODE    9C69H     0016H     UNIT         ?PR?UART_INIT?UART
            CODE    9C7FH     0014H     UNIT         ?PR?_LCD_WRITECMDDATA?TFTLCD
            CODE    9C93H     0013H     UNIT         ?CO?MAIN
            CODE    9CA6H     0010H     UNIT         ?PR?TIMER0INIT?TIME
            CODE    9CB6H     000EH     UNIT         ?PR?_DELAY_US?PUBLIC
            CODE    9CC4H     000EH     UNIT         ?PR?_UART_SENDDATA?UART
            CODE    9CD2H     000BH     UNIT         ?PR?MAIN?MAIN
BL51 BANKED LINKER/LOCATER V6.22                                                      11/12/2018  16:05:53  PAGE 5


            CODE    9CDDH     000BH     UNIT         ?PR?_DELAY_10US?PUBLIC
            CODE    9CE8H     000BH     UNIT         ?PR?TOUCH_SPI_START?TOUCH



OVERLAY MAP OF MODULE:   .\Output\template (MAIN)


SEGMENT                                             BIT_GROUP          DATA_GROUP          XDATA_GROUP
  +--> CALLED SEGMENT                            START    LENGTH     START    LENGTH     START    LENGTH
--------------------------------------------------------------------------------------------------------
?C_C51STARTUP                                    -----    -----      -----    -----      -----    -----
  +--> ?PR?MAIN?MAIN
  +--> ?C_INITSEG

?PR?MAIN?MAIN                                    -----    -----      -----    -----      -----    -----
  +--> ?PR?UART_INIT?UART
  +--> ?PR?TFTLCD_INIT?TFTLCD
  +--> ?PR?MULTIFUNCTION_DIGITAL_CLOCK_TEST?...

?PR?TFTLCD_INIT?TFTLCD                           -----    -----      -----    -----      -----    -----
  +--> ?PR?_DELAY_MS?PUBLIC
  +--> ?PR?_LCD_WRITECMD?TFTLCD
  +--> ?PR?LCD_READDATA?TFTLCD
  +--> ?CO?TFTLCD
  +--> ?PR?PRINTF?PRINTF
  +--> ?PR?_LCD_WRITEDATA?TFTLCD
  +--> ?PR?_DELAY_10US?PUBLIC
  +--> ?PR?_DELAY?TFTLCD
  +--> ?PR?_LCD_DISPLAY_DIR?TFTLCD
  +--> ?PR?_LCD_CLEAR?TFTLCD

?PR?PRINTF?PRINTF                                0020H.0  0001H.1    0008H    0005H      0000H    0030H
  +--> ?PR?PUTCHAR?PUTCHAR

?PR?_LCD_WRITEDATA?TFTLCD                        -----    -----      -----    -----      -----    -----
  +--> ?PR?_LCD_WRITECMD?TFTLCD

?PR?_LCD_DISPLAY_DIR?TFTLCD                      -----    -----      -----    -----      -----    -----
  +--> ?PR?_LCD_WRITECMDDATA?TFTLCD

?PR?_LCD_WRITECMDDATA?TFTLCD                     -----    -----      -----    -----      -----    -----
  +--> ?PR?_LCD_WRITECMD?TFTLCD
  +--> ?PR?_LCD_WRITEDATA?TFTLCD

?PR?_LCD_CLEAR?TFTLCD                            -----    -----      -----    -----      0000H    0004H
  +--> ?PR?_LCD_SET_WINDOW?TFTLCD
  +--> ?PR?_LCD_WRITEDATA_COLOR?TFTLCD

?PR?_LCD_SET_WINDOW?TFTLCD                       -----    -----      -----    -----      0046H    0008H
  +--> ?PR?_LCD_WRITEDATA?TFTLCD
  +--> ?PR?_LCD_WRITECMD?TFTLCD

?PR?MULTIFUNCTION_DIGITAL_CLOCK_TEST?...         -----    -----      -----    -----      -----    -----
  +--> ?CO?MAIN
  +--> ?PR?_LCD_SHOWSTRING?TFTLCD
  +--> ?PR?_CALENDAR_CIRCLE_CLOCK_DRAWPANEL?...
BL51 BANKED LINKER/LOCATER V6.22                                                      11/12/2018  16:05:53  PAGE 6


  +--> ?PR?TIMER0INIT?TIME
  +--> ?PR?_CALENDAR_CIRCLE_CLOCK_SHOWTIME?MAIN

?PR?_LCD_SHOWSTRING?TFTLCD                       -----    -----      -----    -----      0000H    000DH
  +--> ?PR?_LCD_SHOWCHAR?TFTLCD

?PR?_LCD_SHOWCHAR?TFTLCD                         -----    -----      -----    -----      0028H    000CH
  +--> ?CO?TFTLCD
  +--> ?PR?_LCD_DRAWFRONT_COLOR?TFTLCD

?PR?_LCD_DRAWFRONT_COLOR?TFTLCD                  -----    -----      -----    -----      003DH    0006H
  +--> ?PR?_LCD_SET_WINDOW?TFTLCD
  +--> ?PR?_LCD_WRITEDATA_COLOR?TFTLCD

?PR?_CALENDAR_CIRCLE_CLOCK_DRAWPANEL?...         -----    -----      -----    -----      0000H    001AH
  +--> ?PR?_LCD_DRAW_CIRCLE?TFTLCD
  +--> ?PR?SIN?SIN
  +--> ?PR?_GUI_DRAW_BLINE1?GUI
  +--> ?PR?_LCD_SHOWXNUM?TFTLCD
  +--> ?PR?_GUI_FILL_CIRCLE?GUI

?PR?_LCD_DRAW_CIRCLE?TFTLCD                      -----    -----      -----    -----      001AH    000AH
  +--> ?PR?_LCD_DRAWPOINT?TFTLCD

?PR?_LCD_DRAWPOINT?TFTLCD                        -----    -----      -----    -----      -----    -----
  +--> ?PR?_LCD_SET_WINDOW?TFTLCD
  +--> ?PR?_LCD_WRITEDATA_COLOR?TFTLCD

?PR?SIN?SIN                                      0020H.0  0000H.1    -----    -----      001EH    0004H

?PR?_GUI_DRAW_BLINE1?GUI                         -----    -----      -----    -----      001EH    001FH
  +--> ?PR?_LCD_DRAWFRONT_COLOR?TFTLCD

?PR?_LCD_SHOWXNUM?TFTLCD                         -----    -----      -----    -----      001AH    000EH
  +--> ?PR?_LCD_POW?TFTLCD
  +--> ?PR?_LCD_SHOWCHAR?TFTLCD

?PR?_LCD_POW?TFTLCD                              -----    -----      -----    -----      0028H    0006H

?PR?_GUI_FILL_CIRCLE?GUI                         -----    -----      -----    -----      001AH    0018H
  +--> ?PR?_GUI_DRAW_HLINE?GUI

?PR?_GUI_DRAW_HLINE?GUI                          -----    -----      -----    -----      0032H    0008H
  +--> ?PR?_LCD_FILL?TFTLCD

?PR?_LCD_FILL?TFTLCD                             -----    -----      -----    -----      003AH    000CH
  +--> ?PR?_LCD_SET_WINDOW?TFTLCD
  +--> ?PR?_LCD_WRITEDATA_COLOR?TFTLCD

?PR?_CALENDAR_CIRCLE_CLOCK_SHOWTIME?MAIN         -----    -----      -----    -----      0000H    001EH
  +--> ?PR?SIN?SIN
  +--> ?PR?_GUI_DRAW_BLINE1?GUI



SYMBOL TABLE OF MODULE:  .\Output\template (MAIN)

BL51 BANKED LINKER/LOCATER V6.22                                                      11/12/2018  16:05:53  PAGE 7


  VALUE           TYPE          NAME
  ----------------------------------

  -------         MODULE        MAIN
  C:0000H         SYMBOL        _ICE_DUMMY_
  D:0090H         PUBLIC        P1
  D:00A0H         PUBLIC        P2
  D:00B0H         PUBLIC        P3
  D:00A8H         PUBLIC        IE
  D:00B8H         PUBLIC        IP
  C:9CD2H         PUBLIC        main
  C:340EH         PUBLIC        _calendar_circle_clock_drawpanel
  D:0098H         PUBLIC        SCON
  X:02C8H         PUBLIC        rome
  D:0088H         PUBLIC        TCON
  C:939DH         PUBLIC        MultiFunction_Digital_Clock_Test
  C:1C19H         PUBLIC        _calendar_circle_clock_showtime
  D:00C8H         PUBLIC        T2CON
  D:00D0H         PUBLIC        PSW
  C:6DE7H         PUBLIC        _calendar_circle_clock_shownum
  -------         PROC          _CALENDAR_CIRCLE_CLOCK_DRAWPANEL
  X:0000H         SYMBOL        x
  X:0002H         SYMBOL        y
  D:0002H         SYMBOL        size
  X:0006H         SYMBOL        d
  -------         DO            
  X:0008H         SYMBOL        r
  X:000AH         SYMBOL        sx
  X:000CH         SYMBOL        sy
  X:000EH         SYMBOL        px0
  X:0010H         SYMBOL        px1
  X:0012H         SYMBOL        py0
  X:0014H         SYMBOL        py1
  X:0016H         SYMBOL        i
  X:0018H         SYMBOL        fcolor
  -------         ENDDO         
  C:340EH         LINE#         31
  C:341CH         LINE#         32
  C:341CH         LINE#         33
  C:342AH         LINE#         34
  C:3445H         LINE#         35
  C:3459H         LINE#         41
  C:3468H         LINE#         42
  C:3472H         LINE#         43
  C:3482H         LINE#         44
  C:349AH         LINE#         46
  C:34B4H         LINE#         47
  C:34B4H         LINE#         48
  C:3521H         LINE#         49
  C:3596H         LINE#         50
  C:3612H         LINE#         51
  C:368EH         LINE#         52
  C:36C1H         LINE#         53
  C:36D2H         LINE#         54
  C:36ECH         LINE#         55
  C:36ECH         LINE#         56
  C:3759H         LINE#         57
BL51 BANKED LINKER/LOCATER V6.22                                                      11/12/2018  16:05:53  PAGE 8


  C:37CEH         LINE#         58
  C:384AH         LINE#         59
  C:38C6H         LINE#         60
  C:38FAH         LINE#         61
  C:390BH         LINE#         62
  C:3925H         LINE#         63
  C:3925H         LINE#         64
  C:3992H         LINE#         65
  C:3A07H         LINE#         66
  C:3A8AH         LINE#         67
  C:3B0DH         LINE#         68
  C:3B41H         LINE#         69
  C:3B52H         LINE#         70
  C:3B6CH         LINE#         71
  C:3B6CH         LINE#         72
  C:3BE7H         LINE#         73
  C:3C6AH         LINE#         74
  C:3C7EH         LINE#         75
  C:3C7EH         LINE#         76
  C:3C87H         LINE#         77
  C:3CE5H         LINE#         78
  C:3CE5H         LINE#         79
  C:3CF6H         LINE#         80
  C:3D1EH         LINE#         81
  C:3D2DH         LINE#         82
  -------         ENDPROC       _CALENDAR_CIRCLE_CLOCK_DRAWPANEL
  -------         PROC          _CALENDAR_CIRCLE_CLOCK_SHOWTIME
  X:0000H         SYMBOL        x
  X:0002H         SYMBOL        y
  D:0002H         SYMBOL        size
  X:0006H         SYMBOL        d
  X:0008H         SYMBOL        hour
  X:0009H         SYMBOL        min
  X:000AH         SYMBOL        sec
  -------         DO            
  X:02C5H         SYMBOL        oldhour
  X:02C6H         SYMBOL        oldmin
  X:02C7H         SYMBOL        oldsec
  X:000BH         SYMBOL        temp
  X:000FH         SYMBOL        r
  X:0011H         SYMBOL        sx
  X:0013H         SYMBOL        sy
  X:0015H         SYMBOL        px0
  X:0017H         SYMBOL        px1
  X:0019H         SYMBOL        py0
  X:001BH         SYMBOL        py1
  X:001DH         SYMBOL        r1
  -------         ENDDO         
  C:1C19H         LINE#         91
  C:1C27H         LINE#         92
  C:1C27H         LINE#         97
  C:1C35H         LINE#         98
  C:1C50H         LINE#         99
  C:1C63H         LINE#         103
  C:1C70H         LINE#         106
  C:1C7FH         LINE#         108
  C:1D04H         LINE#         109
BL51 BANKED LINKER/LOCATER V6.22                                                      11/12/2018  16:05:53  PAGE 9


  C:1D89H         LINE#         110
  C:1DF2H         LINE#         111
  C:1E5BH         LINE#         112
  C:1E8CH         LINE#         115
  C:1E9BH         LINE#         116
  C:1EB4H         LINE#         117
  C:1EE4H         LINE#         119
  C:1F70H         LINE#         120
  C:1FFCH         LINE#         121
  C:206AH         LINE#         122
  C:20D8H         LINE#         123
  C:2109H         LINE#         126
  C:2118H         LINE#         128
  C:2131H         LINE#         129
  C:2161H         LINE#         130
  C:21EFH         LINE#         131
  C:227DH         LINE#         132
  C:22EBH         LINE#         133
  C:2359H         LINE#         134
  C:238AH         LINE#         139
  C:2399H         LINE#         141
  C:241EH         LINE#         142
  C:24A3H         LINE#         143
  C:250CH         LINE#         144
  C:2575H         LINE#         145
  C:25AAH         LINE#         149
  C:25B9H         LINE#         150
  C:25D2H         LINE#         151
  C:2602H         LINE#         153
  C:268EH         LINE#         154
  C:271AH         LINE#         155
  C:2788H         LINE#         156
  C:27F6H         LINE#         157
  C:282BH         LINE#         160
  C:283AH         LINE#         162
  C:2853H         LINE#         163
  C:2883H         LINE#         164
  C:2911H         LINE#         165
  C:299FH         LINE#         166
  C:2A0DH         LINE#         167
  C:2A7BH         LINE#         168
  C:2AB0H         LINE#         170
  C:2AB8H         LINE#         171
  C:2AC0H         LINE#         172
  C:2AC8H         LINE#         173
  -------         ENDPROC       _CALENDAR_CIRCLE_CLOCK_SHOWTIME
  -------         PROC          _CALENDAR_CIRCLE_CLOCK_SHOWNUM
  X:0202H         SYMBOL        x
  X:0204H         SYMBOL        y
  D:0002H         SYMBOL        size
  X:0208H         SYMBOL        d
  -------         DO            
  X:020AH         SYMBOL        r
  X:020CH         SYMBOL        sx
  X:020EH         SYMBOL        sy
  X:0210H         SYMBOL        px1
  D:0004H         SYMBOL        py1
BL51 BANKED LINKER/LOCATER V6.22                                                      11/12/2018  16:05:53  PAGE 10


  X:0212H         SYMBOL        i
  X:0213H         SYMBOL        fcolor
  -------         ENDDO         
  C:6DE7H         LINE#         175
  C:6DF5H         LINE#         176
  C:6DF5H         LINE#         177
  C:6E03H         LINE#         178
  C:6E1EH         LINE#         179
  C:6E31H         LINE#         183
  C:6E40H         LINE#         184
  C:6E52H         LINE#         185
  C:6E52H         LINE#         186
  C:6ECDH         LINE#         187
  C:6F47H         LINE#         188
  C:6F54H         LINE#         189
  C:6F54H         LINE#         190
  C:6F5DH         LINE#         191
  C:6FAEH         LINE#         192
  C:6FAEH         LINE#         193
  C:6FB7H         LINE#         194
  C:6FC6H         LINE#         195
  -------         ENDPROC       _CALENDAR_CIRCLE_CLOCK_SHOWNUM
  -------         PROC          MULTIFUNCTION_DIGITAL_CLOCK_TEST
  C:939DH         LINE#         198
  C:939DH         LINE#         199
  C:939DH         LINE#         201
  C:93A6H         LINE#         202
  C:93D8H         LINE#         204
  C:93F0H         LINE#         206
  C:93F3H         LINE#         208
  C:93F3H         LINE#         209
  C:93F3H         LINE#         210
  C:93F9H         LINE#         211
  C:93F9H         LINE#         212
  C:93FBH         LINE#         213
  C:942AH         LINE#         214
  C:942AH         LINE#         215
  -------         ENDPROC       MULTIFUNCTION_DIGITAL_CLOCK_TEST
  -------         PROC          MAIN
  C:9CD2H         LINE#         218
  C:9CD2H         LINE#         219
  C:9CD2H         LINE#         221
  C:9CD5H         LINE#         222
  C:9CD8H         LINE#         224
  C:9CDBH         LINE#         225
  C:9CDBH         LINE#         226
  C:9CDBH         LINE#         229
  -------         ENDPROC       MAIN
  -------         ENDMOD        MAIN

  -------         MODULE        PUBLIC
  C:0000H         SYMBOL        _ICE_DUMMY_
  D:0090H         PUBLIC        P1
  D:00B0H         PUBLIC        P3
  D:00A8H         PUBLIC        IE
  D:00B8H         PUBLIC        IP
  D:0098H         PUBLIC        SCON
BL51 BANKED LINKER/LOCATER V6.22                                                      11/12/2018  16:05:53  PAGE 11


  D:0088H         PUBLIC        TCON
  C:9CDDH         PUBLIC        _delay_10us
  C:9C2EH         PUBLIC        _delay_ms
  C:9CB6H         PUBLIC        _delay_us
  D:00C8H         PUBLIC        T2CON
  D:00D0H         PUBLIC        PSW
  -------         PROC          _DELAY_10US
  D:0006H         SYMBOL        us
  C:9CDDH         LINE#         6
  C:9CDDH         LINE#         7
  C:9CDDH         LINE#         8
  C:9CE7H         LINE#         9
  -------         ENDPROC       _DELAY_10US
  -------         PROC          _DELAY_US
  D:0006H         SYMBOL        n
  C:9CB6H         LINE#         11
  C:9CB6H         LINE#         12
  C:9CB6H         LINE#         13
  C:9CC0H         LINE#         14
  C:9CC0H         LINE#         15
  C:9CC1H         LINE#         21
  C:9CC3H         LINE#         22
  -------         ENDPROC       _DELAY_US
  -------         PROC          _DELAY_MS
  D:0006H         SYMBOL        ms
  -------         DO            
  D:0006H         SYMBOL        i
  D:0004H         SYMBOL        j
  -------         ENDDO         
  C:9C2EH         LINE#         24
  C:9C2EH         LINE#         25
  C:9C2EH         LINE#         27
  C:9C37H         LINE#         28
  C:9C4BH         LINE#         29
  -------         ENDPROC       _DELAY_MS
  -------         ENDMOD        PUBLIC

  -------         MODULE        UART
  C:0000H         SYMBOL        _ICE_DUMMY_
  D:0090H         PUBLIC        P1
  D:00B0H         PUBLIC        P3
  B:00A8H.7       PUBLIC        EA
  X:004EH         PUBLIC        UART_RX_BUF
  D:00A8H         PUBLIC        IE
  X:0080H         PUBLIC        UART_RX_STA
  B:00A8H.4       PUBLIC        ES
  D:00B8H         PUBLIC        IP
  B:0098H.0       PUBLIC        RI
  B:0098H.1       PUBLIC        TI
  C:9B16H         PUBLIC        _UART_SendString
  C:9CC4H         PUBLIC        _UART_SendData
  D:0099H         PUBLIC        SBUF
  D:0087H         PUBLIC        PCON
  C:0003H         PUBLIC        _UART_Cmd
  C:9C69H         PUBLIC        UART_Init
  D:0098H         PUBLIC        SCON
  D:0089H         PUBLIC        TMOD
BL51 BANKED LINKER/LOCATER V6.22                                                      11/12/2018  16:05:53  PAGE 12


  D:0088H         PUBLIC        TCON
  D:008DH         PUBLIC        TH1
  D:008BH         PUBLIC        TL1
  B:0088H.6       PUBLIC        TR1
  D:00C8H         PUBLIC        T2CON
  C:9542H         PUBLIC        UART_IRQn
  D:00D0H         PUBLIC        PSW
  -------         PROC          UART_INIT
  C:9C69H         LINE#         5
  C:9C69H         LINE#         6
  C:9C69H         LINE#         7
  C:9C6CH         LINE#         8
  C:9C6FH         LINE#         9
  C:9C72H         LINE#         10
  C:9C75H         LINE#         11
  C:9C78H         LINE#         13
  C:9C7AH         LINE#         14
  C:9C7CH         LINE#         15
  C:9C7EH         LINE#         16
  -------         ENDPROC       UART_INIT
  -------         PROC          _UART_CMD
  D:0007H         SYMBOL        ensta
  C:0003H         LINE#         18
  C:0003H         LINE#         19
  C:0003H         LINE#         20
  C:0008H         LINE#         21
  -------         ENDPROC       _UART_CMD
  -------         PROC          _UART_SENDDATA
  D:0007H         SYMBOL        dat
  C:9CC4H         LINE#         23
  C:9CC4H         LINE#         24
  C:9CC4H         LINE#         25
  C:9CC6H         LINE#         26
  C:9CC8H         LINE#         27
  C:9CCAH         LINE#         28
  C:9CCDH         LINE#         29
  C:9CCFH         LINE#         30
  C:9CD1H         LINE#         31
  -------         ENDPROC       _UART_SENDDATA
  -------         PROC          _UART_SENDSTRING
  X:03B4H         SYMBOL        pbuf
  C:9B16H         LINE#         33
  C:9B21H         LINE#         34
  C:9B21H         LINE#         35
  C:9B32H         LINE#         36
  C:9B32H         LINE#         37
  C:9B35H         LINE#         38
  C:9B3CH         LINE#         39
  C:9B46H         LINE#         40
  C:9B48H         LINE#         41
  -------         ENDPROC       _UART_SENDSTRING
  -------         PROC          UART_IRQN
  -------         DO            
  D:0007H         SYMBOL        r
  -------         ENDDO         
  C:9542H         LINE#         51
  C:9553H         LINE#         55
BL51 BANKED LINKER/LOCATER V6.22                                                      11/12/2018  16:05:53  PAGE 13


  C:9556H         LINE#         56
  C:9556H         LINE#         57
  C:9558H         LINE#         58
  C:955AH         LINE#         59
  C:9563H         LINE#         60
  C:9563H         LINE#         61
  C:9566H         LINE#         62
  C:9566H         LINE#         63
  C:9570H         LINE#         64
  C:9573H         LINE#         65
  C:9575H         LINE#         67
  C:9575H         LINE#         68
  C:9585H         LINE#         70
  C:9585H         LINE#         71
  C:9599H         LINE#         72
  C:95A7H         LINE#         73
  C:95BAH         LINE#         74
  C:95BAH         LINE#         75
  C:95BAH         LINE#         76
  C:95BAH         LINE#         77
  C:95BAH         LINE#         78
  -------         ENDPROC       UART_IRQN
  -------         ENDMOD        UART

  -------         MODULE        TFTLCD
  C:0000H         SYMBOL        _ICE_DUMMY_
  D:0080H         PUBLIC        P0
  D:0090H         PUBLIC        P1
  X:0330H         PUBLIC        tftlcd_data
  D:00A0H         PUBLIC        P2
  C:82AFH         PUBLIC        _LCD_ShowxNum
  D:00B0H         PUBLIC        P3
  C:8AADH         PUBLIC        _LCD_ShowNum
  D:00A8H         PUBLIC        IE
  C:9823H         PUBLIC        _LCD_Display_Dir
  C:8184H         PUBLIC        _LCD_ShowFontHZ
  D:00B8H         PUBLIC        IP
  C:95C9H         PUBLIC        _LCD_Clear
  C:85F8H         PUBLIC        _LCD_Color_Fill
  C:9BA8H         PUBLIC        _LCD_WriteData_Color
  C:9C0FH         PUBLIC        LCD_ReadData
  C:6A11H         PUBLIC        _LCD_DrawLine_Color
  C:9962H         PUBLIC        _LCD_DrawFRONT_COLOR
  D:0098H         PUBLIC        SCON
  D:0088H         PUBLIC        TCON
  C:0A97H         PUBLIC        ascii_2412
  C:0033H         PUBLIC        ascii_1206
  C:8057H         PUBLIC        _LCD_ShowPicture
  C:5D5EH         PUBLIC        TFTLCD_Init
  C:04A7H         PUBLIC        ascii_1608
  C:8D33H         PUBLIC        _LCD_Fill
  C:9311H         PUBLIC        _LCD_Set_Window
  C:9B56H         PUBLIC        _LCD_WriteData
  C:8E03H         PUBLIC        _LCD_ReadPoint
  B:00B0H.3       PUBLIC        TFT_RST
  C:6822H         PUBLIC        _LCD_DrawLine
  C:99FEH         PUBLIC        _LCD_DrawPoint
BL51 BANKED LINKER/LOCATER V6.22                                                      11/12/2018  16:05:53  PAGE 14


  C:89C8H         PUBLIC        _LCD_ShowString
  C:9C85H         PUBLIC        _LCD_WriteCmdData
  C:79C4H         PUBLIC        _LCD_ShowChar
  C:9B7FH         PUBLIC        _LCD_WriteCmd
  C:9122H         PUBLIC        _LCD_DrawRectangle
  B:00B0H.2       PUBLIC        TFT_RD
  B:00A0H.7       PUBLIC        TFT_CS
  C:8B89H         PUBLIC        _LCD_DrowSign
  C:9745H         PUBLIC        _LCD_DrawBigPoint
  D:00C8H         PUBLIC        T2CON
  C:987CH         PUBLIC        _LCD_Pow
  X:0337H         PUBLIC        FRONT_COLOR
  C:9BF0H         PUBLIC        _Delay
  X:0339H         PUBLIC        BACK_COLOR
  B:00A0H.6       PUBLIC        TFT_RS
  B:00A0H.5       PUBLIC        TFT_WR
  C:6FC7H         PUBLIC        _LCD_Draw_Circle
  D:00D0H         PUBLIC        PSW
  C:17F3H         PUBLIC        CnChar32x29
  -------         PROC          _DELAY
  D:0006H         SYMBOL        dly
  -------         DO            
  D:0004H         SYMBOL        i
  D:0002H         SYMBOL        j
  -------         ENDDO         
  C:9BF0H         LINE#         14
  C:9BF0H         LINE#         15
  C:9BF0H         LINE#         18
  C:9BFAH         LINE#         19
  C:9C0EH         LINE#         20
  -------         ENDPROC       _DELAY
  -------         PROC          L?0197
  -------         ENDPROC       L?0197
  -------         PROC          _LCD_WRITECMD
  D:0004H         SYMBOL        cmd
  -------         DO            
  D:0007H         SYMBOL        cmdH
  D:0006H         SYMBOL        cmdL
  -------         ENDDO         
  C:9B7FH         LINE#         23
  C:9B83H         LINE#         24
  C:9B83H         LINE#         27
  C:9B85H         LINE#         28
  C:9B87H         LINE#         31
  C:9B89H         LINE#         32
  C:9B8BH         LINE#         34
  C:9B8DH         LINE#         35
  C:9B8FH         LINE#         38
  C:9B91H         LINE#         39
  C:9B93H         LINE#         41
  C:9B95H         LINE#         42
  C:9B99H         LINE#         43
  C:9B9BH         LINE#         44
  C:9B9DH         LINE#         46
  C:9B9FH         LINE#         94
  -------         ENDPROC       _LCD_WRITECMD
  C:9B49H         SYMBOL        L?0184
BL51 BANKED LINKER/LOCATER V6.22                                                      11/12/2018  16:05:53  PAGE 15


  C:9B4BH         SYMBOL        L?0185
  C:9B51H         SYMBOL        L?0186
  -------         PROC          L?0183
  -------         ENDPROC       L?0183
  C:9B49H         SYMBOL        L?0184
  C:9B4BH         SYMBOL        L?0185
  C:9B51H         SYMBOL        L?0186
  -------         PROC          _LCD_WRITEDATA
  D:0004H         SYMBOL        dat
  -------         DO            
  D:0007H         SYMBOL        datH
  D:0006H         SYMBOL        datL
  -------         ENDDO         
  C:9B56H         LINE#         98
  C:9B5AH         LINE#         99
  C:9B5AH         LINE#         102
  C:9B5CH         LINE#         103
  C:9B5EH         LINE#         105
  C:9B60H         LINE#         106
  C:9B62H         LINE#         108
  C:9B64H         LINE#         109
  C:9B66H         LINE#         112
  C:9B68H         LINE#         113
  C:9B6AH         LINE#         114
  C:9B6CH         LINE#         116
  C:9B70H         LINE#         118
  C:9B72H         LINE#         119
  C:9B74H         LINE#         121
  C:9B76H         LINE#         168
  -------         ENDPROC       _LCD_WRITEDATA
  C:9BA0H         SYMBOL        L?0191
  C:9BA3H         SYMBOL        L?0192
  -------         PROC          L?0190
  -------         ENDPROC       L?0190
  C:9BA0H         SYMBOL        L?0191
  C:9BA3H         SYMBOL        L?0192
  -------         PROC          _LCD_WRITEDATA_COLOR
  D:0004H         SYMBOL        color
  -------         DO            
  D:0007H         SYMBOL        datH
  D:0006H         SYMBOL        datL
  -------         ENDDO         
  C:9BA8H         LINE#         170
  C:9BACH         LINE#         171
  C:9BACH         LINE#         174
  C:9BAEH         LINE#         175
  C:9BB0H         LINE#         177
  C:9BB2H         LINE#         178
  C:9BB4H         LINE#         180
  C:9BB6H         LINE#         181
  C:9BB8H         LINE#         184
  C:9BBAH         LINE#         185
  C:9BBCH         LINE#         186
  C:9BBEH         LINE#         188
  C:9BC2H         LINE#         190
  C:9BC4H         LINE#         191
  C:9BC6H         LINE#         193
BL51 BANKED LINKER/LOCATER V6.22                                                      11/12/2018  16:05:53  PAGE 16


  C:9BC8H         LINE#         240
  -------         ENDPROC       _LCD_WRITEDATA_COLOR
  -------         PROC          L?0199
  -------         ENDPROC       L?0199
  -------         PROC          _LCD_WRITECMDDATA
  D:0006H         SYMBOL        cmd
  D:0002H         SYMBOL        dat
  C:9C85H         LINE#         242
  C:9C89H         LINE#         243
  C:9C89H         LINE#         244
  C:9C8CH         LINE#         245
  -------         ENDPROC       _LCD_WRITECMDDATA
  -------         PROC          LCD_READDATA
  -------         DO            
  D:0006H         SYMBOL        ram
  -------         ENDDO         
  C:9C0FH         LINE#         250
  C:9C0FH         LINE#         251
  C:9C0FH         LINE#         254
  C:9C12H         LINE#         255
  C:9C15H         LINE#         259
  C:9C17H         LINE#         260
  C:9C19H         LINE#         261
  C:9C1BH         LINE#         262
  C:9C1CH         LINE#         263
  C:9C1EH         LINE#         264
  C:9C20H         LINE#         266
  C:9C22H         LINE#         267
  C:9C24H         LINE#         268
  C:9C25H         LINE#         269
  C:9C29H         LINE#         270
  C:9C2BH         LINE#         271
  C:9C2DH         LINE#         325
  C:9C2DH         LINE#         326
  -------         ENDPROC       LCD_READDATA
  -------         PROC          _LCD_DISPLAY_DIR
  D:0007H         SYMBOL        dir
  C:9823H         LINE#         330
  C:9823H         LINE#         331
  C:9823H         LINE#         333
  C:9826H         LINE#         334
  C:9826H         LINE#         336
  C:982FH         LINE#         337
  C:9834H         LINE#         360
  C:983DH         LINE#         361
  C:9846H         LINE#         363
  C:984BH         LINE#         364
  C:984CH         LINE#         366
  C:984CH         LINE#         369
  C:9857H         LINE#         370
  C:985CH         LINE#         394
  C:9865H         LINE#         395
  C:986EH         LINE#         397
  C:9874H         LINE#         398
  C:9874H         LINE#         399
  -------         ENDPROC       _LCD_DISPLAY_DIR
  -------         PROC          TFTLCD_INIT
BL51 BANKED LINKER/LOCATER V6.22                                                      11/12/2018  16:05:53  PAGE 17


  C:5D5EH         LINE#         402
  C:5D5EH         LINE#         403
  C:5D5EH         LINE#         404
  C:5D60H         LINE#         405
  C:5D67H         LINE#         407
  C:5D69H         LINE#         408
  C:5D70H         LINE#         410
  C:5D72H         LINE#         411
  C:5D79H         LINE#         414
  C:5D7FH         LINE#         415
  C:5D8AH         LINE#         437
  C:5D9BH         LINE#         442
  C:5DA8H         LINE#         443
  C:5DAFH         LINE#         444
  C:5DB4H         LINE#         445
  C:5DB9H         LINE#         446
  C:5DC7H         LINE#         447
  C:5DCEH         LINE#         448
  C:5DDCH         LINE#         449
  C:5DEAH         LINE#         450
  C:5DF8H         LINE#         452
  C:5E06H         LINE#         453
  C:5E14H         LINE#         454
  C:5E22H         LINE#         455
  C:5E30H         LINE#         456
  C:5E3EH         LINE#         457
  C:5E4CH         LINE#         458
  C:5E53H         LINE#         461
  C:5E5FH         LINE#         462
  C:5E6DH         LINE#         463
  C:5E7BH         LINE#         465
  C:5E89H         LINE#         466
  C:5E97H         LINE#         467
  C:5EA4H         LINE#         468
  C:5EB2H         LINE#         470
  C:5EBFH         LINE#         471
  C:5ECCH         LINE#         472
  C:5ED9H         LINE#         485
  C:5EE6H         LINE#         486
  C:5EF4H         LINE#         487
  C:5F01H         LINE#         488
  C:5F0FH         LINE#         490
  C:5F1DH         LINE#         491
  C:5F2AH         LINE#         493
  C:5F37H         LINE#         494
  C:5F45H         LINE#         495
  C:5F53H         LINE#         496
  C:5F61H         LINE#         497
  C:5F6FH         LINE#         498
  C:5F7DH         LINE#         500
  C:5F8BH         LINE#         501
  C:5F92H         LINE#         505
  C:5F97H         LINE#         750
  C:5F9CH         LINE#         751
  -------         ENDPROC       TFTLCD_INIT
  C:930CH         SYMBOL        L?0194
  -------         PROC          L?0193
BL51 BANKED LINKER/LOCATER V6.22                                                      11/12/2018  16:05:53  PAGE 18


  -------         ENDPROC       L?0193
  C:930CH         SYMBOL        L?0194
  -------         PROC          _LCD_SET_WINDOW
  X:0046H         SYMBOL        sx
  X:0048H         SYMBOL        sy
  D:0002H         SYMBOL        width
  X:004CH         SYMBOL        height
  C:9311H         LINE#         758
  C:931FH         LINE#         759
  C:931FH         LINE#         761
  C:9325H         LINE#         762
  C:9325H         LINE#         763
  C:9328H         LINE#         764
  C:932BH         LINE#         765
  C:9332H         LINE#         766
  C:9339H         LINE#         767
  C:9340H         LINE#         768
  C:9344H         LINE#         769
  C:934BH         LINE#         770
  C:9351H         LINE#         772
  C:9353H         LINE#         773
  C:9356H         LINE#         774
  C:9358H         LINE#         775
  C:9358H         LINE#         777
  C:9358H         LINE#         779
  C:935AH         LINE#         781
  C:935AH         LINE#         782
  C:935CH         LINE#         783
  C:935FH         LINE#         784
  C:9366H         LINE#         785
  C:936DH         LINE#         786
  C:9374H         LINE#         787
  C:9378H         LINE#         788
  C:937FH         LINE#         789
  C:9385H         LINE#         791
  C:9387H         LINE#         792
  C:938AH         LINE#         793
  C:9391H         LINE#         794
  C:9395H         LINE#         796
  C:939CH         LINE#         797
  C:939CH         LINE#         904
  -------         ENDPROC       _LCD_SET_WINDOW
  -------         PROC          _LCD_READPOINT
  X:036CH         SYMBOL        x
  X:036EH         SYMBOL        y
  -------         DO            
  D:0004H         SYMBOL        r
  X:0370H         SYMBOL        g
  X:0372H         SYMBOL        b
  D:0002H         SYMBOL        dat
  -------         ENDDO         
  C:8E03H         LINE#         909
  C:8E11H         LINE#         910
  C:8E11H         LINE#         911
  C:8E1DH         LINE#         912
  C:8E4BH         LINE#         913
  C:8E6EH         LINE#         919
BL51 BANKED LINKER/LOCATER V6.22                                                      11/12/2018  16:05:53  PAGE 19


  C:8E75H         LINE#         920
  C:8E7CH         LINE#         923
  C:8E8BH         LINE#         924
  C:8EA0H         LINE#         925
  C:8EA6H         LINE#         926
  C:8ECCH         LINE#         928
  C:8ECEH         LINE#         959
  C:8ED1H         LINE#         960
  -------         ENDPROC       _LCD_READPOINT
  -------         PROC          _LCD_CLEAR
  X:0000H         SYMBOL        color
  -------         DO            
  D:0002H         SYMBOL        i
  X:0002H         SYMBOL        j
  -------         ENDDO         
  C:95C9H         LINE#         964
  C:95D1H         LINE#         965
  C:95D1H         LINE#         966
  C:95D6H         LINE#         968
  C:9600H         LINE#         969
  C:9610H         LINE#         970
  C:9610H         LINE#         971
  C:962CH         LINE#         972
  C:962CH         LINE#         973
  C:9632H         LINE#         974
  C:9642H         LINE#         975
  C:9649H         LINE#         976
  -------         ENDPROC       _LCD_CLEAR
  -------         PROC          _LCD_FILL
  X:003AH         SYMBOL        xState
  X:003CH         SYMBOL        yState
  X:003EH         SYMBOL        xEnd
  X:0040H         SYMBOL        yEnd
  X:0042H         SYMBOL        color
  -------         DO            
  X:0044H         SYMBOL        temp
  -------         ENDDO         
  C:8D33H         LINE#         981
  C:8D4BH         LINE#         982
  C:8D4BH         LINE#         983
  C:8D52H         LINE#         985
  C:8D74H         LINE#         986
  C:8D74H         LINE#         988
  C:8D74H         LINE#         989
  C:8D8FH         LINE#         990
  C:8DB0H         LINE#         991
  C:8DCFH         LINE#         993
  C:8DDDH         LINE#         994
  C:8DDDH         LINE#         995
  C:8DECH         LINE#         996
  C:8DFAH         LINE#         997
  C:8DFAH         LINE#         998
  C:8E00H         LINE#         999
  C:8E02H         LINE#         1000
  C:8E02H         LINE#         1001
  -------         ENDPROC       _LCD_FILL
  -------         PROC          _LCD_COLOR_FILL
BL51 BANKED LINKER/LOCATER V6.22                                                      11/12/2018  16:05:53  PAGE 20


  X:0215H         SYMBOL        sx
  X:0217H         SYMBOL        sy
  D:0002H         SYMBOL        ex
  X:021BH         SYMBOL        ey
  X:021DH         SYMBOL        color
  -------         DO            
  X:0220H         SYMBOL        height
  X:0222H         SYMBOL        width
  X:0224H         SYMBOL        i
  X:0226H         SYMBOL        j
  -------         ENDDO         
  C:85F8H         LINE#         1006
  C:8606H         LINE#         1007
  C:8606H         LINE#         1010
  C:8621H         LINE#         1011
  C:8642H         LINE#         1012
  C:865FH         LINE#         1013
  C:867BH         LINE#         1014
  C:867BH         LINE#         1015
  C:8698H         LINE#         1016
  C:8698H         LINE#         1017
  C:86CEH         LINE#         1018
  C:86DEH         LINE#         1019
  C:86EFH         LINE#         1020
  -------         ENDPROC       _LCD_COLOR_FILL
  C:99EBH         SYMBOL        L?0188
  C:99ECH         SYMBOL        L?0189
  -------         PROC          L?0187
  -------         ENDPROC       L?0187
  C:99EBH         SYMBOL        L?0188
  C:99ECH         SYMBOL        L?0189
  -------         PROC          _LCD_DRAWPOINT
  D:0002H         SYMBOL        x
  D:0082H         SYMBOL        y
  C:99FEH         LINE#         1025
  C:9A06H         LINE#         1026
  C:9A06H         LINE#         1027
  C:9A1DH         LINE#         1028
  -------         ENDPROC       _LCD_DRAWPOINT
  C:995DH         SYMBOL        L?0196
  -------         PROC          L?0195
  -------         ENDPROC       L?0195
  C:995DH         SYMBOL        L?0196
  -------         PROC          _LCD_DRAWFRONT_COLOR
  X:003DH         SYMBOL        x
  X:003FH         SYMBOL        y
  X:0041H         SYMBOL        color
  C:9962H         LINE#         1034
  C:997AH         LINE#         1035
  C:997AH         LINE#         1036
  C:9999H         LINE#         1037
  -------         ENDPROC       _LCD_DRAWFRONT_COLOR
  -------         PROC          _LCD_DRAWBIGPOINT
  X:0394H         SYMBOL        x
  X:0396H         SYMBOL        y
  X:0398H         SYMBOL        color
  C:9745H         LINE#         1042
BL51 BANKED LINKER/LOCATER V6.22                                                      11/12/2018  16:05:53  PAGE 21


  C:9759H         LINE#         1043
  C:9759H         LINE#         1044
  C:975CH         LINE#         1045
  C:9775H         LINE#         1046
  C:9791H         LINE#         1047
  -------         ENDPROC       _LCD_DRAWBIGPOINT
  -------         PROC          _LCD_DRAWLINE
  X:0141H         SYMBOL        x1
  X:0143H         SYMBOL        y1
  D:0002H         SYMBOL        x2
  X:0147H         SYMBOL        y2
  -------         DO            
  X:0149H         SYMBOL        t
  X:014BH         SYMBOL        xerr
  X:014DH         SYMBOL        yerr
  X:014FH         SYMBOL        delta_x
  X:0151H         SYMBOL        delta_y
  X:0153H         SYMBOL        distance
  X:0155H         SYMBOL        incx
  X:0157H         SYMBOL        incy
  X:0159H         SYMBOL        uRow
  X:015BH         SYMBOL        uCol
  -------         ENDDO         
  C:6822H         LINE#         1053
  C:6830H         LINE#         1054
  C:6830H         LINE#         1055
  C:6837H         LINE#         1056
  C:683FH         LINE#         1058
  C:6854H         LINE#         1059
  C:686FH         LINE#         1060
  C:687EH         LINE#         1061
  C:6884H         LINE#         1062
  C:68A0H         LINE#         1063
  C:68ACH         LINE#         1064
  C:68C1H         LINE#         1065
  C:68DDH         LINE#         1066
  C:68E9H         LINE#         1067
  C:68FEH         LINE#         1068
  C:6924H         LINE#         1069
  C:6929H         LINE#         1070
  C:694EH         LINE#         1071
  C:694EH         LINE#         1072
  C:695FH         LINE#         1073
  C:6973H         LINE#         1074
  C:6987H         LINE#         1075
  C:69A3H         LINE#         1076
  C:69A3H         LINE#         1077
  C:69AFH         LINE#         1078
  C:69C3H         LINE#         1079
  C:69C3H         LINE#         1080
  C:69DFH         LINE#         1081
  C:69DFH         LINE#         1082
  C:69EBH         LINE#         1083
  C:69FFH         LINE#         1084
  C:69FFH         LINE#         1085
  C:6A10H         LINE#         1086
  -------         ENDPROC       _LCD_DRAWLINE
BL51 BANKED LINKER/LOCATER V6.22                                                      11/12/2018  16:05:53  PAGE 22


  -------         PROC          _LCD_DRAWLINE_COLOR
  X:00E7H         SYMBOL        x1
  X:00E9H         SYMBOL        y1
  D:0002H         SYMBOL        x2
  X:00EDH         SYMBOL        y2
  X:00EFH         SYMBOL        color
  -------         DO            
  X:00F1H         SYMBOL        t
  X:00F3H         SYMBOL        xerr
  X:00F5H         SYMBOL        yerr
  X:00F7H         SYMBOL        delta_x
  X:00F9H         SYMBOL        delta_y
  X:00FBH         SYMBOL        distance
  X:00FDH         SYMBOL        incx
  X:00FFH         SYMBOL        incy
  X:0101H         SYMBOL        uRow
  X:0103H         SYMBOL        uCol
  -------         ENDDO         
  C:6A11H         LINE#         1088
  C:6A1FH         LINE#         1089
  C:6A1FH         LINE#         1091
  C:6A2AH         LINE#         1093
  C:6A3FH         LINE#         1094
  C:6A5AH         LINE#         1095
  C:6A69H         LINE#         1096
  C:6A6FH         LINE#         1097
  C:6A8BH         LINE#         1098
  C:6A97H         LINE#         1099
  C:6AACH         LINE#         1100
  C:6AC8H         LINE#         1101
  C:6AD4H         LINE#         1102
  C:6AE9H         LINE#         1103
  C:6B0FH         LINE#         1104
  C:6B14H         LINE#         1105
  C:6B39H         LINE#         1106
  C:6B39H         LINE#         1107
  C:6B4CH         LINE#         1108
  C:6B60H         LINE#         1109
  C:6B74H         LINE#         1110
  C:6B90H         LINE#         1111
  C:6B90H         LINE#         1112
  C:6B9CH         LINE#         1113
  C:6BB0H         LINE#         1114
  C:6BB0H         LINE#         1115
  C:6BCCH         LINE#         1116
  C:6BCCH         LINE#         1117
  C:6BD8H         LINE#         1118
  C:6BECH         LINE#         1119
  C:6BECH         LINE#         1120
  C:6BFDH         LINE#         1121
  -------         ENDPROC       _LCD_DRAWLINE_COLOR
  -------         PROC          _LCD_DROWSIGN
  X:039AH         SYMBOL        x
  X:039CH         SYMBOL        y
  X:039EH         SYMBOL        color
  -------         DO            
  D:0003H         SYMBOL        i
BL51 BANKED LINKER/LOCATER V6.22                                                      11/12/2018  16:05:53  PAGE 23


  -------         ENDDO         
  C:8B89H         LINE#         1128
  C:8BA1H         LINE#         1129
  C:8BA1H         LINE#         1133
  C:8BDBH         LINE#         1134
  C:8BDDH         LINE#         1135
  C:8BDDH         LINE#         1136
  C:8BE0H         LINE#         1137
  C:8BE5H         LINE#         1140
  C:8C1FH         LINE#         1141
  C:8C21H         LINE#         1142
  C:8C21H         LINE#         1143
  C:8C24H         LINE#         1144
  C:8C29H         LINE#         1147
  C:8C56H         LINE#         1148
  C:8C58H         LINE#         1149
  C:8C58H         LINE#         1150
  C:8C5BH         LINE#         1151
  C:8C60H         LINE#         1152
  -------         ENDPROC       _LCD_DROWSIGN
  -------         PROC          _LCD_DRAWRECTANGLE
  X:0374H         SYMBOL        x1
  X:0376H         SYMBOL        y1
  X:0378H         SYMBOL        x2
  X:037AH         SYMBOL        y2
  C:9122H         LINE#         1156
  C:9138H         LINE#         1157
  C:9138H         LINE#         1158
  C:9154H         LINE#         1159
  C:917BH         LINE#         1160
  C:91A3H         LINE#         1161
  -------         ENDPROC       _LCD_DRAWRECTANGLE
  -------         PROC          _LCD_DRAW_CIRCLE
  X:001AH         SYMBOL        x0
  X:001CH         SYMBOL        y0
  D:0003H         SYMBOL        r
  -------         DO            
  X:001EH         SYMBOL        a
  X:0020H         SYMBOL        b
  X:0022H         SYMBOL        di
  -------         ENDDO         
  C:6FC7H         LINE#         1166
  C:6FD5H         LINE#         1167
  C:6FD5H         LINE#         1170
  C:6FE4H         LINE#         1171
  C:6FF8H         LINE#         1172
  C:7017H         LINE#         1173
  C:7017H         LINE#         1174
  C:7025H         LINE#         1175
  C:703EH         LINE#         1176
  C:7069H         LINE#         1177
  C:7094H         LINE#         1178
  C:70C0H         LINE#         1179
  C:70ECH         LINE#         1180
  C:7103H         LINE#         1181
  C:711EH         LINE#         1182
  C:712CH         LINE#         1184
BL51 BANKED LINKER/LOCATER V6.22                                                      11/12/2018  16:05:53  PAGE 24


  C:715CH         LINE#         1186
  C:715CH         LINE#         1187
  C:718DH         LINE#         1188
  C:719BH         LINE#         1189
  C:719BH         LINE#         1190
  C:719EH         LINE#         1191
  -------         ENDPROC       _LCD_DRAW_CIRCLE
  -------         PROC          _LCD_SHOWCHAR
  X:0028H         SYMBOL        x
  X:002AH         SYMBOL        y
  X:002CH         SYMBOL        num
  X:002DH         SYMBOL        size
  X:002EH         SYMBOL        mode
  -------         DO            
  X:002FH         SYMBOL        temp
  X:0030H         SYMBOL        t1
  D:0001H         SYMBOL        t
  X:0031H         SYMBOL        y0
  X:0033H         SYMBOL        csize
  -------         ENDDO         
  C:79C4H         LINE#         1199
  C:79D9H         LINE#         1200
  C:79D9H         LINE#         1202
  C:79E1H         LINE#         1203
  C:7A09H         LINE#         1204
  C:7A10H         LINE#         1205
  C:7A1FH         LINE#         1206
  C:7A1FH         LINE#         1207
  C:7A39H         LINE#         1208
  C:7A4FH         LINE#         1209
  C:7A7CH         LINE#         1211
  C:7A81H         LINE#         1212
  C:7A81H         LINE#         1213
  C:7A9BH         LINE#         1214
  C:7AB5H         LINE#         1215
  C:7ABCH         LINE#         1216
  C:7ACAH         LINE#         1217
  C:7AE0H         LINE#         1218
  C:7AFCH         LINE#         1219
  C:7AFCH         LINE#         1220
  C:7B04H         LINE#         1221
  C:7B12H         LINE#         1222
  C:7B28H         LINE#         1224
  C:7B28H         LINE#         1225
  C:7B37H         LINE#         1226
  C:7B3BH         LINE#         1227
  -------         ENDPROC       _LCD_SHOWCHAR
  -------         PROC          L?0198
  -------         ENDPROC       L?0198
  -------         PROC          _LCD_POW
  X:0028H         SYMBOL        m
  X:0029H         SYMBOL        n
  -------         DO            
  X:002AH         SYMBOL        result
  -------         ENDDO         
  C:987CH         LINE#         1230
  C:9884H         LINE#         1231
BL51 BANKED LINKER/LOCATER V6.22                                                      11/12/2018  16:05:53  PAGE 25


  C:9884H         LINE#         1232
  C:988CH         LINE#         1233
  C:98B6H         LINE#         1234
  C:98C4H         LINE#         1235
  -------         ENDPROC       _LCD_POW
  -------         PROC          _LCD_SHOWNUM
  X:02F0H         SYMBOL        x
  X:02F2H         SYMBOL        y
  X:02F4H         SYMBOL        num
  X:02F8H         SYMBOL        len
  X:02F9H         SYMBOL        size
  -------         DO            
  X:02FAH         SYMBOL        t
  X:02FBH         SYMBOL        temp
  X:02FCH         SYMBOL        enshow
  -------         ENDDO         
  C:8AADH         LINE#         1242
  C:8ABBH         LINE#         1243
  C:8ABBH         LINE#         1245
  C:8AC0H         LINE#         1246
  C:8AD5H         LINE#         1247
  C:8AD5H         LINE#         1248
  C:8AFFH         LINE#         1249
  C:8B12H         LINE#         1250
  C:8B12H         LINE#         1251
  C:8B16H         LINE#         1252
  C:8B16H         LINE#         1253
  C:8B40H         LINE#         1254
  C:8B42H         LINE#         1255
  C:8B48H         LINE#         1257
  C:8B48H         LINE#         1258
  C:8B7FH         LINE#         1259
  C:8B88H         LINE#         1260
  -------         ENDPROC       _LCD_SHOWNUM
  -------         PROC          _LCD_SHOWXNUM
  X:001AH         SYMBOL        x
  X:001CH         SYMBOL        y
  X:001EH         SYMBOL        num
  X:0022H         SYMBOL        len
  X:0023H         SYMBOL        size
  X:0024H         SYMBOL        mode
  -------         DO            
  X:0025H         SYMBOL        t
  X:0026H         SYMBOL        temp
  X:0027H         SYMBOL        enshow
  -------         ENDDO         
  C:82AFH         LINE#         1271
  C:82BDH         LINE#         1272
  C:82BDH         LINE#         1274
  C:82C2H         LINE#         1275
  C:82D7H         LINE#         1276
  C:82D7H         LINE#         1277
  C:8301H         LINE#         1278
  C:8317H         LINE#         1279
  C:8317H         LINE#         1280
  C:831BH         LINE#         1281
  C:831BH         LINE#         1282
BL51 BANKED LINKER/LOCATER V6.22                                                      11/12/2018  16:05:53  PAGE 26


  C:8351H         LINE#         1283
  C:8386H         LINE#         1284
  C:8388H         LINE#         1285
  C:838EH         LINE#         1287
  C:838EH         LINE#         1288
  C:83CEH         LINE#         1289
  C:83D7H         LINE#         1290
  -------         ENDPROC       _LCD_SHOWXNUM
  -------         PROC          _LCD_SHOWSTRING
  X:0000H         SYMBOL        x
  X:0002H         SYMBOL        y
  X:0004H         SYMBOL        width
  X:0006H         SYMBOL        height
  X:0008H         SYMBOL        size
  X:0009H         SYMBOL        p
  -------         DO            
  X:000CH         SYMBOL        x0
  -------         ENDDO         
  C:89C8H         LINE#         1296
  C:89DCH         LINE#         1297
  C:89DCH         LINE#         1298
  C:89E8H         LINE#         1299
  C:89F4H         LINE#         1300
  C:8A08H         LINE#         1301
  C:8A28H         LINE#         1302
  C:8A28H         LINE#         1303
  C:8A5BH         LINE#         1304
  C:8A71H         LINE#         1305
  C:8A8BH         LINE#         1306
  C:8A9FH         LINE#         1307
  C:8AA9H         LINE#         1308
  C:8AACH         LINE#         1309
  -------         ENDPROC       _LCD_SHOWSTRING
  -------         PROC          _LCD_SHOWFONTHZ
  X:033BH         SYMBOL        x
  X:033DH         SYMBOL        y
  X:033FH         SYMBOL        cn
  -------         DO            
  D:0003H         SYMBOL        i
  D:0002H         SYMBOL        j
  X:0342H         SYMBOL        wordNum
  X:0343H         SYMBOL        color
  -------         ENDDO         
  C:8184H         LINE#         1322
  C:819BH         LINE#         1323
  C:819BH         LINE#         1326
  C:81AEH         LINE#         1327
  C:81AEH         LINE#         1328
  C:81E4H         LINE#         1329
  C:81F6H         LINE#         1330
  C:81F6H         LINE#         1331
  C:8237H         LINE#         1333
  C:8237H         LINE#         1335
  C:8238H         LINE#         1336
  C:8238H         LINE#         1337
  C:825FH         LINE#         1338
  C:8261H         LINE#         1339
BL51 BANKED LINKER/LOCATER V6.22                                                      11/12/2018  16:05:53  PAGE 27


  C:8261H         LINE#         1340
  C:8268H         LINE#         1341
  C:8268H         LINE#         1342
  C:826BH         LINE#         1343
  C:826DH         LINE#         1345
  C:826DH         LINE#         1346
  C:8273H         LINE#         1347
  C:8273H         LINE#         1348
  C:8280H         LINE#         1349
  C:8285H         LINE#         1350
  C:828AH         LINE#         1351
  C:828AH         LINE#         1352
  C:8293H         LINE#         1353
  C:829DH         LINE#         1354
  C:82ABH         LINE#         1355
  C:82AEH         LINE#         1356
  -------         ENDPROC       _LCD_SHOWFONTHZ
  -------         PROC          _LCD_SHOWPICTURE
  X:01EDH         SYMBOL        x
  X:01EFH         SYMBOL        y
  X:01F1H         SYMBOL        wide
  X:01F3H         SYMBOL        high
  X:01F5H         SYMBOL        pic
  -------         DO            
  X:01F8H         SYMBOL        temp
  X:01FAH         SYMBOL        tmp
  X:01FEH         SYMBOL        num
  -------         ENDDO         
  C:8057H         LINE#         1410
  C:806BH         LINE#         1411
  C:806BH         LINE#         1412
  C:8072H         LINE#         1413
  C:8084H         LINE#         1414
  C:80CBH         LINE#         1415
  C:80EEH         LINE#         1417
  C:80EEH         LINE#         1418
  C:811BH         LINE#         1419
  C:8124H         LINE#         1420
  C:813EH         LINE#         1421
  C:8141H         LINE#         1422
  C:815EH         LINE#         1423
  C:815EH         LINE#         1424
  C:8183H         LINE#         1425
  -------         ENDPROC       _LCD_SHOWPICTURE
  -------         ENDMOD        TFTLCD

  -------         MODULE        TOUCH
  C:0000H         SYMBOL        _ICE_DUMMY_
  D:0090H         PUBLIC        P1
  D:00A0H         PUBLIC        P2
  D:00B0H         PUBLIC        P3
  D:00A8H         PUBLIC        IE
  D:00B8H         PUBLIC        IP
  B:00A0H.0       PUBLIC        TOUCH_DOUT
  X:02FDH         PUBLIC        xpt_xy
  C:9ADBH         PUBLIC        TOUCH_SPI_Read
  D:0098H         PUBLIC        SCON
BL51 BANKED LINKER/LOCATER V6.22                                                      11/12/2018  16:05:53  PAGE 28


  D:0088H         PUBLIC        TCON
  C:76C8H         PUBLIC        _TOUCH_XPT_ReadData
  B:00A0H.1       PUBLIC        TOUCH_CLK
  C:9C4CH         PUBLIC        _TOUCH_SPI_Write
  B:00A0H.2       PUBLIC        TOUCH_DIN
  C:9CE8H         PUBLIC        TOUCH_SPI_Start
  D:00C8H         PUBLIC        T2CON
  C:7F17H         PUBLIC        TOUCH_Scan
  C:83D8H         PUBLIC        TOUCH_XPT_ReadXY
  D:00D0H         PUBLIC        PSW
  B:00A0H.3       PUBLIC        TOUCH_CS
  -------         PROC          TOUCH_SPI_START
  C:9CE8H         LINE#         9
  C:9CE8H         LINE#         10
  C:9CE8H         LINE#         11
  C:9CEAH         LINE#         12
  C:9CECH         LINE#         13
  C:9CEEH         LINE#         14
  C:9CF0H         LINE#         15
  C:9CF2H         LINE#         16
  -------         ENDPROC       TOUCH_SPI_START
  -------         PROC          _TOUCH_SPI_WRITE
  D:0007H         SYMBOL        dat
  -------         DO            
  D:0006H         SYMBOL        i
  -------         ENDDO         
  C:9C4CH         LINE#         18
  C:9C4CH         LINE#         19
  C:9C4CH         LINE#         21
  C:9C4EH         LINE#         22
  C:9C50H         LINE#         23
  C:9C50H         LINE#         24
  C:9C5BH         LINE#         25
  C:9C5FH         LINE#         26
  C:9C61H         LINE#         28
  C:9C63H         LINE#         30
  C:9C68H         LINE#         31
  -------         ENDPROC       _TOUCH_SPI_WRITE
  -------         PROC          TOUCH_SPI_READ
  -------         DO            
  D:0004H         SYMBOL        i
  X:03B7H         SYMBOL        dat
  -------         ENDDO         
  C:9ADBH         LINE#         33
  C:9ADBH         LINE#         34
  C:9ADBH         LINE#         35
  C:9AE2H         LINE#         36
  C:9AE4H         LINE#         37
  C:9AE6H         LINE#         38
  C:9AE6H         LINE#         39
  C:9AF3H         LINE#         41
  C:9AF5H         LINE#         42
  C:9AF7H         LINE#         44
  C:9B02H         LINE#         46
  C:9B0DH         LINE#         47
  C:9B15H         LINE#         48
  -------         ENDPROC       TOUCH_SPI_READ
BL51 BANKED LINKER/LOCATER V6.22                                                      11/12/2018  16:05:53  PAGE 29


  -------         PROC          L?0046
  -------         ENDPROC       L?0046
  -------         PROC          _TOUCH_XPT_READDATA
  D:0003H         SYMBOL        cmd
  -------         DO            
  X:015DH         SYMBOL        i
  X:015EH         SYMBOL        j
  X:015FH         SYMBOL        readValue
  X:0173H         SYMBOL        endValue
  -------         ENDDO         
  C:76C8H         LINE#         52
  C:76CAH         LINE#         53
  C:76CAH         LINE#         58
  C:76CCH         LINE#         59
  C:76CEH         LINE#         61
  C:76D3H         LINE#         62
  C:76D3H         LINE#         63
  C:76D8H         LINE#         65
  C:76E7H         LINE#         66
  C:76E9H         LINE#         67
  C:76EAH         LINE#         68
  C:76EBH         LINE#         69
  C:76EDH         LINE#         70
  C:76EEH         LINE#         71
  C:76EFH         LINE#         73
  C:7706H         LINE#         74
  C:7712H         LINE#         75
  C:7714H         LINE#         79
  C:7726H         LINE#         80
  C:7726H         LINE#         81
  C:7737H         LINE#         82
  C:7737H         LINE#         83
  C:7762H         LINE#         84
  C:7762H         LINE#         85
  C:777CH         LINE#         86
  C:77A2H         LINE#         87
  C:77BDH         LINE#         88
  C:77BDH         LINE#         89
  C:77C6H         LINE#         90
  C:77CFH         LINE#         95
  C:77D9H         LINE#         96
  C:77DFH         LINE#         97
  C:77DFH         LINE#         98
  C:7816H         LINE#         99
  C:7820H         LINE#         100
  C:783DH         LINE#         102
  C:7847H         LINE#         103
  -------         ENDPROC       _TOUCH_XPT_READDATA
  -------         PROC          TOUCH_XPT_READXY
  -------         DO            
  X:0345H         SYMBOL        x1
  X:0347H         SYMBOL        x2
  X:0349H         SYMBOL        x
  X:034BH         SYMBOL        y1
  D:0004H         SYMBOL        y2
  X:034DH         SYMBOL        y
  -------         ENDDO         
BL51 BANKED LINKER/LOCATER V6.22                                                      11/12/2018  16:05:53  PAGE 30


  C:83D8H         LINE#         107
  C:83D8H         LINE#         108
  C:83D8H         LINE#         111
  C:83DBH         LINE#         113
  C:83E3H         LINE#         114
  C:83EEH         LINE#         115
  C:83F6H         LINE#         116
  C:83FDH         LINE#         120
  C:8413H         LINE#         121
  C:8413H         LINE#         122
  C:841BH         LINE#         123
  C:841DH         LINE#         125
  C:841DH         LINE#         126
  C:8438H         LINE#         127
  C:8438H         LINE#         130
  C:8446H         LINE#         131
  C:8446H         LINE#         132
  C:844BH         LINE#         133
  C:844DH         LINE#         135
  C:844DH         LINE#         136
  C:8460H         LINE#         137
  C:8460H         LINE#         140
  C:847DH         LINE#         141
  C:847DH         LINE#         142
  C:8480H         LINE#         143
  C:8480H         LINE#         146
  C:84A1H         LINE#         147
  C:84BAH         LINE#         149
  C:84C1H         LINE#         150
  C:84C8H         LINE#         153
  C:84E6H         LINE#         154
  C:84E6H         LINE#         155
  C:84E9H         LINE#         156
  C:84E9H         LINE#         158
  C:84EBH         LINE#         159
  -------         ENDPROC       TOUCH_XPT_READXY
  -------         PROC          TOUCH_SCAN
  -------         DO            
  X:03A6H         SYMBOL        res
  X:03A7H         SYMBOL        temp
  -------         ENDDO         
  C:7F17H         LINE#         163
  C:7F17H         LINE#         164
  C:7F17H         LINE#         165
  C:7F1CH         LINE#         168
  C:7F25H         LINE#         169
  C:7F25H         LINE#         172
  C:7F2EH         LINE#         173
  C:7F2EH         LINE#         182
  C:7F3FH         LINE#         183
  C:7F74H         LINE#         184
  C:7F85H         LINE#         185
  C:7FAFH         LINE#         209
  C:7FB2H         LINE#         211
  C:7FB2H         LINE#         220
  C:7FC9H         LINE#         221
  C:7FFEH         LINE#         222
BL51 BANKED LINKER/LOCATER V6.22                                                      11/12/2018  16:05:53  PAGE 31


  C:800FH         LINE#         223
  C:8044H         LINE#         247
  C:8044H         LINE#         264
  C:804AH         LINE#         265
  C:804AH         LINE#         266
  C:804CH         LINE#         268
  C:8051H         LINE#         269
  C:8056H         LINE#         270
  -------         ENDPROC       TOUCH_SCAN
  -------         ENDMOD        TOUCH

  -------         MODULE        TIME
  C:0000H         SYMBOL        _ICE_DUMMY_
  D:0090H         PUBLIC        P1
  D:00B0H         PUBLIC        P3
  B:00A8H.7       PUBLIC        EA
  B:00B0H.1       PUBLIC        LED1
  D:00A8H         PUBLIC        IE
  X:03ACH         PUBLIC        t_sec
  X:03ADH         PUBLIC        t_hour
  D:00B8H         PUBLIC        IP
  X:03AEH         PUBLIC        t_min
  X:03AFH         PUBLIC        t_secflag
  C:98C5H         PUBLIC        Timer0
  D:0098H         PUBLIC        SCON
  D:0089H         PUBLIC        TMOD
  D:0088H         PUBLIC        TCON
  B:00A8H.1       PUBLIC        ET0
  C:9CA6H         PUBLIC        Timer0Init
  D:008CH         PUBLIC        TH0
  D:008AH         PUBLIC        TL0
  B:0088H.4       PUBLIC        TR0
  D:00C8H         PUBLIC        T2CON
  D:00D0H         PUBLIC        PSW
  -------         PROC          TIMER0INIT
  C:9CA6H         LINE#         16
  C:9CA6H         LINE#         17
  C:9CA6H         LINE#         18
  C:9CA9H         LINE#         20
  C:9CACH         LINE#         21
  C:9CAFH         LINE#         22
  C:9CB1H         LINE#         23
  C:9CB3H         LINE#         24
  C:9CB5H         LINE#         25
  -------         ENDPROC       TIMER0INIT
  -------         PROC          TIMER0
  -------         DO            
  X:03ABH         SYMBOL        i
  -------         ENDDO         
  C:98C5H         LINE#         33
  C:98CDH         LINE#         36
  C:98D0H         LINE#         37
  C:98D3H         LINE#         38
  C:98D9H         LINE#         39
  C:98DEH         LINE#         40
  C:98DEH         LINE#         41
  C:98DFH         LINE#         42
BL51 BANKED LINKER/LOCATER V6.22                                                      11/12/2018  16:05:53  PAGE 32


  C:98E4H         LINE#         43
  C:98EAH         LINE#         44
  C:98ECH         LINE#         45
  C:98F0H         LINE#         46
  C:98F0H         LINE#         47
  C:98F2H         LINE#         48
  C:98F8H         LINE#         49
  C:98FCH         LINE#         50
  C:98FCH         LINE#         51
  C:98FEH         LINE#         52
  C:9904H         LINE#         53
  C:990AH         LINE#         54
  C:990AH         LINE#         55
  C:990AH         LINE#         56
  C:990AH         LINE#         57
  -------         ENDPROC       TIMER0
  -------         ENDMOD        TIME

  -------         MODULE        GUI
  C:0000H         SYMBOL        _ICE_DUMMY_
  C:9913H         PUBLIC        _gui_pow
  D:0090H         PUBLIC        P1
  D:00A0H         PUBLIC        P2
  D:00B0H         PUBLIC        P3
  C:91CCH         PUBLIC        _gui_num2str
  C:5FA7H         PUBLIC        _gui_show_ptstr
  D:00A8H         PUBLIC        IE
  C:7848H         PUBLIC        _gui_get_stringline
  D:00B8H         PUBLIC        IP
  C:87E7H         PUBLIC        _gui_draw_bigpoint
  C:7376H         PUBLIC        _gui_show_num
  C:97B8H         PUBLIC        _gui_disabs
  C:58AFH         PUBLIC        _gui_fill_ellipse
  C:5032H         PUBLIC        _gui_fill_circle
  C:4864H         PUBLIC        _gui_draw_ellipse
  C:3D2EH         PUBLIC        _gui_draw_arcrectangle
  D:0098H         PUBLIC        SCON
  C:86F0H         PUBLIC        _gui_alphablend_area
  D:0088H         PUBLIC        TCON
  C:88DBH         PUBLIC        _gui_alpha_blend565
  C:9A28H         PUBLIC        _gui_rgb332torgb565
  C:7B3CH         PUBLIC        _gui_show_strmidex
  C:9099H         PUBLIC        _gui_draw_expoint
  C:6413H         PUBLIC        _gui_show_stringex
  C:5643H         PUBLIC        _gui_draw_bline
  C:6BFEH         PUBLIC        _gui_smooth_color
  C:96CAH         PUBLIC        _gui_draw_hline
  C:5B10H         PUBLIC        _gui_show_ptchar
  C:928BH         PUBLIC        _gui_draw_vline
  C:964AH         PUBLIC        _gui_color_chg
  C:7C88H         PUBLIC        _gui_show_strmid
  C:7DD0H         PUBLIC        _gui_fill_colorblock
  C:662FH         PUBLIC        _gui_draw_line
  C:9A64H         PUBLIC        _gui_draw_point
  C:8F9AH         PUBLIC        _gui_num2strex
  C:53F5H         PUBLIC        _gui_draw_circle8
  C:61EDH         PUBLIC        _gui_show_string
BL51 BANKED LINKER/LOCATER V6.22                                                      11/12/2018  16:05:53  PAGE 33


  D:00C8H         PUBLIC        T2CON
  C:94CCH         PUBLIC        _gui_fill_rectangle
  C:71BBH         PUBLIC        _gui_draw_arc
  C:84ECH         PUBLIC        _gui_draw_smooth_rectangle
  C:8ED2H         PUBLIC        _gui_draw_rectangle
  C:4C68H         PUBLIC        _gui_draw_bline1
  D:00D0H         PUBLIC        PSW
  C:8C61H         PUBLIC        _gui_show_ptstrwhiterim
  -------         PROC          _GUI_COLOR_CHG
  X:037CH         SYMBOL        rgb
  -------         DO            
  X:0380H         SYMBOL        r
  X:0382H         SYMBOL        g
  D:0004H         SYMBOL        b
  -------         ENDDO         
  C:964AH         LINE#         15
  C:9650H         LINE#         16
  C:9650H         LINE#         18
  C:9669H         LINE#         19
  C:9688H         LINE#         20
  C:96A3H         LINE#         21
  C:96C9H         LINE#         22
  -------         ENDPROC       _GUI_COLOR_CHG
  -------         PROC          _GUI_RGB332TORGB565
  D:0004H         SYMBOL        rgb332
  -------         DO            
  D:0002H         SYMBOL        rgb565
  -------         ENDDO         
  C:9A28H         LINE#         26
  C:9A2CH         LINE#         27
  C:9A2CH         LINE#         28
  C:9A30H         LINE#         29
  C:9A45H         LINE#         30
  C:9A5AH         LINE#         31
  C:9A60H         LINE#         32
  C:9A63H         LINE#         33
[...]
  C:922BH         LINE#         681
  C:9230H         LINE#         682
  C:9236H         LINE#         683
  C:9236H         LINE#         684
  C:9249H         LINE#         685
  C:9253H         LINE#         686
  C:925BH         LINE#         687
  C:926AH         LINE#         688
  C:9275H         LINE#         689
  -------         ENDPROC       _GUI_NUM2STR
  -------         PROC          _GUI_NUM2STREX
  X:0317H         SYMBOL        n
  X:0319H         SYMBOL        str
  -------         DO            
  D:0003H         SYMBOL        i
  X:031CH         SYMBOL        j
  X:031DH         SYMBOL        k
  X:031EH         SYMBOL        s
  -------         ENDDO         
  C:8F9AH         LINE#         694
  C:8FABH         LINE#         695
  C:8FABH         LINE#         696
  C:8FB1H         LINE#         700
  C:8FB1H         LINE#         701
  C:8FD9H         LINE#         702
  C:8FD9H         LINE#         703
  C:8FFAH         LINE#         704
  C:900EH         LINE#         705
  C:9046H         LINE#         706
  -------         ENDPROC       _GUI_NUM2STREX
  -------         PROC          _GUI_SHOW_PTSTR
  X:023BH         SYMBOL        x
  X:023DH         SYMBOL        y
  X:023FH         SYMBOL        xend
  X:0241H         SYMBOL        yend
  X:0243H         SYMBOL        offset
  X:0245H         SYMBOL        color
  X:0247H         SYMBOL        size
  X:0248H         SYMBOL        str
  X:024BH         SYMBOL        mode
  -------         DO            
  X:024CH         SYMBOL        bHz
  X:024DH         SYMBOL        EnDisp
  -------         ENDDO         
  C:5FA7H         LINE#         717
  C:5FBBH         LINE#         718
  C:5FBBH         LINE#         719
  C:5FC0H         LINE#         720
  C:5FC2H         LINE#         721
  C:5FD6H         LINE#         722
  C:5FD6H         LINE#         723
  C:5FDFH         LINE#         724
  C:5FDFH         LINE#         725
BL51 BANKED LINKER/LOCATER V6.22                                                      11/12/2018  16:05:53  PAGE 49


  C:5FEAH         LINE#         727
  C:5FEAH         LINE#         728
  C:5FF0H         LINE#         729
  C:5FF0H         LINE#         730
  C:6007H         LINE#         731
  C:6007H         LINE#         732
  C:6014H         LINE#         733
  C:6016H         LINE#         734
  C:6016H         LINE#         735
  C:602DH         LINE#         736
  C:6033H         LINE#         737
  C:6033H         LINE#         738
  C:6033H         LINE#         739
  C:603EH         LINE#         740
  C:603EH         LINE#         741
  C:60A6H         LINE#         742
  C:60D9H         LINE#         743
  C:60E1H         LINE#         744
  C:60ECH         LINE#         745
  C:60ECH         LINE#         746
  C:60F9H         LINE#         747
  C:6100H         LINE#         748
  C:6100H         LINE#         749
  C:6100H         LINE#         750
  C:6118H         LINE#         751
  C:611FH         LINE#         752
  C:611FH         LINE#         753
  C:6122H         LINE#         754
  C:6122H         LINE#         755
  C:6127H         LINE#         756
  C:612BH         LINE#         757
  C:612BH         LINE#         758
  C:6140H         LINE#         759
  C:6140H         LINE#         760
  C:614DH         LINE#         761
  C:614FH         LINE#         762
  C:614FH         LINE#         763
  C:6166H         LINE#         764
  C:616CH         LINE#         765
  C:616CH         LINE#         766
  C:616CH         LINE#         767
  C:6172H         LINE#         768
  C:6172H         LINE#         770
  C:61A3H         LINE#         771
  C:61ABH         LINE#         772
  C:61B6H         LINE#         773
  C:61B6H         LINE#         774
  C:61C3H         LINE#         775
  C:61CAH         LINE#         776
  C:61CAH         LINE#         777
  C:61CAH         LINE#         778
  C:61DFH         LINE#         779
  C:61E9H         LINE#         780
  C:61E9H         LINE#         781
  C:61ECH         LINE#         782
  -------         ENDPROC       _GUI_SHOW_PTSTR
  -------         PROC          _GUI_SHOW_PTSTRWHITERIM
BL51 BANKED LINKER/LOCATER V6.22                                                      11/12/2018  16:05:53  PAGE 50


  X:0272H         SYMBOL        x
  X:0274H         SYMBOL        y
  X:0276H         SYMBOL        xend
  X:0278H         SYMBOL        yend
  X:027AH         SYMBOL        offset
  X:027CH         SYMBOL        color
  X:027EH         SYMBOL        rimcolor
  X:0280H         SYMBOL        size
  X:0281H         SYMBOL        str
  C:8C61H         LINE#         792
  C:8C75H         LINE#         793
  C:8C75H         LINE#         794
  C:8CCCH         LINE#         795
  -------         ENDPROC       _GUI_SHOW_PTSTRWHITERIM
  -------         PROC          _GUI_GET_STRINGLINE
  X:0324H         SYMBOL        str
  X:0327H         SYMBOL        linelenth
  X:0329H         SYMBOL        font
  -------         DO            
  X:032AH         SYMBOL        xpos
  X:032CH         SYMBOL        lincnt
  -------         ENDDO         
  C:7848H         LINE#         803
  C:785BH         LINE#         804
  C:785BH         LINE#         805
  C:7862H         LINE#         806
  C:786AH         LINE#         807
  C:7880H         LINE#         808
  C:78B0H         LINE#         809
  C:78B0H         LINE#         810
  C:78D0H         LINE#         811
  C:78D0H         LINE#         812
  C:78DFH         LINE#         813
  C:78E6H         LINE#         814
  C:7905H         LINE#         815
  C:790CH         LINE#         816
  C:7922H         LINE#         817
  C:7922H         LINE#         818
  C:7935H         LINE#         819
  C:793FH         LINE#         820
  C:7957H         LINE#         821
  C:7957H         LINE#         822
  C:7957H         LINE#         823
  C:7957H         LINE#         824
  C:7957H         LINE#         825
  C:7959H         LINE#         826
  C:7959H         LINE#         827
  C:796EH         LINE#         828
  C:7978H         LINE#         829
  C:7990H         LINE#         830
  C:7990H         LINE#         831
  C:7995H         LINE#         832
  C:79B2H         LINE#         833
  C:79B2H         LINE#         834
  C:79B2H         LINE#         835
  C:79B5H         LINE#         836
  C:79C3H         LINE#         837
BL51 BANKED LINKER/LOCATER V6.22                                                      11/12/2018  16:05:53  PAGE 51


  -------         ENDPROC       _GUI_GET_STRINGLINE
  -------         PROC          _GUI_SHOW_STRING
  X:01D7H         SYMBOL        str
  X:01DAH         SYMBOL        x
  X:01DCH         SYMBOL        y
  X:01DEH         SYMBOL        width
  X:01E0H         SYMBOL        height
  X:01E2H         SYMBOL        font
  X:01E3H         SYMBOL        fcolor
  -------         DO            
  X:01E5H         SYMBOL        xpos
  X:01E7H         SYMBOL        ypos
  X:01E9H         SYMBOL        endx
  X:01EBH         SYMBOL        endy
  -------         ENDDO         
  C:61EDH         LINE#         844
  C:61FEH         LINE#         845
  C:61FEH         LINE#         846
  C:620EH         LINE#         847
  C:621EH         LINE#         848
  C:6238H         LINE#         849
  C:6252H         LINE#         850
  C:626AH         LINE#         851
  C:627DH         LINE#         852
  C:627DH         LINE#         853
  C:6291H         LINE#         854
  C:6291H         LINE#         855
  C:62A0H         LINE#         856
  C:62A7H         LINE#         857
  C:62B6H         LINE#         858
  C:62C8H         LINE#         859
  C:62DCH         LINE#         860
  C:62DCH         LINE#         861
  C:6304H         LINE#         862
  C:6304H         LINE#         863
  C:6313H         LINE#         864
  C:631FH         LINE#         865
  C:631FH         LINE#         867
  C:6331H         LINE#         868
  C:6338H         LINE#         870
  C:633BH         LINE#         871
  C:633BH         LINE#         872
  C:6365H         LINE#         873
  C:6365H         LINE#         874
  C:6374H         LINE#         875
  C:6381H         LINE#         876
  C:6381H         LINE#         877
  C:63DBH         LINE#         878
  C:63EFH         LINE#         879
  C:63F9H         LINE#         880
  C:63F9H         LINE#         881
  C:6412H         LINE#         883
  -------         ENDPROC       _GUI_SHOW_STRING
  -------         PROC          _GUI_SHOW_STRINGEX
  X:01C0H         SYMBOL        x
  X:01C2H         SYMBOL        y
  D:0002H         SYMBOL        width
BL51 BANKED LINKER/LOCATER V6.22                                                      11/12/2018  16:05:53  PAGE 52


  X:01C6H         SYMBOL        height
  X:01C8H         SYMBOL        fcolor
  X:01CAH         SYMBOL        font
  X:01CBH         SYMBOL        str
  X:01CEH         SYMBOL        mode
  -------         DO            
  X:01CFH         SYMBOL        xpos
  X:01D1H         SYMBOL        ypos
  X:01D3H         SYMBOL        endx
  X:01D5H         SYMBOL        endy
  -------         ENDDO         
  C:6413H         LINE#         891
  C:6421H         LINE#         892
  C:6421H         LINE#         893
  C:6431H         LINE#         894
  C:6440H         LINE#         895
  C:6450H         LINE#         896
  C:6470H         LINE#         897
  C:6482H         LINE#         898
  C:6495H         LINE#         899
  C:6495H         LINE#         900
  C:64A9H         LINE#         901
  C:64A9H         LINE#         902
  C:64B8H         LINE#         903
  C:64BFH         LINE#         904
  C:64CEH         LINE#         905
  C:64E0H         LINE#         906
  C:64F4H         LINE#         907
  C:64F4H         LINE#         908
  C:651CH         LINE#         909
  C:651CH         LINE#         910
  C:652BH         LINE#         911
  C:6537H         LINE#         912
  C:6537H         LINE#         914
  C:6549H         LINE#         915
  C:6550H         LINE#         917
  C:6553H         LINE#         918
  C:6553H         LINE#         919
  C:657DH         LINE#         920
  C:657DH         LINE#         921
  C:658CH         LINE#         922
  C:6599H         LINE#         923
  C:6599H         LINE#         924
  C:65F7H         LINE#         925
  C:660BH         LINE#         926
  C:6615H         LINE#         927
  C:6615H         LINE#         928
  C:662EH         LINE#         930
  -------         ENDPROC       _GUI_SHOW_STRINGEX
  -------         ENDMOD        GUI

  -------         MODULE        ?C?FPADD
  C:2AD0H         PUBLIC        ?C?FPADD
  C:2ACCH         PUBLIC        ?C?FPSUB
  -------         ENDMOD        ?C?FPADD

  -------         MODULE        ?C?FPMUL
BL51 BANKED LINKER/LOCATER V6.22                                                      11/12/2018  16:05:53  PAGE 53


  C:2BC1H         PUBLIC        ?C?FPMUL
  -------         ENDMOD        ?C?FPMUL

  -------         MODULE        ?C?FPDIV
  C:2CCAH         PUBLIC        ?C?FPDIV
  -------         ENDMOD        ?C?FPDIV

  -------         MODULE        ?C?FCAST
  C:2D71H         PUBLIC        ?C?FCASTC
  C:2D6CH         PUBLIC        ?C?FCASTI
  C:2D67H         PUBLIC        ?C?FCASTL
  -------         ENDMOD        ?C?FCAST

  -------         MODULE        ?C?CASTF
  C:2DA5H         PUBLIC        ?C?CASTF
  -------         ENDMOD        ?C?CASTF

  -------         MODULE        PRINTF
  X:0000H         PUBLIC        ?_PRINTF?BYTE
  X:0000H         PUBLIC        ?_SPRINTF?BYTE
  C:444CH         PUBLIC        _PRINTF
  C:4446H         PUBLIC        _SPRINTF
  -------         ENDMOD        PRINTF

  -------         MODULE        SIN
  C:7581H         PUBLIC        _COS
  C:7597H         PUBLIC        _SIN
  C:75D3H         PUBLIC        _TAN
  -------         ENDMOD        SIN

  -------         MODULE        ?C?FPROUND
  C:2E26H         PUBLIC        ?C?FPROUND
  -------         ENDMOD        ?C?FPROUND

  -------         MODULE        ?C?FPCONVERT
  C:2E63H         PUBLIC        ?C?FPCONVERT
  -------         ENDMOD        ?C?FPCONVERT

  -------         MODULE        ?C?FTNPWR
  C:2FE5H         PUBLIC        ?C?FTNPWR
  -------         ENDMOD        ?C?FTNPWR

  -------         MODULE        ?C?CLDPTR
  C:3025H         PUBLIC        ?C?CLDPTR
  -------         ENDMOD        ?C?CLDPTR

  -------         MODULE        ?C?CLDOPTR
  C:303EH         PUBLIC        ?C?CLDOPTR
  -------         ENDMOD        ?C?CLDOPTR

  -------         MODULE        ?C?CSTPTR
  C:306BH         PUBLIC        ?C?CSTPTR
  -------         ENDMOD        ?C?CSTPTR

  -------         MODULE        ?C?CSTOPTR
  C:307DH         PUBLIC        ?C?CSTOPTR
  -------         ENDMOD        ?C?CSTOPTR
BL51 BANKED LINKER/LOCATER V6.22                                                      11/12/2018  16:05:53  PAGE 54



  -------         MODULE        ?C?IMUL
  C:309FH         PUBLIC        ?C?IMUL
  -------         ENDMOD        ?C?IMUL

  -------         MODULE        ?C?UIDIV
  C:30B1H         PUBLIC        ?C?UIDIV
  -------         ENDMOD        ?C?UIDIV

  -------         MODULE        ?C?SIDIV
  C:3106H         PUBLIC        ?C?SIDIV
  -------         ENDMOD        ?C?SIDIV

  -------         MODULE        ?C?IILDX
  C:313CH         PUBLIC        ?C?IILDX
  -------         ENDMOD        ?C?IILDX

  -------         MODULE        ?C?ILDIX
  C:3152H         PUBLIC        ?C?ILDIX
  -------         ENDMOD        ?C?ILDIX

  -------         MODULE        ?C?ILDOPTR
  C:3168H         PUBLIC        ?C?ILDOPTR
  -------         ENDMOD        ?C?ILDOPTR

  -------         MODULE        ?C?ISTOPTR
  C:31A0H         PUBLIC        ?C?ISTOPTR
  -------         ENDMOD        ?C?ISTOPTR

  -------         MODULE        ?C?LMUL
  C:31CDH         PUBLIC        ?C?LMUL
  -------         ENDMOD        ?C?LMUL

  -------         MODULE        ?C?ULDIV
  C:3258H         PUBLIC        ?C?ULDIV
  -------         ENDMOD        ?C?ULDIV

  -------         MODULE        ?C?SLDIV
  C:99A4H         PUBLIC        ?C?SLDIV
  -------         ENDMOD        ?C?SLDIV

  -------         MODULE        ?C?LNEG
  C:32EAH         PUBLIC        ?C?LNEG
  -------         ENDMOD        ?C?LNEG

  -------         MODULE        ?C?SLCMP
  C:32F8H         PUBLIC        ?C?SLCMP
  -------         ENDMOD        ?C?SLCMP

  -------         MODULE        ?C?ULCMP
  C:330EH         PUBLIC        ?C?ULCMP
  -------         ENDMOD        ?C?ULCMP

  -------         MODULE        ?C?ULSHR
  C:331FH         PUBLIC        ?C?ULSHR
  -------         ENDMOD        ?C?ULSHR

BL51 BANKED LINKER/LOCATER V6.22                                                      11/12/2018  16:05:53  PAGE 55


  -------         MODULE        ?C?LLDCODE
  C:3332H         PUBLIC        ?C?LLDCODE
  -------         ENDMOD        ?C?LLDCODE

  -------         MODULE        ?C?LLDXDATA0
  C:3342H         PUBLIC        ?C?LLDXDATA0
  -------         ENDMOD        ?C?LLDXDATA0

  -------         MODULE        ?C?LLDCODE0
  C:334EH         PUBLIC        ?C?LLDCODE0
  -------         ENDMOD        ?C?LLDCODE0

  -------         MODULE        ?C?LSTXDATA
  C:335EH         PUBLIC        ?C?LSTXDATA
  -------         ENDMOD        ?C?LSTXDATA

  -------         MODULE        ?C?LSTKXDATA
  C:336AH         PUBLIC        ?C?LSTKXDATA
  -------         ENDMOD        ?C?LSTKXDATA

  -------         MODULE        ?C?PLDIXDATA
  C:339BH         PUBLIC        ?C?PLDIXDATA
  -------         ENDMOD        ?C?PLDIXDATA

  -------         MODULE        ?C?PSTXDATA
  C:33B2H         PUBLIC        ?C?PSTXDATA
  -------         ENDMOD        ?C?PSTXDATA

  -------         MODULE        ?C?CCASE
  C:33BBH         PUBLIC        ?C?CCASE
  -------         ENDMOD        ?C?CCASE

  -------         MODULE        ?C?LIMUL
  C:33E1H         PUBLIC        ?C?LIMUL
  -------         ENDMOD        ?C?LIMUL

  -------         MODULE        PUTCHAR
  C:9BC9H         PUBLIC        _PUTCHAR
  -------         ENDMOD        PUTCHAR

  -------         MODULE        STRLEN
  C:000EH         PUBLIC        _STRLEN
  -------         ENDMOD        STRLEN

*** WARNING L16: UNCALLED SEGMENT, IGNORED FOR OVERLAY PROCESS
    SEGMENT: ?PR?_CALENDAR_CIRCLE_CLOCK_SHOWNUM?MAIN

*** WARNING L16: UNCALLED SEGMENT, IGNORED FOR OVERLAY PROCESS
    SEGMENT: ?PR?_DELAY_US?PUBLIC

*** WARNING L16: UNCALLED SEGMENT, IGNORED FOR OVERLAY PROCESS
    SEGMENT: ?PR?_UART_CMD?UART

*** WARNING L16: UNCALLED SEGMENT, IGNORED FOR OVERLAY PROCESS
    SEGMENT: ?PR?_UART_SENDSTRING?UART

*** WARNING L16: UNCALLED SEGMENT, IGNORED FOR OVERLAY PROCESS
BL51 BANKED LINKER/LOCATER V6.22                                                      11/12/2018  16:05:53  PAGE 56


    SEGMENT: ?PR?_LCD_COLOR_FILL?TFTLCD

*** WARNING L16: UNCALLED SEGMENT, IGNORED FOR OVERLAY PROCESS
    SEGMENT: ?PR?_LCD_DRAWBIGPOINT?TFTLCD

*** WARNING L16: UNCALLED SEGMENT, IGNORED FOR OVERLAY PROCESS
    SEGMENT: ?PR?_LCD_DRAWLINE_COLOR?TFTLCD

*** WARNING L16: UNCALLED SEGMENT, IGNORED FOR OVERLAY PROCESS
    SEGMENT: ?PR?_LCD_DROWSIGN?TFTLCD

*** WARNING L16: UNCALLED SEGMENT, IGNORED FOR OVERLAY PROCESS
    SEGMENT: ?PR?_LCD_DRAWRECTANGLE?TFTLCD

*** WARNING L16: UNCALLED SEGMENT, IGNORED FOR OVERLAY PROCESS
    SEGMENT: ?PR?_LCD_SHOWNUM?TFTLCD

*** WARNING L16: UNCALLED SEGMENT, IGNORED FOR OVERLAY PROCESS
    SEGMENT: ?PR?_LCD_SHOWFONTHZ?TFTLCD

*** WARNING L16: UNCALLED SEGMENT, IGNORED FOR OVERLAY PROCESS
    SEGMENT: ?PR?_LCD_SHOWPICTURE?TFTLCD

*** WARNING L16: UNCALLED SEGMENT, IGNORED FOR OVERLAY PROCESS
    SEGMENT: ?PR?TOUCH_SCAN?TOUCH

*** WARNING L16: UNCALLED SEGMENT, IGNORED FOR OVERLAY PROCESS
    SEGMENT: ?PR?_GUI_COLOR_CHG?GUI

*** WARNING L16: UNCALLED SEGMENT, IGNORED FOR OVERLAY PROCESS
    SEGMENT: ?PR?_GUI_RGB332TORGB565?GUI

*** WARNING L16: UNCALLED SEGMENT, IGNORED FOR OVERLAY PROCESS
    SEGMENT: ?PR?_GUI_DISABS?GUI

*** WARNING L16: UNCALLED SEGMENT, IGNORED FOR OVERLAY PROCESS
    SEGMENT: ?PR?_GUI_DRAW_POINT?GUI

*** WARNING L16: UNCALLED SEGMENT, IGNORED FOR OVERLAY PROCESS
    SEGMENT: ?PR?_GUI_ALPHABLEND_AREA?GUI

*** WARNING L16: UNCALLED SEGMENT, IGNORED FOR OVERLAY PROCESS
    SEGMENT: ?PR?_GUI_DRAW_BLINE?GUI

*** WARNING L16: UNCALLED SEGMENT, IGNORED FOR OVERLAY PROCESS
    SEGMENT: ?PR?_GUI_FILL_COLORBLOCK?GUI

*** WARNING L16: UNCALLED SEGMENT, IGNORED FOR OVERLAY PROCESS
    SEGMENT: ?PR?_GUI_DRAW_SMOOTH_RECTANGLE?GUI

*** WARNING L16: UNCALLED SEGMENT, IGNORED FOR OVERLAY PROCESS
    SEGMENT: ?PR?_GUI_DRAW_RECTANGLE?GUI

*** WARNING L16: UNCALLED SEGMENT, IGNORED FOR OVERLAY PROCESS
    SEGMENT: ?PR?_GUI_DRAW_ARCRECTANGLE?GUI

*** WARNING L16: UNCALLED SEGMENT, IGNORED FOR OVERLAY PROCESS
BL51 BANKED LINKER/LOCATER V6.22                                                      11/12/2018  16:05:53  PAGE 57


    SEGMENT: ?PR?_GUI_DRAW_ELLIPSE?GUI

*** WARNING L16: UNCALLED SEGMENT, IGNORED FOR OVERLAY PROCESS
    SEGMENT: ?PR?_GUI_FILL_ELLIPSE?GUI

*** WARNING L16: UNCALLED SEGMENT, IGNORED FOR OVERLAY PROCESS
    SEGMENT: ?PR?_GUI_SHOW_STRMID?GUI

*** WARNING L16: UNCALLED SEGMENT, IGNORED FOR OVERLAY PROCESS
    SEGMENT: ?PR?_GUI_SHOW_STRMIDEX?GUI

*** WARNING L16: UNCALLED SEGMENT, IGNORED FOR OVERLAY PROCESS
    SEGMENT: ?PR?_GUI_SHOW_NUM?GUI

*** WARNING L16: UNCALLED SEGMENT, IGNORED FOR OVERLAY PROCESS
    SEGMENT: ?PR?_GUI_NUM2STR?GUI

*** WARNING L16: UNCALLED SEGMENT, IGNORED FOR OVERLAY PROCESS
    SEGMENT: ?PR?_GUI_NUM2STREX?GUI

*** WARNING L16: UNCALLED SEGMENT, IGNORED FOR OVERLAY PROCESS
    SEGMENT: ?PR?_GUI_SHOW_PTSTRWHITERIM?GUI

*** WARNING L16: UNCALLED SEGMENT, IGNORED FOR OVERLAY PROCESS
    SEGMENT: ?PR?_GUI_GET_STRINGLINE?GUI

*** WARNING L16: UNCALLED SEGMENT, IGNORED FOR OVERLAY PROCESS
    SEGMENT: ?PR?_GUI_SHOW_STRING?GUI

*** WARNING L16: UNCALLED SEGMENT, IGNORED FOR OVERLAY PROCESS
    SEGMENT: ?PR?_GUI_SHOW_STRINGEX?GUI

Program Size: data=15.1 xdata=953 code=40177
LINK/LOCATE RUN COMPLETE.  34 WARNING(S),  0 ERROR(S)
