BL51 BANKED LINKER/LOCATER V6.22                                                        11/07/2018  16:17:49  PAGE 1


BL51 BANKED LINKER/LOCATER V6.22, INVOKED BY:
J:\MDK4\C51\BIN\BL51.EXE .\output\main.obj, .\output\public.obj, .\output\uart.obj, .\output\tftlcd.obj, .\output\touch.
>> obj, .\output\gui.obj TO .\output\template PRINT (.\output\template.m51) RAMSIZE (256)


MEMORY MODEL: LARGE


INPUT MODULES INCLUDED:
  .\output\main.obj (MAIN)
  .\output\public.obj (PUBLIC)
  .\output\uart.obj (UART)
  .\output\tftlcd.obj (TFTLCD)
  .\output\touch.obj (TOUCH)
  .\output\gui.obj (GUI)
  J:\MDK4\C51\LIB\C51L.LIB (?C_STARTUP)
  J:\MDK4\C51\LIB\C51L.LIB (?C?CLDPTR)
  J:\MDK4\C51\LIB\C51L.LIB (?C?CLDOPTR)
  J:\MDK4\C51\LIB\C51L.LIB (?C?CSTPTR)
  J:\MDK4\C51\LIB\C51L.LIB (?C?IMUL)
  J:\MDK4\C51\LIB\C51L.LIB (?C?UIDIV)
  J:\MDK4\C51\LIB\C51L.LIB (?C?IILDX)
  J:\MDK4\C51\LIB\C51L.LIB (?C?ILDIX)
  J:\MDK4\C51\LIB\C51L.LIB (?C?ILDOPTR)
  J:\MDK4\C51\LIB\C51L.LIB (?C?ISTOPTR)
  J:\MDK4\C51\LIB\C51L.LIB (?C?LMUL)
  J:\MDK4\C51\LIB\C51L.LIB (?C?ULDIV)
  J:\MDK4\C51\LIB\C51L.LIB (?C?SLDIV)
  J:\MDK4\C51\LIB\C51L.LIB (?C?SLCMP)
  J:\MDK4\C51\LIB\C51L.LIB (?C?ULCMP)
  J:\MDK4\C51\LIB\C51L.LIB (?C?ULSHR)
  J:\MDK4\C51\LIB\C51L.LIB (?C?LSTXDATA)
  J:\MDK4\C51\LIB\C51L.LIB (?C?LSTKXDATA)
  J:\MDK4\C51\LIB\C51L.LIB (?C?LIMUL)
  J:\MDK4\C51\LIB\C51L.LIB (PRINTF)
  J:\MDK4\C51\LIB\C51L.LIB (STRLEN)
  J:\MDK4\C51\LIB\C51L.LIB (?C_INIT)
  J:\MDK4\C51\LIB\C51L.LIB (?C?PLDIXDATA)
  J:\MDK4\C51\LIB\C51L.LIB (?C?PSTXDATA)
  J:\MDK4\C51\LIB\C51L.LIB (?C?CCASE)
  J:\MDK4\C51\LIB\C51L.LIB (PUTCHAR)


LINK MAP OF MODULE:  .\output\template (MAIN)


            TYPE    BASE      LENGTH    RELOCATION   SEGMENT NAME
            -----------------------------------------------------

            * * * * * * *   D A T A   M E M O R Y   * * * * * * *
            REG     0000H     0008H     ABSOLUTE     "REG BANK 0"
            DATA    0008H     0005H     UNIT         _DATA_GROUP_
                    000DH     0013H                  *** GAP ***
            BIT     0020H.0   0001H.1   UNIT         _BIT_GROUP_
                    0021H.1   0000H.7                *** GAP ***
            IDATA   0022H     0001H     UNIT         ?STACK

            * * * * * * *  X D A T A   M E M O R Y  * * * * * * *
BL51 BANKED LINKER/LOCATER V6.22                                                      11/07/2018  16:17:49  PAGE 2


            XDATA   0000H     0034H     UNIT         ?XD?UART
            XDATA   0034H     0028H     UNIT         _XDATA_GROUP_
            XDATA   005CH     0024H     UNIT         ?XD?_GUI_DRAW_ELLIPSE?GUI
            XDATA   0080H     0022H     UNIT         ?XD?_GUI_FILL_ELLIPSE?GUI
            XDATA   00A2H     001FH     UNIT         ?XD?_GUI_DRAW_BLINE?GUI
            XDATA   00C1H     001FH     UNIT         ?XD?_GUI_DRAW_BLINE1?GUI
            XDATA   00E0H     001EH     UNIT         ?XD?_LCD_DRAWLINE_COLOR?TFTLCD
            XDATA   00FEH     001EH     UNIT         ?XD?_GUI_DRAW_LINE?GUI
            XDATA   011CH     001EH     UNIT         ?XD?_GUI_SMOOTH_COLOR?GUI
            XDATA   013AH     001CH     UNIT         ?XD?_LCD_DRAWLINE?TFTLCD
            XDATA   0156H     001AH     UNIT         ?XD?_TOUCH_XPT_READDATA?TOUCH
            XDATA   0170H     0019H     UNIT         ?XD?_GUI_DRAW_ARC?GUI
            XDATA   0189H     0019H     UNIT         ?XD?_GUI_SHOW_PTCHAR?GUI
            XDATA   01A2H     0018H     UNIT         ?XD?_GUI_FILL_CIRCLE?GUI
            XDATA   01BAH     0017H     UNIT         ?XD?_GUI_DRAW_SMOOTH_RECTANGLE?GUI
            XDATA   01D1H     0016H     UNIT         ?XD?_GUI_SHOW_STRING?GUI
            XDATA   01E7H     0015H     UNIT         ?XD?_LCD_SHOWPICTURE?TFTLCD
            XDATA   01FCH     0013H     UNIT         ?XD?_LCD_COLOR_FILL?TFTLCD
            XDATA   020FH     0013H     UNIT         ?XD?_GUI_SHOW_PTSTR?GUI
            XDATA   0222H     0012H     UNIT         ?XD?_GUI_DRAW_CIRCLE8?GUI
            XDATA   0234H     0012H     UNIT         ?XD?_GUI_SHOW_STRMID?GUI
            XDATA   0246H     0012H     UNIT         ?XD?_GUI_SHOW_PTSTRWHITERIM?GUI
            XDATA   0258H     0011H     UNIT         ?XD?_GUI_ALPHABLEND_AREA?GUI
            XDATA   0269H     0010H     UNIT         ?XD?_GUI_DRAW_ARCRECTANGLE?GUI
            XDATA   0279H     0010H     UNIT         ?XD?_GUI_DRAW_EXPOINT?GUI
            XDATA   0289H     0010H     UNIT         ?XD?_GUI_SHOW_NUM?GUI
            XDATA   0299H     000EH     UNIT         ?XD?_LCD_SHOWXNUM?TFTLCD
            XDATA   02A7H     000EH     UNIT         ?XD?_GUI_DRAW_BIGPOINT?GUI
            XDATA   02B5H     000EH     UNIT         ?XD?_GUI_FILL_COLORBLOCK?GUI
            XDATA   02C3H     000DH     UNIT         ?XD?_LCD_SHOWNUM?TFTLCD
            XDATA   02D0H     000DH     UNIT         ?XD?_LCD_SHOWSTRING?TFTLCD
            XDATA   02DDH     000DH     UNIT         ?XD?TOUCH
            XDATA   02EAH     000DH     UNIT         ?XD?_GUI_ALPHA_BLEND565?GUI
            XDATA   02F7H     000CH     UNIT         ?XD?_LCD_FILL?TFTLCD
            XDATA   0303H     000CH     UNIT         ?XD?_LCD_SHOWCHAR?TFTLCD
            XDATA   030FH     000CH     UNIT         ?XD?_GUI_GET_STRINGLINE?GUI
            XDATA   031BH     000BH     UNIT         ?XD?TFTLCD
            XDATA   0326H     000AH     UNIT         ?XD?_LCD_DRAW_CIRCLE?TFTLCD
            XDATA   0330H     000AH     UNIT         ?XD?TOUCH_XPT_READXY?TOUCH
            XDATA   033AH     000AH     UNIT         ?XD?_GUI_DRAW_RECTANGLE?GUI
            XDATA   0344H     000AH     UNIT         ?XD?_GUI_FILL_RECTANGLE?GUI
            XDATA   034EH     0009H     UNIT         ?XD?_GUI_NUM2STR?GUI
            XDATA   0357H     0008H     UNIT         ?XD?_LCD_READPOINT?TFTLCD
            XDATA   035FH     0008H     UNIT         ?XD?_LCD_DRAWRECTANGLE?TFTLCD
            XDATA   0367H     0008H     UNIT         ?XD?_GUI_COLOR_CHG?GUI
            XDATA   036FH     0008H     UNIT         ?XD?_GUI_DISABS?GUI
            XDATA   0377H     0008H     UNIT         ?XD?_GUI_DRAW_VLINE?GUI
            XDATA   037FH     0008H     UNIT         ?XD?_GUI_DRAW_HLINE?GUI
            XDATA   0387H     0006H     UNIT         ?XD?_LCD_DRAWFRONT_COLOR?TFTLCD
            XDATA   038DH     0006H     UNIT         ?XD?_LCD_DRAWBIGPOINT?TFTLCD
            XDATA   0393H     0006H     UNIT         ?XD?_LCD_DROWSIGN?TFTLCD
            XDATA   0399H     0006H     UNIT         ?XD?_LCD_POW?TFTLCD
            XDATA   039FH     0006H     UNIT         ?XD?_GUI_POW?GUI
            XDATA   03A5H     0005H     UNIT         ?XD?TOUCH_SCAN?TOUCH
            XDATA   03AAH     0004H     UNIT         ?XD?_GUI_DRAW_POINT?GUI
            XDATA   03AEH     0003H     UNIT         ?XD?_UART_SENDSTRING?UART
            XDATA   03B1H     0002H     UNIT         ?XD?TOUCH_SPI_READ?TOUCH
BL51 BANKED LINKER/LOCATER V6.22                                                      11/07/2018  16:17:49  PAGE 3



            * * * * * * *   C O D E   M E M O R Y   * * * * * * *
            CODE    0000H     0003H     ABSOLUTE     
            CODE    0003H     001FH     UNIT         ?PR?_DELAY?TFTLCD
                    0022H     0001H                  *** GAP ***
            CODE    0023H     0003H     ABSOLUTE     
            CODE    0026H     1BF3H     UNIT         ?CO?TFTLCD
            CODE    1C19H     06B3H     UNIT         ?PR?_GUI_DRAW_ARCRECTANGLE?GUI
            CODE    22CCH     0404H     UNIT         ?PR?_GUI_DRAW_ELLIPSE?GUI
            CODE    26D0H     03CAH     UNIT         ?PR?_GUI_DRAW_BLINE1?GUI
            CODE    2A9AH     03A0H     UNIT         ?PR?_GUI_FILL_CIRCLE?GUI
            CODE    2E3AH     0365H     UNIT         ?PR?PRINTF?PRINTF
            CODE    319FH     0357H     UNIT         ?C?LIB_CODE
            CODE    34F6H     0271H     UNIT         ?PR?_GUI_DRAW_CIRCLE8?GUI
            CODE    3767H     026CH     UNIT         ?PR?_GUI_DRAW_BLINE?GUI
            CODE    39D3H     025CH     UNIT         ?PR?_GUI_FILL_ELLIPSE?GUI
            CODE    3C2FH     024EH     UNIT         ?PR?_GUI_SHOW_PTCHAR?GUI
            CODE    3E7DH     024BH     UNIT         ?PR?_GUI_SHOW_PTSTR?GUI
            CODE    40C8H     0249H     UNIT         ?PR?TFTLCD_INIT?TFTLCD
            CODE    4311H     022BH     UNIT         ?PR?_GUI_SHOW_STRING?GUI
            CODE    453CH     01F3H     UNIT         ?PR?_GUI_DRAW_LINE?GUI
            CODE    472FH     01EFH     UNIT         ?PR?_LCD_DRAWLINE?TFTLCD
            CODE    491EH     01EDH     UNIT         ?PR?_LCD_DRAWLINE_COLOR?TFTLCD
            CODE    4B0BH     01E9H     UNIT         ?PR?_GUI_SMOOTH_COLOR?GUI
            CODE    4CF4H     01D8H     UNIT         ?PR?_LCD_DRAW_CIRCLE?TFTLCD
            CODE    4ECCH     01D7H     UNIT         ?PR?_GUI_DRAW_ARC?GUI
            CODE    50A3H     01C3H     UNIT         ?PR?_GUI_SHOW_NUM?GUI
            CODE    5266H     0187H     UNIT         ?PR?_TOUCH_XPT_READDATA?TOUCH
            CODE    53EDH     017CH     UNIT         ?PR?_GUI_GET_STRINGLINE?GUI
            CODE    5569H     0178H     UNIT         ?PR?_LCD_SHOWCHAR?TFTLCD
            CODE    56E1H     0148H     UNIT         ?PR?_GUI_SHOW_STRMID?GUI
            CODE    5829H     0147H     UNIT         ?PR?_GUI_FILL_COLORBLOCK?GUI
            CODE    5970H     0140H     UNIT         ?PR?TOUCH_SCAN?TOUCH
            CODE    5AB0H     012DH     UNIT         ?PR?_LCD_SHOWPICTURE?TFTLCD
            CODE    5BDDH     012BH     UNIT         ?PR?_LCD_SHOWFONTHZ?TFTLCD
            CODE    5D08H     0129H     UNIT         ?PR?_LCD_SHOWXNUM?TFTLCD
            CODE    5E31H     0114H     UNIT         ?PR?TOUCH_XPT_READXY?TOUCH
            CODE    5F45H     010CH     UNIT         ?PR?_GUI_DRAW_SMOOTH_RECTANGLE?GUI
            CODE    6051H     00F8H     UNIT         ?PR?_LCD_COLOR_FILL?TFTLCD
            CODE    6149H     00F7H     UNIT         ?PR?_GUI_ALPHABLEND_AREA?GUI
            CODE    6240H     00F4H     UNIT         ?PR?_GUI_DRAW_BIGPOINT?GUI
            CODE    6334H     00EDH     UNIT         ?PR?_GUI_ALPHA_BLEND565?GUI
            CODE    6421H     00E5H     UNIT         ?PR?_LCD_SHOWSTRING?TFTLCD
            CODE    6506H     00DCH     UNIT         ?PR?_LCD_SHOWNUM?TFTLCD
            CODE    65E2H     00D8H     UNIT         ?PR?_LCD_DROWSIGN?TFTLCD
            CODE    66BAH     00D2H     UNIT         ?PR?_GUI_SHOW_PTSTRWHITERIM?GUI
            CODE    678CH     00D0H     UNIT         ?PR?_LCD_FILL?TFTLCD
            CODE    685CH     00CFH     UNIT         ?PR?_LCD_READPOINT?TFTLCD
            CODE    692BH     00C8H     UNIT         ?PR?_GUI_DRAW_RECTANGLE?GUI
            CODE    69F3H     00C1H     UNIT         ?PR?_GUI_DRAW_EXPOINT?GUI
            CODE    6AB4H     00AAH     UNIT         ?PR?_LCD_DRAWRECTANGLE?TFTLCD
            CODE    6B5EH     00AAH     UNIT         ?PR?_GUI_NUM2STR?GUI
            CODE    6C08H     0096H     UNIT         ?PR?_GUI_DRAW_VLINE?GUI
            CODE    6C9EH     0091H     UNIT         ?PR?_LCD_SET_WINDOW?TFTLCD
            CODE    6D2FH     008CH     UNIT         ?C_C51STARTUP
            CODE    6DBBH     008AH     UNIT         ?PR?_GUI_FILL_RECTANGLE?GUI
            CODE    6E45H     0087H     UNIT         ?PR?UART_IRQN?UART
BL51 BANKED LINKER/LOCATER V6.22                                                      11/07/2018  16:17:49  PAGE 4


            CODE    6ECCH     0081H     UNIT         ?PR?_LCD_CLEAR?TFTLCD
            CODE    6F4DH     0080H     UNIT         ?PR?_GUI_COLOR_CHG?GUI
            CODE    6FCDH     007BH     UNIT         ?PR?_GUI_DRAW_HLINE?GUI
            CODE    7048H     0073H     UNIT         ?PR?_LCD_DRAWBIGPOINT?TFTLCD
            CODE    70BBH     006BH     UNIT         ?PR?_GUI_DISABS?GUI
            CODE    7126H     0052H     UNIT         ?PR?_LCD_DISPLAY_DIR?TFTLCD
            CODE    7178H     0050H     UNIT         ?PR?_LCD_POW?TFTLCD
            CODE    71C8H     004BH     UNIT         ?PR?HZFONTSHOW_TEST?MAIN
            CODE    7213H     0049H     UNIT         ?PR?_GUI_POW?GUI
            CODE    725CH     0048H     UNIT         ?PR?_LCD_DRAWFRONT_COLOR?TFTLCD
            CODE    72A4H     0044H     UNIT         ?C?LDIV
            CODE    72E8H     0040H     UNIT         ?PR?_LCD_DRAWPOINT?TFTLCD
            CODE    7328H     003CH     UNIT         ?PR?_GUI_RGB332TORGB565?GUI
            CODE    7364H     003CH     UNIT         ?PR?_GUI_DRAW_POINT?GUI
            CODE    73A0H     003BH     UNIT         ?PR?TOUCH_SPI_READ?TOUCH
            CODE    73DBH     0033H     UNIT         ?PR?_UART_SENDSTRING?UART
            CODE    740EH     002EH     UNIT         ?PR?_LCD_WRITEDATA?TFTLCD
            CODE    743CH     0029H     UNIT         ?PR?_LCD_WRITECMD?TFTLCD
            CODE    7465H     0029H     UNIT         ?PR?_LCD_WRITEDATA_COLOR?TFTLCD
            CODE    748EH     0027H     UNIT         ?PR?PUTCHAR?PUTCHAR
            CODE    74B5H     001FH     UNIT         ?PR?LCD_READDATA?TFTLCD
            CODE    74D4H     001EH     UNIT         ?PR?_DELAY_MS?PUBLIC
            CODE    74F2H     001DH     UNIT         ?PR?_TOUCH_SPI_WRITE?TOUCH
            CODE    750FH     0016H     UNIT         ?PR?UART_INIT?UART
            CODE    7525H     0015H     UNIT         ?PR?_STRLEN?STRLEN
            CODE    753AH     0014H     UNIT         ?PR?_LCD_WRITECMDDATA?TFTLCD
            CODE    754EH     0010H     UNIT         ?C_INITSEG
            CODE    755EH     000EH     UNIT         ?PR?_UART_SENDDATA?UART
            CODE    756CH     000BH     UNIT         ?PR?MAIN?MAIN
            CODE    7577H     000BH     UNIT         ?PR?_DELAY_10US?PUBLIC
            CODE    7582H     000BH     UNIT         ?PR?TOUCH_SPI_START?TOUCH
            CODE    758DH     0009H     UNIT         ?CO?MAIN
            CODE    7596H     0006H     UNIT         ?PR?_UART_CMD?UART



OVERLAY MAP OF MODULE:   .\output\template (MAIN)


SEGMENT                                       BIT_GROUP          DATA_GROUP          XDATA_GROUP
  +--> CALLED SEGMENT                      START    LENGTH     START    LENGTH     START    LENGTH
--------------------------------------------------------------------------------------------------
?C_C51STARTUP                              -----    -----      -----    -----      -----    -----
  +--> ?PR?MAIN?MAIN
  +--> ?C_INITSEG

?PR?MAIN?MAIN                              -----    -----      -----    -----      -----    -----
  +--> ?PR?UART_INIT?UART
  +--> ?PR?TFTLCD_INIT?TFTLCD
  +--> ?PR?HZFONTSHOW_TEST?MAIN

?PR?TFTLCD_INIT?TFTLCD                     -----    -----      -----    -----      -----    -----
  +--> ?PR?_DELAY_MS?PUBLIC
  +--> ?PR?_LCD_WRITECMD?TFTLCD
  +--> ?PR?LCD_READDATA?TFTLCD
  +--> ?CO?TFTLCD
  +--> ?PR?PRINTF?PRINTF
BL51 BANKED LINKER/LOCATER V6.22                                                      11/07/2018  16:17:49  PAGE 5


  +--> ?PR?_LCD_WRITEDATA?TFTLCD
  +--> ?PR?_DELAY_10US?PUBLIC
  +--> ?PR?_DELAY?TFTLCD
  +--> ?PR?_LCD_DISPLAY_DIR?TFTLCD
  +--> ?PR?_LCD_CLEAR?TFTLCD

?PR?PRINTF?PRINTF                          0020H.0  0001H.1    0008H    0005H      0034H    0028H
  +--> ?PR?PUTCHAR?PUTCHAR

?PR?_LCD_WRITEDATA?TFTLCD                  -----    -----      -----    -----      -----    -----
  +--> ?PR?_LCD_WRITECMD?TFTLCD

?PR?_LCD_DISPLAY_DIR?TFTLCD                -----    -----      -----    -----      -----    -----
  +--> ?PR?_LCD_WRITECMDDATA?TFTLCD

?PR?_LCD_WRITECMDDATA?TFTLCD               -----    -----      -----    -----      -----    -----
  +--> ?PR?_LCD_WRITECMD?TFTLCD
  +--> ?PR?_LCD_WRITEDATA?TFTLCD

?PR?_LCD_CLEAR?TFTLCD                      -----    -----      -----    -----      0034H    0004H
  +--> ?PR?_LCD_SET_WINDOW?TFTLCD
  +--> ?PR?_LCD_WRITEDATA_COLOR?TFTLCD

?PR?_LCD_SET_WINDOW?TFTLCD                 -----    -----      -----    -----      003EH    0008H
  +--> ?PR?_LCD_WRITEDATA?TFTLCD
  +--> ?PR?_LCD_WRITECMD?TFTLCD

?PR?HZFONTSHOW_TEST?MAIN                   -----    -----      -----    -----      -----    -----
  +--> ?CO?MAIN
  +--> ?PR?_LCD_SHOWFONTHZ?TFTLCD

?PR?_LCD_SHOWFONTHZ?TFTLCD                 -----    -----      -----    -----      0034H    000AH
  +--> ?PR?_LCD_SET_WINDOW?TFTLCD
  +--> ?CO?TFTLCD
  +--> ?PR?_LCD_WRITEDATA_COLOR?TFTLCD



SYMBOL TABLE OF MODULE:  .\output\template (MAIN)

  VALUE           TYPE          NAME
  ----------------------------------

  -------         MODULE        MAIN
  C:0000H         SYMBOL        _ICE_DUMMY_
  D:0090H         PUBLIC        P1
  D:00A0H         PUBLIC        P2
  D:00B0H         PUBLIC        P3
  D:00A8H         PUBLIC        IE
  D:00B8H         PUBLIC        IP
  C:756CH         PUBLIC        main
  D:0098H         PUBLIC        SCON
  D:0088H         PUBLIC        TCON
  C:71C8H         PUBLIC        HZFontShow_Test
  D:00C8H         PUBLIC        T2CON
  D:00D0H         PUBLIC        PSW
  -------         PROC          HZFONTSHOW_TEST
BL51 BANKED LINKER/LOCATER V6.22                                                      11/07/2018  16:17:49  PAGE 6


  C:71C8H         LINE#         10
  C:71C8H         LINE#         11
  C:71C8H         LINE#         12
  C:71D1H         LINE#         13
  C:71E0H         LINE#         14
  C:71E8H         LINE#         15
  C:71F8H         LINE#         16
  C:7202H         LINE#         17
  -------         ENDPROC       HZFONTSHOW_TEST
  -------         PROC          MAIN
  C:756CH         LINE#         20
  C:756CH         LINE#         21
  C:756CH         LINE#         23
  C:756FH         LINE#         24
  C:7572H         LINE#         26
  C:7575H         LINE#         28
  C:7575H         LINE#         29
  C:7575H         LINE#         31
  -------         ENDPROC       MAIN
  -------         ENDMOD        MAIN

  -------         MODULE        PUBLIC
  C:0000H         SYMBOL        _ICE_DUMMY_
  D:0090H         PUBLIC        P1
  D:00B0H         PUBLIC        P3
  D:00A8H         PUBLIC        IE
  D:00B8H         PUBLIC        IP
  D:0098H         PUBLIC        SCON
  D:0088H         PUBLIC        TCON
  C:7577H         PUBLIC        _delay_10us
  C:74D4H         PUBLIC        _delay_ms
  D:00C8H         PUBLIC        T2CON
  D:00D0H         PUBLIC        PSW
  -------         PROC          _DELAY_10US
  D:0006H         SYMBOL        us
  C:7577H         LINE#         6
  C:7577H         LINE#         7
  C:7577H         LINE#         8
  C:7581H         LINE#         9
  -------         ENDPROC       _DELAY_10US
  -------         PROC          _DELAY_MS
  D:0006H         SYMBOL        ms
  -------         DO            
  D:0006H         SYMBOL        i
  D:0004H         SYMBOL        j
  -------         ENDDO         
  C:74D4H         LINE#         11
  C:74D4H         LINE#         12
  C:74D4H         LINE#         14
  C:74DDH         LINE#         15
  C:74F1H         LINE#         16
  -------         ENDPROC       _DELAY_MS
  -------         ENDMOD        PUBLIC

  -------         MODULE        UART
  C:0000H         SYMBOL        _ICE_DUMMY_
  D:0090H         PUBLIC        P1
BL51 BANKED LINKER/LOCATER V6.22                                                      11/07/2018  16:17:49  PAGE 7


  D:00B0H         PUBLIC        P3
  B:00A8H.7       PUBLIC        EA
  X:0000H         PUBLIC        UART_RX_BUF
  D:00A8H         PUBLIC        IE
  X:0032H         PUBLIC        UART_RX_STA
  B:00A8H.4       PUBLIC        ES
  D:00B8H         PUBLIC        IP
  B:0098H.0       PUBLIC        RI
  B:0098H.1       PUBLIC        TI
  C:73DBH         PUBLIC        _UART_SendString
  C:755EH         PUBLIC        _UART_SendData
  D:0099H         PUBLIC        SBUF
  D:0087H         PUBLIC        PCON
  C:7596H         PUBLIC        _UART_Cmd
  C:750FH         PUBLIC        UART_Init
  D:0098H         PUBLIC        SCON
  D:0089H         PUBLIC        TMOD
  D:0088H         PUBLIC        TCON
  D:008DH         PUBLIC        TH1
  D:008BH         PUBLIC        TL1
  B:0088H.6       PUBLIC        TR1
  D:00C8H         PUBLIC        T2CON
  C:6E45H         PUBLIC        UART_IRQn
  D:00D0H         PUBLIC        PSW
  -------         PROC          UART_INIT
  C:750FH         LINE#         5
  C:750FH         LINE#         6
  C:750FH         LINE#         7
  C:7512H         LINE#         8
  C:7515H         LINE#         9
  C:7518H         LINE#         10
  C:751BH         LINE#         11
  C:751EH         LINE#         13
  C:7520H         LINE#         14
  C:7522H         LINE#         15
  C:7524H         LINE#         16
  -------         ENDPROC       UART_INIT
  -------         PROC          _UART_CMD
  D:0007H         SYMBOL        ensta
  C:7596H         LINE#         18
  C:7596H         LINE#         19
  C:7596H         LINE#         20
  C:759BH         LINE#         21
  -------         ENDPROC       _UART_CMD
  -------         PROC          _UART_SENDDATA
  D:0007H         SYMBOL        dat
  C:755EH         LINE#         23
  C:755EH         LINE#         24
  C:755EH         LINE#         25
  C:7560H         LINE#         26
  C:7562H         LINE#         27
  C:7564H         LINE#         28
  C:7567H         LINE#         29
  C:7569H         LINE#         30
  C:756BH         LINE#         31
  -------         ENDPROC       _UART_SENDDATA
  -------         PROC          _UART_SENDSTRING
BL51 BANKED LINKER/LOCATER V6.22                                                      11/07/2018  16:17:49  PAGE 8


  X:03AEH         SYMBOL        pbuf
  C:73DBH         LINE#         33
  C:73E6H         LINE#         34
  C:73E6H         LINE#         35
  C:73F7H         LINE#         36
  C:73F7H         LINE#         37
  C:73FAH         LINE#         38
  C:7401H         LINE#         39
  C:740BH         LINE#         40
  C:740DH         LINE#         41
  -------         ENDPROC       _UART_SENDSTRING
  -------         PROC          UART_IRQN
  -------         DO            
  D:0007H         SYMBOL        r
  -------         ENDDO         
  C:6E45H         LINE#         51
  C:6E56H         LINE#         55
  C:6E59H         LINE#         56
  C:6E59H         LINE#         57
  C:6E5BH         LINE#         58
  C:6E5DH         LINE#         59
  C:6E66H         LINE#         60
  C:6E66H         LINE#         61
  C:6E69H         LINE#         62
  C:6E69H         LINE#         63
  C:6E73H         LINE#         64
  C:6E76H         LINE#         65
  C:6E78H         LINE#         67
  C:6E78H         LINE#         68
  C:6E88H         LINE#         70
  C:6E88H         LINE#         71
  C:6E9CH         LINE#         72
  C:6EAAH         LINE#         73
  C:6EBDH         LINE#         74
  C:6EBDH         LINE#         75
  C:6EBDH         LINE#         76
  C:6EBDH         LINE#         77
  C:6EBDH         LINE#         78
  -------         ENDPROC       UART_IRQN
  -------         ENDMOD        UART

  -------         MODULE        TFTLCD
  C:0000H         SYMBOL        _ICE_DUMMY_
  D:0080H         PUBLIC        P0
  D:0090H         PUBLIC        P1
  X:031BH         PUBLIC        tftlcd_data
  D:00A0H         PUBLIC        P2
  C:5D08H         PUBLIC        _LCD_ShowxNum
  D:00B0H         PUBLIC        P3
  C:6506H         PUBLIC        _LCD_ShowNum
  D:00A8H         PUBLIC        IE
  C:7126H         PUBLIC        _LCD_Display_Dir
  C:5BDDH         PUBLIC        _LCD_ShowFontHZ
  D:00B8H         PUBLIC        IP
  C:6ECCH         PUBLIC        _LCD_Clear
  C:6051H         PUBLIC        _LCD_Color_Fill
  C:746DH         PUBLIC        _LCD_WriteData_Color
BL51 BANKED LINKER/LOCATER V6.22                                                      11/07/2018  16:17:49  PAGE 9


  C:74B5H         PUBLIC        LCD_ReadData
  C:491EH         PUBLIC        _LCD_DrawLine_Color
  C:7262H         PUBLIC        _LCD_DrawFRONT_COLOR
  D:0098H         PUBLIC        SCON
  D:0088H         PUBLIC        TCON
  C:0A97H         PUBLIC        ascii_2412
  C:0033H         PUBLIC        ascii_1206
  C:5AB0H         PUBLIC        _LCD_ShowPicture
  C:40C8H         PUBLIC        TFTLCD_Init
  C:04A7H         PUBLIC        ascii_1608
  C:678CH         PUBLIC        _LCD_Fill
  C:6CA3H         PUBLIC        _LCD_Set_Window
  C:741BH         PUBLIC        _LCD_WriteData
  C:685CH         PUBLIC        _LCD_ReadPoint
  B:00B0H.3       PUBLIC        TFT_RST
  C:472FH         PUBLIC        _LCD_DrawLine
  C:72FEH         PUBLIC        _LCD_DrawPoint
  C:6421H         PUBLIC        _LCD_ShowString
  C:7540H         PUBLIC        _LCD_WriteCmdData
  C:5569H         PUBLIC        _LCD_ShowChar
  C:7444H         PUBLIC        _LCD_WriteCmd
  C:6AB4H         PUBLIC        _LCD_DrawRectangle
  B:00B0H.2       PUBLIC        TFT_RD
  B:00A0H.7       PUBLIC        TFT_CS
  C:65E2H         PUBLIC        _LCD_DrowSign
  C:7048H         PUBLIC        _LCD_DrawBigPoint
  D:00C8H         PUBLIC        T2CON
  C:717FH         PUBLIC        _LCD_Pow
  X:0322H         PUBLIC        FRONT_COLOR
  C:0003H         PUBLIC        _Delay
  X:0324H         PUBLIC        BACK_COLOR
  B:00A0H.6       PUBLIC        TFT_RS
  B:00A0H.5       PUBLIC        TFT_WR
  C:4CF4H         PUBLIC        _LCD_Draw_Circle
  D:00D0H         PUBLIC        PSW
  C:17F3H         PUBLIC        CnChar32x29
  -------         PROC          _DELAY
  D:0006H         SYMBOL        dly
  -------         DO            
  D:0004H         SYMBOL        i
  D:0002H         SYMBOL        j
  -------         ENDDO         
  C:0003H         LINE#         14
  C:0003H         LINE#         15
  C:0003H         LINE#         18
  C:000DH         LINE#         19
  C:0021H         LINE#         20
  -------         ENDPROC       _DELAY
  -------         PROC          L?0197
  -------         ENDPROC       L?0197
  -------         PROC          _LCD_WRITECMD
  D:0004H         SYMBOL        cmd
  -------         DO            
  D:0007H         SYMBOL        cmdH
  D:0006H         SYMBOL        cmdL
  -------         ENDDO         
  C:7444H         LINE#         23
BL51 BANKED LINKER/LOCATER V6.22                                                      11/07/2018  16:17:49  PAGE 10


  C:7448H         LINE#         24
  C:7448H         LINE#         27
  C:744AH         LINE#         28
  C:744CH         LINE#         31
  C:744EH         LINE#         32
  C:7450H         LINE#         34
  C:7452H         LINE#         35
  C:7454H         LINE#         38
  C:7456H         LINE#         39
  C:7458H         LINE#         41
  C:745AH         LINE#         42
  C:745EH         LINE#         43
  C:7460H         LINE#         44
  C:7462H         LINE#         46
  C:7464H         LINE#         94
  -------         ENDPROC       _LCD_WRITECMD
  C:740EH         SYMBOL        L?0184
  C:7410H         SYMBOL        L?0185
  C:7416H         SYMBOL        L?0186
  -------         PROC          L?0183
  -------         ENDPROC       L?0183
  C:740EH         SYMBOL        L?0184
  C:7410H         SYMBOL        L?0185
  C:7416H         SYMBOL        L?0186
  -------         PROC          _LCD_WRITEDATA
  D:0004H         SYMBOL        dat
  -------         DO            
  D:0007H         SYMBOL        datH
  D:0006H         SYMBOL        datL
  -------         ENDDO         
  C:741BH         LINE#         98
  C:741FH         LINE#         99
  C:741FH         LINE#         102
  C:7421H         LINE#         103
  C:7423H         LINE#         105
  C:7425H         LINE#         106
  C:7427H         LINE#         108
  C:7429H         LINE#         109
  C:742BH         LINE#         112
  C:742DH         LINE#         113
  C:742FH         LINE#         114
  C:7431H         LINE#         116
  C:7435H         LINE#         118
  C:7437H         LINE#         119
  C:7439H         LINE#         121
  C:743BH         LINE#         168
  -------         ENDPROC       _LCD_WRITEDATA
  C:7465H         SYMBOL        L?0191
  C:7468H         SYMBOL        L?0192
  -------         PROC          L?0190
  -------         ENDPROC       L?0190
  C:7465H         SYMBOL        L?0191
  C:7468H         SYMBOL        L?0192
  -------         PROC          _LCD_WRITEDATA_COLOR
  D:0004H         SYMBOL        color
  -------         DO            
  D:0007H         SYMBOL        datH
BL51 BANKED LINKER/LOCATER V6.22                                                      11/07/2018  16:17:49  PAGE 11


  D:0006H         SYMBOL        datL
  -------         ENDDO         
  C:746DH         LINE#         170
  C:7471H         LINE#         171
  C:7471H         LINE#         174
  C:7473H         LINE#         175
  C:7475H         LINE#         177
  C:7477H         LINE#         178
  C:7479H         LINE#         180
  C:747BH         LINE#         181
  C:747DH         LINE#         184
  C:747FH         LINE#         185
  C:7481H         LINE#         186
  C:7483H         LINE#         188
  C:7487H         LINE#         190
  C:7489H         LINE#         191
  C:748BH         LINE#         193
  C:748DH         LINE#         240
  -------         ENDPROC       _LCD_WRITEDATA_COLOR
  -------         PROC          L?0199
  -------         ENDPROC       L?0199
  -------         PROC          _LCD_WRITECMDDATA
  D:0006H         SYMBOL        cmd
  D:0002H         SYMBOL        dat
  C:7540H         LINE#         242
  C:7544H         LINE#         243
  C:7544H         LINE#         244
  C:7547H         LINE#         245
  -------         ENDPROC       _LCD_WRITECMDDATA
  -------         PROC          LCD_READDATA
  -------         DO            
  D:0006H         SYMBOL        ram
  -------         ENDDO         
  C:74B5H         LINE#         250
  C:74B5H         LINE#         251
  C:74B5H         LINE#         254
  C:74B8H         LINE#         255
  C:74BBH         LINE#         259
  C:74BDH         LINE#         260
  C:74BFH         LINE#         261
  C:74C1H         LINE#         262
  C:74C2H         LINE#         263
  C:74C4H         LINE#         264
  C:74C6H         LINE#         266
  C:74C8H         LINE#         267
  C:74CAH         LINE#         268
  C:74CBH         LINE#         269
  C:74CFH         LINE#         270
  C:74D1H         LINE#         271
  C:74D3H         LINE#         325
  C:74D3H         LINE#         326
  -------         ENDPROC       LCD_READDATA
  -------         PROC          _LCD_DISPLAY_DIR
  D:0007H         SYMBOL        dir
  C:7126H         LINE#         330
  C:7126H         LINE#         331
  C:7126H         LINE#         333
BL51 BANKED LINKER/LOCATER V6.22                                                      11/07/2018  16:17:49  PAGE 12


  C:7129H         LINE#         334
  C:7129H         LINE#         336
  C:7132H         LINE#         337
  C:7137H         LINE#         360
  C:7140H         LINE#         361
  C:7149H         LINE#         363
  C:714EH         LINE#         364
  C:714FH         LINE#         366
  C:714FH         LINE#         369
  C:715AH         LINE#         370
  C:715FH         LINE#         394
  C:7168H         LINE#         395
  C:7171H         LINE#         397
  C:7177H         LINE#         398
  C:7177H         LINE#         399
  -------         ENDPROC       _LCD_DISPLAY_DIR
  -------         PROC          TFTLCD_INIT
  C:40C8H         LINE#         402
  C:40C8H         LINE#         403
  C:40C8H         LINE#         404
  C:40CAH         LINE#         405
  C:40D1H         LINE#         407
  C:40D3H         LINE#         408
  C:40DAH         LINE#         410
  C:40DCH         LINE#         411
  C:40E3H         LINE#         414
  C:40E9H         LINE#         415
  C:40F4H         LINE#         437
  C:4105H         LINE#         442
  C:4112H         LINE#         443
  C:4119H         LINE#         444
  C:411EH         LINE#         445
  C:4123H         LINE#         446
  C:4131H         LINE#         447
  C:4138H         LINE#         448
  C:4146H         LINE#         449
  C:4154H         LINE#         450
  C:4162H         LINE#         452
  C:4170H         LINE#         453
  C:417EH         LINE#         454
  C:418CH         LINE#         455
  C:419AH         LINE#         456
  C:41A8H         LINE#         457
  C:41B6H         LINE#         458
  C:41BDH         LINE#         461
  C:41C9H         LINE#         462
  C:41D7H         LINE#         463
  C:41E5H         LINE#         465
  C:41F3H         LINE#         466
  C:4201H         LINE#         467
  C:420EH         LINE#         468
  C:421CH         LINE#         470
  C:4229H         LINE#         471
  C:4236H         LINE#         472
  C:4243H         LINE#         485
  C:4250H         LINE#         486
  C:425EH         LINE#         487
BL51 BANKED LINKER/LOCATER V6.22                                                      11/07/2018  16:17:49  PAGE 13


  C:426BH         LINE#         488
  C:4279H         LINE#         490
  C:4287H         LINE#         491
  C:4294H         LINE#         493
  C:42A1H         LINE#         494
  C:42AFH         LINE#         495
  C:42BDH         LINE#         496
  C:42CBH         LINE#         497
  C:42D9H         LINE#         498
  C:42E7H         LINE#         500
  C:42F5H         LINE#         501
  C:42FCH         LINE#         505
  C:4301H         LINE#         750
  C:4306H         LINE#         751
  -------         ENDPROC       TFTLCD_INIT
  C:6C9EH         SYMBOL        L?0194
  -------         PROC          L?0193
  -------         ENDPROC       L?0193
  C:6C9EH         SYMBOL        L?0194
  -------         PROC          _LCD_SET_WINDOW
  X:003EH         SYMBOL        sx
  X:0040H         SYMBOL        sy
  D:0002H         SYMBOL        width
  X:0044H         SYMBOL        height
  C:6CA3H         LINE#         758
  C:6CB1H         LINE#         759
  C:6CB1H         LINE#         761
  C:6CB7H         LINE#         762
  C:6CB7H         LINE#         763
  C:6CBAH         LINE#         764
  C:6CBDH         LINE#         765
  C:6CC4H         LINE#         766
  C:6CCBH         LINE#         767
  C:6CD2H         LINE#         768
  C:6CD6H         LINE#         769
  C:6CDDH         LINE#         770
  C:6CE3H         LINE#         772
  C:6CE5H         LINE#         773
  C:6CE8H         LINE#         774
  C:6CEAH         LINE#         775
  C:6CEAH         LINE#         777
  C:6CEAH         LINE#         779
  C:6CECH         LINE#         781
  C:6CECH         LINE#         782
  C:6CEEH         LINE#         783
  C:6CF1H         LINE#         784
  C:6CF8H         LINE#         785
  C:6CFFH         LINE#         786
  C:6D06H         LINE#         787
  C:6D0AH         LINE#         788
  C:6D11H         LINE#         789
  C:6D17H         LINE#         791
  C:6D19H         LINE#         792
  C:6D1CH         LINE#         793
  C:6D23H         LINE#         794
  C:6D27H         LINE#         796
  C:6D2EH         LINE#         797
BL51 BANKED LINKER/LOCATER V6.22                                                      11/07/2018  16:17:49  PAGE 14


  C:6D2EH         LINE#         904
  -------         ENDPROC       _LCD_SET_WINDOW
  -------         PROC          _LCD_READPOINT
  X:0357H         SYMBOL        x
  X:0359H         SYMBOL        y
  -------         DO            
  D:0004H         SYMBOL        r
  X:035BH         SYMBOL        g
  X:035DH         SYMBOL        b
  D:0002H         SYMBOL        dat
  -------         ENDDO         
  C:685CH         LINE#         909
  C:686AH         LINE#         910
  C:686AH         LINE#         911
  C:6876H         LINE#         912
  C:68A4H         LINE#         913
  C:68C7H         LINE#         919
  C:68CEH         LINE#         920
  C:68D5H         LINE#         923
  C:68E4H         LINE#         924
  C:68F9H         LINE#         925
  C:68FFH         LINE#         926
  C:6925H         LINE#         928
  C:6927H         LINE#         959
  C:692AH         LINE#         960
  -------         ENDPROC       _LCD_READPOINT
  -------         PROC          _LCD_CLEAR
  X:0034H         SYMBOL        color
  -------         DO            
  D:0002H         SYMBOL        i
  X:0036H         SYMBOL        j
  -------         ENDDO         
  C:6ECCH         LINE#         964
  C:6ED4H         LINE#         965
  C:6ED4H         LINE#         966
  C:6ED9H         LINE#         968
  C:6F03H         LINE#         969
  C:6F13H         LINE#         970
  C:6F13H         LINE#         971
  C:6F2FH         LINE#         972
  C:6F2FH         LINE#         973
  C:6F35H         LINE#         974
  C:6F45H         LINE#         975
  C:6F4CH         LINE#         976
  -------         ENDPROC       _LCD_CLEAR
  -------         PROC          _LCD_FILL
  X:02F7H         SYMBOL        xState
  X:02F9H         SYMBOL        yState
  X:02FBH         SYMBOL        xEnd
  X:02FDH         SYMBOL        yEnd
  X:02FFH         SYMBOL        color
  -------         DO            
  X:0301H         SYMBOL        temp
  -------         ENDDO         
  C:678CH         LINE#         981
  C:67A4H         LINE#         982
  C:67A4H         LINE#         983
BL51 BANKED LINKER/LOCATER V6.22                                                      11/07/2018  16:17:49  PAGE 15


  C:67ABH         LINE#         985
  C:67CDH         LINE#         986
  C:67CDH         LINE#         988
  C:67CDH         LINE#         989
  C:67E8H         LINE#         990
  C:6809H         LINE#         991
  C:6828H         LINE#         993
  C:6836H         LINE#         994
  C:6836H         LINE#         995
  C:6845H         LINE#         996
  C:6853H         LINE#         997
  C:6853H         LINE#         998
  C:6859H         LINE#         999
  C:685BH         LINE#         1000
  C:685BH         LINE#         1001
  -------         ENDPROC       _LCD_FILL
  -------         PROC          _LCD_COLOR_FILL
  X:01FCH         SYMBOL        sx
  X:01FEH         SYMBOL        sy
  D:0002H         SYMBOL        ex
  X:0202H         SYMBOL        ey
  X:0204H         SYMBOL        color
  -------         DO            
  X:0207H         SYMBOL        height
  X:0209H         SYMBOL        width
  X:020BH         SYMBOL        i
  X:020DH         SYMBOL        j
  -------         ENDDO         
  C:6051H         LINE#         1006
  C:605FH         LINE#         1007
  C:605FH         LINE#         1010
  C:607AH         LINE#         1011
  C:609BH         LINE#         1012
  C:60B8H         LINE#         1013
  C:60D4H         LINE#         1014
  C:60D4H         LINE#         1015
  C:60F1H         LINE#         1016
  C:60F1H         LINE#         1017
  C:6127H         LINE#         1018
  C:6137H         LINE#         1019
  C:6148H         LINE#         1020
  -------         ENDPROC       _LCD_COLOR_FILL
  C:72EBH         SYMBOL        L?0188
  C:72ECH         SYMBOL        L?0189
  -------         PROC          L?0187
  -------         ENDPROC       L?0187
  C:72EBH         SYMBOL        L?0188
  C:72ECH         SYMBOL        L?0189
  -------         PROC          _LCD_DRAWPOINT
  D:0002H         SYMBOL        x
  D:0082H         SYMBOL        y
  C:72FEH         LINE#         1025
  C:7306H         LINE#         1026
  C:7306H         LINE#         1027
  C:731DH         LINE#         1028
  -------         ENDPROC       _LCD_DRAWPOINT
  C:725DH         SYMBOL        L?0196
BL51 BANKED LINKER/LOCATER V6.22                                                      11/07/2018  16:17:49  PAGE 16


  -------         PROC          L?0195
  -------         ENDPROC       L?0195
  C:725DH         SYMBOL        L?0196
  -------         PROC          _LCD_DRAWFRONT_COLOR
  X:0387H         SYMBOL        x
  X:0389H         SYMBOL        y
  X:038BH         SYMBOL        color
  C:7262H         LINE#         1034
  C:727AH         LINE#         1035
  C:727AH         LINE#         1036
  C:7299H         LINE#         1037
  -------         ENDPROC       _LCD_DRAWFRONT_COLOR
  -------         PROC          _LCD_DRAWBIGPOINT
  X:038DH         SYMBOL        x
  X:038FH         SYMBOL        y
  X:0391H         SYMBOL        color
  C:7048H         LINE#         1042
  C:705CH         LINE#         1043
  C:705CH         LINE#         1044
  C:705FH         LINE#         1045
  C:7078H         LINE#         1046
  C:7094H         LINE#         1047
  -------         ENDPROC       _LCD_DRAWBIGPOINT
  -------         PROC          _LCD_DRAWLINE
  X:013AH         SYMBOL        x1
  X:013CH         SYMBOL        y1
  D:0002H         SYMBOL        x2
  X:0140H         SYMBOL        y2
  -------         DO            
  X:0142H         SYMBOL        t
  X:0144H         SYMBOL        xerr
  X:0146H         SYMBOL        yerr
  X:0148H         SYMBOL        delta_x
  X:014AH         SYMBOL        delta_y
  X:014CH         SYMBOL        distance
  X:014EH         SYMBOL        incx
  X:0150H         SYMBOL        incy
  X:0152H         SYMBOL        uRow
  X:0154H         SYMBOL        uCol
  -------         ENDDO         
  C:472FH         LINE#         1053
  C:473DH         LINE#         1054
  C:473DH         LINE#         1055
  C:4744H         LINE#         1056
  C:474CH         LINE#         1058
  C:4761H         LINE#         1059
  C:477CH         LINE#         1060
  C:478BH         LINE#         1061
  C:4791H         LINE#         1062
  C:47ADH         LINE#         1063
  C:47B9H         LINE#         1064
  C:47CEH         LINE#         1065
  C:47EAH         LINE#         1066
  C:47F6H         LINE#         1067
  C:480BH         LINE#         1068
  C:4831H         LINE#         1069
  C:4836H         LINE#         1070
BL51 BANKED LINKER/LOCATER V6.22                                                      11/07/2018  16:17:49  PAGE 17


  C:485BH         LINE#         1071
  C:485BH         LINE#         1072
  C:486CH         LINE#         1073
  C:4880H         LINE#         1074
  C:4894H         LINE#         1075
  C:48B0H         LINE#         1076
  C:48B0H         LINE#         1077
  C:48BCH         LINE#         1078
  C:48D0H         LINE#         1079
  C:48D0H         LINE#         1080
  C:48ECH         LINE#         1081
  C:48ECH         LINE#         1082
  C:48F8H         LINE#         1083
  C:490CH         LINE#         1084
  C:490CH         LINE#         1085
  C:491DH         LINE#         1086
  -------         ENDPROC       _LCD_DRAWLINE
  -------         PROC          _LCD_DRAWLINE_COLOR
  X:00E0H         SYMBOL        x1
  X:00E2H         SYMBOL        y1
  D:0002H         SYMBOL        x2
  X:00E6H         SYMBOL        y2
  X:00E8H         SYMBOL        color
  -------         DO            
  X:00EAH         SYMBOL        t
  X:00ECH         SYMBOL        xerr
  X:00EEH         SYMBOL        yerr
  X:00F0H         SYMBOL        delta_x
  X:00F2H         SYMBOL        delta_y
  X:00F4H         SYMBOL        distance
  X:00F6H         SYMBOL        incx
  X:00F8H         SYMBOL        incy
  X:00FAH         SYMBOL        uRow
  X:00FCH         SYMBOL        uCol
  -------         ENDDO         
  C:491EH         LINE#         1088
  C:492CH         LINE#         1089
  C:492CH         LINE#         1091
  C:4937H         LINE#         1093
  C:494CH         LINE#         1094
  C:4967H         LINE#         1095
  C:4976H         LINE#         1096
  C:497CH         LINE#         1097
  C:4998H         LINE#         1098
  C:49A4H         LINE#         1099
  C:49B9H         LINE#         1100
  C:49D5H         LINE#         1101
  C:49E1H         LINE#         1102
  C:49F6H         LINE#         1103
  C:4A1CH         LINE#         1104
  C:4A21H         LINE#         1105
  C:4A46H         LINE#         1106
  C:4A46H         LINE#         1107
  C:4A59H         LINE#         1108
  C:4A6DH         LINE#         1109
  C:4A81H         LINE#         1110
  C:4A9DH         LINE#         1111
BL51 BANKED LINKER/LOCATER V6.22                                                      11/07/2018  16:17:49  PAGE 18


  C:4A9DH         LINE#         1112
  C:4AA9H         LINE#         1113
  C:4ABDH         LINE#         1114
  C:4ABDH         LINE#         1115
  C:4AD9H         LINE#         1116
  C:4AD9H         LINE#         1117
  C:4AE5H         LINE#         1118
  C:4AF9H         LINE#         1119
  C:4AF9H         LINE#         1120
  C:4B0AH         LINE#         1121
  -------         ENDPROC       _LCD_DRAWLINE_COLOR
  -------         PROC          _LCD_DROWSIGN
  X:0393H         SYMBOL        x
  X:0395H         SYMBOL        y
  X:0397H         SYMBOL        color
  -------         DO            
  D:0003H         SYMBOL        i
  -------         ENDDO         
  C:65E2H         LINE#         1128
  C:65FAH         LINE#         1129
  C:65FAH         LINE#         1133
  C:6634H         LINE#         1134
  C:6636H         LINE#         1135
  C:6636H         LINE#         1136
  C:6639H         LINE#         1137
  C:663EH         LINE#         1140
  C:6678H         LINE#         1141
  C:667AH         LINE#         1142
  C:667AH         LINE#         1143
  C:667DH         LINE#         1144
  C:6682H         LINE#         1147
  C:66AFH         LINE#         1148
  C:66B1H         LINE#         1149
  C:66B1H         LINE#         1150
  C:66B4H         LINE#         1151
  C:66B9H         LINE#         1152
  -------         ENDPROC       _LCD_DROWSIGN
  -------         PROC          _LCD_DRAWRECTANGLE
  X:035FH         SYMBOL        x1
  X:0361H         SYMBOL        y1
  X:0363H         SYMBOL        x2
  X:0365H         SYMBOL        y2
  C:6AB4H         LINE#         1156
  C:6ACAH         LINE#         1157
  C:6ACAH         LINE#         1158
  C:6AE6H         LINE#         1159
  C:6B0DH         LINE#         1160
  C:6B35H         LINE#         1161
  -------         ENDPROC       _LCD_DRAWRECTANGLE
  -------         PROC          _LCD_DRAW_CIRCLE
  X:0326H         SYMBOL        x0
  X:0328H         SYMBOL        y0
  D:0003H         SYMBOL        r
  -------         DO            
  X:032AH         SYMBOL        a
  X:032CH         SYMBOL        b
  X:032EH         SYMBOL        di
BL51 BANKED LINKER/LOCATER V6.22                                                      11/07/2018  16:17:49  PAGE 19


  -------         ENDDO         
  C:4CF4H         LINE#         1166
  C:4D02H         LINE#         1167
  C:4D02H         LINE#         1170
  C:4D11H         LINE#         1171
  C:4D25H         LINE#         1172
  C:4D44H         LINE#         1173
  C:4D44H         LINE#         1174
  C:4D52H         LINE#         1175
  C:4D6BH         LINE#         1176
  C:4D96H         LINE#         1177
  C:4DC1H         LINE#         1178
  C:4DEDH         LINE#         1179
  C:4E19H         LINE#         1180
  C:4E30H         LINE#         1181
  C:4E4BH         LINE#         1182
  C:4E59H         LINE#         1184
  C:4E89H         LINE#         1186
  C:4E89H         LINE#         1187
  C:4EBAH         LINE#         1188
  C:4EC8H         LINE#         1189
  C:4EC8H         LINE#         1190
  C:4ECBH         LINE#         1191
  -------         ENDPROC       _LCD_DRAW_CIRCLE
  -------         PROC          _LCD_SHOWCHAR
  X:0303H         SYMBOL        x
  X:0305H         SYMBOL        y
  X:0307H         SYMBOL        num
  X:0308H         SYMBOL        size
  X:0309H         SYMBOL        mode
  -------         DO            
  X:030AH         SYMBOL        temp
  X:030BH         SYMBOL        t1
  D:0001H         SYMBOL        t
  X:030CH         SYMBOL        y0
  X:030EH         SYMBOL        csize
  -------         ENDDO         
  C:5569H         LINE#         1199
  C:557EH         LINE#         1200
  C:557EH         LINE#         1202
  C:5586H         LINE#         1203
  C:55AEH         LINE#         1204
  C:55B5H         LINE#         1205
  C:55C4H         LINE#         1206
  C:55C4H         LINE#         1207
  C:55DEH         LINE#         1208
  C:55F4H         LINE#         1209
  C:5621H         LINE#         1211
  C:5626H         LINE#         1212
  C:5626H         LINE#         1213
  C:5640H         LINE#         1214
  C:565AH         LINE#         1215
  C:5661H         LINE#         1216
  C:566FH         LINE#         1217
  C:5685H         LINE#         1218
  C:56A1H         LINE#         1219
  C:56A1H         LINE#         1220
BL51 BANKED LINKER/LOCATER V6.22                                                      11/07/2018  16:17:49  PAGE 20


  C:56A9H         LINE#         1221
  C:56B7H         LINE#         1222
  C:56CDH         LINE#         1224
  C:56CDH         LINE#         1225
  C:56DCH         LINE#         1226
  C:56E0H         LINE#         1227
  -------         ENDPROC       _LCD_SHOWCHAR
  -------         PROC          L?0198
  -------         ENDPROC       L?0198
  -------         PROC          _LCD_POW
  X:0399H         SYMBOL        m
  X:039AH         SYMBOL        n
  -------         DO            
  X:039BH         SYMBOL        result
  -------         ENDDO         
  C:717FH         LINE#         1230
  C:7187H         LINE#         1231
  C:7187H         LINE#         1232
  C:718FH         LINE#         1233
  C:71B9H         LINE#         1234
  C:71C7H         LINE#         1235
  -------         ENDPROC       _LCD_POW
  -------         PROC          _LCD_SHOWNUM
  X:02C3H         SYMBOL        x
  X:02C5H         SYMBOL        y
  X:02C7H         SYMBOL        num
  X:02CBH         SYMBOL        len
  X:02CCH         SYMBOL        size
  -------         DO            
  X:02CDH         SYMBOL        t
  X:02CEH         SYMBOL        temp
  X:02CFH         SYMBOL        enshow
  -------         ENDDO         
  C:6506H         LINE#         1242
  C:6514H         LINE#         1243
  C:6514H         LINE#         1245
  C:6519H         LINE#         1246
  C:652EH         LINE#         1247
  C:652EH         LINE#         1248
  C:6558H         LINE#         1249
  C:656BH         LINE#         1250
  C:656BH         LINE#         1251
  C:656FH         LINE#         1252
  C:656FH         LINE#         1253
  C:6599H         LINE#         1254
  C:659BH         LINE#         1255
  C:65A1H         LINE#         1257
  C:65A1H         LINE#         1258
  C:65D8H         LINE#         1259
  C:65E1H         LINE#         1260
  -------         ENDPROC       _LCD_SHOWNUM
  -------         PROC          _LCD_SHOWXNUM
  X:0299H         SYMBOL        x
  X:029BH         SYMBOL        y
  X:029DH         SYMBOL        num
  X:02A1H         SYMBOL        len
  X:02A2H         SYMBOL        size
BL51 BANKED LINKER/LOCATER V6.22                                                      11/07/2018  16:17:49  PAGE 21


  X:02A3H         SYMBOL        mode
  -------         DO            
  X:02A4H         SYMBOL        t
  X:02A5H         SYMBOL        temp
  X:02A6H         SYMBOL        enshow
  -------         ENDDO         
  C:5D08H         LINE#         1271
  C:5D16H         LINE#         1272
  C:5D16H         LINE#         1274
  C:5D1BH         LINE#         1275
  C:5D30H         LINE#         1276
  C:5D30H         LINE#         1277
  C:5D5AH         LINE#         1278
  C:5D70H         LINE#         1279
  C:5D70H         LINE#         1280
  C:5D74H         LINE#         1281
  C:5D74H         LINE#         1282
  C:5DAAH         LINE#         1283
  C:5DDFH         LINE#         1284
  C:5DE1H         LINE#         1285
  C:5DE7H         LINE#         1287
  C:5DE7H         LINE#         1288
  C:5E27H         LINE#         1289
  C:5E30H         LINE#         1290
  -------         ENDPROC       _LCD_SHOWXNUM
  -------         PROC          _LCD_SHOWSTRING
  X:02D0H         SYMBOL        x
  X:02D2H         SYMBOL        y
  X:02D4H         SYMBOL        width
  X:02D6H         SYMBOL        height
  X:02D8H         SYMBOL        size
  X:02D9H         SYMBOL        p
  -------         DO            
  X:02DCH         SYMBOL        x0
  -------         ENDDO         
  C:6421H         LINE#         1296
  C:6435H         LINE#         1297
  C:6435H         LINE#         1298
  C:6441H         LINE#         1299
  C:644DH         LINE#         1300
  C:6461H         LINE#         1301
  C:6481H         LINE#         1302
  C:6481H         LINE#         1303
  C:64B4H         LINE#         1304
  C:64CAH         LINE#         1305
  C:64E4H         LINE#         1306
  C:64F8H         LINE#         1307
  C:6502H         LINE#         1308
  C:6505H         LINE#         1309
  -------         ENDPROC       _LCD_SHOWSTRING
  -------         PROC          _LCD_SHOWFONTHZ
  X:0034H         SYMBOL        x
  X:0036H         SYMBOL        y
  X:0038H         SYMBOL        cn
  -------         DO            
  D:0003H         SYMBOL        i
  D:0002H         SYMBOL        j
BL51 BANKED LINKER/LOCATER V6.22                                                      11/07/2018  16:17:49  PAGE 22


  X:003BH         SYMBOL        wordNum
  X:003CH         SYMBOL        color
  -------         ENDDO         
  C:5BDDH         LINE#         1322
  C:5BF4H         LINE#         1323
  C:5BF4H         LINE#         1326
  C:5C07H         LINE#         1327
  C:5C07H         LINE#         1328
  C:5C3DH         LINE#         1329
  C:5C4FH         LINE#         1330
  C:5C4FH         LINE#         1331
  C:5C90H         LINE#         1333
  C:5C90H         LINE#         1335
  C:5C91H         LINE#         1336
  C:5C91H         LINE#         1337
  C:5CB8H         LINE#         1338
  C:5CBAH         LINE#         1339
  C:5CBAH         LINE#         1340
  C:5CC1H         LINE#         1341
  C:5CC1H         LINE#         1342
  C:5CC4H         LINE#         1343
  C:5CC6H         LINE#         1345
  C:5CC6H         LINE#         1346
  C:5CCCH         LINE#         1347
  C:5CCCH         LINE#         1348
  C:5CD9H         LINE#         1349
  C:5CDEH         LINE#         1350
  C:5CE3H         LINE#         1351
  C:5CE3H         LINE#         1352
  C:5CECH         LINE#         1353
  C:5CF6H         LINE#         1354
  C:5D04H         LINE#         1355
  C:5D07H         LINE#         1356
  -------         ENDPROC       _LCD_SHOWFONTHZ
  -------         PROC          _LCD_SHOWPICTURE
  X:01E7H         SYMBOL        x
  X:01E9H         SYMBOL        y
  X:01EBH         SYMBOL        wide
  X:01EDH         SYMBOL        high
  X:01EFH         SYMBOL        pic
  -------         DO            
  X:01F2H         SYMBOL        temp
  X:01F4H         SYMBOL        tmp
  X:01F8H         SYMBOL        num
  -------         ENDDO         
  C:5AB0H         LINE#         1410
  C:5AC4H         LINE#         1411
  C:5AC4H         LINE#         1412
  C:5ACBH         LINE#         1413
  C:5ADDH         LINE#         1414
  C:5B24H         LINE#         1415
  C:5B47H         LINE#         1417
  C:5B47H         LINE#         1418
  C:5B74H         LINE#         1419
  C:5B7DH         LINE#         1420
  C:5B97H         LINE#         1421
  C:5B9AH         LINE#         1422
BL51 BANKED LINKER/LOCATER V6.22                                                      11/07/2018  16:17:49  PAGE 23


  C:5BB7H         LINE#         1423
  C:5BB7H         LINE#         1424
  C:5BDCH         LINE#         1425
  -------         ENDPROC       _LCD_SHOWPICTURE
  -------         ENDMOD        TFTLCD

  -------         MODULE        TOUCH
  C:0000H         SYMBOL        _ICE_DUMMY_
  D:0090H         PUBLIC        P1
  D:00A0H         PUBLIC        P2
  D:00B0H         PUBLIC        P3
  D:00A8H         PUBLIC        IE
  D:00B8H         PUBLIC        IP
  B:00A0H.0       PUBLIC        TOUCH_DOUT
  X:02DDH         PUBLIC        xpt_xy
  C:73A0H         PUBLIC        TOUCH_SPI_Read
  D:0098H         PUBLIC        SCON
  D:0088H         PUBLIC        TCON
  C:526DH         PUBLIC        _TOUCH_XPT_ReadData
  B:00A0H.1       PUBLIC        TOUCH_CLK
  C:74F2H         PUBLIC        _TOUCH_SPI_Write
  B:00A0H.2       PUBLIC        TOUCH_DIN
  C:7582H         PUBLIC        TOUCH_SPI_Start
  D:00C8H         PUBLIC        T2CON
  C:5970H         PUBLIC        TOUCH_Scan
  C:5E31H         PUBLIC        TOUCH_XPT_ReadXY
  D:00D0H         PUBLIC        PSW
  B:00A0H.3       PUBLIC        TOUCH_CS
  -------         PROC          TOUCH_SPI_START
  C:7582H         LINE#         9
  C:7582H         LINE#         10
  C:7582H         LINE#         11
  C:7584H         LINE#         12
  C:7586H         LINE#         13
  C:7588H         LINE#         14
  C:758AH         LINE#         15
  C:758CH         LINE#         16
  -------         ENDPROC       TOUCH_SPI_START
  -------         PROC          _TOUCH_SPI_WRITE
  D:0007H         SYMBOL        dat
  -------         DO            
  D:0006H         SYMBOL        i
  -------         ENDDO         
  C:74F2H         LINE#         18
  C:74F2H         LINE#         19
  C:74F2H         LINE#         21
  C:74F4H         LINE#         22
  C:74F6H         LINE#         23
  C:74F6H         LINE#         24
  C:7501H         LINE#         25
  C:7505H         LINE#         26
  C:7507H         LINE#         28
  C:7509H         LINE#         30
  C:750EH         LINE#         31
  -------         ENDPROC       _TOUCH_SPI_WRITE
  -------         PROC          TOUCH_SPI_READ
  -------         DO            
BL51 BANKED LINKER/LOCATER V6.22                                                      11/07/2018  16:17:49  PAGE 24


  D:0004H         SYMBOL        i
  X:03B1H         SYMBOL        dat
  -------         ENDDO         
  C:73A0H         LINE#         33
  C:73A0H         LINE#         34
  C:73A0H         LINE#         35
  C:73A7H         LINE#         36
  C:73A9H         LINE#         37
  C:73ABH         LINE#         38
  C:73ABH         LINE#         39
  C:73B8H         LINE#         41
  C:73BAH         LINE#         42
  C:73BCH         LINE#         44
  C:73C7H         LINE#         46
  C:73D2H         LINE#         47
  C:73DAH         LINE#         48
  -------         ENDPROC       TOUCH_SPI_READ
  -------         PROC          L?0046
  -------         ENDPROC       L?0046
  -------         PROC          _TOUCH_XPT_READDATA
  D:0003H         SYMBOL        cmd
  -------         DO            
  X:0156H         SYMBOL        i
  X:0157H         SYMBOL        j
  X:0158H         SYMBOL        readValue
  X:016CH         SYMBOL        endValue
  -------         ENDDO         
  C:526DH         LINE#         52
  C:526FH         LINE#         53
  C:526FH         LINE#         58
  C:5271H         LINE#         59
  C:5273H         LINE#         61
  C:5278H         LINE#         62
  C:5278H         LINE#         63
  C:527DH         LINE#         65
  C:528CH         LINE#         66
  C:528EH         LINE#         67
  C:528FH         LINE#         68
  C:5290H         LINE#         69
  C:5292H         LINE#         70
  C:5293H         LINE#         71
  C:5294H         LINE#         73
  C:52ABH         LINE#         74
  C:52B7H         LINE#         75
  C:52B9H         LINE#         79
  C:52CBH         LINE#         80
  C:52CBH         LINE#         81
  C:52DCH         LINE#         82
  C:52DCH         LINE#         83
  C:5307H         LINE#         84
  C:5307H         LINE#         85
  C:5321H         LINE#         86
  C:5347H         LINE#         87
  C:5362H         LINE#         88
  C:5362H         LINE#         89
  C:536BH         LINE#         90
  C:5374H         LINE#         95
BL51 BANKED LINKER/LOCATER V6.22                                                      11/07/2018  16:17:49  PAGE 25


  C:537EH         LINE#         96
  C:5384H         LINE#         97
  C:5384H         LINE#         98
  C:53BBH         LINE#         99
  C:53C5H         LINE#         100
  C:53E2H         LINE#         102
  C:53ECH         LINE#         103
  -------         ENDPROC       _TOUCH_XPT_READDATA
  -------         PROC          TOUCH_XPT_READXY
  -------         DO            
  X:0330H         SYMBOL        x1
  X:0332H         SYMBOL        x2
  X:0334H         SYMBOL        x
  X:0336H         SYMBOL        y1
  D:0004H         SYMBOL        y2
  X:0338H         SYMBOL        y
  -------         ENDDO         
  C:5E31H         LINE#         107
  C:5E31H         LINE#         108
  C:5E31H         LINE#         111
  C:5E34H         LINE#         113
  C:5E3CH         LINE#         114
  C:5E47H         LINE#         115
  C:5E4FH         LINE#         116
  C:5E56H         LINE#         120
  C:5E6CH         LINE#         121
  C:5E6CH         LINE#         122
  C:5E74H         LINE#         123
  C:5E76H         LINE#         125
  C:5E76H         LINE#         126
  C:5E91H         LINE#         127
  C:5E91H         LINE#         130
  C:5E9FH         LINE#         131
  C:5E9FH         LINE#         132
  C:5EA4H         LINE#         133
  C:5EA6H         LINE#         135
  C:5EA6H         LINE#         136
  C:5EB9H         LINE#         137
  C:5EB9H         LINE#         140
  C:5ED6H         LINE#         141
  C:5ED6H         LINE#         142
  C:5ED9H         LINE#         143
  C:5ED9H         LINE#         146
  C:5EFAH         LINE#         147
  C:5F13H         LINE#         149
  C:5F1AH         LINE#         150
  C:5F21H         LINE#         153
  C:5F3FH         LINE#         154
  C:5F3FH         LINE#         155
  C:5F42H         LINE#         156
  C:5F42H         LINE#         158
  C:5F44H         LINE#         159
  -------         ENDPROC       TOUCH_XPT_READXY
  -------         PROC          TOUCH_SCAN
  -------         DO            
  X:03A5H         SYMBOL        res
  X:03A6H         SYMBOL        temp
BL51 BANKED LINKER/LOCATER V6.22                                                      11/07/2018  16:17:49  PAGE 26


  -------         ENDDO         
  C:5970H         LINE#         163
  C:5970H         LINE#         164
  C:5970H         LINE#         165
  C:5975H         LINE#         168
  C:597EH         LINE#         169
  C:597EH         LINE#         172
  C:5987H         LINE#         173
  C:5987H         LINE#         182
  C:5998H         LINE#         183
  C:59CDH         LINE#         184
  C:59DEH         LINE#         185
  C:5A08H         LINE#         209
  C:5A0BH         LINE#         211
  C:5A0BH         LINE#         220
  C:5A22H         LINE#         221
  C:5A57H         LINE#         222
  C:5A68H         LINE#         223
  C:5A9DH         LINE#         247
  C:5A9DH         LINE#         264
  C:5AA3H         LINE#         265
  C:5AA3H         LINE#         266
  C:5AA5H         LINE#         268
  C:5AAAH         LINE#         269
  C:5AAFH         LINE#         270
  -------         ENDPROC       TOUCH_SCAN
  -------         ENDMOD        TOUCH

  -------         MODULE        GUI
  C:0000H         SYMBOL        _ICE_DUMMY_
  C:7213H         PUBLIC        _gui_pow
  D:0090H         PUBLIC        P1
  D:00A0H         PUBLIC        P2
  D:00B0H         PUBLIC        P3
  C:6B5EH         PUBLIC        _gui_num2str
  C:3E7DH         PUBLIC        _gui_show_ptstr
  D:00A8H         PUBLIC        IE
  C:53EDH         PUBLIC        _gui_get_stringline
  D:00B8H         PUBLIC        IP
  C:6240H         PUBLIC        _gui_draw_bigpoint
  C:50A3H         PUBLIC        _gui_show_num
  C:70BBH         PUBLIC        _gui_disabs
  C:39D3H         PUBLIC        _gui_fill_ellipse
  C:2A9AH         PUBLIC        _gui_fill_circle
  C:22CCH         PUBLIC        _gui_draw_ellipse
  C:1C19H         PUBLIC        _gui_draw_arcrectangle
  D:0098H         PUBLIC        SCON
  C:6149H         PUBLIC        _gui_alphablend_area
  D:0088H         PUBLIC        TCON
  C:6334H         PUBLIC        _gui_alpha_blend565
  C:7328H         PUBLIC        _gui_rgb332torgb565
  C:6A2BH         PUBLIC        _gui_draw_expoint
  C:3767H         PUBLIC        _gui_draw_bline
  C:4B0BH         PUBLIC        _gui_smooth_color
  C:6FCDH         PUBLIC        _gui_draw_hline
  C:3C2FH         PUBLIC        _gui_show_ptchar
  C:6C1DH         PUBLIC        _gui_draw_vline
BL51 BANKED LINKER/LOCATER V6.22                                                      11/07/2018  16:17:49  PAGE 27


  C:6F4DH         PUBLIC        _gui_color_chg
  C:56E1H         PUBLIC        _gui_show_strmid
  C:5829H         PUBLIC        _gui_fill_colorblock
  C:453CH         PUBLIC        _gui_draw_line
  C:7364H         PUBLIC        _gui_draw_point
  C:3519H         PUBLIC        _gui_draw_circle8
  C:4311H         PUBLIC        _gui_show_string
  D:00C8H         PUBLIC        T2CON
  C:6DCFH         PUBLIC        _gui_fill_rectangle
  C:4EE8H         PUBLIC        _gui_draw_arc
  C:5F45H         PUBLIC        _gui_draw_smooth_rectangle
  C:692BH         PUBLIC        _gui_draw_rectangle
  C:26D0H         PUBLIC        _gui_draw_bline1
  D:00D0H         PUBLIC        PSW
  C:66BAH         PUBLIC        _gui_show_ptstrwhiterim
  -------         PROC          _GUI_COLOR_CHG
  X:0367H         SYMBOL        rgb
  -------         DO            
  X:036BH         SYMBOL        r
  X:036DH         SYMBOL        g
  D:0004H         SYMBOL        b
  -------         ENDDO         
  C:6F4DH         LINE#         15
  C:6F53H         LINE#         16
  C:6F53H         LINE#         18
  C:6F6CH         LINE#         19
  C:6F8BH         LINE#         20
  C:6FA6H         LINE#         21
  C:6FCCH         LINE#         22
  -------         ENDPROC       _GUI_COLOR_CHG
  -------         PROC          _GUI_RGB332TORGB565
  D:0004H         SYMBOL        rgb332
  -------         DO            
  D:0002H         SYMBOL        rgb565
  -------         ENDDO         
  C:7328H         LINE#         26
  C:732CH         LINE#         27
  C:732CH         LINE#         28
  C:7330H         LINE#         29
  C:7345H         LINE#         30
  C:735AH         LINE#         31
  C:7360H         LINE#         32
  C:7363H         LINE#         33
  -------         ENDPROC       _GUI_RGB332TORGB565
  -------         PROC          _GUI_POW
  X:039FH         SYMBOL        m
  X:03A0H         SYMBOL        n
  -------         DO            
  X:03A1H         SYMBOL        result
  -------         ENDDO         
  C:7213H         LINE#         35
  C:721BH         LINE#         36
  C:721BH         LINE#         37
  C:7223H         LINE#         38
  C:724DH         LINE#         39
  C:725BH         LINE#         40
  -------         ENDPROC       _GUI_POW
BL51 BANKED LINKER/LOCATER V6.22                                                      11/07/2018  16:17:49  PAGE 28


  -------         PROC          _GUI_DISABS
  X:036FH         SYMBOL        x1
  X:0373H         SYMBOL        x2
  C:70BBH         LINE#         42
  C:70C1H         LINE#         43
  C:70C1H         LINE#         44
  C:7125H         LINE#         45
  -------         ENDPROC       _GUI_DISABS
  -------         PROC          _GUI_DRAW_POINT
  X:03AAH         SYMBOL        x0
  D:0004H         SYMBOL        y0
  D:0002H         SYMBOL        color
  -------         DO            
  X:03ACH         SYMBOL        tempcolor
  -------         ENDDO         
  C:7364H         LINE#         51
  C:736CH         LINE#         52
  C:736CH         LINE#         53
  C:737BH         LINE#         54
  C:7385H         LINE#         55
  C:7390H         LINE#         56
  C:739FH         LINE#         57
  -------         ENDPROC       _GUI_DRAW_POINT
  -------         PROC          _GUI_ALPHABLEND_AREA
  X:0258H         SYMBOL        x
  X:025AH         SYMBOL        y
  X:025CH         SYMBOL        width
  X:025EH         SYMBOL        height
  X:0260H         SYMBOL        color
  X:0262H         SYMBOL        aval
  -------         DO            
  X:0263H         SYMBOL        i
  X:0265H         SYMBOL        j
  X:0267H         SYMBOL        tempcolor
  -------         ENDDO         
  C:6149H         LINE#         63
  C:615DH         LINE#         64
  C:615DH         LINE#         67
  C:617CH         LINE#         68
  C:617CH         LINE#         69
  C:619BH         LINE#         70
  C:619BH         LINE#         71
  C:61CEH         LINE#         72
  C:61E4H         LINE#         73
  C:6217H         LINE#         74
  C:622BH         LINE#         75
  C:623FH         LINE#         76
  -------         ENDPROC       _GUI_ALPHABLEND_AREA
  -------         PROC          _GUI_DRAW_BIGPOINT
  X:02A7H         SYMBOL        x0
  X:02A9H         SYMBOL        y0
  X:02ABH         SYMBOL        color
  -------         DO            
  X:02ADH         SYMBOL        i
  X:02AFH         SYMBOL        j
  X:02B1H         SYMBOL        x
  X:02B3H         SYMBOL        y
BL51 BANKED LINKER/LOCATER V6.22                                                      11/07/2018  16:17:49  PAGE 29


  -------         ENDDO         
  C:6240H         LINE#         82
  C:6256H         LINE#         83
  C:6256H         LINE#         86
  C:6271H         LINE#         87
  C:6280H         LINE#         88
  C:629CH         LINE#         89
  C:62ABH         LINE#         90
  C:62D5H         LINE#         91
  C:62D5H         LINE#         92
  C:6323H         LINE#         93
  C:6333H         LINE#         94
  -------         ENDPROC       _GUI_DRAW_BIGPOINT
  -------         PROC          _GUI_DRAW_LINE
  X:00FEH         SYMBOL        x0
  X:0100H         SYMBOL        y0
  D:0002H         SYMBOL        x1
  X:0104H         SYMBOL        y1
  X:0106H         SYMBOL        color
  -------         DO            
  X:0108H         SYMBOL        t
  X:010AH         SYMBOL        xerr
  X:010CH         SYMBOL        yerr
  X:010EH         SYMBOL        delta_x
  X:0110H         SYMBOL        delta_y
  X:0112H         SYMBOL        distance
  X:0114H         SYMBOL        incx
  X:0116H         SYMBOL        incy
  X:0118H         SYMBOL        uRow
  X:011AH         SYMBOL        uCol
  -------         ENDDO         
  C:453CH         LINE#         98
  C:454AH         LINE#         99
  C:454AH         LINE#         101
  C:4555H         LINE#         104
  C:456AH         LINE#         105
  C:4585H         LINE#         106
  C:4594H         LINE#         107
  C:459AH         LINE#         108
  C:45B6H         LINE#         109
  C:45C2H         LINE#         110
  C:45D7H         LINE#         111
  C:45F3H         LINE#         112
  C:45FFH         LINE#         113
  C:4614H         LINE#         114
  C:463AH         LINE#         115
  C:463FH         LINE#         116
  C:4664H         LINE#         117
  C:4664H         LINE#         118
  C:467DH         LINE#         119
  C:4691H         LINE#         120
  C:46A5H         LINE#         121
  C:46C1H         LINE#         122
  C:46C1H         LINE#         123
  C:46CDH         LINE#         124
  C:46E1H         LINE#         125
  C:46E1H         LINE#         126
BL51 BANKED LINKER/LOCATER V6.22                                                      11/07/2018  16:17:49  PAGE 30


  C:46FDH         LINE#         127
  C:46FDH         LINE#         128
  C:4709H         LINE#         129
  C:471DH         LINE#         130
  C:471DH         LINE#         131
  C:472EH         LINE#         132
  -------         ENDPROC       _GUI_DRAW_LINE
  -------         PROC          _GUI_DRAW_BLINE
  X:00A2H         SYMBOL        x1
  X:00A4H         SYMBOL        y1
  X:00A6H         SYMBOL        x2
  X:00A8H         SYMBOL        y2
  X:00AAH         SYMBOL        size
  X:00ABH         SYMBOL        color
  -------         DO            
  X:00ADH         SYMBOL        t
  X:00AFH         SYMBOL        xerr
  X:00B1H         SYMBOL        yerr
  X:00B3H         SYMBOL        delta_x
  X:00B5H         SYMBOL        delta_y
  X:00B7H         SYMBOL        distance
  X:00B9H         SYMBOL        incx
  X:00BBH         SYMBOL        incy
  X:00BDH         SYMBOL        uRow
  X:00BFH         SYMBOL        uCol
  -------         ENDDO         
  C:3767H         LINE#         137
  C:377BH         LINE#         138
  C:377BH         LINE#         140
  C:3786H         LINE#         142
  C:37CBH         LINE#         143
  C:37E4H         LINE#         144
  C:37FFH         LINE#         145
  C:381AH         LINE#         146
  C:3822H         LINE#         147
  C:3830H         LINE#         148
  C:384CH         LINE#         149
  C:3858H         LINE#         150
  C:386DH         LINE#         151
  C:3889H         LINE#         152
  C:3895H         LINE#         153
  C:38AAH         LINE#         154
  C:38D0H         LINE#         155
  C:38D5H         LINE#         156
  C:38FAH         LINE#         157
  C:38FAH         LINE#         158
  C:3921H         LINE#         159
  C:3935H         LINE#         160
  C:3949H         LINE#         161
  C:3985H         LINE#         162
  C:39C1H         LINE#         163
  C:39D2H         LINE#         164
  -------         ENDPROC       _GUI_DRAW_BLINE
  -------         PROC          _GUI_DRAW_BLINE1
  X:00C1H         SYMBOL        x0
  X:00C3H         SYMBOL        y0
  D:0002H         SYMBOL        x1
BL51 BANKED LINKER/LOCATER V6.22                                                      11/07/2018  16:17:49  PAGE 31


  X:00C7H         SYMBOL        y1
  X:00C9H         SYMBOL        size
  X:00CAH         SYMBOL        color
  -------         DO            
  X:00CCH         SYMBOL        t
  X:00CEH         SYMBOL        xerr
  X:00D0H         SYMBOL        yerr
  X:00D2H         SYMBOL        delta_x
  X:00D4H         SYMBOL        delta_y
  X:00D6H         SYMBOL        distance
  X:00D8H         SYMBOL        incx
  X:00DAH         SYMBOL        incy
  X:00DCH         SYMBOL        uRow
  X:00DEH         SYMBOL        uCol
  -------         ENDDO         
  C:26D0H         LINE#         170
  C:26DEH         LINE#         171
  C:26DEH         LINE#         173
  C:26E9H         LINE#         176
  C:26FEH         LINE#         177
  C:2719H         LINE#         178
  C:2728H         LINE#         179
  C:272EH         LINE#         180
  C:274AH         LINE#         181
  C:2756H         LINE#         182
  C:276BH         LINE#         183
  C:2787H         LINE#         184
  C:2793H         LINE#         185
  C:27A8H         LINE#         186
  C:27CEH         LINE#         187
  C:27D3H         LINE#         188
  C:27F8H         LINE#         189
  C:27F8H         LINE#         190
  C:2817H         LINE#         191
  C:2822H         LINE#         192
  C:2822H         LINE#         193
  C:283BH         LINE#         194
  C:285CH         LINE#         195
  C:287DH         LINE#         196
  C:28A4H         LINE#         197
  C:28A4H         LINE#         198
  C:28AFH         LINE#         199
  C:28AFH         LINE#         200
  C:28C8H         LINE#         201
  C:28E9H         LINE#         202
  C:290AH         LINE#         203
  C:2931H         LINE#         204
  C:2958H         LINE#         205
  C:297FH         LINE#         206
  C:29A6H         LINE#         207
  C:29C7H         LINE#         208
  C:29E8H         LINE#         209
  C:29E8H         LINE#         210
  C:29FCH         LINE#         211
  C:2A10H         LINE#         212
  C:2A2CH         LINE#         213
  C:2A2CH         LINE#         214
BL51 BANKED LINKER/LOCATER V6.22                                                      11/07/2018  16:17:49  PAGE 32


  C:2A38H         LINE#         215
  C:2A4CH         LINE#         216
  C:2A4CH         LINE#         217
  C:2A68H         LINE#         218
  C:2A68H         LINE#         219
  C:2A74H         LINE#         220
  C:2A88H         LINE#         221
  C:2A88H         LINE#         222
  C:2A99H         LINE#         223
  -------         ENDPROC       _GUI_DRAW_BLINE1
  C:6C18H         SYMBOL        L?0318
  -------         PROC          L?0317
  -------         ENDPROC       L?0317
  C:6C18H         SYMBOL        L?0318
  -------         PROC          _GUI_DRAW_VLINE
  X:0377H         SYMBOL        x0
  X:0379H         SYMBOL        y0
  X:037BH         SYMBOL        len
  X:037DH         SYMBOL        color
  C:6C1DH         LINE#         228
  C:6C31H         LINE#         229
  C:6C31H         LINE#         230
  C:6C5FH         LINE#         231
  C:6C9DH         LINE#         232
  -------         ENDPROC       _GUI_DRAW_VLINE
  -------         PROC          _GUI_DRAW_HLINE
  X:037FH         SYMBOL        x0
  X:0381H         SYMBOL        y0
  D:0002H         SYMBOL        len
  X:0385H         SYMBOL        color
  C:6FCDH         LINE#         237
  C:6FDBH         LINE#         238
  C:6FDBH         LINE#         239
  C:7009H         LINE#         240
  C:7047H         LINE#         241
  -------         ENDPROC       _GUI_DRAW_HLINE
  -------         PROC          _GUI_FILL_COLORBLOCK
  X:02B5H         SYMBOL        x0
  X:02B7H         SYMBOL        y0
  X:02B9H         SYMBOL        width
  X:02BBH         SYMBOL        height
  X:02BDH         SYMBOL        ctbl
  X:02C0H         SYMBOL        mode
  -------         DO            
  X:02C1H         SYMBOL        i
  -------         ENDDO         
  C:5829H         LINE#         248
  C:583DH         LINE#         249
  C:583DH         LINE#         251
  C:5855H         LINE#         252
  C:585FH         LINE#         253
  C:585FH         LINE#         254
  C:587DH         LINE#         255
  C:587DH         LINE#         256
  C:58DBH         LINE#         257
  C:58ECH         LINE#         258
  C:58ECH         LINE#         259
BL51 BANKED LINKER/LOCATER V6.22                                                      11/07/2018  16:17:49  PAGE 33


  C:58ECH         LINE#         260
  C:5909H         LINE#         261
  C:5909H         LINE#         262
  C:595FH         LINE#         263
  C:596FH         LINE#         264
  C:596FH         LINE#         265
  -------         ENDPROC       _GUI_FILL_COLORBLOCK
  -------         PROC          _GUI_SMOOTH_COLOR
  X:011CH         SYMBOL        srgb
  X:0120H         SYMBOL        ergb
  X:0124H         SYMBOL        cbuf
  X:0127H         SYMBOL        len
  -------         DO            
  X:0129H         SYMBOL        sr
  X:012AH         SYMBOL        sg
  X:012BH         SYMBOL        sb
  X:012CH         SYMBOL        dr
  X:012EH         SYMBOL        dg
  X:0130H         SYMBOL        db
  X:0132H         SYMBOL        r
  X:0134H         SYMBOL        g
  X:0136H         SYMBOL        b
  X:0138H         SYMBOL        i
  -------         ENDDO         
  C:4B0BH         LINE#         271
  C:4B11H         LINE#         272
  C:4B11H         LINE#         276
  C:4B18H         LINE#         277
  C:4B31H         LINE#         278
  C:4B4AH         LINE#         279
  C:4B59H         LINE#         280
  C:4B7CH         LINE#         281
  C:4B9FH         LINE#         282
  C:4BB7H         LINE#         283
  C:4BD6H         LINE#         284
  C:4BD6H         LINE#         285
  C:4C04H         LINE#         286
  C:4C2FH         LINE#         287
  C:4C5AH         LINE#         288
  C:4C70H         LINE#         289
  C:4C86H         LINE#         290
  C:4C9CH         LINE#         291
  C:4CE2H         LINE#         292
  C:4CF3H         LINE#         293
  -------         ENDPROC       _GUI_SMOOTH_COLOR
  -------         PROC          _GUI_DRAW_SMOOTH_RECTANGLE
  X:01BAH         SYMBOL        x
  X:01BCH         SYMBOL        y
  X:01BEH         SYMBOL        width
  X:01C0H         SYMBOL        height
  X:01C2H         SYMBOL        srgb
  X:01C6H         SYMBOL        ergb
  -------         DO            
  X:01CAH         SYMBOL        i
  X:01CCH         SYMBOL        j
  X:01CEH         SYMBOL        colortbl
  -------         ENDDO         
BL51 BANKED LINKER/LOCATER V6.22                                                      11/07/2018  16:17:49  PAGE 34


  C:5F45H         LINE#         298
[...]
  C:5720H         LINE#         540
  C:5734H         LINE#         541
  C:5759H         LINE#         542
  C:5766H         LINE#         543
  C:5766H         LINE#         544
  C:577DH         LINE#         545
  C:577DH         LINE#         546
  C:5828H         LINE#         547
  -------         ENDPROC       _GUI_SHOW_STRMID
  -------         PROC          _GUI_SHOW_PTCHAR
  X:0189H         SYMBOL        x
  X:018BH         SYMBOL        y
  X:018DH         SYMBOL        xend
  X:018FH         SYMBOL        yend
  X:0191H         SYMBOL        offset
  X:0193H         SYMBOL        color
  X:0195H         SYMBOL        size
  X:0197H         SYMBOL        chr
  X:0198H         SYMBOL        mode
  -------         DO            
  X:0199H         SYMBOL        temp
  X:019AH         SYMBOL        t1
  X:019BH         SYMBOL        t
  X:019CH         SYMBOL        tempoff
  X:019EH         SYMBOL        y0
  X:01A0H         SYMBOL        csize
  -------         ENDDO         
  C:3C2FH         LINE#         557
  C:3C47H         LINE#         558
  C:3C47H         LINE#         562
  C:3C4FH         LINE#         563
  C:3C90H         LINE#         564
  C:3C9FH         LINE#         565
  C:3CA4H         LINE#         566
  C:3CC0H         LINE#         567
  C:3CC0H         LINE#         568
  C:3CDEH         LINE#         569
  C:3CDEH         LINE#         570
  C:3CDEH         LINE#         571
BL51 BANKED LINKER/LOCATER V6.22                                                      11/07/2018  16:17:49  PAGE 40


  C:3CEEH         LINE#         572
  C:3CF0H         LINE#         573
  C:3CF0H         LINE#         574
  C:3D05H         LINE#         575
  C:3D07H         LINE#         576
  C:3D07H         LINE#         577
  C:3D2EH         LINE#         578
  C:3D2EH         LINE#         579
  C:3D2EH         LINE#         581
  C:3D2EH         LINE#         582
  C:3D3DH         LINE#         583
  C:3D55H         LINE#         584
  C:3D62H         LINE#         585
  C:3D62H         LINE#         586
  C:3D66H         LINE#         587
  C:3D66H         LINE#         588
  C:3D7CH         LINE#         589
  C:3D7CH         LINE#         590
  C:3D83H         LINE#         591
  C:3D83H         LINE#         592
  C:3D9FH         LINE#         593
  C:3DADH         LINE#         594
  C:3DCEH         LINE#         595
  C:3DCEH         LINE#         596
  C:3DD5H         LINE#         597
  C:3DE3H         LINE#         598
  C:3E04H         LINE#         599
  C:3E04H         LINE#         600
  C:3E0CH         LINE#         601
  C:3E1AH         LINE#         602
  C:3E1CH         LINE#         603
  C:3E1CH         LINE#         604
  C:3E2DH         LINE#         605
  C:3E2DH         LINE#         606
  C:3E2DH         LINE#         607
  C:3E3BH         LINE#         608
  C:3E5DH         LINE#         609
  C:3E5DH         LINE#         610
  C:3E65H         LINE#         611
  C:3E73H         LINE#         612
  C:3E73H         LINE#         613
  C:3E73H         LINE#         614
  C:3E7CH         LINE#         615
  -------         ENDPROC       _GUI_SHOW_PTCHAR
  -------         PROC          _GUI_SHOW_NUM
  X:0289H         SYMBOL        x
  X:028BH         SYMBOL        y
  X:028DH         SYMBOL        len
  X:028EH         SYMBOL        color
  X:0290H         SYMBOL        size
  X:0291H         SYMBOL        num
  X:0295H         SYMBOL        mode
  -------         DO            
  X:0296H         SYMBOL        t
  X:0297H         SYMBOL        temp
  X:0298H         SYMBOL        enshow
  -------         ENDDO         
BL51 BANKED LINKER/LOCATER V6.22                                                      11/07/2018  16:17:49  PAGE 41


  C:50A3H         LINE#         626
  C:50B4H         LINE#         627
  C:50B4H         LINE#         629
  C:50B9H         LINE#         630
  C:50CEH         LINE#         631
  C:50CEH         LINE#         632
  C:50FFH         LINE#         633
  C:5118H         LINE#         634
  C:5118H         LINE#         635
  C:511FH         LINE#         636
  C:511FH         LINE#         637
  C:5181H         LINE#         638
  C:51DDH         LINE#         639
  C:51DFH         LINE#         640
  C:51E5H         LINE#         642
  C:51E5H         LINE#         643
  C:525CH         LINE#         644
  C:5265H         LINE#         645
  -------         ENDPROC       _GUI_SHOW_NUM
  -------         PROC          _GUI_NUM2STR
  X:034EH         SYMBOL        str
  X:0351H         SYMBOL        num
  -------         DO            
  X:0355H         SYMBOL        t
  D:0007H         SYMBOL        temp
  X:0356H         SYMBOL        enrec
  -------         ENDDO         
  C:6B5EH         LINE#         650
  C:6B6DH         LINE#         651
  C:6B6DH         LINE#         653
  C:6B72H         LINE#         654
  C:6B80H         LINE#         655
  C:6B80H         LINE#         656
  C:6BAEH         LINE#         657
  C:6BBDH         LINE#         658
  C:6BBDH         LINE#         659
  C:6BC2H         LINE#         660
  C:6BC8H         LINE#         661
  C:6BC8H         LINE#         662
  C:6BDBH         LINE#         663
  C:6BE5H         LINE#         664
  C:6BEDH         LINE#         665
  C:6BFCH         LINE#         666
  C:6C07H         LINE#         667
  -------         ENDPROC       _GUI_NUM2STR
  -------         PROC          _GUI_SHOW_PTSTR
  X:020FH         SYMBOL        x
  X:0211H         SYMBOL        y
  X:0213H         SYMBOL        xend
  X:0215H         SYMBOL        yend
  X:0217H         SYMBOL        offset
  X:0219H         SYMBOL        color
  X:021BH         SYMBOL        size
  X:021CH         SYMBOL        str
  X:021FH         SYMBOL        mode
  -------         DO            
  X:0220H         SYMBOL        bHz
BL51 BANKED LINKER/LOCATER V6.22                                                      11/07/2018  16:17:49  PAGE 42


  X:0221H         SYMBOL        EnDisp
  -------         ENDDO         
  C:3E7DH         LINE#         677
  C:3E91H         LINE#         678
  C:3E91H         LINE#         679
  C:3E96H         LINE#         680
  C:3E98H         LINE#         681
  C:3EACH         LINE#         682
  C:3EACH         LINE#         683
  C:3EB5H         LINE#         684
  C:3EB5H         LINE#         685
  C:3EC0H         LINE#         687
  C:3EC0H         LINE#         688
  C:3EC6H         LINE#         689
  C:3EC6H         LINE#         690
  C:3EDDH         LINE#         691
  C:3EDDH         LINE#         692
  C:3EEAH         LINE#         693
  C:3EECH         LINE#         694
  C:3EECH         LINE#         695
  C:3F03H         LINE#         696
  C:3F09H         LINE#         697
  C:3F09H         LINE#         698
  C:3F09H         LINE#         699
  C:3F14H         LINE#         700
  C:3F14H         LINE#         701
  C:3F81H         LINE#         702
  C:3FB4H         LINE#         703
  C:3FBCH         LINE#         704
  C:3FC7H         LINE#         705
  C:3FC7H         LINE#         706
  C:3FD4H         LINE#         707
  C:3FDBH         LINE#         708
  C:3FDBH         LINE#         709
  C:3FDBH         LINE#         710
  C:3FF3H         LINE#         711
  C:3FFAH         LINE#         712
  C:3FFAH         LINE#         713
  C:3FFDH         LINE#         714
  C:3FFDH         LINE#         715
  C:4002H         LINE#         716
  C:4006H         LINE#         717
  C:4006H         LINE#         718
  C:401BH         LINE#         719
  C:401BH         LINE#         720
  C:4028H         LINE#         721
  C:402AH         LINE#         722
  C:402AH         LINE#         723
  C:4041H         LINE#         724
  C:4047H         LINE#         725
  C:4047H         LINE#         726
  C:4047H         LINE#         727
  C:404DH         LINE#         728
  C:404DH         LINE#         730
  C:407EH         LINE#         731
  C:4086H         LINE#         732
  C:4091H         LINE#         733
BL51 BANKED LINKER/LOCATER V6.22                                                      11/07/2018  16:17:49  PAGE 43


  C:4091H         LINE#         734
  C:409EH         LINE#         735
  C:40A5H         LINE#         736
  C:40A5H         LINE#         737
  C:40A5H         LINE#         738
  C:40BAH         LINE#         739
  C:40C4H         LINE#         740
  C:40C4H         LINE#         741
  C:40C7H         LINE#         742
  -------         ENDPROC       _GUI_SHOW_PTSTR
  -------         PROC          _GUI_SHOW_PTSTRWHITERIM
  X:0246H         SYMBOL        x
  X:0248H         SYMBOL        y
  X:024AH         SYMBOL        xend
  X:024CH         SYMBOL        yend
  X:024EH         SYMBOL        offset
  X:0250H         SYMBOL        color
  X:0252H         SYMBOL        rimcolor
  X:0254H         SYMBOL        size
  X:0255H         SYMBOL        str
  C:66BAH         LINE#         752
  C:66CEH         LINE#         753
  C:66CEH         LINE#         754
  C:6725H         LINE#         755
  -------         ENDPROC       _GUI_SHOW_PTSTRWHITERIM
  -------         PROC          _GUI_GET_STRINGLINE
  X:030FH         SYMBOL        str
  X:0312H         SYMBOL        linelenth
  X:0314H         SYMBOL        font
  -------         DO            
  X:0315H         SYMBOL        xpos
  X:0317H         SYMBOL        lincnt
  -------         ENDDO         
  C:53EDH         LINE#         763
  C:5400H         LINE#         764
  C:5400H         LINE#         765
  C:5407H         LINE#         766
  C:540FH         LINE#         767
  C:5425H         LINE#         768
  C:5455H         LINE#         769
  C:5455H         LINE#         770
  C:5475H         LINE#         771
  C:5475H         LINE#         772
  C:5484H         LINE#         773
  C:548BH         LINE#         774
  C:54AAH         LINE#         775
  C:54B1H         LINE#         776
  C:54C7H         LINE#         777
  C:54C7H         LINE#         778
  C:54DAH         LINE#         779
  C:54E4H         LINE#         780
  C:54FCH         LINE#         781
  C:54FCH         LINE#         782
  C:54FCH         LINE#         783
  C:54FCH         LINE#         784
  C:54FCH         LINE#         785
  C:54FEH         LINE#         786
BL51 BANKED LINKER/LOCATER V6.22                                                      11/07/2018  16:17:49  PAGE 44


  C:54FEH         LINE#         787
  C:5513H         LINE#         788
  C:551DH         LINE#         789
  C:5535H         LINE#         790
  C:5535H         LINE#         791
  C:553AH         LINE#         792
  C:5557H         LINE#         793
  C:5557H         LINE#         794
  C:5557H         LINE#         795
  C:555AH         LINE#         796
  C:5568H         LINE#         797
  -------         ENDPROC       _GUI_GET_STRINGLINE
  -------         PROC          _GUI_SHOW_STRING
  X:01D1H         SYMBOL        str
  X:01D4H         SYMBOL        x
  X:01D6H         SYMBOL        y
  X:01D8H         SYMBOL        width
  X:01DAH         SYMBOL        height
  X:01DCH         SYMBOL        font
  X:01DDH         SYMBOL        fcolor
  -------         DO            
  X:01DFH         SYMBOL        xpos
  X:01E1H         SYMBOL        ypos
  X:01E3H         SYMBOL        endx
  X:01E5H         SYMBOL        endy
  -------         ENDDO         
  C:4311H         LINE#         804
  C:4322H         LINE#         805
  C:4322H         LINE#         806
  C:4332H         LINE#         807
  C:4342H         LINE#         808
  C:435CH         LINE#         809
  C:4376H         LINE#         810
  C:438EH         LINE#         811
  C:43A1H         LINE#         812
  C:43A1H         LINE#         813
  C:43B5H         LINE#         814
  C:43B5H         LINE#         815
  C:43C4H         LINE#         816
  C:43CBH         LINE#         817
  C:43DAH         LINE#         818
  C:43ECH         LINE#         819
  C:4400H         LINE#         820
  C:4400H         LINE#         821
  C:4428H         LINE#         822
  C:4428H         LINE#         823
  C:4437H         LINE#         824
  C:4443H         LINE#         825
  C:4443H         LINE#         827
  C:4455H         LINE#         828
  C:445CH         LINE#         830
  C:445FH         LINE#         831
  C:445FH         LINE#         832
  C:4489H         LINE#         833
  C:4489H         LINE#         834
  C:4498H         LINE#         835
  C:44A5H         LINE#         836
BL51 BANKED LINKER/LOCATER V6.22                                                      11/07/2018  16:17:49  PAGE 45


  C:44A5H         LINE#         837
  C:4504H         LINE#         838
  C:4518H         LINE#         839
  C:4522H         LINE#         840
  C:4522H         LINE#         841
  C:453BH         LINE#         843
  -------         ENDPROC       _GUI_SHOW_STRING
  -------         ENDMOD        GUI

  -------         MODULE        ?C?CLDPTR
  C:319FH         PUBLIC        ?C?CLDPTR
  -------         ENDMOD        ?C?CLDPTR

  -------         MODULE        ?C?CLDOPTR
  C:31B8H         PUBLIC        ?C?CLDOPTR
  -------         ENDMOD        ?C?CLDOPTR

  -------         MODULE        ?C?CSTPTR
  C:31E5H         PUBLIC        ?C?CSTPTR
  -------         ENDMOD        ?C?CSTPTR

  -------         MODULE        ?C?IMUL
  C:31F7H         PUBLIC        ?C?IMUL
  -------         ENDMOD        ?C?IMUL

  -------         MODULE        ?C?UIDIV
  C:3209H         PUBLIC        ?C?UIDIV
  -------         ENDMOD        ?C?UIDIV

  -------         MODULE        ?C?IILDX
  C:325EH         PUBLIC        ?C?IILDX
  -------         ENDMOD        ?C?IILDX

  -------         MODULE        ?C?ILDIX
  C:3274H         PUBLIC        ?C?ILDIX
  -------         ENDMOD        ?C?ILDIX

  -------         MODULE        ?C?ILDOPTR
  C:328AH         PUBLIC        ?C?ILDOPTR
  -------         ENDMOD        ?C?ILDOPTR

  -------         MODULE        ?C?ISTOPTR
  C:32C2H         PUBLIC        ?C?ISTOPTR
  -------         ENDMOD        ?C?ISTOPTR

  -------         MODULE        ?C?LMUL
  C:32EFH         PUBLIC        ?C?LMUL
  -------         ENDMOD        ?C?LMUL

  -------         MODULE        ?C?ULDIV
  C:337AH         PUBLIC        ?C?ULDIV
  -------         ENDMOD        ?C?ULDIV

  -------         MODULE        ?C?SLDIV
  C:72A4H         PUBLIC        ?C?SLDIV
  -------         ENDMOD        ?C?SLDIV

BL51 BANKED LINKER/LOCATER V6.22                                                      11/07/2018  16:17:49  PAGE 46


  -------         MODULE        ?C?SLCMP
  C:340CH         PUBLIC        ?C?SLCMP
  -------         ENDMOD        ?C?SLCMP

  -------         MODULE        ?C?ULCMP
  C:3422H         PUBLIC        ?C?ULCMP
  -------         ENDMOD        ?C?ULCMP

  -------         MODULE        ?C?ULSHR
  C:3433H         PUBLIC        ?C?ULSHR
  -------         ENDMOD        ?C?ULSHR

  -------         MODULE        ?C?LSTXDATA
  C:3446H         PUBLIC        ?C?LSTXDATA
  -------         ENDMOD        ?C?LSTXDATA

  -------         MODULE        ?C?LSTKXDATA
  C:3452H         PUBLIC        ?C?LSTKXDATA
  -------         ENDMOD        ?C?LSTKXDATA

  -------         MODULE        ?C?LIMUL
  C:3483H         PUBLIC        ?C?LIMUL
  -------         ENDMOD        ?C?LIMUL

  -------         MODULE        PRINTF
  X:0034H         PUBLIC        ?_PRINTF517?BYTE
  X:0034H         PUBLIC        ?_PRINTF?BYTE
  X:0034H         PUBLIC        ?_SPRINTF517?BYTE
  X:0034H         PUBLIC        ?_SPRINTF?BYTE
  C:2EA5H         PUBLIC        _PRINTF
  C:2EA5H         PUBLIC        _PRINTF517
  C:2E9FH         PUBLIC        _SPRINTF
  C:2E9FH         PUBLIC        _SPRINTF517
  -------         ENDMOD        PRINTF

  -------         MODULE        STRLEN
  C:7525H         PUBLIC        _STRLEN
  -------         ENDMOD        STRLEN

  -------         MODULE        ?C?PLDIXDATA
  C:34B0H         PUBLIC        ?C?PLDIXDATA
  -------         ENDMOD        ?C?PLDIXDATA

  -------         MODULE        ?C?PSTXDATA
  C:34C7H         PUBLIC        ?C?PSTXDATA
  -------         ENDMOD        ?C?PSTXDATA

  -------         MODULE        ?C?CCASE
  C:34D0H         PUBLIC        ?C?CCASE
  -------         ENDMOD        ?C?CCASE

  -------         MODULE        PUTCHAR
  C:748EH         PUBLIC        _PUTCHAR
  -------         ENDMOD        PUTCHAR

*** WARNING L16: UNCALLED SEGMENT, IGNORED FOR OVERLAY PROCESS
    SEGMENT: ?PR?_UART_CMD?UART
BL51 BANKED LINKER/LOCATER V6.22                                                      11/07/2018  16:17:49  PAGE 47



*** WARNING L16: UNCALLED SEGMENT, IGNORED FOR OVERLAY PROCESS
    SEGMENT: ?PR?_UART_SENDSTRING?UART

*** WARNING L16: UNCALLED SEGMENT, IGNORED FOR OVERLAY PROCESS
    SEGMENT: ?PR?_LCD_COLOR_FILL?TFTLCD

*** WARNING L16: UNCALLED SEGMENT, IGNORED FOR OVERLAY PROCESS
    SEGMENT: ?PR?_LCD_DRAWBIGPOINT?TFTLCD

*** WARNING L16: UNCALLED SEGMENT, IGNORED FOR OVERLAY PROCESS
    SEGMENT: ?PR?_LCD_DRAWLINE_COLOR?TFTLCD

*** WARNING L16: UNCALLED SEGMENT, IGNORED FOR OVERLAY PROCESS
    SEGMENT: ?PR?_LCD_DROWSIGN?TFTLCD

*** WARNING L16: UNCALLED SEGMENT, IGNORED FOR OVERLAY PROCESS
    SEGMENT: ?PR?_LCD_DRAWRECTANGLE?TFTLCD

*** WARNING L16: UNCALLED SEGMENT, IGNORED FOR OVERLAY PROCESS
    SEGMENT: ?PR?_LCD_DRAW_CIRCLE?TFTLCD

*** WARNING L16: UNCALLED SEGMENT, IGNORED FOR OVERLAY PROCESS
    SEGMENT: ?PR?_LCD_SHOWNUM?TFTLCD

*** WARNING L16: UNCALLED SEGMENT, IGNORED FOR OVERLAY PROCESS
    SEGMENT: ?PR?_LCD_SHOWXNUM?TFTLCD

*** WARNING L16: UNCALLED SEGMENT, IGNORED FOR OVERLAY PROCESS
    SEGMENT: ?PR?_LCD_SHOWSTRING?TFTLCD

*** WARNING L16: UNCALLED SEGMENT, IGNORED FOR OVERLAY PROCESS
    SEGMENT: ?PR?_LCD_SHOWPICTURE?TFTLCD

*** WARNING L16: UNCALLED SEGMENT, IGNORED FOR OVERLAY PROCESS
    SEGMENT: ?PR?TOUCH_SCAN?TOUCH

*** WARNING L16: UNCALLED SEGMENT, IGNORED FOR OVERLAY PROCESS
    SEGMENT: ?PR?_GUI_COLOR_CHG?GUI

*** WARNING L16: UNCALLED SEGMENT, IGNORED FOR OVERLAY PROCESS
    SEGMENT: ?PR?_GUI_RGB332TORGB565?GUI

*** WARNING L16: UNCALLED SEGMENT, IGNORED FOR OVERLAY PROCESS
    SEGMENT: ?PR?_GUI_DISABS?GUI

*** WARNING L16: UNCALLED SEGMENT, IGNORED FOR OVERLAY PROCESS
    SEGMENT: ?PR?_GUI_DRAW_POINT?GUI

*** WARNING L16: UNCALLED SEGMENT, IGNORED FOR OVERLAY PROCESS
    SEGMENT: ?PR?_GUI_ALPHABLEND_AREA?GUI

*** WARNING L16: UNCALLED SEGMENT, IGNORED FOR OVERLAY PROCESS
    SEGMENT: ?PR?_GUI_DRAW_BLINE?GUI

*** WARNING L16: UNCALLED SEGMENT, IGNORED FOR OVERLAY PROCESS
    SEGMENT: ?PR?_GUI_DRAW_BLINE1?GUI
BL51 BANKED LINKER/LOCATER V6.22                                                      11/07/2018  16:17:49  PAGE 48



*** WARNING L16: UNCALLED SEGMENT, IGNORED FOR OVERLAY PROCESS
    SEGMENT: ?PR?_GUI_FILL_COLORBLOCK?GUI

*** WARNING L16: UNCALLED SEGMENT, IGNORED FOR OVERLAY PROCESS
    SEGMENT: ?PR?_GUI_DRAW_SMOOTH_RECTANGLE?GUI

*** WARNING L16: UNCALLED SEGMENT, IGNORED FOR OVERLAY PROCESS
    SEGMENT: ?PR?_GUI_DRAW_RECTANGLE?GUI

*** WARNING L16: UNCALLED SEGMENT, IGNORED FOR OVERLAY PROCESS
    SEGMENT: ?PR?_GUI_DRAW_ARCRECTANGLE?GUI

*** WARNING L16: UNCALLED SEGMENT, IGNORED FOR OVERLAY PROCESS
    SEGMENT: ?PR?_GUI_DRAW_ELLIPSE?GUI

*** WARNING L16: UNCALLED SEGMENT, IGNORED FOR OVERLAY PROCESS
    SEGMENT: ?PR?_GUI_FILL_ELLIPSE?GUI

*** WARNING L16: UNCALLED SEGMENT, IGNORED FOR OVERLAY PROCESS
    SEGMENT: ?PR?_GUI_SHOW_STRMID?GUI

*** WARNING L16: UNCALLED SEGMENT, IGNORED FOR OVERLAY PROCESS
    SEGMENT: ?PR?_GUI_SHOW_NUM?GUI

*** WARNING L16: UNCALLED SEGMENT, IGNORED FOR OVERLAY PROCESS
    SEGMENT: ?PR?_GUI_NUM2STR?GUI

*** WARNING L16: UNCALLED SEGMENT, IGNORED FOR OVERLAY PROCESS
    SEGMENT: ?PR?_GUI_SHOW_PTSTRWHITERIM?GUI

*** WARNING L16: UNCALLED SEGMENT, IGNORED FOR OVERLAY PROCESS
    SEGMENT: ?PR?_GUI_GET_STRINGLINE?GUI

*** WARNING L16: UNCALLED SEGMENT, IGNORED FOR OVERLAY PROCESS
    SEGMENT: ?PR?_GUI_SHOW_STRING?GUI

Program Size: data=15.1 xdata=947 code=30107
LINK/LOCATE RUN COMPLETE.  32 WARNING(S),  0 ERROR(S)
