C51 COMPILER V9.54   TIME1                                                                 03/10/2017 20:23:08 PAGE 1   


C51 COMPILER V9.54, COMPILATION OF MODULE TIME1
OBJECT MODULE PLACED IN .\Objects\time1.obj
COMPILER INVOKED BY: D:\softinstall\Keil_v5\C51\BIN\C51.EXE time1.c OPTIMIZE(8,SPEED) BROWSE DEBUG OBJECTEXTEND PRINT(.\
                    -Listings\time1.lst) TABS(2) OBJECT(.\Objects\time1.obj)

line level    source

   1          #include "time0.h"
*** WARNING C318 IN LINE 1 OF time1.c: can't open file 'time0.h'
   2          #include "delay.h"
   3          sbit PWMX=P1^0;
   4          sbit PWMY=P1^1;
   5          sbit PWMC=P1^2;
   6          unsigned int pwmx=64154,pwmy=64154,pwmc=64154;//0°pwm=63232，90°pwm=64154，180°pwm=65075
   7          void Init_Time0(void)
   8          {
   9   1         /*0度=0.5ms, 45度=1ms, 90度=1.5ms, 135度=2ms, 180度=2.5ms*/
  10   1        TMOD |= 0x01;//使用模式1，16位定时器，使用"|"符号可以在使用多个定时器时不受影响   
  11   1        TH0=0xB8;//给定初值，20ms中断
  12   1        TL0=0x00;
  13   1        EA=1;//总中断打开
  14   1        ET0=1;//定时器1中断打开
  15   1        TR0=1;//定时器1开启    
  16   1      }
  17          
  18          void TIME0Interrupt(void) interrupt 3
  19          {
  20   1        static unsigned char pwm_flag=0;
  21   1        switch(pwm_flag)
  22   1        {
  23   2          case 0:  PWMX=1; TH0=pwmx/256; TL0=pwmx%256; break;
  24   2          case 1:  PWMX=0; TH0=((65536-pwmx)+47104)/256; TL0=((65536-pwmx)+47104)%256; break;
  25   2          case 2:  PWMY=1; TH0=pwmy/256; TL0=pwmy%256; break;
  26   2          case 3:  PWMY=0; TH0=((65536-pwmy)+47104)/256; TL0=((65536-pwmy)+47104)%256; break;
  27   2          case 4:  PWMC=1; TH0=pwmc/256; TL0=pwmc%256; break;
  28   2          case 5:  PWMC=0; TH0=((65536-pwmc)+47104)/256; TL0=((65536-pwmc)+47104)%256; break;
  29   2          default: break;          
  30   2        }
  31   1        if(pwm_flag<5) pwm_flag++;
  32   1        else pwm_flag=0;
  33   1      }


MODULE INFORMATION:   STATIC OVERLAYABLE
   CODE SIZE        =    315    ----
   CONSTANT SIZE    =   ----    ----
   XDATA SIZE       =   ----    ----
   PDATA SIZE       =   ----    ----
   DATA SIZE        =      7    ----
   IDATA SIZE       =   ----    ----
   BIT SIZE         =   ----    ----
END OF MODULE INFORMATION.


C51 COMPILATION COMPLETE.  1 WARNING(S),  0 ERROR(S)
