<html>
<body>
<pre>
<h1>礦ision Build Log</h1>
<h2>Project:</h2>
C:\Users\lyln\Documents\Tencent Files\553643996\FileRecv\已完成2\步进电机匀速单向转实验\USER\步进电机单向均速转实验.uvproj
Project File Date:  05/04/2013

<h2>Output:</h2>
Build target '步进电机'
assembling startup_stm32f10x_md.s...
compiling main.c...
compiling delay.c...
compiling bujin_motor.c...
compiling stm32f10x_gpio.c...
compiling stm32f10x_rcc.c...
compiling core_cm3.c...
compiling system_stm32f10x.c...
linking...
Program Size: Code=2920 RO-data=268 RW-data=40 ZI-data=1632  
FromELF: creating hex file...
"..\OUTPUT\步进电机单向匀速转实验.axf" - 0 Error(s), 0 Warning(s).
Load "..\\OUTPUT\\步进电机单向匀速转实验.AXF" 
* JLink Info: Device "STM32F103C8" selected (64 KB flash, 20 KB RAM).
Set JLink Project File to "C:\Users\lyln\Documents\Tencent Files\553643996\FileRecv\已完成2\步进电机匀速单向转实验\USER\JLinkSettings.ini"
 
JLink info:
------------
DLL: V4.50j, compiled Jun 26 2012 09:19:07
Firmware: J-Link ARM V7 compiled Jun 20 2012 19:45:53
Hardware: V7.00
S/N : 11111117 
Feature(s) : RDI, FlashBP, FlashDL, JFlash, GDBFull 
 
* JLink Info: Found SWD-DP with ID 0x1BA01477
* JLink Info: Found SWD-DP with ID 0x1BA01477
* JLink Info: TPIU fitted.
* JLink Info: FPUnit: 6 code (BP) slots and 2 literal slots
* JLink Info: Found Cortex-M3 r1p1, Little endian.
ROMTableAddr = 0xE00FF003
 
Target info:
------------
Device: STM32F103C8
VTarget = 3.332V
State of Pins: 
TCK: 0, TDI: 1, TDO: 0, TMS: 0, TRES: 1, TRST: 1
Hardware-Breakpoints: 6
Software-Breakpoints: 8192
Watchpoints:          4
JTAG speed: 2000 kHz
 
Full Chip Erase Done.
Programming Done.
Verify OK.
Application running ...
Build target '步进电机'
compiling main.c...
linking...
Program Size: Code=2920 RO-data=268 RW-data=40 ZI-data=1632  
FromELF: creating hex file...
"..\OUTPUT\步进电机单向匀速转实验.axf" - 0 Error(s), 0 Warning(s).
