BL51 BANKED LINKER/LOCATER V6.22                                                        11/09/2018  10:57:34  PAGE 1


BL51 BANKED LINKER/LOCATER V6.22, INVOKED BY:
J:\MDK4\C51\BIN\BL51.EXE .\output\main.obj, .\output\public.obj, .\output\uart.obj, .\output\tftlcd.obj, .\output\touch.
>> obj, .\output\gui.obj TO .\output\template PRINT (.\output\template.m51) RAMSIZE (256)


MEMORY MODEL: LARGE


INPUT MODULES INCLUDED:
  .\output\main.obj (MAIN)
  .\output\public.obj (PUBLIC)
  .\output\uart.obj (UART)
  .\output\tftlcd.obj (TFTLCD)
  .\output\touch.obj (TOUCH)
  .\output\gui.obj (GUI)
  J:\MDK4\C51\LIB\C51L.LIB (?C_STARTUP)
  J:\MDK4\C51\LIB\C51L.LIB (?C?CLDPTR)
  J:\MDK4\C51\LIB\C51L.LIB (?C?CLDOPTR)
  J:\MDK4\C51\LIB\C51L.LIB (?C?CSTPTR)
  J:\MDK4\C51\LIB\C51L.LIB (?C?IMUL)
  J:\MDK4\C51\LIB\C51L.LIB (?C?UIDIV)
  J:\MDK4\C51\LIB\C51L.LIB (?C?IILDX)
  J:\MDK4\C51\LIB\C51L.LIB (?C?ILDIX)
  J:\MDK4\C51\LIB\C51L.LIB (?C?ILDOPTR)
  J:\MDK4\C51\LIB\C51L.LIB (?C?ISTOPTR)
  J:\MDK4\C51\LIB\C51L.LIB (?C?LMUL)
  J:\MDK4\C51\LIB\C51L.LIB (?C?ULDIV)
  J:\MDK4\C51\LIB\C51L.LIB (?C?SLDIV)
  J:\MDK4\C51\LIB\C51L.LIB (?C?SLCMP)
  J:\MDK4\C51\LIB\C51L.LIB (?C?ULCMP)
  J:\MDK4\C51\LIB\C51L.LIB (?C?ULSHR)
  J:\MDK4\C51\LIB\C51L.LIB (?C?LSTXDATA)
  J:\MDK4\C51\LIB\C51L.LIB (?C?LSTKXDATA)
  J:\MDK4\C51\LIB\C51L.LIB (?C?LIMUL)
  J:\MDK4\C51\LIB\C51L.LIB (PRINTF)
  J:\MDK4\C51\LIB\C51L.LIB (STRLEN)
  J:\MDK4\C51\LIB\C51L.LIB (?C_INIT)
  J:\MDK4\C51\LIB\C51L.LIB (?C?PLDIXDATA)
  J:\MDK4\C51\LIB\C51L.LIB (?C?PSTXDATA)
  J:\MDK4\C51\LIB\C51L.LIB (?C?CCASE)
  J:\MDK4\C51\LIB\C51L.LIB (PUTCHAR)


LINK MAP OF MODULE:  .\output\template (MAIN)


            TYPE    BASE      LENGTH    RELOCATION   SEGMENT NAME
            -----------------------------------------------------

            * * * * * * *   D A T A   M E M O R Y   * * * * * * *
            REG     0000H     0008H     ABSOLUTE     "REG BANK 0"
            DATA    0008H     0005H     UNIT         _DATA_GROUP_
                    000DH     0013H                  *** GAP ***
            BIT     0020H.0   0001H.1   UNIT         _BIT_GROUP_
                    0021H.1   0000H.7                *** GAP ***
            IDATA   0022H     0001H     UNIT         ?STACK

            * * * * * * *  X D A T A   M E M O R Y  * * * * * * *
BL51 BANKED LINKER/LOCATER V6.22                                                      11/09/2018  10:57:34  PAGE 2


            XDATA   0000H     006FH     UNIT         _XDATA_GROUP_
            XDATA   006FH     0034H     UNIT         ?XD?UART
            XDATA   00A3H     0024H     UNIT         ?XD?_GUI_DRAW_ELLIPSE?GUI
            XDATA   00C7H     0022H     UNIT         ?XD?_GUI_FILL_ELLIPSE?GUI
            XDATA   00E9H     001FH     UNIT         ?XD?_GUI_DRAW_BLINE?GUI
            XDATA   0108H     001FH     UNIT         ?XD?_GUI_DRAW_BLINE1?GUI
            XDATA   0127H     001EH     UNIT         ?XD?_LCD_DRAWLINE_COLOR?TFTLCD
            XDATA   0145H     001EH     UNIT         ?XD?_GUI_DRAW_LINE?GUI
            XDATA   0163H     001EH     UNIT         ?XD?_GUI_SMOOTH_COLOR?GUI
            XDATA   0181H     001CH     UNIT         ?XD?_LCD_DRAWLINE?TFTLCD
            XDATA   019DH     0017H     UNIT         ?XD?_GUI_DRAW_SMOOTH_RECTANGLE?GUI
            XDATA   01B4H     0017H     UNIT         ?XD?_GUI_SHOW_STRINGEX?GUI
            XDATA   01CBH     0016H     UNIT         ?XD?_GUI_SHOW_STRING?GUI
            XDATA   01E1H     0015H     UNIT         ?XD?_LCD_SHOWPICTURE?TFTLCD
            XDATA   01F6H     0013H     UNIT         ?XD?_LCD_COLOR_FILL?TFTLCD
            XDATA   0209H     0013H     UNIT         ?XD?_GUI_SHOW_STRMIDEX?GUI
            XDATA   021CH     0012H     UNIT         ?XD?_GUI_SHOW_PTSTRWHITERIM?GUI
            XDATA   022EH     0011H     UNIT         ?XD?_GUI_ALPHABLEND_AREA?GUI
            XDATA   023FH     0010H     UNIT         ?XD?_GUI_SHOW_NUM?GUI
            XDATA   024FH     000FH     UNIT         ?XD?MAIN
            XDATA   025EH     000EH     UNIT         ?XD?_LCD_SHOWXNUM?TFTLCD
            XDATA   026CH     000EH     UNIT         ?XD?_GUI_FILL_COLORBLOCK?GUI
            XDATA   027AH     000DH     UNIT         ?XD?_LCD_SHOWNUM?TFTLCD
            XDATA   0287H     000DH     UNIT         ?XD?TOUCH
            XDATA   0294H     000DH     UNIT         ?XD?_GUI_ALPHA_BLEND565?GUI
            XDATA   02A1H     000CH     UNIT         ?XD?_GUI_GET_STRINGLINE?GUI
            XDATA   02ADH     000BH     UNIT         ?XD?TFTLCD
            XDATA   02B8H     000AH     UNIT         ?XD?_LCD_DRAW_CIRCLE?TFTLCD
            XDATA   02C2H     000AH     UNIT         ?XD?_LCD_SHOWFONTHZ?TFTLCD
            XDATA   02CCH     000AH     UNIT         ?XD?_GUI_DRAW_RECTANGLE?GUI
            XDATA   02D6H     0009H     UNIT         ?XD?_GUI_NUM2STR?GUI
            XDATA   02DFH     0008H     UNIT         ?XD?_LCD_READPOINT?TFTLCD
            XDATA   02E7H     0008H     UNIT         ?XD?_LCD_DRAWRECTANGLE?TFTLCD
            XDATA   02EFH     0008H     UNIT         ?XD?_GUI_COLOR_CHG?GUI
            XDATA   02F7H     0008H     UNIT         ?XD?_GUI_DISABS?GUI
            XDATA   02FFH     0006H     UNIT         ?XD?_LCD_DRAWBIGPOINT?TFTLCD
            XDATA   0305H     0006H     UNIT         ?XD?_LCD_DROWSIGN?TFTLCD
            XDATA   030BH     0006H     UNIT         ?XD?_LCD_POW?TFTLCD
            XDATA   0311H     0006H     UNIT         ?XD?_GUI_POW?GUI
            XDATA   0317H     0004H     UNIT         ?XD?_GUI_DRAW_POINT?GUI
            XDATA   031BH     0003H     UNIT         ?XD?_UART_SENDSTRING?UART

            * * * * * * *   C O D E   M E M O R Y   * * * * * * *
            CODE    0000H     0003H     ABSOLUTE     
            CODE    0003H     001FH     UNIT         ?PR?_DELAY?TFTLCD
                    0022H     0001H                  *** GAP ***
            CODE    0023H     0003H     ABSOLUTE     
            CODE    0026H     1BF3H     UNIT         ?CO?TFTLCD
            CODE    1C19H     06B3H     UNIT         ?PR?_GUI_DRAW_ARCRECTANGLE?GUI
            CODE    22CCH     0447H     UNIT         ?PR?BUTTON_TEST?MAIN
            CODE    2713H     0404H     UNIT         ?PR?_GUI_DRAW_ELLIPSE?GUI
            CODE    2B17H     03CAH     UNIT         ?PR?_GUI_DRAW_BLINE1?GUI
            CODE    2EE1H     03A0H     UNIT         ?PR?_GUI_FILL_CIRCLE?GUI
            CODE    3281H     0365H     UNIT         ?PR?PRINTF?PRINTF
            CODE    35E6H     0357H     UNIT         ?C?LIB_CODE
            CODE    393DH     0271H     UNIT         ?PR?_GUI_DRAW_CIRCLE8?GUI
            CODE    3BAEH     026CH     UNIT         ?PR?_GUI_DRAW_BLINE?GUI
BL51 BANKED LINKER/LOCATER V6.22                                                      11/09/2018  10:57:34  PAGE 3


            CODE    3E1AH     025CH     UNIT         ?PR?_GUI_FILL_ELLIPSE?GUI
            CODE    4076H     0253H     UNIT         ?PR?_GUI_SHOW_PTCHAR?GUI
            CODE    42C9H     0249H     UNIT         ?PR?TFTLCD_INIT?TFTLCD
            CODE    4512H     0246H     UNIT         ?PR?_GUI_SHOW_PTSTR?GUI
            CODE    4758H     0226H     UNIT         ?PR?_GUI_SHOW_STRING?GUI
            CODE    497EH     021CH     UNIT         ?PR?_GUI_SHOW_STRINGEX?GUI
            CODE    4B9AH     01F3H     UNIT         ?PR?_GUI_DRAW_LINE?GUI
            CODE    4D8DH     01EFH     UNIT         ?PR?_LCD_DRAWLINE?TFTLCD
            CODE    4F7CH     01EDH     UNIT         ?PR?_LCD_DRAWLINE_COLOR?TFTLCD
            CODE    5169H     01E9H     UNIT         ?PR?_GUI_SMOOTH_COLOR?GUI
            CODE    5352H     01D8H     UNIT         ?PR?_LCD_DRAW_CIRCLE?TFTLCD
            CODE    552AH     01D7H     UNIT         ?PR?_GUI_DRAW_ARC?GUI
            CODE    5701H     01C3H     UNIT         ?PR?_GUI_SHOW_NUM?GUI
            CODE    58C4H     0187H     UNIT         ?PR?_TOUCH_XPT_READDATA?TOUCH
            CODE    5A4BH     017CH     UNIT         ?PR?_GUI_GET_STRINGLINE?GUI
            CODE    5BC7H     0178H     UNIT         ?PR?_LCD_SHOWCHAR?TFTLCD
            CODE    5D3FH     014CH     UNIT         ?PR?_GUI_SHOW_STRMIDEX?GUI
            CODE    5E8BH     0148H     UNIT         ?PR?_GUI_SHOW_STRMID?GUI
            CODE    5FD3H     0147H     UNIT         ?PR?_GUI_FILL_COLORBLOCK?GUI
            CODE    611AH     0140H     UNIT         ?PR?TOUCH_SCAN?TOUCH
            CODE    625AH     012DH     UNIT         ?PR?_BUTTON_PRESSCREATE?MAIN
            CODE    6387H     012DH     UNIT         ?PR?_LCD_SHOWPICTURE?TFTLCD
            CODE    64B4H     012BH     UNIT         ?PR?_LCD_SHOWFONTHZ?TFTLCD
            CODE    65DFH     0129H     UNIT         ?PR?_BUTTON_CREATE?MAIN
            CODE    6708H     0129H     UNIT         ?PR?_LCD_SHOWXNUM?TFTLCD
            CODE    6831H     0114H     UNIT         ?PR?TOUCH_XPT_READXY?TOUCH
            CODE    6945H     010CH     UNIT         ?PR?_GUI_DRAW_SMOOTH_RECTANGLE?GUI
            CODE    6A51H     00F8H     UNIT         ?PR?_LCD_COLOR_FILL?TFTLCD
            CODE    6B49H     00F7H     UNIT         ?PR?_GUI_ALPHABLEND_AREA?GUI
            CODE    6C40H     00F4H     UNIT         ?PR?_GUI_DRAW_BIGPOINT?GUI
            CODE    6D34H     00EDH     UNIT         ?PR?_GUI_ALPHA_BLEND565?GUI
            CODE    6E21H     00E5H     UNIT         ?PR?_LCD_SHOWSTRING?TFTLCD
            CODE    6F06H     00DCH     UNIT         ?PR?_LCD_SHOWNUM?TFTLCD
            CODE    6FE2H     00D8H     UNIT         ?PR?_LCD_DROWSIGN?TFTLCD
            CODE    70BAH     00D2H     UNIT         ?PR?_GUI_SHOW_PTSTRWHITERIM?GUI
            CODE    718CH     00D0H     UNIT         ?PR?_LCD_FILL?TFTLCD
            CODE    725CH     00CFH     UNIT         ?PR?_LCD_READPOINT?TFTLCD
            CODE    732BH     00C8H     UNIT         ?PR?_GUI_DRAW_RECTANGLE?GUI
            CODE    73F3H     00C1H     UNIT         ?PR?_GUI_DRAW_EXPOINT?GUI
            CODE    74B4H     00AAH     UNIT         ?PR?_LCD_DRAWRECTANGLE?TFTLCD
            CODE    755EH     00AAH     UNIT         ?PR?_GUI_NUM2STR?GUI
            CODE    7608H     0096H     UNIT         ?PR?_GUI_DRAW_VLINE?GUI
            CODE    769EH     0091H     UNIT         ?PR?_LCD_SET_WINDOW?TFTLCD
            CODE    772FH     008CH     UNIT         ?C_C51STARTUP
            CODE    77BBH     008AH     UNIT         ?PR?_GUI_FILL_RECTANGLE?GUI
            CODE    7845H     0087H     UNIT         ?PR?UART_IRQN?UART
            CODE    78CCH     0081H     UNIT         ?PR?_LCD_CLEAR?TFTLCD
            CODE    794DH     0080H     UNIT         ?PR?_GUI_COLOR_CHG?GUI
            CODE    79CDH     007BH     UNIT         ?PR?_GUI_DRAW_HLINE?GUI
            CODE    7A48H     0073H     UNIT         ?PR?_LCD_DRAWBIGPOINT?TFTLCD
            CODE    7ABBH     006BH     UNIT         ?PR?_GUI_DISABS?GUI
            CODE    7B26H     0052H     UNIT         ?PR?_LCD_DISPLAY_DIR?TFTLCD
            CODE    7B78H     0050H     UNIT         ?PR?_LCD_POW?TFTLCD
            CODE    7BC8H     0049H     UNIT         ?PR?_GUI_POW?GUI
            CODE    7C11H     0048H     UNIT         ?PR?_LCD_DRAWFRONT_COLOR?TFTLCD
            CODE    7C59H     0044H     UNIT         ?C?LDIV
            CODE    7C9DH     0040H     UNIT         ?PR?_LCD_DRAWPOINT?TFTLCD
BL51 BANKED LINKER/LOCATER V6.22                                                      11/09/2018  10:57:34  PAGE 4


            CODE    7CDDH     003CH     UNIT         ?PR?_GUI_RGB332TORGB565?GUI
            CODE    7D19H     003CH     UNIT         ?PR?_GUI_DRAW_POINT?GUI
            CODE    7D55H     003BH     UNIT         ?PR?TOUCH_SPI_READ?TOUCH
            CODE    7D90H     0033H     UNIT         ?PR?_UART_SENDSTRING?UART
            CODE    7DC3H     002EH     UNIT         ?PR?_LCD_WRITEDATA?TFTLCD
            CODE    7DF1H     0029H     UNIT         ?PR?_LCD_WRITECMD?TFTLCD
            CODE    7E1AH     0029H     UNIT         ?PR?_LCD_WRITEDATA_COLOR?TFTLCD
            CODE    7E43H     0027H     UNIT         ?PR?PUTCHAR?PUTCHAR
            CODE    7E6AH     0022H     UNIT         ?C_INITSEG
            CODE    7E8CH     001FH     UNIT         ?PR?LCD_READDATA?TFTLCD
            CODE    7EABH     001EH     UNIT         ?PR?_DELAY_MS?PUBLIC
            CODE    7EC9H     001DH     UNIT         ?PR?_TOUCH_SPI_WRITE?TOUCH
            CODE    7EE6H     0016H     UNIT         ?PR?UART_INIT?UART
            CODE    7EFCH     0015H     UNIT         ?PR?_STRLEN?STRLEN
            CODE    7F11H     0014H     UNIT         ?PR?_LCD_WRITECMDDATA?TFTLCD
            CODE    7F25H     000EH     UNIT         ?PR?_UART_SENDDATA?UART
            CODE    7F33H     000CH     UNIT         ?CO?MAIN
            CODE    7F3FH     000BH     UNIT         ?PR?MAIN?MAIN
            CODE    7F4AH     000BH     UNIT         ?PR?_DELAY_10US?PUBLIC
            CODE    7F55H     000BH     UNIT         ?PR?TOUCH_SPI_START?TOUCH
            CODE    7F60H     0006H     UNIT         ?PR?_UART_CMD?UART



OVERLAY MAP OF MODULE:   .\output\template (MAIN)


SEGMENT                                       BIT_GROUP          DATA_GROUP          XDATA_GROUP
  +--> CALLED SEGMENT                      START    LENGTH     START    LENGTH     START    LENGTH
--------------------------------------------------------------------------------------------------
?C_C51STARTUP                              -----    -----      -----    -----      -----    -----
  +--> ?PR?MAIN?MAIN
  +--> ?C_INITSEG

?PR?MAIN?MAIN                              -----    -----      -----    -----      -----    -----
  +--> ?PR?UART_INIT?UART
  +--> ?PR?TFTLCD_INIT?TFTLCD
  +--> ?PR?BUTTON_TEST?MAIN

?PR?TFTLCD_INIT?TFTLCD                     -----    -----      -----    -----      -----    -----
  +--> ?PR?_DELAY_MS?PUBLIC
  +--> ?PR?_LCD_WRITECMD?TFTLCD
  +--> ?PR?LCD_READDATA?TFTLCD
  +--> ?CO?TFTLCD
  +--> ?PR?PRINTF?PRINTF
  +--> ?PR?_LCD_WRITEDATA?TFTLCD
  +--> ?PR?_DELAY_10US?PUBLIC
  +--> ?PR?_DELAY?TFTLCD
  +--> ?PR?_LCD_DISPLAY_DIR?TFTLCD
  +--> ?PR?_LCD_CLEAR?TFTLCD

?PR?PRINTF?PRINTF                          0020H.0  0001H.1    0008H    0005H      0000H    0028H
  +--> ?PR?PUTCHAR?PUTCHAR

?PR?_LCD_WRITEDATA?TFTLCD                  -----    -----      -----    -----      -----    -----
  +--> ?PR?_LCD_WRITECMD?TFTLCD

BL51 BANKED LINKER/LOCATER V6.22                                                      11/09/2018  10:57:34  PAGE 5


?PR?_LCD_DISPLAY_DIR?TFTLCD                -----    -----      -----    -----      -----    -----
  +--> ?PR?_LCD_WRITECMDDATA?TFTLCD

?PR?_LCD_WRITECMDDATA?TFTLCD               -----    -----      -----    -----      -----    -----
  +--> ?PR?_LCD_WRITECMD?TFTLCD
  +--> ?PR?_LCD_WRITEDATA?TFTLCD

?PR?_LCD_CLEAR?TFTLCD                      -----    -----      -----    -----      0000H    0004H
  +--> ?PR?_LCD_SET_WINDOW?TFTLCD
  +--> ?PR?_LCD_WRITEDATA_COLOR?TFTLCD

?PR?_LCD_SET_WINDOW?TFTLCD                 -----    -----      -----    -----      0067H    0008H
  +--> ?PR?_LCD_WRITEDATA?TFTLCD
  +--> ?PR?_LCD_WRITECMD?TFTLCD

?PR?BUTTON_TEST?MAIN                       -----    -----      -----    -----      0000H    0004H
  +--> ?CO?MAIN
  +--> ?PR?_LCD_SHOWSTRING?TFTLCD
  +--> ?PR?_BUTTON_CREATE?MAIN
  +--> ?PR?_GUI_FILL_CIRCLE?GUI
  +--> ?PR?TOUCH_SCAN?TOUCH
  +--> ?PR?_BUTTON_PRESSCREATE?MAIN

?PR?_LCD_SHOWSTRING?TFTLCD                 -----    -----      -----    -----      0004H    000DH
  +--> ?PR?_LCD_SHOWCHAR?TFTLCD

?PR?_LCD_SHOWCHAR?TFTLCD                   -----    -----      -----    -----      0011H    000CH
  +--> ?CO?TFTLCD
  +--> ?PR?_LCD_DRAWFRONT_COLOR?TFTLCD

?PR?_LCD_DRAWFRONT_COLOR?TFTLCD            -----    -----      -----    -----      0061H    0006H
  +--> ?PR?_LCD_SET_WINDOW?TFTLCD
  +--> ?PR?_LCD_WRITEDATA_COLOR?TFTLCD

?PR?_BUTTON_CREATE?MAIN                    -----    -----      -----    -----      0004H    0011H
  +--> ?PR?_GUI_DRAW_ARCRECTANGLE?GUI
  +--> ?PR?_GUI_DRAW_HLINE?GUI
  +--> ?PR?_GUI_SHOW_STRMID?GUI

?PR?_GUI_DRAW_ARCRECTANGLE?GUI             -----    -----      -----    -----      0015H    0010H
  +--> ?PR?_GUI_FILL_RECTANGLE?GUI
  +--> ?PR?_GUI_DRAW_HLINE?GUI
  +--> ?PR?_GUI_DRAW_VLINE?GUI
  +--> ?PR?_GUI_DRAW_ARC?GUI

?PR?_GUI_FILL_RECTANGLE?GUI                -----    -----      -----    -----      0025H    000AH
  +--> ?PR?_LCD_FILL?TFTLCD

?PR?_LCD_FILL?TFTLCD                       -----    -----      -----    -----      002FH    000CH
  +--> ?PR?_LCD_SET_WINDOW?TFTLCD
  +--> ?PR?_LCD_WRITEDATA_COLOR?TFTLCD

?PR?_GUI_DRAW_HLINE?GUI                    -----    -----      -----    -----      0025H    0008H
  +--> ?PR?_LCD_FILL?TFTLCD

?PR?_GUI_DRAW_VLINE?GUI                    -----    -----      -----    -----      0025H    0008H
  +--> ?PR?_LCD_FILL?TFTLCD
BL51 BANKED LINKER/LOCATER V6.22                                                      11/09/2018  10:57:34  PAGE 6



?PR?_GUI_DRAW_ARC?GUI                      -----    -----      -----    -----      0025H    0019H
  +--> ?PR?_GUI_DRAW_CIRCLE8?GUI

?PR?_GUI_DRAW_CIRCLE8?GUI                  -----    -----      -----    -----      003EH    0012H
  +--> ?PR?_GUI_DRAW_EXPOINT?GUI

?PR?_GUI_DRAW_EXPOINT?GUI                  -----    -----      -----    -----      0050H    0010H
  +--> ?PR?_LCD_DRAWPOINT?TFTLCD

?PR?_LCD_DRAWPOINT?TFTLCD                  -----    -----      -----    -----      -----    -----
  +--> ?PR?_LCD_SET_WINDOW?TFTLCD
  +--> ?PR?_LCD_WRITEDATA_COLOR?TFTLCD

?PR?_GUI_SHOW_STRMID?GUI                   -----    -----      -----    -----      0015H    0012H
  +--> ?PR?_STRLEN?STRLEN
  +--> ?PR?_GUI_SHOW_PTSTR?GUI

?PR?_GUI_SHOW_PTSTR?GUI                    -----    -----      -----    -----      0027H    0013H
  +--> ?PR?_GUI_SHOW_PTCHAR?GUI

?PR?_GUI_SHOW_PTCHAR?GUI                   -----    -----      -----    -----      003AH    0019H
  +--> ?CO?TFTLCD
  +--> ?PR?_GUI_DRAW_BIGPOINT?GUI
  +--> ?PR?_LCD_DRAWFRONT_COLOR?TFTLCD

?PR?_GUI_DRAW_BIGPOINT?GUI                 -----    -----      -----    -----      0053H    000EH
  +--> ?PR?_LCD_DRAWFRONT_COLOR?TFTLCD

?PR?_GUI_FILL_CIRCLE?GUI                   -----    -----      -----    -----      0004H    0018H
  +--> ?PR?_GUI_DRAW_HLINE?GUI

?PR?TOUCH_SCAN?TOUCH                       -----    -----      -----    -----      0004H    0005H
  +--> ?PR?TOUCH_XPT_READXY?TOUCH

?PR?TOUCH_XPT_READXY?TOUCH                 -----    -----      -----    -----      0009H    000AH
  +--> ?PR?TOUCH_SPI_START?TOUCH
  +--> ?PR?_TOUCH_XPT_READDATA?TOUCH

?PR?_TOUCH_XPT_READDATA?TOUCH              -----    -----      -----    -----      0013H    001AH
  +--> ?PR?_TOUCH_SPI_WRITE?TOUCH
  +--> ?PR?TOUCH_SPI_READ?TOUCH

?PR?TOUCH_SPI_READ?TOUCH                   -----    -----      -----    -----      002DH    0002H

?PR?_BUTTON_PRESSCREATE?MAIN               -----    -----      -----    -----      0004H    0011H
  +--> ?PR?_GUI_DRAW_ARCRECTANGLE?GUI
  +--> ?PR?_GUI_DRAW_HLINE?GUI
  +--> ?PR?_GUI_SHOW_STRMID?GUI



SYMBOL TABLE OF MODULE:  .\output\template (MAIN)

  VALUE           TYPE          NAME
  ----------------------------------

BL51 BANKED LINKER/LOCATER V6.22                                                      11/09/2018  10:57:34  PAGE 7


  -------         MODULE        MAIN
  C:0000H         SYMBOL        _ICE_DUMMY_
  D:0090H         PUBLIC        P1
  D:00A0H         PUBLIC        P2
  C:22CCH         PUBLIC        Button_Test
  D:00B0H         PUBLIC        P3
  B:00B0H.5       PUBLIC        LED1
  B:00B0H.6       PUBLIC        LED2
  B:00B0H.7       PUBLIC        LED3
  D:00A8H         PUBLIC        IE
  D:00B8H         PUBLIC        IP
  C:7F3FH         PUBLIC        main
  X:024FH         PUBLIC        Button_text
  D:0098H         PUBLIC        SCON
  D:0088H         PUBLIC        TCON
  C:65E9H         PUBLIC        _Button_Create
  C:6264H         PUBLIC        _Button_PressCreate
  D:00C8H         PUBLIC        T2CON
  D:00D0H         PUBLIC        PSW
  -------         PROC          L?0034
  -------         ENDPROC       L?0034
  -------         PROC          _BUTTON_CREATE
  X:0004H         SYMBOL        x0
  X:0006H         SYMBOL        y0
  X:0008H         SYMBOL        width
  X:000AH         SYMBOL        height
  X:000CH         SYMBOL        r
  X:000DH         SYMBOL        backcolor
  X:000FH         SYMBOL        frontcolor
  X:0011H         SYMBOL        size
  X:0012H         SYMBOL        str
  C:65E9H         LINE#         69
  C:65FDH         LINE#         70
  C:65FDH         LINE#         71
  C:662BH         LINE#         72
  C:6664H         LINE#         73
  C:66A6H         LINE#         74
  -------         ENDPROC       _BUTTON_CREATE
  -------         PROC          L?0035
  -------         ENDPROC       L?0035
  -------         PROC          _BUTTON_PRESSCREATE
  X:0004H         SYMBOL        x0
  X:0006H         SYMBOL        y0
  X:0008H         SYMBOL        width
  X:000AH         SYMBOL        height
  X:000CH         SYMBOL        r
  X:000DH         SYMBOL        backcolor
  X:000FH         SYMBOL        frontcolor
  X:0011H         SYMBOL        size
  X:0012H         SYMBOL        str
  C:6264H         LINE#         81
  C:6278H         LINE#         82
  C:6278H         LINE#         83
  C:62A2H         LINE#         84
  C:62E3H         LINE#         85
  C:6325H         LINE#         86
  -------         ENDPROC       _BUTTON_PRESSCREATE
BL51 BANKED LINKER/LOCATER V6.22                                                      11/09/2018  10:57:34  PAGE 8


  -------         PROC          BUTTON_TEST
  -------         DO            
  X:0000H         SYMBOL        i
  X:0001H         SYMBOL        LED1_PressFlag
  X:0002H         SYMBOL        LED2_PressFlag
  X:0003H         SYMBOL        LED3_PressFlag
  -------         ENDDO         
  C:22CCH         LINE#         93
  C:22CCH         LINE#         94
  C:22CCH         LINE#         95
  C:22D1H         LINE#         96
  C:22D3H         LINE#         97
  C:22D5H         LINE#         98
  C:22D7H         LINE#         100
  C:22E0H         LINE#         101
  C:2312H         LINE#         103
  C:2317H         LINE#         104
  C:2317H         LINE#         105
  C:236DH         LINE#         106
  C:238FH         LINE#         107
  C:239EH         LINE#         109
  C:239EH         LINE#         110
  C:239EH         LINE#         111
  C:23A1H         LINE#         113
  C:23AAH         LINE#         114
  C:23AAH         LINE#         116
  C:2408H         LINE#         118
  C:2408H         LINE#         119
  C:2412H         LINE#         120
  C:241CH         LINE#         121
  C:241FH         LINE#         122
  C:2422H         LINE#         125
  C:2480H         LINE#         127
  C:2480H         LINE#         128
  C:248AH         LINE#         129
  C:2494H         LINE#         130
  C:2497H         LINE#         131
  C:249AH         LINE#         134
  C:2504H         LINE#         136
  C:2504H         LINE#         137
  C:250EH         LINE#         138
  C:2518H         LINE#         139
  C:251EH         LINE#         140
  C:251EH         LINE#         141
  C:2521H         LINE#         143
  C:2521H         LINE#         144
  C:2527H         LINE#         145
  C:2527H         LINE#         146
  C:2529H         LINE#         147
  C:2557H         LINE#         148
  C:2559H         LINE#         149
  C:256BH         LINE#         150
  C:256EH         LINE#         151
  C:2574H         LINE#         152
  C:2574H         LINE#         153
  C:2576H         LINE#         154
  C:25A4H         LINE#         155
BL51 BANKED LINKER/LOCATER V6.22                                                      11/09/2018  10:57:34  PAGE 9


  C:25A6H         LINE#         156
  C:25B8H         LINE#         157
  C:25BAH         LINE#         158
  C:25C0H         LINE#         159
  C:25C0H         LINE#         160
  C:25C2H         LINE#         161
  C:25FAH         LINE#         162
  C:25FCH         LINE#         163
  C:2613H         LINE#         164
  C:2613H         LINE#         165
  C:2613H         LINE#         167
  C:2619H         LINE#         168
  C:2619H         LINE#         169
  C:2648H         LINE#         170
  C:264AH         LINE#         171
  C:265EH         LINE#         172
  C:2660H         LINE#         173
  C:2666H         LINE#         174
  C:2666H         LINE#         175
  C:2695H         LINE#         176
  C:2697H         LINE#         177
  C:26B0H         LINE#         178
  C:26B3H         LINE#         179
  C:26BCH         LINE#         180
  C:26BCH         LINE#         181
  C:26F5H         LINE#         182
  C:26F7H         LINE#         183
  C:2710H         LINE#         184
  C:2710H         LINE#         185
  -------         ENDPROC       BUTTON_TEST
  -------         PROC          MAIN
  C:7F3FH         LINE#         188
  C:7F3FH         LINE#         189
  C:7F3FH         LINE#         191
  C:7F42H         LINE#         192
  C:7F45H         LINE#         194
  C:7F48H         LINE#         196
  C:7F48H         LINE#         197
  C:7F48H         LINE#         199
  -------         ENDPROC       MAIN
  -------         ENDMOD        MAIN

  -------         MODULE        PUBLIC
  C:0000H         SYMBOL        _ICE_DUMMY_
  D:0090H         PUBLIC        P1
  D:00B0H         PUBLIC        P3
  D:00A8H         PUBLIC        IE
  D:00B8H         PUBLIC        IP
  D:0098H         PUBLIC        SCON
  D:0088H         PUBLIC        TCON
  C:7F4AH         PUBLIC        _delay_10us
  C:7EABH         PUBLIC        _delay_ms
  D:00C8H         PUBLIC        T2CON
  D:00D0H         PUBLIC        PSW
  -------         PROC          _DELAY_10US
  D:0006H         SYMBOL        us
  C:7F4AH         LINE#         6
BL51 BANKED LINKER/LOCATER V6.22                                                      11/09/2018  10:57:34  PAGE 10


  C:7F4AH         LINE#         7
  C:7F4AH         LINE#         8
  C:7F54H         LINE#         9
  -------         ENDPROC       _DELAY_10US
  -------         PROC          _DELAY_MS
  D:0006H         SYMBOL        ms
  -------         DO            
  D:0006H         SYMBOL        i
  D:0004H         SYMBOL        j
  -------         ENDDO         
  C:7EABH         LINE#         11
  C:7EABH         LINE#         12
  C:7EABH         LINE#         14
  C:7EB4H         LINE#         15
  C:7EC8H         LINE#         16
  -------         ENDPROC       _DELAY_MS
  -------         ENDMOD        PUBLIC

  -------         MODULE        UART
  C:0000H         SYMBOL        _ICE_DUMMY_
  D:0090H         PUBLIC        P1
  D:00B0H         PUBLIC        P3
  B:00A8H.7       PUBLIC        EA
  X:006FH         PUBLIC        UART_RX_BUF
  D:00A8H         PUBLIC        IE
  X:00A1H         PUBLIC        UART_RX_STA
  B:00A8H.4       PUBLIC        ES
  D:00B8H         PUBLIC        IP
  B:0098H.0       PUBLIC        RI
  B:0098H.1       PUBLIC        TI
  C:7D90H         PUBLIC        _UART_SendString
  C:7F25H         PUBLIC        _UART_SendData
  D:0099H         PUBLIC        SBUF
  D:0087H         PUBLIC        PCON
  C:7F60H         PUBLIC        _UART_Cmd
  C:7EE6H         PUBLIC        UART_Init
  D:0098H         PUBLIC        SCON
  D:0089H         PUBLIC        TMOD
  D:0088H         PUBLIC        TCON
  D:008DH         PUBLIC        TH1
  D:008BH         PUBLIC        TL1
  B:0088H.6       PUBLIC        TR1
  D:00C8H         PUBLIC        T2CON
  C:7845H         PUBLIC        UART_IRQn
  D:00D0H         PUBLIC        PSW
  -------         PROC          UART_INIT
  C:7EE6H         LINE#         5
  C:7EE6H         LINE#         6
  C:7EE6H         LINE#         7
  C:7EE9H         LINE#         8
  C:7EECH         LINE#         9
  C:7EEFH         LINE#         10
  C:7EF2H         LINE#         11
  C:7EF5H         LINE#         13
  C:7EF7H         LINE#         14
  C:7EF9H         LINE#         15
  C:7EFBH         LINE#         16
BL51 BANKED LINKER/LOCATER V6.22                                                      11/09/2018  10:57:34  PAGE 11


  -------         ENDPROC       UART_INIT
  -------         PROC          _UART_CMD
  D:0007H         SYMBOL        ensta
  C:7F60H         LINE#         18
  C:7F60H         LINE#         19
  C:7F60H         LINE#         20
  C:7F65H         LINE#         21
  -------         ENDPROC       _UART_CMD
  -------         PROC          _UART_SENDDATA
  D:0007H         SYMBOL        dat
  C:7F25H         LINE#         23
  C:7F25H         LINE#         24
  C:7F25H         LINE#         25
  C:7F27H         LINE#         26
  C:7F29H         LINE#         27
  C:7F2BH         LINE#         28
  C:7F2EH         LINE#         29
  C:7F30H         LINE#         30
  C:7F32H         LINE#         31
  -------         ENDPROC       _UART_SENDDATA
  -------         PROC          _UART_SENDSTRING
  X:031BH         SYMBOL        pbuf
  C:7D90H         LINE#         33
  C:7D9BH         LINE#         34
  C:7D9BH         LINE#         35
  C:7DACH         LINE#         36
  C:7DACH         LINE#         37
  C:7DAFH         LINE#         38
  C:7DB6H         LINE#         39
  C:7DC0H         LINE#         40
  C:7DC2H         LINE#         41
  -------         ENDPROC       _UART_SENDSTRING
  -------         PROC          UART_IRQN
  -------         DO            
  D:0007H         SYMBOL        r
  -------         ENDDO         
  C:7845H         LINE#         51
  C:7856H         LINE#         55
  C:7859H         LINE#         56
  C:7859H         LINE#         57
  C:785BH         LINE#         58
  C:785DH         LINE#         59
  C:7866H         LINE#         60
  C:7866H         LINE#         61
  C:7869H         LINE#         62
  C:7869H         LINE#         63
  C:7873H         LINE#         64
  C:7876H         LINE#         65
  C:7878H         LINE#         67
  C:7878H         LINE#         68
  C:7888H         LINE#         70
  C:7888H         LINE#         71
  C:789CH         LINE#         72
  C:78AAH         LINE#         73
  C:78BDH         LINE#         74
  C:78BDH         LINE#         75
  C:78BDH         LINE#         76
BL51 BANKED LINKER/LOCATER V6.22                                                      11/09/2018  10:57:34  PAGE 12


  C:78BDH         LINE#         77
  C:78BDH         LINE#         78
  -------         ENDPROC       UART_IRQN
  -------         ENDMOD        UART

  -------         MODULE        TFTLCD
  C:0000H         SYMBOL        _ICE_DUMMY_
  D:0080H         PUBLIC        P0
  D:0090H         PUBLIC        P1
  X:02ADH         PUBLIC        tftlcd_data
  D:00A0H         PUBLIC        P2
  C:6708H         PUBLIC        _LCD_ShowxNum
  D:00B0H         PUBLIC        P3
  C:6F06H         PUBLIC        _LCD_ShowNum
  D:00A8H         PUBLIC        IE
  C:7B26H         PUBLIC        _LCD_Display_Dir
  C:64B4H         PUBLIC        _LCD_ShowFontHZ
  D:00B8H         PUBLIC        IP
  C:78CCH         PUBLIC        _LCD_Clear
  C:6A51H         PUBLIC        _LCD_Color_Fill
  C:7E22H         PUBLIC        _LCD_WriteData_Color
  C:7E8CH         PUBLIC        LCD_ReadData
  C:4F7CH         PUBLIC        _LCD_DrawLine_Color
  C:7C17H         PUBLIC        _LCD_DrawFRONT_COLOR
  D:0098H         PUBLIC        SCON
  D:0088H         PUBLIC        TCON
  C:0A97H         PUBLIC        ascii_2412
  C:0033H         PUBLIC        ascii_1206
  C:6387H         PUBLIC        _LCD_ShowPicture
  C:42C9H         PUBLIC        TFTLCD_Init
  C:04A7H         PUBLIC        ascii_1608
  C:718CH         PUBLIC        _LCD_Fill
  C:76A3H         PUBLIC        _LCD_Set_Window
  C:7DD0H         PUBLIC        _LCD_WriteData
  C:725CH         PUBLIC        _LCD_ReadPoint
  B:00B0H.3       PUBLIC        TFT_RST
  C:4D8DH         PUBLIC        _LCD_DrawLine
  C:7CB3H         PUBLIC        _LCD_DrawPoint
  C:6E21H         PUBLIC        _LCD_ShowString
  C:7F17H         PUBLIC        _LCD_WriteCmdData
  C:5BC7H         PUBLIC        _LCD_ShowChar
  C:7DF9H         PUBLIC        _LCD_WriteCmd
  C:74B4H         PUBLIC        _LCD_DrawRectangle
  B:00B0H.2       PUBLIC        TFT_RD
  B:00A0H.7       PUBLIC        TFT_CS
  C:6FE2H         PUBLIC        _LCD_DrowSign
  C:7A48H         PUBLIC        _LCD_DrawBigPoint
  D:00C8H         PUBLIC        T2CON
  C:7B7FH         PUBLIC        _LCD_Pow
  X:02B4H         PUBLIC        FRONT_COLOR
  C:0003H         PUBLIC        _Delay
  X:02B6H         PUBLIC        BACK_COLOR
  B:00A0H.6       PUBLIC        TFT_RS
  B:00A0H.5       PUBLIC        TFT_WR
  C:5352H         PUBLIC        _LCD_Draw_Circle
  D:00D0H         PUBLIC        PSW
  C:17F3H         PUBLIC        CnChar32x29
BL51 BANKED LINKER/LOCATER V6.22                                                      11/09/2018  10:57:34  PAGE 13


  -------         PROC          _DELAY
  D:0006H         SYMBOL        dly
  -------         DO            
  D:0004H         SYMBOL        i
  D:0002H         SYMBOL        j
  -------         ENDDO         
  C:0003H         LINE#         14
  C:0003H         LINE#         15
  C:0003H         LINE#         18
  C:000DH         LINE#         19
  C:0021H         LINE#         20
  -------         ENDPROC       _DELAY
  -------         PROC          L?0197
  -------         ENDPROC       L?0197
  -------         PROC          _LCD_WRITECMD
  D:0004H         SYMBOL        cmd
  -------         DO            
  D:0007H         SYMBOL        cmdH
  D:0006H         SYMBOL        cmdL
  -------         ENDDO         
  C:7DF9H         LINE#         23
  C:7DFDH         LINE#         24
  C:7DFDH         LINE#         27
  C:7DFFH         LINE#         28
  C:7E01H         LINE#         31
  C:7E03H         LINE#         32
  C:7E05H         LINE#         34
  C:7E07H         LINE#         35
  C:7E09H         LINE#         38
  C:7E0BH         LINE#         39
  C:7E0DH         LINE#         41
  C:7E0FH         LINE#         42
  C:7E13H         LINE#         43
  C:7E15H         LINE#         44
  C:7E17H         LINE#         46
  C:7E19H         LINE#         94
  -------         ENDPROC       _LCD_WRITECMD
  C:7DC3H         SYMBOL        L?0184
  C:7DC5H         SYMBOL        L?0185
  C:7DCBH         SYMBOL        L?0186
  -------         PROC          L?0183
  -------         ENDPROC       L?0183
  C:7DC3H         SYMBOL        L?0184
  C:7DC5H         SYMBOL        L?0185
  C:7DCBH         SYMBOL        L?0186
  -------         PROC          _LCD_WRITEDATA
  D:0004H         SYMBOL        dat
  -------         DO            
  D:0007H         SYMBOL        datH
  D:0006H         SYMBOL        datL
  -------         ENDDO         
  C:7DD0H         LINE#         98
  C:7DD4H         LINE#         99
  C:7DD4H         LINE#         102
  C:7DD6H         LINE#         103
  C:7DD8H         LINE#         105
  C:7DDAH         LINE#         106
BL51 BANKED LINKER/LOCATER V6.22                                                      11/09/2018  10:57:34  PAGE 14


  C:7DDCH         LINE#         108
  C:7DDEH         LINE#         109
  C:7DE0H         LINE#         112
  C:7DE2H         LINE#         113
  C:7DE4H         LINE#         114
  C:7DE6H         LINE#         116
  C:7DEAH         LINE#         118
  C:7DECH         LINE#         119
  C:7DEEH         LINE#         121
  C:7DF0H         LINE#         168
  -------         ENDPROC       _LCD_WRITEDATA
  C:7E1AH         SYMBOL        L?0191
  C:7E1DH         SYMBOL        L?0192
  -------         PROC          L?0190
  -------         ENDPROC       L?0190
  C:7E1AH         SYMBOL        L?0191
  C:7E1DH         SYMBOL        L?0192
  -------         PROC          _LCD_WRITEDATA_COLOR
  D:0004H         SYMBOL        color
  -------         DO            
  D:0007H         SYMBOL        datH
  D:0006H         SYMBOL        datL
  -------         ENDDO         
  C:7E22H         LINE#         170
  C:7E26H         LINE#         171
  C:7E26H         LINE#         174
  C:7E28H         LINE#         175
  C:7E2AH         LINE#         177
  C:7E2CH         LINE#         178
  C:7E2EH         LINE#         180
  C:7E30H         LINE#         181
  C:7E32H         LINE#         184
  C:7E34H         LINE#         185
  C:7E36H         LINE#         186
  C:7E38H         LINE#         188
  C:7E3CH         LINE#         190
  C:7E3EH         LINE#         191
  C:7E40H         LINE#         193
  C:7E42H         LINE#         240
  -------         ENDPROC       _LCD_WRITEDATA_COLOR
  -------         PROC          L?0199
  -------         ENDPROC       L?0199
  -------         PROC          _LCD_WRITECMDDATA
  D:0006H         SYMBOL        cmd
  D:0002H         SYMBOL        dat
  C:7F17H         LINE#         242
  C:7F1BH         LINE#         243
  C:7F1BH         LINE#         244
  C:7F1EH         LINE#         245
  -------         ENDPROC       _LCD_WRITECMDDATA
  -------         PROC          LCD_READDATA
  -------         DO            
  D:0006H         SYMBOL        ram
  -------         ENDDO         
  C:7E8CH         LINE#         250
  C:7E8CH         LINE#         251
  C:7E8CH         LINE#         254
BL51 BANKED LINKER/LOCATER V6.22                                                      11/09/2018  10:57:34  PAGE 15


  C:7E8FH         LINE#         255
  C:7E92H         LINE#         259
  C:7E94H         LINE#         260
  C:7E96H         LINE#         261
  C:7E98H         LINE#         262
  C:7E99H         LINE#         263
  C:7E9BH         LINE#         264
  C:7E9DH         LINE#         266
  C:7E9FH         LINE#         267
  C:7EA1H         LINE#         268
  C:7EA2H         LINE#         269
  C:7EA6H         LINE#         270
  C:7EA8H         LINE#         271
  C:7EAAH         LINE#         325
  C:7EAAH         LINE#         326
  -------         ENDPROC       LCD_READDATA
  -------         PROC          _LCD_DISPLAY_DIR
  D:0007H         SYMBOL        dir
  C:7B26H         LINE#         330
  C:7B26H         LINE#         331
  C:7B26H         LINE#         333
  C:7B29H         LINE#         334
  C:7B29H         LINE#         336
  C:7B32H         LINE#         337
  C:7B37H         LINE#         360
  C:7B40H         LINE#         361
  C:7B49H         LINE#         363
  C:7B4EH         LINE#         364
  C:7B4FH         LINE#         366
  C:7B4FH         LINE#         369
  C:7B5AH         LINE#         370
  C:7B5FH         LINE#         394
  C:7B68H         LINE#         395
  C:7B71H         LINE#         397
  C:7B77H         LINE#         398
  C:7B77H         LINE#         399
  -------         ENDPROC       _LCD_DISPLAY_DIR
  -------         PROC          TFTLCD_INIT
  C:42C9H         LINE#         402
  C:42C9H         LINE#         403
  C:42C9H         LINE#         404
  C:42CBH         LINE#         405
  C:42D2H         LINE#         407
  C:42D4H         LINE#         408
  C:42DBH         LINE#         410
  C:42DDH         LINE#         411
  C:42E4H         LINE#         414
  C:42EAH         LINE#         415
  C:42F5H         LINE#         437
  C:4306H         LINE#         442
  C:4313H         LINE#         443
  C:431AH         LINE#         444
  C:431FH         LINE#         445
  C:4324H         LINE#         446
  C:4332H         LINE#         447
  C:4339H         LINE#         448
  C:4347H         LINE#         449
BL51 BANKED LINKER/LOCATER V6.22                                                      11/09/2018  10:57:34  PAGE 16


  C:4355H         LINE#         450
  C:4363H         LINE#         452
  C:4371H         LINE#         453
  C:437FH         LINE#         454
  C:438DH         LINE#         455
  C:439BH         LINE#         456
  C:43A9H         LINE#         457
  C:43B7H         LINE#         458
  C:43BEH         LINE#         461
  C:43CAH         LINE#         462
  C:43D8H         LINE#         463
  C:43E6H         LINE#         465
  C:43F4H         LINE#         466
  C:4402H         LINE#         467
  C:440FH         LINE#         468
  C:441DH         LINE#         470
  C:442AH         LINE#         471
  C:4437H         LINE#         472
  C:4444H         LINE#         485
  C:4451H         LINE#         486
  C:445FH         LINE#         487
  C:446CH         LINE#         488
  C:447AH         LINE#         490
  C:4488H         LINE#         491
  C:4495H         LINE#         493
  C:44A2H         LINE#         494
  C:44B0H         LINE#         495
  C:44BEH         LINE#         496
  C:44CCH         LINE#         497
  C:44DAH         LINE#         498
  C:44E8H         LINE#         500
  C:44F6H         LINE#         501
  C:44FDH         LINE#         505
  C:4502H         LINE#         750
  C:4507H         LINE#         751
  -------         ENDPROC       TFTLCD_INIT
  C:769EH         SYMBOL        L?0194
  -------         PROC          L?0193
  -------         ENDPROC       L?0193
  C:769EH         SYMBOL        L?0194
  -------         PROC          _LCD_SET_WINDOW
  X:0067H         SYMBOL        sx
  X:0069H         SYMBOL        sy
  D:0002H         SYMBOL        width
  X:006DH         SYMBOL        height
  C:76A3H         LINE#         758
  C:76B1H         LINE#         759
  C:76B1H         LINE#         761
  C:76B7H         LINE#         762
  C:76B7H         LINE#         763
  C:76BAH         LINE#         764
  C:76BDH         LINE#         765
  C:76C4H         LINE#         766
  C:76CBH         LINE#         767
  C:76D2H         LINE#         768
  C:76D6H         LINE#         769
  C:76DDH         LINE#         770
BL51 BANKED LINKER/LOCATER V6.22                                                      11/09/2018  10:57:34  PAGE 17


  C:76E3H         LINE#         772
  C:76E5H         LINE#         773
  C:76E8H         LINE#         774
  C:76EAH         LINE#         775
  C:76EAH         LINE#         777
  C:76EAH         LINE#         779
  C:76ECH         LINE#         781
  C:76ECH         LINE#         782
  C:76EEH         LINE#         783
  C:76F1H         LINE#         784
  C:76F8H         LINE#         785
  C:76FFH         LINE#         786
  C:7706H         LINE#         787
  C:770AH         LINE#         788
  C:7711H         LINE#         789
  C:7717H         LINE#         791
  C:7719H         LINE#         792
  C:771CH         LINE#         793
  C:7723H         LINE#         794
  C:7727H         LINE#         796
  C:772EH         LINE#         797
  C:772EH         LINE#         904
  -------         ENDPROC       _LCD_SET_WINDOW
  -------         PROC          _LCD_READPOINT
  X:02DFH         SYMBOL        x
  X:02E1H         SYMBOL        y
  -------         DO            
  D:0004H         SYMBOL        r
  X:02E3H         SYMBOL        g
  X:02E5H         SYMBOL        b
  D:0002H         SYMBOL        dat
  -------         ENDDO         
  C:725CH         LINE#         909
  C:726AH         LINE#         910
  C:726AH         LINE#         911
  C:7276H         LINE#         912
  C:72A4H         LINE#         913
  C:72C7H         LINE#         919
  C:72CEH         LINE#         920
  C:72D5H         LINE#         923
  C:72E4H         LINE#         924
  C:72F9H         LINE#         925
  C:72FFH         LINE#         926
  C:7325H         LINE#         928
  C:7327H         LINE#         959
  C:732AH         LINE#         960
  -------         ENDPROC       _LCD_READPOINT
  -------         PROC          _LCD_CLEAR
  X:0000H         SYMBOL        color
  -------         DO            
  D:0002H         SYMBOL        i
  X:0002H         SYMBOL        j
  -------         ENDDO         
  C:78CCH         LINE#         964
  C:78D4H         LINE#         965
  C:78D4H         LINE#         966
  C:78D9H         LINE#         968
BL51 BANKED LINKER/LOCATER V6.22                                                      11/09/2018  10:57:34  PAGE 18


  C:7903H         LINE#         969
  C:7913H         LINE#         970
  C:7913H         LINE#         971
  C:792FH         LINE#         972
  C:792FH         LINE#         973
  C:7935H         LINE#         974
  C:7945H         LINE#         975
  C:794CH         LINE#         976
  -------         ENDPROC       _LCD_CLEAR
  -------         PROC          _LCD_FILL
  X:002FH         SYMBOL        xState
  X:0031H         SYMBOL        yState
  X:0033H         SYMBOL        xEnd
  X:0035H         SYMBOL        yEnd
  X:0037H         SYMBOL        color
  -------         DO            
  X:0039H         SYMBOL        temp
  -------         ENDDO         
  C:718CH         LINE#         981
  C:71A4H         LINE#         982
  C:71A4H         LINE#         983
  C:71ABH         LINE#         985
  C:71CDH         LINE#         986
  C:71CDH         LINE#         988
  C:71CDH         LINE#         989
  C:71E8H         LINE#         990
  C:7209H         LINE#         991
  C:7228H         LINE#         993
  C:7236H         LINE#         994
  C:7236H         LINE#         995
  C:7245H         LINE#         996
  C:7253H         LINE#         997
  C:7253H         LINE#         998
  C:7259H         LINE#         999
  C:725BH         LINE#         1000
  C:725BH         LINE#         1001
  -------         ENDPROC       _LCD_FILL
  -------         PROC          _LCD_COLOR_FILL
  X:01F6H         SYMBOL        sx
  X:01F8H         SYMBOL        sy
  D:0002H         SYMBOL        ex
  X:01FCH         SYMBOL        ey
  X:01FEH         SYMBOL        color
  -------         DO            
  X:0201H         SYMBOL        height
  X:0203H         SYMBOL        width
  X:0205H         SYMBOL        i
  X:0207H         SYMBOL        j
  -------         ENDDO         
  C:6A51H         LINE#         1006
  C:6A5FH         LINE#         1007
  C:6A5FH         LINE#         1010
  C:6A7AH         LINE#         1011
  C:6A9BH         LINE#         1012
  C:6AB8H         LINE#         1013
  C:6AD4H         LINE#         1014
  C:6AD4H         LINE#         1015
BL51 BANKED LINKER/LOCATER V6.22                                                      11/09/2018  10:57:34  PAGE 19


  C:6AF1H         LINE#         1016
  C:6AF1H         LINE#         1017
  C:6B27H         LINE#         1018
  C:6B37H         LINE#         1019
  C:6B48H         LINE#         1020
  -------         ENDPROC       _LCD_COLOR_FILL
  C:7CA0H         SYMBOL        L?0188
  C:7CA1H         SYMBOL        L?0189
  -------         PROC          L?0187
  -------         ENDPROC       L?0187
  C:7CA0H         SYMBOL        L?0188
  C:7CA1H         SYMBOL        L?0189
  -------         PROC          _LCD_DRAWPOINT
  D:0002H         SYMBOL        x
  D:0082H         SYMBOL        y
  C:7CB3H         LINE#         1025
  C:7CBBH         LINE#         1026
  C:7CBBH         LINE#         1027
  C:7CD2H         LINE#         1028
  -------         ENDPROC       _LCD_DRAWPOINT
  C:7C12H         SYMBOL        L?0196
  -------         PROC          L?0195
  -------         ENDPROC       L?0195
  C:7C12H         SYMBOL        L?0196
  -------         PROC          _LCD_DRAWFRONT_COLOR
  X:0061H         SYMBOL        x
  X:0063H         SYMBOL        y
  X:0065H         SYMBOL        color
  C:7C17H         LINE#         1034
  C:7C2FH         LINE#         1035
  C:7C2FH         LINE#         1036
  C:7C4EH         LINE#         1037
  -------         ENDPROC       _LCD_DRAWFRONT_COLOR
  -------         PROC          _LCD_DRAWBIGPOINT
  X:02FFH         SYMBOL        x
  X:0301H         SYMBOL        y
  X:0303H         SYMBOL        color
  C:7A48H         LINE#         1042
  C:7A5CH         LINE#         1043
  C:7A5CH         LINE#         1044
  C:7A5FH         LINE#         1045
  C:7A78H         LINE#         1046
  C:7A94H         LINE#         1047
  -------         ENDPROC       _LCD_DRAWBIGPOINT
  -------         PROC          _LCD_DRAWLINE
  X:0181H         SYMBOL        x1
  X:0183H         SYMBOL        y1
  D:0002H         SYMBOL        x2
  X:0187H         SYMBOL        y2
  -------         DO            
  X:0189H         SYMBOL        t
  X:018BH         SYMBOL        xerr
  X:018DH         SYMBOL        yerr
  X:018FH         SYMBOL        delta_x
  X:0191H         SYMBOL        delta_y
  X:0193H         SYMBOL        distance
  X:0195H         SYMBOL        incx
BL51 BANKED LINKER/LOCATER V6.22                                                      11/09/2018  10:57:34  PAGE 20


  X:0197H         SYMBOL        incy
  X:0199H         SYMBOL        uRow
  X:019BH         SYMBOL        uCol
  -------         ENDDO         
  C:4D8DH         LINE#         1053
  C:4D9BH         LINE#         1054
  C:4D9BH         LINE#         1055
  C:4DA2H         LINE#         1056
  C:4DAAH         LINE#         1058
  C:4DBFH         LINE#         1059
  C:4DDAH         LINE#         1060
  C:4DE9H         LINE#         1061
  C:4DEFH         LINE#         1062
  C:4E0BH         LINE#         1063
  C:4E17H         LINE#         1064
  C:4E2CH         LINE#         1065
  C:4E48H         LINE#         1066
  C:4E54H         LINE#         1067
  C:4E69H         LINE#         1068
  C:4E8FH         LINE#         1069
  C:4E94H         LINE#         1070
  C:4EB9H         LINE#         1071
  C:4EB9H         LINE#         1072
  C:4ECAH         LINE#         1073
  C:4EDEH         LINE#         1074
  C:4EF2H         LINE#         1075
  C:4F0EH         LINE#         1076
  C:4F0EH         LINE#         1077
  C:4F1AH         LINE#         1078
  C:4F2EH         LINE#         1079
  C:4F2EH         LINE#         1080
  C:4F4AH         LINE#         1081
  C:4F4AH         LINE#         1082
  C:4F56H         LINE#         1083
  C:4F6AH         LINE#         1084
  C:4F6AH         LINE#         1085
  C:4F7BH         LINE#         1086
  -------         ENDPROC       _LCD_DRAWLINE
  -------         PROC          _LCD_DRAWLINE_COLOR
  X:0127H         SYMBOL        x1
  X:0129H         SYMBOL        y1
  D:0002H         SYMBOL        x2
  X:012DH         SYMBOL        y2
  X:012FH         SYMBOL        color
  -------         DO            
  X:0131H         SYMBOL        t
  X:0133H         SYMBOL        xerr
  X:0135H         SYMBOL        yerr
  X:0137H         SYMBOL        delta_x
  X:0139H         SYMBOL        delta_y
  X:013BH         SYMBOL        distance
  X:013DH         SYMBOL        incx
  X:013FH         SYMBOL        incy
  X:0141H         SYMBOL        uRow
  X:0143H         SYMBOL        uCol
  -------         ENDDO         
  C:4F7CH         LINE#         1088
BL51 BANKED LINKER/LOCATER V6.22                                                      11/09/2018  10:57:34  PAGE 21


  C:4F8AH         LINE#         1089
  C:4F8AH         LINE#         1091
  C:4F95H         LINE#         1093
  C:4FAAH         LINE#         1094
  C:4FC5H         LINE#         1095
  C:4FD4H         LINE#         1096
  C:4FDAH         LINE#         1097
  C:4FF6H         LINE#         1098
  C:5002H         LINE#         1099
  C:5017H         LINE#         1100
  C:5033H         LINE#         1101
  C:503FH         LINE#         1102
  C:5054H         LINE#         1103
  C:507AH         LINE#         1104
  C:507FH         LINE#         1105
  C:50A4H         LINE#         1106
  C:50A4H         LINE#         1107
  C:50B7H         LINE#         1108
  C:50CBH         LINE#         1109
  C:50DFH         LINE#         1110
  C:50FBH         LINE#         1111
  C:50FBH         LINE#         1112
  C:5107H         LINE#         1113
  C:511BH         LINE#         1114
  C:511BH         LINE#         1115
  C:5137H         LINE#         1116
  C:5137H         LINE#         1117
  C:5143H         LINE#         1118
  C:5157H         LINE#         1119
  C:5157H         LINE#         1120
  C:5168H         LINE#         1121
  -------         ENDPROC       _LCD_DRAWLINE_COLOR
  -------         PROC          _LCD_DROWSIGN
  X:0305H         SYMBOL        x
  X:0307H         SYMBOL        y
  X:0309H         SYMBOL        color
  -------         DO            
  D:0003H         SYMBOL        i
  -------         ENDDO         
  C:6FE2H         LINE#         1128
  C:6FFAH         LINE#         1129
  C:6FFAH         LINE#         1133
  C:7034H         LINE#         1134
  C:7036H         LINE#         1135
  C:7036H         LINE#         1136
  C:7039H         LINE#         1137
  C:703EH         LINE#         1140
  C:7078H         LINE#         1141
  C:707AH         LINE#         1142
  C:707AH         LINE#         1143
  C:707DH         LINE#         1144
  C:7082H         LINE#         1147
  C:70AFH         LINE#         1148
  C:70B1H         LINE#         1149
  C:70B1H         LINE#         1150
  C:70B4H         LINE#         1151
  C:70B9H         LINE#         1152
BL51 BANKED LINKER/LOCATER V6.22                                                      11/09/2018  10:57:34  PAGE 22


  -------         ENDPROC       _LCD_DROWSIGN
  -------         PROC          _LCD_DRAWRECTANGLE
  X:02E7H         SYMBOL        x1
  X:02E9H         SYMBOL        y1
  X:02EBH         SYMBOL        x2
  X:02EDH         SYMBOL        y2
  C:74B4H         LINE#         1156
  C:74CAH         LINE#         1157
  C:74CAH         LINE#         1158
  C:74E6H         LINE#         1159
  C:750DH         LINE#         1160
  C:7535H         LINE#         1161
  -------         ENDPROC       _LCD_DRAWRECTANGLE
  -------         PROC          _LCD_DRAW_CIRCLE
  X:02B8H         SYMBOL        x0
  X:02BAH         SYMBOL        y0
  D:0003H         SYMBOL        r
  -------         DO            
  X:02BCH         SYMBOL        a
  X:02BEH         SYMBOL        b
  X:02C0H         SYMBOL        di
  -------         ENDDO         
  C:5352H         LINE#         1166
  C:5360H         LINE#         1167
  C:5360H         LINE#         1170
  C:536FH         LINE#         1171
  C:5383H         LINE#         1172
  C:53A2H         LINE#         1173
  C:53A2H         LINE#         1174
  C:53B0H         LINE#         1175
  C:53C9H         LINE#         1176
  C:53F4H         LINE#         1177
  C:541FH         LINE#         1178
  C:544BH         LINE#         1179
  C:5477H         LINE#         1180
  C:548EH         LINE#         1181
  C:54A9H         LINE#         1182
  C:54B7H         LINE#         1184
  C:54E7H         LINE#         1186
  C:54E7H         LINE#         1187
  C:5518H         LINE#         1188
  C:5526H         LINE#         1189
  C:5526H         LINE#         1190
  C:5529H         LINE#         1191
  -------         ENDPROC       _LCD_DRAW_CIRCLE
  -------         PROC          _LCD_SHOWCHAR
  X:0011H         SYMBOL        x
  X:0013H         SYMBOL        y
  X:0015H         SYMBOL        num
  X:0016H         SYMBOL        size
  X:0017H         SYMBOL        mode
  -------         DO            
  X:0018H         SYMBOL        temp
  X:0019H         SYMBOL        t1
  D:0001H         SYMBOL        t
  X:001AH         SYMBOL        y0
  X:001CH         SYMBOL        csize
BL51 BANKED LINKER/LOCATER V6.22                                                      11/09/2018  10:57:34  PAGE 23


  -------         ENDDO         
  C:5BC7H         LINE#         1199
  C:5BDCH         LINE#         1200
  C:5BDCH         LINE#         1202
  C:5BE4H         LINE#         1203
  C:5C0CH         LINE#         1204
  C:5C13H         LINE#         1205
  C:5C22H         LINE#         1206
  C:5C22H         LINE#         1207
  C:5C3CH         LINE#         1208
  C:5C52H         LINE#         1209
  C:5C7FH         LINE#         1211
  C:5C84H         LINE#         1212
  C:5C84H         LINE#         1213
  C:5C9EH         LINE#         1214
  C:5CB8H         LINE#         1215
  C:5CBFH         LINE#         1216
  C:5CCDH         LINE#         1217
  C:5CE3H         LINE#         1218
  C:5CFFH         LINE#         1219
  C:5CFFH         LINE#         1220
  C:5D07H         LINE#         1221
  C:5D15H         LINE#         1222
  C:5D2BH         LINE#         1224
  C:5D2BH         LINE#         1225
  C:5D3AH         LINE#         1226
  C:5D3EH         LINE#         1227
  -------         ENDPROC       _LCD_SHOWCHAR
  -------         PROC          L?0198
  -------         ENDPROC       L?0198
  -------         PROC          _LCD_POW
  X:030BH         SYMBOL        m
  X:030CH         SYMBOL        n
  -------         DO            
  X:030DH         SYMBOL        result
  -------         ENDDO         
  C:7B7FH         LINE#         1230
  C:7B87H         LINE#         1231
  C:7B87H         LINE#         1232
  C:7B8FH         LINE#         1233
  C:7BB9H         LINE#         1234
  C:7BC7H         LINE#         1235
  -------         ENDPROC       _LCD_POW
  -------         PROC          _LCD_SHOWNUM
  X:027AH         SYMBOL        x
  X:027CH         SYMBOL        y
  X:027EH         SYMBOL        num
  X:0282H         SYMBOL        len
  X:0283H         SYMBOL        size
  -------         DO            
  X:0284H         SYMBOL        t
  X:0285H         SYMBOL        temp
  X:0286H         SYMBOL        enshow
  -------         ENDDO         
  C:6F06H         LINE#         1242
  C:6F14H         LINE#         1243
  C:6F14H         LINE#         1245
BL51 BANKED LINKER/LOCATER V6.22                                                      11/09/2018  10:57:34  PAGE 24


  C:6F19H         LINE#         1246
  C:6F2EH         LINE#         1247
  C:6F2EH         LINE#         1248
  C:6F58H         LINE#         1249
  C:6F6BH         LINE#         1250
  C:6F6BH         LINE#         1251
  C:6F6FH         LINE#         1252
  C:6F6FH         LINE#         1253
  C:6F99H         LINE#         1254
  C:6F9BH         LINE#         1255
  C:6FA1H         LINE#         1257
  C:6FA1H         LINE#         1258
  C:6FD8H         LINE#         1259
  C:6FE1H         LINE#         1260
  -------         ENDPROC       _LCD_SHOWNUM
  -------         PROC          _LCD_SHOWXNUM
  X:025EH         SYMBOL        x
  X:0260H         SYMBOL        y
  X:0262H         SYMBOL        num
  X:0266H         SYMBOL        len
  X:0267H         SYMBOL        size
  X:0268H         SYMBOL        mode
  -------         DO            
  X:0269H         SYMBOL        t
  X:026AH         SYMBOL        temp
  X:026BH         SYMBOL        enshow
  -------         ENDDO         
  C:6708H         LINE#         1271
  C:6716H         LINE#         1272
  C:6716H         LINE#         1274
  C:671BH         LINE#         1275
  C:6730H         LINE#         1276
  C:6730H         LINE#         1277
  C:675AH         LINE#         1278
  C:6770H         LINE#         1279
  C:6770H         LINE#         1280
  C:6774H         LINE#         1281
  C:6774H         LINE#         1282
  C:67AAH         LINE#         1283
  C:67DFH         LINE#         1284
  C:67E1H         LINE#         1285
  C:67E7H         LINE#         1287
  C:67E7H         LINE#         1288
  C:6827H         LINE#         1289
  C:6830H         LINE#         1290
  -------         ENDPROC       _LCD_SHOWXNUM
  -------         PROC          _LCD_SHOWSTRING
  X:0004H         SYMBOL        x
  X:0006H         SYMBOL        y
  X:0008H         SYMBOL        width
  X:000AH         SYMBOL        height
  X:000CH         SYMBOL        size
  X:000DH         SYMBOL        p
  -------         DO            
  X:0010H         SYMBOL        x0
  -------         ENDDO         
  C:6E21H         LINE#         1296
BL51 BANKED LINKER/LOCATER V6.22                                                      11/09/2018  10:57:34  PAGE 25


  C:6E35H         LINE#         1297
  C:6E35H         LINE#         1298
  C:6E41H         LINE#         1299
  C:6E4DH         LINE#         1300
  C:6E61H         LINE#         1301
  C:6E81H         LINE#         1302
  C:6E81H         LINE#         1303
  C:6EB4H         LINE#         1304
  C:6ECAH         LINE#         1305
  C:6EE4H         LINE#         1306
  C:6EF8H         LINE#         1307
  C:6F02H         LINE#         1308
  C:6F05H         LINE#         1309
  -------         ENDPROC       _LCD_SHOWSTRING
  -------         PROC          _LCD_SHOWFONTHZ
  X:02C2H         SYMBOL        x
  X:02C4H         SYMBOL        y
  X:02C6H         SYMBOL        cn
  -------         DO            
  D:0003H         SYMBOL        i
  D:0002H         SYMBOL        j
  X:02C9H         SYMBOL        wordNum
  X:02CAH         SYMBOL        color
  -------         ENDDO         
  C:64B4H         LINE#         1322
  C:64CBH         LINE#         1323
  C:64CBH         LINE#         1326
  C:64DEH         LINE#         1327
  C:64DEH         LINE#         1328
  C:6514H         LINE#         1329
  C:6526H         LINE#         1330
  C:6526H         LINE#         1331
  C:6567H         LINE#         1333
  C:6567H         LINE#         1335
  C:6568H         LINE#         1336
  C:6568H         LINE#         1337
  C:658FH         LINE#         1338
  C:6591H         LINE#         1339
  C:6591H         LINE#         1340
  C:6598H         LINE#         1341
  C:6598H         LINE#         1342
  C:659BH         LINE#         1343
  C:659DH         LINE#         1345
  C:659DH         LINE#         1346
  C:65A3H         LINE#         1347
  C:65A3H         LINE#         1348
  C:65B0H         LINE#         1349
  C:65B5H         LINE#         1350
  C:65BAH         LINE#         1351
  C:65BAH         LINE#         1352
  C:65C3H         LINE#         1353
  C:65CDH         LINE#         1354
  C:65DBH         LINE#         1355
  C:65DEH         LINE#         1356
  -------         ENDPROC       _LCD_SHOWFONTHZ
  -------         PROC          _LCD_SHOWPICTURE
  X:01E1H         SYMBOL        x
BL51 BANKED LINKER/LOCATER V6.22                                                      11/09/2018  10:57:34  PAGE 26


  X:01E3H         SYMBOL        y
  X:01E5H         SYMBOL        wide
  X:01E7H         SYMBOL        high
  X:01E9H         SYMBOL        pic
  -------         DO            
  X:01ECH         SYMBOL        temp
  X:01EEH         SYMBOL        tmp
  X:01F2H         SYMBOL        num
  -------         ENDDO         
  C:6387H         LINE#         1410
  C:639BH         LINE#         1411
  C:639BH         LINE#         1412
  C:63A2H         LINE#         1413
  C:63B4H         LINE#         1414
  C:63FBH         LINE#         1415
  C:641EH         LINE#         1417
  C:641EH         LINE#         1418
  C:644BH         LINE#         1419
  C:6454H         LINE#         1420
  C:646EH         LINE#         1421
  C:6471H         LINE#         1422
  C:648EH         LINE#         1423
  C:648EH         LINE#         1424
  C:64B3H         LINE#         1425
  -------         ENDPROC       _LCD_SHOWPICTURE
  -------         ENDMOD        TFTLCD

  -------         MODULE        TOUCH
  C:0000H         SYMBOL        _ICE_DUMMY_
  D:0090H         PUBLIC        P1
  D:00A0H         PUBLIC        P2
  D:00B0H         PUBLIC        P3
  D:00A8H         PUBLIC        IE
  D:00B8H         PUBLIC        IP
  B:00A0H.0       PUBLIC        TOUCH_DOUT
  X:0287H         PUBLIC        xpt_xy
  C:7D55H         PUBLIC        TOUCH_SPI_Read
  D:0098H         PUBLIC        SCON
  D:0088H         PUBLIC        TCON
  C:58CBH         PUBLIC        _TOUCH_XPT_ReadData
  B:00A0H.1       PUBLIC        TOUCH_CLK
  C:7EC9H         PUBLIC        _TOUCH_SPI_Write
  B:00A0H.2       PUBLIC        TOUCH_DIN
  C:7F55H         PUBLIC        TOUCH_SPI_Start
  D:00C8H         PUBLIC        T2CON
  C:611AH         PUBLIC        TOUCH_Scan
  C:6831H         PUBLIC        TOUCH_XPT_ReadXY
  D:00D0H         PUBLIC        PSW
  B:00A0H.3       PUBLIC        TOUCH_CS
  -------         PROC          TOUCH_SPI_START
  C:7F55H         LINE#         9
  C:7F55H         LINE#         10
  C:7F55H         LINE#         11
  C:7F57H         LINE#         12
  C:7F59H         LINE#         13
  C:7F5BH         LINE#         14
  C:7F5DH         LINE#         15
BL51 BANKED LINKER/LOCATER V6.22                                                      11/09/2018  10:57:34  PAGE 27


  C:7F5FH         LINE#         16
  -------         ENDPROC       TOUCH_SPI_START
  -------         PROC          _TOUCH_SPI_WRITE
  D:0007H         SYMBOL        dat
  -------         DO            
  D:0006H         SYMBOL        i
  -------         ENDDO         
  C:7EC9H         LINE#         18
  C:7EC9H         LINE#         19
  C:7EC9H         LINE#         21
  C:7ECBH         LINE#         22
  C:7ECDH         LINE#         23
  C:7ECDH         LINE#         24
  C:7ED8H         LINE#         25
  C:7EDCH         LINE#         26
  C:7EDEH         LINE#         28
  C:7EE0H         LINE#         30
  C:7EE5H         LINE#         31
  -------         ENDPROC       _TOUCH_SPI_WRITE
  -------         PROC          TOUCH_SPI_READ
  -------         DO            
  D:0004H         SYMBOL        i
  X:002DH         SYMBOL        dat
  -------         ENDDO         
  C:7D55H         LINE#         33
  C:7D55H         LINE#         34
  C:7D55H         LINE#         35
  C:7D5CH         LINE#         36
  C:7D5EH         LINE#         37
  C:7D60H         LINE#         38
  C:7D60H         LINE#         39
  C:7D6DH         LINE#         41
  C:7D6FH         LINE#         42
  C:7D71H         LINE#         44
  C:7D7CH         LINE#         46
  C:7D87H         LINE#         47
  C:7D8FH         LINE#         48
  -------         ENDPROC       TOUCH_SPI_READ
  -------         PROC          L?0046
  -------         ENDPROC       L?0046
  -------         PROC          _TOUCH_XPT_READDATA
  D:0003H         SYMBOL        cmd
  -------         DO            
  X:0013H         SYMBOL        i
  X:0014H         SYMBOL        j
  X:0015H         SYMBOL        readValue
  X:0029H         SYMBOL        endValue
  -------         ENDDO         
  C:58CBH         LINE#         52
  C:58CDH         LINE#         53
  C:58CDH         LINE#         58
  C:58CFH         LINE#         59
  C:58D1H         LINE#         61
  C:58D6H         LINE#         62
  C:58D6H         LINE#         63
  C:58DBH         LINE#         65
  C:58EAH         LINE#         66
BL51 BANKED LINKER/LOCATER V6.22                                                      11/09/2018  10:57:34  PAGE 28


  C:58ECH         LINE#         67
  C:58EDH         LINE#         68
  C:58EEH         LINE#         69
  C:58F0H         LINE#         70
  C:58F1H         LINE#         71
  C:58F2H         LINE#         73
  C:5909H         LINE#         74
  C:5915H         LINE#         75
  C:5917H         LINE#         79
  C:5929H         LINE#         80
  C:5929H         LINE#         81
  C:593AH         LINE#         82
  C:593AH         LINE#         83
  C:5965H         LINE#         84
  C:5965H         LINE#         85
  C:597FH         LINE#         86
  C:59A5H         LINE#         87
  C:59C0H         LINE#         88
  C:59C0H         LINE#         89
  C:59C9H         LINE#         90
  C:59D2H         LINE#         95
  C:59DCH         LINE#         96
  C:59E2H         LINE#         97
  C:59E2H         LINE#         98
  C:5A19H         LINE#         99
  C:5A23H         LINE#         100
  C:5A40H         LINE#         102
  C:5A4AH         LINE#         103
  -------         ENDPROC       _TOUCH_XPT_READDATA
  -------         PROC          TOUCH_XPT_READXY
  -------         DO            
  X:0009H         SYMBOL        x1
  X:000BH         SYMBOL        x2
  X:000DH         SYMBOL        x
  X:000FH         SYMBOL        y1
  D:0004H         SYMBOL        y2
  X:0011H         SYMBOL        y
  -------         ENDDO         
  C:6831H         LINE#         107
  C:6831H         LINE#         108
  C:6831H         LINE#         111
  C:6834H         LINE#         113
  C:683CH         LINE#         114
  C:6847H         LINE#         115
  C:684FH         LINE#         116
  C:6856H         LINE#         120
  C:686CH         LINE#         121
  C:686CH         LINE#         122
  C:6874H         LINE#         123
  C:6876H         LINE#         125
  C:6876H         LINE#         126
  C:6891H         LINE#         127
  C:6891H         LINE#         130
  C:689FH         LINE#         131
  C:689FH         LINE#         132
  C:68A4H         LINE#         133
  C:68A6H         LINE#         135
BL51 BANKED LINKER/LOCATER V6.22                                                      11/09/2018  10:57:34  PAGE 29


  C:68A6H         LINE#         136
  C:68B9H         LINE#         137
  C:68B9H         LINE#         140
  C:68D6H         LINE#         141
  C:68D6H         LINE#         142
  C:68D9H         LINE#         143
  C:68D9H         LINE#         146
  C:68FAH         LINE#         147
  C:6913H         LINE#         149
  C:691AH         LINE#         150
  C:6921H         LINE#         153
  C:693FH         LINE#         154
  C:693FH         LINE#         155
  C:6942H         LINE#         156
  C:6942H         LINE#         158
  C:6944H         LINE#         159
  -------         ENDPROC       TOUCH_XPT_READXY
  -------         PROC          TOUCH_SCAN
  -------         DO            
  X:0004H         SYMBOL        res
  X:0005H         SYMBOL        temp
  -------         ENDDO         
  C:611AH         LINE#         163
  C:611AH         LINE#         164
  C:611AH         LINE#         165
  C:611FH         LINE#         168
  C:6128H         LINE#         169
  C:6128H         LINE#         172
  C:6131H         LINE#         173
  C:6131H         LINE#         182
  C:6142H         LINE#         183
  C:6177H         LINE#         184
  C:6188H         LINE#         185
  C:61B2H         LINE#         209
  C:61B5H         LINE#         211
  C:61B5H         LINE#         220
  C:61CCH         LINE#         221
  C:6201H         LINE#         222
  C:6212H         LINE#         223
  C:6247H         LINE#         247
  C:6247H         LINE#         264
  C:624DH         LINE#         265
  C:624DH         LINE#         266
  C:624FH         LINE#         268
  C:6254H         LINE#         269
  C:6259H         LINE#         270
  -------         ENDPROC       TOUCH_SCAN
  -------         ENDMOD        TOUCH

  -------         MODULE        GUI
  C:0000H         SYMBOL        _ICE_DUMMY_
  C:7BC8H         PUBLIC        _gui_pow
  D:0090H         PUBLIC        P1
  D:00A0H         PUBLIC        P2
  D:00B0H         PUBLIC        P3
  C:755EH         PUBLIC        _gui_num2str
  C:4512H         PUBLIC        _gui_show_ptstr
BL51 BANKED LINKER/LOCATER V6.22                                                      11/09/2018  10:57:34  PAGE 30


  D:00A8H         PUBLIC        IE
  C:5A4BH         PUBLIC        _gui_get_stringline
  D:00B8H         PUBLIC        IP
  C:6C40H         PUBLIC        _gui_draw_bigpoint
  C:5701H         PUBLIC        _gui_show_num
  C:7ABBH         PUBLIC        _gui_disabs
  C:3E1AH         PUBLIC        _gui_fill_ellipse
  C:2EE1H         PUBLIC        _gui_fill_circle
  C:2713H         PUBLIC        _gui_draw_ellipse
  C:1C19H         PUBLIC        _gui_draw_arcrectangle
  D:0098H         PUBLIC        SCON
  C:6B49H         PUBLIC        _gui_alphablend_area
  D:0088H         PUBLIC        TCON
  C:6D34H         PUBLIC        _gui_alpha_blend565
  C:7CDDH         PUBLIC        _gui_rgb332torgb565
  C:5D3FH         PUBLIC        _gui_show_strmidex
  C:742BH         PUBLIC        _gui_draw_expoint
  C:497EH         PUBLIC        _gui_show_stringex
  C:3BAEH         PUBLIC        _gui_draw_bline
  C:5169H         PUBLIC        _gui_smooth_color
  C:79CDH         PUBLIC        _gui_draw_hline
  C:407BH         PUBLIC        _gui_show_ptchar
  C:761DH         PUBLIC        _gui_draw_vline
  C:794DH         PUBLIC        _gui_color_chg
  C:5E8BH         PUBLIC        _gui_show_strmid
  C:5FD3H         PUBLIC        _gui_fill_colorblock
  C:4B9AH         PUBLIC        _gui_draw_line
  C:7D19H         PUBLIC        _gui_draw_point
  C:3960H         PUBLIC        _gui_draw_circle8
  C:4758H         PUBLIC        _gui_show_string
  D:00C8H         PUBLIC        T2CON
  C:77CFH         PUBLIC        _gui_fill_rectangle
  C:5546H         PUBLIC        _gui_draw_arc
  C:6945H         PUBLIC        _gui_draw_smooth_rectangle
  C:732BH         PUBLIC        _gui_draw_rectangle
  C:2B17H         PUBLIC        _gui_draw_bline1
  D:00D0H         PUBLIC        PSW
  C:70BAH         PUBLIC        _gui_show_ptstrwhiterim
  -------         PROC          _GUI_COLOR_CHG
  X:02EFH         SYMBOL        rgb
  -------         DO            
  X:02F3H         SYMBOL        r
  X:02F5H         SYMBOL        g
  D:0004H         SYMBOL        b
  -------         ENDDO         
  C:794DH         LINE#         15
  C:7953H         LINE#         16
  C:7953H         LINE#         18
  C:796CH         LINE#         19
  C:798BH         LINE#         20
  C:79A6H         LINE#         21
  C:79CCH         LINE#         22
  -------         ENDPROC       _GUI_COLOR_CHG
  -------         PROC          _GUI_RGB332TORGB565
  D:0004H         SYMBOL        rgb332
  -------         DO            
  D:0002H         SYMBOL        rgb565
BL51 BANKED LINKER/LOCATER V6.22                                                      11/09/2018  10:57:34  PAGE 31


  -------         ENDDO         
  C:7CDDH         LINE#         26
  C:7CE1H         LINE#         27
  C:7CE1H         LINE#         28
  C:7CE5H         LINE#         29
  C:7CFAH         LINE#         30
  C:7D0FH         LINE#         31
  C:7D15H         LINE#         32
  C:7D18H         LINE#         33
  -------         ENDPROC       _GUI_RGB332TORGB565
  -------         PROC          _GUI_POW
  X:0311H         SYMBOL        m
  X:0312H         SYMBOL        n
  -------         DO            
  X:0313H         SYMBOL        result
  -------         ENDDO         
  C:7BC8H         LINE#         35
  C:7BD0H         LINE#         36
  C:7BD0H         LINE#         37
  C:7BD8H         LINE#         38
  C:7C02H         LINE#         39
  C:7C10H         LINE#         40
  -------         ENDPROC       _GUI_POW
  -------         PROC          _GUI_DISABS
  X:02F7H         SYMBOL        x1
  X:02FBH         SYMBOL        x2
  C:7ABBH         LINE#         42
  C:7AC1H         LINE#         43
  C:7AC1H         LINE#         44
  C:7B25H         LINE#         45
  -------         ENDPROC       _GUI_DISABS
  -------         PROC          _GUI_DRAW_POINT
  X:0317H         SYMBOL        x0
  D:0004H         SYMBOL        y0
  D:0002H         SYMBOL        color
  -------         DO            
  X:0319H         SYMBOL        tempcolor
  -------         ENDDO         
  C:7D19H         LINE#         51
  C:7D21H         LINE#         52
  C:7D21H         LINE#         53
  C:7D30H         LINE#         54
  C:7D3AH         LINE#         55
  C:7D45H         LINE#         56
  C:7D54H         LINE#         57
  -------         ENDPROC       _GUI_DRAW_POINT
  -------         PROC          _GUI_ALPHABLEND_AREA
  X:022EH         SYMBOL        x
  X:0230H         SYMBOL        y
  X:0232H         SYMBOL        width
  X:0234H         SYMBOL        height
  X:0236H         SYMBOL        color
  X:0238H         SYMBOL        aval
  -------         DO            
  X:0239H         SYMBOL        i
  X:023BH         SYMBOL        j
  X:023DH         SYMBOL        tempcolor
BL51 BANKED LINKER/LOCATER V6.22                                                      11/09/2018  10:57:34  PAGE 32


  -------         ENDDO         
  C:6B49H         LINE#         63
  C:6B5DH         LINE#         64
  C:6B5DH         LINE#         67
  C:6B7CH         LINE#         68
  C:6B7CH         LINE#         69
  C:6B9BH         LINE#         70
  C:6B9BH         LINE#         71
  C:6BCEH         LINE#         72
  C:6BE4H         LINE#         73
  C:6C17H         LINE#         74
  C:6C2BH         LINE#         75
  C:6C3FH         LINE#         76
  -------         ENDPROC       _GUI_ALPHABLEND_AREA
  -------         PROC          _GUI_DRAW_BIGPOINT
  X:0053H         SYMBOL        x0
  X:0055H         SYMBOL        y0
  X:0057H         SYMBOL        color
  -------         DO            
  X:0059H         SYMBOL        i
  X:005BH         SYMBOL        j
  X:005DH         SYMBOL        x
  X:005FH         SYMBOL        y
  -------         ENDDO         
  C:6C40H         LINE#         82
  C:6C56H         LINE#         83
  C:6C56H         LINE#         86
  C:6C71H         LINE#         87
  C:6C80H         LINE#         88
  C:6C9CH         LINE#         89
  C:6CABH         LINE#         90
  C:6CD5H         LINE#         91
  C:6CD5H         LINE#         92
  C:6D23H         LINE#         93
  C:6D33H         LINE#         94
  -------         ENDPROC       _GUI_DRAW_BIGPOINT
  -------         PROC          _GUI_DRAW_LINE
  X:0145H         SYMBOL        x0
  X:0147H         SYMBOL        y0
  D:0002H         SYMBOL        x1
  X:014BH         SYMBOL        y1
  X:014DH         SYMBOL        color
  -------         DO            
  X:014FH         SYMBOL        t
  X:0151H         SYMBOL        xerr
  X:0153H         SYMBOL        yerr
  X:0155H         SYMBOL        delta_x
  X:0157H         SYMBOL        delta_y
  X:0159H         SYMBOL        distance
  X:015BH         SYMBOL        incx
  X:015DH         SYMBOL        incy
  X:015FH         SYMBOL        uRow
  X:0161H         SYMBOL        uCol
  -------         ENDDO         
  C:4B9AH         LINE#         98
  C:4BA8H         LINE#         99
  C:4BA8H         LINE#         101
BL51 BANKED LINKER/LOCATER V6.22                                                      11/09/2018  10:57:34  PAGE 33


  C:4BB3H         LINE#         104
  C:4BC8H         LINE#         105
  C:4BE3H         LINE#         106
  C:4BF2H         LINE#         107
  C:4BF8H         LINE#         108
  C:4C14H         LINE#         109
  C:4C20H         LINE#         110
  C:4C35H         LINE#         111
  C:4C51H         LINE#         112
  C:4C5DH         LINE#         113
  C:4C72H         LINE#         114
  C:4C98H         LINE#         115
  C:4C9DH         LINE#         116
  C:4CC2H         LINE#         117
  C:4CC2H         LINE#         118
  C:4CDBH         LINE#         119
  C:4CEFH         LINE#         120
  C:4D03H         LINE#         121
  C:4D1FH         LINE#         122
  C:4D1FH         LINE#         123
  C:4D2BH         LINE#         124
  C:4D3FH         LINE#         125
  C:4D3FH         LINE#         126
  C:4D5BH         LINE#         127
  C:4D5BH         LINE#         128
  C:4D67H         LINE#         129
  C:4D7BH         LINE#         130
  C:4D7BH         LINE#         131
  C:4D8CH         LINE#         132
  -------         ENDPROC       _GUI_DRAW_LINE
  -------         PROC          _GUI_DRAW_BLINE
  X:00E9H         SYMBOL        x1
  X:00EBH         SYMBOL        y1
  X:00EDH         SYMBOL        x2
  X:00EFH         SYMBOL        y2
  X:00F1H         SYMBOL        size
  X:00F2H         SYMBOL        color
  -------         DO            
  X:00F4H         SYMBOL        t
  X:00F6H         SYMBOL        xerr
  X:00F8H         SYMBOL        yerr
  X:00FAH         SYMBOL        delta_x
  X:00FCH         SYMBOL        delta_y
  X:00FEH         SYMBOL        distance
  X:0100H         SYMBOL        incx
  X:0102H         SYMBOL        incy
  X:0104H         SYMBOL        uRow
  X:0106H         SYMBOL        uCol
  -------         ENDDO         
  C:3BAEH         LINE#         137
  C:3BC2H         LINE#         138
  C:3BC2H         LINE#         140
  C:3BCDH         LINE#         142
  C:3C12H         LINE#         143
  C:3C2BH         LINE#         144
  C:3C46H         LINE#         145
  C:3C61H         LINE#         146
BL51 BANKED LINKER/LOCATER V6.22                                                      11/09/2018  10:57:34  PAGE 34


  C:3C69H         LINE#         147
  C:3C77H         LINE#         148
  C:3C93H         LINE#         149
[...]
  C:41A1H         LINE#         606
  C:41AEH         LINE#         607
  C:41AEH         LINE#         608
  C:41B2H         LINE#         609
  C:41B2H         LINE#         610
  C:41C8H         LINE#         611
  C:41C8H         LINE#         612
  C:41CFH         LINE#         613
  C:41CFH         LINE#         614
  C:41EBH         LINE#         615
  C:41F9H         LINE#         616
  C:421AH         LINE#         617
  C:421AH         LINE#         618
  C:4221H         LINE#         619
  C:422FH         LINE#         620
  C:4250H         LINE#         621
  C:4250H         LINE#         622
  C:4258H         LINE#         623
  C:4266H         LINE#         624
  C:4268H         LINE#         625
  C:4268H         LINE#         626
  C:4279H         LINE#         627
  C:4279H         LINE#         628
  C:4279H         LINE#         629
  C:4287H         LINE#         630
  C:42A9H         LINE#         631
  C:42A9H         LINE#         632
  C:42B1H         LINE#         633
  C:42BFH         LINE#         634
  C:42BFH         LINE#         635
  C:42BFH         LINE#         636
  C:42C8H         LINE#         637
  -------         ENDPROC       _GUI_SHOW_PTCHAR
  -------         PROC          _GUI_SHOW_NUM
  X:023FH         SYMBOL        x
  X:0241H         SYMBOL        y
  X:0243H         SYMBOL        len
  X:0244H         SYMBOL        color
  X:0246H         SYMBOL        size
  X:0247H         SYMBOL        num
  X:024BH         SYMBOL        mode
  -------         DO            
  X:024CH         SYMBOL        t
  X:024DH         SYMBOL        temp
  X:024EH         SYMBOL        enshow
  -------         ENDDO         
  C:5701H         LINE#         648
BL51 BANKED LINKER/LOCATER V6.22                                                      11/09/2018  10:57:34  PAGE 45


  C:5712H         LINE#         649
  C:5712H         LINE#         651
  C:5717H         LINE#         652
  C:572CH         LINE#         653
  C:572CH         LINE#         654
  C:575DH         LINE#         655
  C:5776H         LINE#         656
  C:5776H         LINE#         657
  C:577DH         LINE#         658
  C:577DH         LINE#         659
  C:57DFH         LINE#         660
  C:583BH         LINE#         661
  C:583DH         LINE#         662
  C:5843H         LINE#         664
  C:5843H         LINE#         665
  C:58BAH         LINE#         666
  C:58C3H         LINE#         667
  -------         ENDPROC       _GUI_SHOW_NUM
  -------         PROC          _GUI_NUM2STR
  X:02D6H         SYMBOL        str
  X:02D9H         SYMBOL        num
  -------         DO            
  X:02DDH         SYMBOL        t
  D:0007H         SYMBOL        temp
  X:02DEH         SYMBOL        enrec
  -------         ENDDO         
  C:755EH         LINE#         672
  C:756DH         LINE#         673
  C:756DH         LINE#         675
  C:7572H         LINE#         676
  C:7580H         LINE#         677
  C:7580H         LINE#         678
  C:75AEH         LINE#         679
  C:75BDH         LINE#         680
  C:75BDH         LINE#         681
  C:75C2H         LINE#         682
  C:75C8H         LINE#         683
  C:75C8H         LINE#         684
  C:75DBH         LINE#         685
  C:75E5H         LINE#         686
  C:75EDH         LINE#         687
  C:75FCH         LINE#         688
  C:7607H         LINE#         689
  -------         ENDPROC       _GUI_NUM2STR
  -------         PROC          _GUI_SHOW_PTSTR
  X:0027H         SYMBOL        x
  X:0029H         SYMBOL        y
  X:002BH         SYMBOL        xend
  X:002DH         SYMBOL        yend
  X:002FH         SYMBOL        offset
  X:0031H         SYMBOL        color
  X:0033H         SYMBOL        size
  X:0034H         SYMBOL        str
  X:0037H         SYMBOL        mode
  -------         DO            
  X:0038H         SYMBOL        bHz
  X:0039H         SYMBOL        EnDisp
BL51 BANKED LINKER/LOCATER V6.22                                                      11/09/2018  10:57:34  PAGE 46


  -------         ENDDO         
  C:4512H         LINE#         699
  C:4526H         LINE#         700
  C:4526H         LINE#         701
  C:452BH         LINE#         702
  C:452DH         LINE#         703
  C:4541H         LINE#         704
  C:4541H         LINE#         705
  C:454AH         LINE#         706
  C:454AH         LINE#         707
  C:4555H         LINE#         709
  C:4555H         LINE#         710
  C:455BH         LINE#         711
  C:455BH         LINE#         712
  C:4572H         LINE#         713
  C:4572H         LINE#         714
  C:457FH         LINE#         715
  C:4581H         LINE#         716
  C:4581H         LINE#         717
  C:4598H         LINE#         718
  C:459EH         LINE#         719
  C:459EH         LINE#         720
  C:459EH         LINE#         721
  C:45A9H         LINE#         722
  C:45A9H         LINE#         723
  C:4611H         LINE#         724
  C:4644H         LINE#         725
  C:464CH         LINE#         726
  C:4657H         LINE#         727
  C:4657H         LINE#         728
  C:4664H         LINE#         729
  C:466BH         LINE#         730
  C:466BH         LINE#         731
  C:466BH         LINE#         732
  C:4683H         LINE#         733
  C:468AH         LINE#         734
  C:468AH         LINE#         735
  C:468DH         LINE#         736
  C:468DH         LINE#         737
  C:4692H         LINE#         738
  C:4696H         LINE#         739
  C:4696H         LINE#         740
  C:46ABH         LINE#         741
  C:46ABH         LINE#         742
  C:46B8H         LINE#         743
  C:46BAH         LINE#         744
  C:46BAH         LINE#         745
  C:46D1H         LINE#         746
  C:46D7H         LINE#         747
  C:46D7H         LINE#         748
  C:46D7H         LINE#         749
  C:46DDH         LINE#         750
  C:46DDH         LINE#         752
  C:470EH         LINE#         753
  C:4716H         LINE#         754
  C:4721H         LINE#         755
  C:4721H         LINE#         756
BL51 BANKED LINKER/LOCATER V6.22                                                      11/09/2018  10:57:34  PAGE 47


  C:472EH         LINE#         757
  C:4735H         LINE#         758
  C:4735H         LINE#         759
  C:4735H         LINE#         760
  C:474AH         LINE#         761
  C:4754H         LINE#         762
  C:4754H         LINE#         763
  C:4757H         LINE#         764
  -------         ENDPROC       _GUI_SHOW_PTSTR
  -------         PROC          _GUI_SHOW_PTSTRWHITERIM
  X:021CH         SYMBOL        x
  X:021EH         SYMBOL        y
  X:0220H         SYMBOL        xend
  X:0222H         SYMBOL        yend
  X:0224H         SYMBOL        offset
  X:0226H         SYMBOL        color
  X:0228H         SYMBOL        rimcolor
  X:022AH         SYMBOL        size
  X:022BH         SYMBOL        str
  C:70BAH         LINE#         774
  C:70CEH         LINE#         775
  C:70CEH         LINE#         776
  C:7125H         LINE#         777
  -------         ENDPROC       _GUI_SHOW_PTSTRWHITERIM
  -------         PROC          _GUI_GET_STRINGLINE
  X:02A1H         SYMBOL        str
  X:02A4H         SYMBOL        linelenth
  X:02A6H         SYMBOL        font
  -------         DO            
  X:02A7H         SYMBOL        xpos
  X:02A9H         SYMBOL        lincnt
  -------         ENDDO         
  C:5A4BH         LINE#         785
  C:5A5EH         LINE#         786
  C:5A5EH         LINE#         787
  C:5A65H         LINE#         788
  C:5A6DH         LINE#         789
  C:5A83H         LINE#         790
  C:5AB3H         LINE#         791
  C:5AB3H         LINE#         792
  C:5AD3H         LINE#         793
  C:5AD3H         LINE#         794
  C:5AE2H         LINE#         795
  C:5AE9H         LINE#         796
  C:5B08H         LINE#         797
  C:5B0FH         LINE#         798
  C:5B25H         LINE#         799
  C:5B25H         LINE#         800
  C:5B38H         LINE#         801
  C:5B42H         LINE#         802
  C:5B5AH         LINE#         803
  C:5B5AH         LINE#         804
  C:5B5AH         LINE#         805
  C:5B5AH         LINE#         806
  C:5B5AH         LINE#         807
  C:5B5CH         LINE#         808
  C:5B5CH         LINE#         809
BL51 BANKED LINKER/LOCATER V6.22                                                      11/09/2018  10:57:34  PAGE 48


  C:5B71H         LINE#         810
  C:5B7BH         LINE#         811
  C:5B93H         LINE#         812
  C:5B93H         LINE#         813
  C:5B98H         LINE#         814
  C:5BB5H         LINE#         815
  C:5BB5H         LINE#         816
  C:5BB5H         LINE#         817
  C:5BB8H         LINE#         818
  C:5BC6H         LINE#         819
  -------         ENDPROC       _GUI_GET_STRINGLINE
  -------         PROC          _GUI_SHOW_STRING
  X:01CBH         SYMBOL        str
  X:01CEH         SYMBOL        x
  X:01D0H         SYMBOL        y
  X:01D2H         SYMBOL        width
  X:01D4H         SYMBOL        height
  X:01D6H         SYMBOL        font
  X:01D7H         SYMBOL        fcolor
  -------         DO            
  X:01D9H         SYMBOL        xpos
  X:01DBH         SYMBOL        ypos
  X:01DDH         SYMBOL        endx
  X:01DFH         SYMBOL        endy
  -------         ENDDO         
  C:4758H         LINE#         826
  C:4769H         LINE#         827
  C:4769H         LINE#         828
  C:4779H         LINE#         829
  C:4789H         LINE#         830
  C:47A3H         LINE#         831
  C:47BDH         LINE#         832
  C:47D5H         LINE#         833
  C:47E8H         LINE#         834
  C:47E8H         LINE#         835
  C:47FCH         LINE#         836
  C:47FCH         LINE#         837
  C:480BH         LINE#         838
  C:4812H         LINE#         839
  C:4821H         LINE#         840
  C:4833H         LINE#         841
  C:4847H         LINE#         842
  C:4847H         LINE#         843
  C:486FH         LINE#         844
  C:486FH         LINE#         845
  C:487EH         LINE#         846
  C:488AH         LINE#         847
  C:488AH         LINE#         849
  C:489CH         LINE#         850
  C:48A3H         LINE#         852
  C:48A6H         LINE#         853
  C:48A6H         LINE#         854
  C:48D0H         LINE#         855
  C:48D0H         LINE#         856
  C:48DFH         LINE#         857
  C:48ECH         LINE#         858
  C:48ECH         LINE#         859
BL51 BANKED LINKER/LOCATER V6.22                                                      11/09/2018  10:57:34  PAGE 49


  C:4946H         LINE#         860
  C:495AH         LINE#         861
  C:4964H         LINE#         862
  C:4964H         LINE#         863
  C:497DH         LINE#         865
  -------         ENDPROC       _GUI_SHOW_STRING
  -------         PROC          _GUI_SHOW_STRINGEX
  X:01B4H         SYMBOL        x
  X:01B6H         SYMBOL        y
  D:0002H         SYMBOL        width
  X:01BAH         SYMBOL        height
  X:01BCH         SYMBOL        fcolor
  X:01BEH         SYMBOL        font
  X:01BFH         SYMBOL        str
  X:01C2H         SYMBOL        mode
  -------         DO            
  X:01C3H         SYMBOL        xpos
  X:01C5H         SYMBOL        ypos
  X:01C7H         SYMBOL        endx
  X:01C9H         SYMBOL        endy
  -------         ENDDO         
  C:497EH         LINE#         873
  C:498CH         LINE#         874
  C:498CH         LINE#         875
  C:499CH         LINE#         876
  C:49ABH         LINE#         877
  C:49BBH         LINE#         878
  C:49DBH         LINE#         879
  C:49EDH         LINE#         880
  C:4A00H         LINE#         881
  C:4A00H         LINE#         882
  C:4A14H         LINE#         883
  C:4A14H         LINE#         884
  C:4A23H         LINE#         885
  C:4A2AH         LINE#         886
  C:4A39H         LINE#         887
  C:4A4BH         LINE#         888
  C:4A5FH         LINE#         889
  C:4A5FH         LINE#         890
  C:4A87H         LINE#         891
  C:4A87H         LINE#         892
  C:4A96H         LINE#         893
  C:4AA2H         LINE#         894
  C:4AA2H         LINE#         896
  C:4AB4H         LINE#         897
  C:4ABBH         LINE#         899
  C:4ABEH         LINE#         900
  C:4ABEH         LINE#         901
  C:4AE8H         LINE#         902
  C:4AE8H         LINE#         903
  C:4AF7H         LINE#         904
  C:4B04H         LINE#         905
  C:4B04H         LINE#         906
  C:4B62H         LINE#         907
  C:4B76H         LINE#         908
  C:4B80H         LINE#         909
  C:4B80H         LINE#         910
BL51 BANKED LINKER/LOCATER V6.22                                                      11/09/2018  10:57:34  PAGE 50


  C:4B99H         LINE#         912
  -------         ENDPROC       _GUI_SHOW_STRINGEX
  -------         ENDMOD        GUI

  -------         MODULE        ?C?CLDPTR
  C:35E6H         PUBLIC        ?C?CLDPTR
  -------         ENDMOD        ?C?CLDPTR

  -------         MODULE        ?C?CLDOPTR
  C:35FFH         PUBLIC        ?C?CLDOPTR
  -------         ENDMOD        ?C?CLDOPTR

  -------         MODULE        ?C?CSTPTR
  C:362CH         PUBLIC        ?C?CSTPTR
  -------         ENDMOD        ?C?CSTPTR

  -------         MODULE        ?C?IMUL
  C:363EH         PUBLIC        ?C?IMUL
  -------         ENDMOD        ?C?IMUL

  -------         MODULE        ?C?UIDIV
  C:3650H         PUBLIC        ?C?UIDIV
  -------         ENDMOD        ?C?UIDIV

  -------         MODULE        ?C?IILDX
  C:36A5H         PUBLIC        ?C?IILDX
  -------         ENDMOD        ?C?IILDX

  -------         MODULE        ?C?ILDIX
  C:36BBH         PUBLIC        ?C?ILDIX
  -------         ENDMOD        ?C?ILDIX

  -------         MODULE        ?C?ILDOPTR
  C:36D1H         PUBLIC        ?C?ILDOPTR
  -------         ENDMOD        ?C?ILDOPTR

  -------         MODULE        ?C?ISTOPTR
  C:3709H         PUBLIC        ?C?ISTOPTR
  -------         ENDMOD        ?C?ISTOPTR

  -------         MODULE        ?C?LMUL
  C:3736H         PUBLIC        ?C?LMUL
  -------         ENDMOD        ?C?LMUL

  -------         MODULE        ?C?ULDIV
  C:37C1H         PUBLIC        ?C?ULDIV
  -------         ENDMOD        ?C?ULDIV

  -------         MODULE        ?C?SLDIV
  C:7C59H         PUBLIC        ?C?SLDIV
  -------         ENDMOD        ?C?SLDIV

  -------         MODULE        ?C?SLCMP
  C:3853H         PUBLIC        ?C?SLCMP
  -------         ENDMOD        ?C?SLCMP

  -------         MODULE        ?C?ULCMP
BL51 BANKED LINKER/LOCATER V6.22                                                      11/09/2018  10:57:34  PAGE 51


  C:3869H         PUBLIC        ?C?ULCMP
  -------         ENDMOD        ?C?ULCMP

  -------         MODULE        ?C?ULSHR
  C:387AH         PUBLIC        ?C?ULSHR
  -------         ENDMOD        ?C?ULSHR

  -------         MODULE        ?C?LSTXDATA
  C:388DH         PUBLIC        ?C?LSTXDATA
  -------         ENDMOD        ?C?LSTXDATA

  -------         MODULE        ?C?LSTKXDATA
  C:3899H         PUBLIC        ?C?LSTKXDATA
  -------         ENDMOD        ?C?LSTKXDATA

  -------         MODULE        ?C?LIMUL
  C:38CAH         PUBLIC        ?C?LIMUL
  -------         ENDMOD        ?C?LIMUL

  -------         MODULE        PRINTF
  X:0000H         PUBLIC        ?_PRINTF517?BYTE
  X:0000H         PUBLIC        ?_PRINTF?BYTE
  X:0000H         PUBLIC        ?_SPRINTF517?BYTE
  X:0000H         PUBLIC        ?_SPRINTF?BYTE
  C:32ECH         PUBLIC        _PRINTF
  C:32ECH         PUBLIC        _PRINTF517
  C:32E6H         PUBLIC        _SPRINTF
  C:32E6H         PUBLIC        _SPRINTF517
  -------         ENDMOD        PRINTF

  -------         MODULE        STRLEN
  C:7EFCH         PUBLIC        _STRLEN
  -------         ENDMOD        STRLEN

  -------         MODULE        ?C?PLDIXDATA
  C:38F7H         PUBLIC        ?C?PLDIXDATA
  -------         ENDMOD        ?C?PLDIXDATA

  -------         MODULE        ?C?PSTXDATA
  C:390EH         PUBLIC        ?C?PSTXDATA
  -------         ENDMOD        ?C?PSTXDATA

  -------         MODULE        ?C?CCASE
  C:3917H         PUBLIC        ?C?CCASE
  -------         ENDMOD        ?C?CCASE

  -------         MODULE        PUTCHAR
  C:7E43H         PUBLIC        _PUTCHAR
  -------         ENDMOD        PUTCHAR

*** WARNING L16: UNCALLED SEGMENT, IGNORED FOR OVERLAY PROCESS
    SEGMENT: ?PR?_UART_CMD?UART

*** WARNING L16: UNCALLED SEGMENT, IGNORED FOR OVERLAY PROCESS
    SEGMENT: ?PR?_UART_SENDSTRING?UART

*** WARNING L16: UNCALLED SEGMENT, IGNORED FOR OVERLAY PROCESS
BL51 BANKED LINKER/LOCATER V6.22                                                      11/09/2018  10:57:34  PAGE 52


    SEGMENT: ?PR?_LCD_COLOR_FILL?TFTLCD

*** WARNING L16: UNCALLED SEGMENT, IGNORED FOR OVERLAY PROCESS
    SEGMENT: ?PR?_LCD_DRAWBIGPOINT?TFTLCD

*** WARNING L16: UNCALLED SEGMENT, IGNORED FOR OVERLAY PROCESS
    SEGMENT: ?PR?_LCD_DRAWLINE_COLOR?TFTLCD

*** WARNING L16: UNCALLED SEGMENT, IGNORED FOR OVERLAY PROCESS
    SEGMENT: ?PR?_LCD_DROWSIGN?TFTLCD

*** WARNING L16: UNCALLED SEGMENT, IGNORED FOR OVERLAY PROCESS
    SEGMENT: ?PR?_LCD_DRAWRECTANGLE?TFTLCD

*** WARNING L16: UNCALLED SEGMENT, IGNORED FOR OVERLAY PROCESS
    SEGMENT: ?PR?_LCD_DRAW_CIRCLE?TFTLCD

*** WARNING L16: UNCALLED SEGMENT, IGNORED FOR OVERLAY PROCESS
    SEGMENT: ?PR?_LCD_SHOWNUM?TFTLCD

*** WARNING L16: UNCALLED SEGMENT, IGNORED FOR OVERLAY PROCESS
    SEGMENT: ?PR?_LCD_SHOWXNUM?TFTLCD

*** WARNING L16: UNCALLED SEGMENT, IGNORED FOR OVERLAY PROCESS
    SEGMENT: ?PR?_LCD_SHOWFONTHZ?TFTLCD

*** WARNING L16: UNCALLED SEGMENT, IGNORED FOR OVERLAY PROCESS
    SEGMENT: ?PR?_LCD_SHOWPICTURE?TFTLCD

*** WARNING L16: UNCALLED SEGMENT, IGNORED FOR OVERLAY PROCESS
    SEGMENT: ?PR?_GUI_COLOR_CHG?GUI

*** WARNING L16: UNCALLED SEGMENT, IGNORED FOR OVERLAY PROCESS
    SEGMENT: ?PR?_GUI_RGB332TORGB565?GUI

*** WARNING L16: UNCALLED SEGMENT, IGNORED FOR OVERLAY PROCESS
    SEGMENT: ?PR?_GUI_DISABS?GUI

*** WARNING L16: UNCALLED SEGMENT, IGNORED FOR OVERLAY PROCESS
    SEGMENT: ?PR?_GUI_DRAW_POINT?GUI

*** WARNING L16: UNCALLED SEGMENT, IGNORED FOR OVERLAY PROCESS
    SEGMENT: ?PR?_GUI_ALPHABLEND_AREA?GUI

*** WARNING L16: UNCALLED SEGMENT, IGNORED FOR OVERLAY PROCESS
    SEGMENT: ?PR?_GUI_DRAW_BLINE?GUI

*** WARNING L16: UNCALLED SEGMENT, IGNORED FOR OVERLAY PROCESS
    SEGMENT: ?PR?_GUI_DRAW_BLINE1?GUI

*** WARNING L16: UNCALLED SEGMENT, IGNORED FOR OVERLAY PROCESS
    SEGMENT: ?PR?_GUI_FILL_COLORBLOCK?GUI

*** WARNING L16: UNCALLED SEGMENT, IGNORED FOR OVERLAY PROCESS
    SEGMENT: ?PR?_GUI_DRAW_SMOOTH_RECTANGLE?GUI

*** WARNING L16: UNCALLED SEGMENT, IGNORED FOR OVERLAY PROCESS
BL51 BANKED LINKER/LOCATER V6.22                                                      11/09/2018  10:57:34  PAGE 53


    SEGMENT: ?PR?_GUI_DRAW_RECTANGLE?GUI

*** WARNING L16: UNCALLED SEGMENT, IGNORED FOR OVERLAY PROCESS
    SEGMENT: ?PR?_GUI_DRAW_ELLIPSE?GUI

*** WARNING L16: UNCALLED SEGMENT, IGNORED FOR OVERLAY PROCESS
    SEGMENT: ?PR?_GUI_FILL_ELLIPSE?GUI

*** WARNING L16: UNCALLED SEGMENT, IGNORED FOR OVERLAY PROCESS
    SEGMENT: ?PR?_GUI_SHOW_STRMIDEX?GUI

*** WARNING L16: UNCALLED SEGMENT, IGNORED FOR OVERLAY PROCESS
    SEGMENT: ?PR?_GUI_SHOW_NUM?GUI

*** WARNING L16: UNCALLED SEGMENT, IGNORED FOR OVERLAY PROCESS
    SEGMENT: ?PR?_GUI_NUM2STR?GUI

*** WARNING L16: UNCALLED SEGMENT, IGNORED FOR OVERLAY PROCESS
    SEGMENT: ?PR?_GUI_SHOW_PTSTRWHITERIM?GUI

*** WARNING L16: UNCALLED SEGMENT, IGNORED FOR OVERLAY PROCESS
    SEGMENT: ?PR?_GUI_GET_STRINGLINE?GUI

*** WARNING L16: UNCALLED SEGMENT, IGNORED FOR OVERLAY PROCESS
    SEGMENT: ?PR?_GUI_SHOW_STRING?GUI

*** WARNING L16: UNCALLED SEGMENT, IGNORED FOR OVERLAY PROCESS
    SEGMENT: ?PR?_GUI_SHOW_STRINGEX?GUI

Program Size: data=15.1 xdata=798 code=32613
LINK/LOCATE RUN COMPLETE.  31 WARNING(S),  0 ERROR(S)
