BL51 BANKED LINKER/LOCATER V6.22                                                        11/10/2018  11:33:30  PAGE 1


BL51 BANKED LINKER/LOCATER V6.22, INVOKED BY:
J:\MDK4\C51\BIN\BL51.EXE .\output\main.obj, .\output\public.obj, .\output\uart.obj, .\output\tftlcd.obj, .\output\touch.
>> obj, .\output\gui.obj TO .\output\template PRINT (.\output\template.m51) RAMSIZE (256)


MEMORY MODEL: LARGE


INPUT MODULES INCLUDED:
  .\output\main.obj (MAIN)
  .\output\public.obj (PUBLIC)
  .\output\uart.obj (UART)
  .\output\tftlcd.obj (TFTLCD)
  .\output\touch.obj (TOUCH)
  .\output\gui.obj (GUI)
  J:\MDK4\C51\LIB\C51L.LIB (?C_STARTUP)
  J:\MDK4\C51\LIB\C51L.LIB (?C?CLDPTR)
  J:\MDK4\C51\LIB\C51L.LIB (?C?CLDOPTR)
  J:\MDK4\C51\LIB\C51L.LIB (?C?CSTPTR)
  J:\MDK4\C51\LIB\C51L.LIB (?C?CSTOPTR)
  J:\MDK4\C51\LIB\C51L.LIB (?C?IMUL)
  J:\MDK4\C51\LIB\C51L.LIB (?C?UIDIV)
  J:\MDK4\C51\LIB\C51L.LIB (?C?SIDIV)
  J:\MDK4\C51\LIB\C51L.LIB (?C?IILDX)
  J:\MDK4\C51\LIB\C51L.LIB (?C?ILDIX)
  J:\MDK4\C51\LIB\C51L.LIB (?C?ILDOPTR)
  J:\MDK4\C51\LIB\C51L.LIB (?C?ISTOPTR)
  J:\MDK4\C51\LIB\C51L.LIB (?C?LMUL)
  J:\MDK4\C51\LIB\C51L.LIB (?C?ULDIV)
  J:\MDK4\C51\LIB\C51L.LIB (?C?SLDIV)
  J:\MDK4\C51\LIB\C51L.LIB (?C?SLCMP)
  J:\MDK4\C51\LIB\C51L.LIB (?C?ULCMP)
  J:\MDK4\C51\LIB\C51L.LIB (?C?ULSHR)
  J:\MDK4\C51\LIB\C51L.LIB (?C?LSTXDATA)
  J:\MDK4\C51\LIB\C51L.LIB (?C?LSTKXDATA)
  J:\MDK4\C51\LIB\C51L.LIB (?C?LIMUL)
  J:\MDK4\C51\LIB\C51L.LIB (PRINTF)
  J:\MDK4\C51\LIB\C51L.LIB (STRLEN)
  J:\MDK4\C51\LIB\C51L.LIB (?C_INIT)
  J:\MDK4\C51\LIB\C51L.LIB (?C?PLDIXDATA)
  J:\MDK4\C51\LIB\C51L.LIB (?C?PSTXDATA)
  J:\MDK4\C51\LIB\C51L.LIB (?C?CCASE)
  J:\MDK4\C51\LIB\C51L.LIB (PUTCHAR)


LINK MAP OF MODULE:  .\output\template (MAIN)


            TYPE    BASE      LENGTH    RELOCATION   SEGMENT NAME
            -----------------------------------------------------

            * * * * * * *   D A T A   M E M O R Y   * * * * * * *
            REG     0000H     0008H     ABSOLUTE     "REG BANK 0"
            DATA    0008H     0005H     UNIT         _DATA_GROUP_
                    000DH     0013H                  *** GAP ***
            BIT     0020H.0   0001H.1   UNIT         _BIT_GROUP_
                    0021H.1   0000H.7                *** GAP ***
            IDATA   0022H     0001H     UNIT         ?STACK
BL51 BANKED LINKER/LOCATER V6.22                                                      11/10/2018  11:33:30  PAGE 2



            * * * * * * *  X D A T A   M E M O R Y  * * * * * * *
            XDATA   0000H     0067H     UNIT         _XDATA_GROUP_
            XDATA   0067H     0034H     UNIT         ?XD?UART
            XDATA   009BH     0024H     UNIT         ?XD?_GUI_DRAW_ELLIPSE?GUI
            XDATA   00BFH     0022H     UNIT         ?XD?_GUI_FILL_ELLIPSE?GUI
            XDATA   00E1H     001FH     UNIT         ?XD?_GUI_DRAW_BLINE?GUI
            XDATA   0100H     001EH     UNIT         ?XD?_LCD_DRAWLINE_COLOR?TFTLCD
            XDATA   011EH     001EH     UNIT         ?XD?_GUI_DRAW_LINE?GUI
            XDATA   013CH     001EH     UNIT         ?XD?_GUI_SMOOTH_COLOR?GUI
            XDATA   015AH     001CH     UNIT         ?XD?_LCD_DRAWLINE?TFTLCD
            XDATA   0176H     001AH     UNIT         ?XD?_TOUCH_XPT_READDATA?TOUCH
            XDATA   0190H     0019H     UNIT         ?XD?_GUI_DRAW_ARC?GUI
            XDATA   01A9H     0018H     UNIT         ?XD?_GUI_FILL_CIRCLE?GUI
            XDATA   01C1H     0017H     UNIT         ?XD?_GUI_DRAW_SMOOTH_RECTANGLE?GUI
            XDATA   01D8H     0017H     UNIT         ?XD?_GUI_SHOW_STRINGEX?GUI
            XDATA   01EFH     0016H     UNIT         ?XD?_GUI_SHOW_STRING?GUI
            XDATA   0205H     0015H     UNIT         ?XD?_LCD_SHOWPICTURE?TFTLCD
            XDATA   021AH     0013H     UNIT         ?XD?_LCD_COLOR_FILL?TFTLCD
            XDATA   022DH     0013H     UNIT         ?XD?_GUI_SHOW_STRMIDEX?GUI
            XDATA   0240H     0012H     UNIT         ?XD?_GUI_DRAW_CIRCLE8?GUI
            XDATA   0252H     0012H     UNIT         ?XD?_GUI_SHOW_PTSTRWHITERIM?GUI
            XDATA   0264H     0011H     UNIT         ?XD?_GUI_ALPHABLEND_AREA?GUI
            XDATA   0275H     0010H     UNIT         ?XD?MAIN
            XDATA   0285H     0010H     UNIT         ?XD?_GUI_DRAW_ARCRECTANGLE?GUI
            XDATA   0295H     0010H     UNIT         ?XD?_GUI_DRAW_EXPOINT?GUI
            XDATA   02A5H     0010H     UNIT         ?XD?_GUI_SHOW_NUM?GUI
            XDATA   02B5H     000EH     UNIT         ?XD?_LCD_SHOWXNUM?TFTLCD
            XDATA   02C3H     000EH     UNIT         ?XD?_GUI_FILL_COLORBLOCK?GUI
            XDATA   02D1H     000DH     UNIT         ?XD?_LCD_SHOWNUM?TFTLCD
            XDATA   02DEH     000DH     UNIT         ?XD?TOUCH
            XDATA   02EBH     000DH     UNIT         ?XD?_GUI_ALPHA_BLEND565?GUI
            XDATA   02F8H     000CH     UNIT         ?XD?_GUI_GET_STRINGLINE?GUI
            XDATA   0304H     000BH     UNIT         ?XD?TFTLCD
            XDATA   030FH     000AH     UNIT         ?XD?_LCD_DRAW_CIRCLE?TFTLCD
            XDATA   0319H     000AH     UNIT         ?XD?_LCD_SHOWFONTHZ?TFTLCD
            XDATA   0323H     000AH     UNIT         ?XD?TOUCH_XPT_READXY?TOUCH
            XDATA   032DH     000AH     UNIT         ?XD?_GUI_DRAW_RECTANGLE?GUI
            XDATA   0337H     0009H     UNIT         ?XD?_GUI_NUM2STR?GUI
            XDATA   0340H     0008H     UNIT         ?XD?_LCD_READPOINT?TFTLCD
            XDATA   0348H     0008H     UNIT         ?XD?_LCD_DRAWRECTANGLE?TFTLCD
            XDATA   0350H     0008H     UNIT         ?XD?_GUI_COLOR_CHG?GUI
            XDATA   0358H     0008H     UNIT         ?XD?_GUI_DISABS?GUI
            XDATA   0360H     0006H     UNIT         ?XD?_LCD_DRAWBIGPOINT?TFTLCD
            XDATA   0366H     0006H     UNIT         ?XD?_LCD_DROWSIGN?TFTLCD
            XDATA   036CH     0006H     UNIT         ?XD?_LCD_POW?TFTLCD
            XDATA   0372H     0006H     UNIT         ?XD?_GUI_POW?GUI
            XDATA   0378H     0004H     UNIT         ?XD?_GUI_DRAW_POINT?GUI
            XDATA   037CH     0003H     UNIT         ?XD?_UART_SENDSTRING?UART
            XDATA   037FH     0002H     UNIT         ?XD?TOUCH_SPI_READ?TOUCH
            XDATA   0381H     0001H     UNIT         ?XD?TOUCH_SCAN?TOUCH

            * * * * * * *   C O D E   M E M O R Y   * * * * * * *
            CODE    0000H     0003H     ABSOLUTE     
            CODE    0003H     001FH     UNIT         ?PR?_DELAY?TFTLCD
                    0022H     0001H                  *** GAP ***
            CODE    0023H     0003H     ABSOLUTE     
BL51 BANKED LINKER/LOCATER V6.22                                                      11/10/2018  11:33:30  PAGE 3


            CODE    0026H     1BF3H     UNIT         ?CO?TFTLCD
            CODE    1C19H     06B3H     UNIT         ?PR?_GUI_DRAW_ARCRECTANGLE?GUI
            CODE    22CCH     0404H     UNIT         ?PR?_GUI_DRAW_ELLIPSE?GUI
            CODE    26D0H     03CAH     UNIT         ?PR?_GUI_DRAW_BLINE1?GUI
            CODE    2A9AH     03AFH     UNIT         ?C?LIB_CODE
            CODE    2E49H     03A0H     UNIT         ?PR?_GUI_FILL_CIRCLE?GUI
            CODE    31E9H     0365H     UNIT         ?PR?PRINTF?PRINTF
            CODE    354EH     0313H     UNIT         ?PR?_GRAPH_CREATE?MAIN
            CODE    3861H     0271H     UNIT         ?PR?_GUI_DRAW_CIRCLE8?GUI
            CODE    3AD2H     026CH     UNIT         ?PR?_GUI_DRAW_BLINE?GUI
            CODE    3D3EH     025CH     UNIT         ?PR?_GUI_FILL_ELLIPSE?GUI
            CODE    3F9AH     0253H     UNIT         ?PR?_GUI_SHOW_PTCHAR?GUI
            CODE    41EDH     0249H     UNIT         ?PR?TFTLCD_INIT?TFTLCD
            CODE    4436H     0246H     UNIT         ?PR?_GUI_SHOW_PTSTR?GUI
            CODE    467CH     0226H     UNIT         ?PR?_GUI_SHOW_STRING?GUI
            CODE    48A2H     021CH     UNIT         ?PR?_GUI_SHOW_STRINGEX?GUI
            CODE    4ABEH     01F3H     UNIT         ?PR?_GUI_DRAW_LINE?GUI
            CODE    4CB1H     01EFH     UNIT         ?PR?_LCD_DRAWLINE?TFTLCD
            CODE    4EA0H     01EDH     UNIT         ?PR?_LCD_DRAWLINE_COLOR?TFTLCD
            CODE    508DH     01E9H     UNIT         ?PR?_GUI_SMOOTH_COLOR?GUI
            CODE    5276H     01D8H     UNIT         ?PR?_LCD_DRAW_CIRCLE?TFTLCD
            CODE    544EH     01D7H     UNIT         ?PR?_GUI_DRAW_ARC?GUI
            CODE    5625H     01C3H     UNIT         ?PR?_GUI_SHOW_NUM?GUI
            CODE    57E8H     0187H     UNIT         ?PR?_TOUCH_XPT_READDATA?TOUCH
            CODE    596FH     017CH     UNIT         ?PR?_GUI_GET_STRINGLINE?GUI
            CODE    5AEBH     0178H     UNIT         ?PR?_LCD_SHOWCHAR?TFTLCD
            CODE    5C63H     014CH     UNIT         ?PR?_GUI_SHOW_STRMIDEX?GUI
            CODE    5DAFH     0148H     UNIT         ?PR?_GUI_SHOW_STRMID?GUI
            CODE    5EF7H     0147H     UNIT         ?PR?_GUI_FILL_COLORBLOCK?GUI
            CODE    603EH     0140H     UNIT         ?PR?TOUCH_SCAN?TOUCH
            CODE    617EH     012DH     UNIT         ?PR?_LCD_SHOWPICTURE?TFTLCD
            CODE    62ABH     012BH     UNIT         ?PR?_LCD_SHOWFONTHZ?TFTLCD
            CODE    63D6H     0129H     UNIT         ?PR?_LCD_SHOWXNUM?TFTLCD
            CODE    64FFH     0114H     UNIT         ?PR?TOUCH_XPT_READXY?TOUCH
            CODE    6613H     0111H     UNIT         ?PR?_REDRAW_VALIDAREAGIRD?MAIN
            CODE    6724H     010CH     UNIT         ?PR?_GUI_DRAW_SMOOTH_RECTANGLE?GUI
            CODE    6830H     00F8H     UNIT         ?PR?_LCD_COLOR_FILL?TFTLCD
            CODE    6928H     00F7H     UNIT         ?PR?_GUI_ALPHABLEND_AREA?GUI
            CODE    6A1FH     00F4H     UNIT         ?PR?_GUI_DRAW_BIGPOINT?GUI
            CODE    6B13H     00EDH     UNIT         ?PR?_GUI_ALPHA_BLEND565?GUI
            CODE    6C00H     00EBH     UNIT         ?PR?_GRAPH_ADDVALUE?MAIN
            CODE    6CEBH     00E5H     UNIT         ?PR?_LCD_SHOWSTRING?TFTLCD
            CODE    6DD0H     00DCH     UNIT         ?PR?_LCD_SHOWNUM?TFTLCD
            CODE    6EACH     00D8H     UNIT         ?PR?_LCD_DROWSIGN?TFTLCD
            CODE    6F84H     00D2H     UNIT         ?PR?_GUI_SHOW_PTSTRWHITERIM?GUI
            CODE    7056H     00D0H     UNIT         ?PR?_LCD_FILL?TFTLCD
            CODE    7126H     00CFH     UNIT         ?PR?_LCD_READPOINT?TFTLCD
            CODE    71F5H     00C8H     UNIT         ?PR?_GUI_DRAW_RECTANGLE?GUI
            CODE    72BDH     00C7H     UNIT         ?PR?_GUI_NUM2STREX?GUI
            CODE    7384H     00C1H     UNIT         ?PR?_GUI_DRAW_EXPOINT?GUI
            CODE    7445H     00AAH     UNIT         ?PR?_LCD_DRAWRECTANGLE?TFTLCD
            CODE    74EFH     00AAH     UNIT         ?PR?_GUI_NUM2STR?GUI
            CODE    7599H     0096H     UNIT         ?PR?_GUI_DRAW_VLINE?GUI
            CODE    762FH     0091H     UNIT         ?PR?_LCD_SET_WINDOW?TFTLCD
            CODE    76C0H     008CH     UNIT         ?C_C51STARTUP
            CODE    774CH     008AH     UNIT         ?PR?_GUI_FILL_RECTANGLE?GUI
            CODE    77D6H     0088H     UNIT         ?PR?GRAPH_TEST?MAIN
BL51 BANKED LINKER/LOCATER V6.22                                                      11/10/2018  11:33:30  PAGE 4


            CODE    785EH     0087H     UNIT         ?PR?_GRAPH_ADDTEXT?MAIN
            CODE    78E5H     0087H     UNIT         ?PR?UART_IRQN?UART
            CODE    796CH     0081H     UNIT         ?PR?_LCD_CLEAR?TFTLCD
            CODE    79EDH     0080H     UNIT         ?PR?_GUI_COLOR_CHG?GUI
            CODE    7A6DH     007BH     UNIT         ?PR?_GUI_DRAW_HLINE?GUI
            CODE    7AE8H     0073H     UNIT         ?PR?_LCD_DRAWBIGPOINT?TFTLCD
            CODE    7B5BH     006BH     UNIT         ?PR?_GUI_DISABS?GUI
            CODE    7BC6H     0052H     UNIT         ?PR?_LCD_DISPLAY_DIR?TFTLCD
            CODE    7C18H     0050H     UNIT         ?PR?_LCD_POW?TFTLCD
            CODE    7C68H     0049H     UNIT         ?PR?_GUI_POW?GUI
            CODE    7CB1H     0048H     UNIT         ?PR?_LCD_DRAWFRONT_COLOR?TFTLCD
            CODE    7CF9H     0046H     UNIT         ?PR?MAIN?MAIN
            CODE    7D3FH     0044H     UNIT         ?C?LDIV
            CODE    7D83H     0040H     UNIT         ?PR?_LCD_DRAWPOINT?TFTLCD
            CODE    7DC3H     003CH     UNIT         ?PR?_GUI_RGB332TORGB565?GUI
            CODE    7DFFH     003CH     UNIT         ?PR?_GUI_DRAW_POINT?GUI
            CODE    7E3BH     003BH     UNIT         ?PR?TOUCH_SPI_READ?TOUCH
            CODE    7E76H     0033H     UNIT         ?PR?_UART_SENDSTRING?UART
            CODE    7EA9H     002EH     UNIT         ?PR?_LCD_WRITEDATA?TFTLCD
            CODE    7ED7H     0029H     UNIT         ?C_INITSEG
            CODE    7F00H     0029H     UNIT         ?PR?_LCD_WRITECMD?TFTLCD
            CODE    7F29H     0029H     UNIT         ?PR?_LCD_WRITEDATA_COLOR?TFTLCD
            CODE    7F52H     0027H     UNIT         ?PR?PUTCHAR?PUTCHAR
            CODE    7F79H     001FH     UNIT         ?PR?LCD_READDATA?TFTLCD
            CODE    7F98H     001EH     UNIT         ?PR?_DELAY_MS?PUBLIC
            CODE    7FB6H     001DH     UNIT         ?PR?_TOUCH_SPI_WRITE?TOUCH
            CODE    7FD3H     0016H     UNIT         ?PR?UART_INIT?UART
            CODE    7FE9H     0015H     UNIT         ?PR?_STRLEN?STRLEN
            CODE    7FFEH     0014H     UNIT         ?PR?_LCD_WRITECMDDATA?TFTLCD
            CODE    8012H     000EH     UNIT         ?PR?_UART_SENDDATA?UART
            CODE    8020H     000BH     UNIT         ?CO?MAIN
            CODE    802BH     000BH     UNIT         ?PR?_DELAY_10US?PUBLIC
            CODE    8036H     000BH     UNIT         ?PR?TOUCH_SPI_START?TOUCH
            CODE    8041H     0006H     UNIT         ?PR?_UART_CMD?UART



OVERLAY MAP OF MODULE:   .\output\template (MAIN)


SEGMENT                                       BIT_GROUP          DATA_GROUP          XDATA_GROUP
  +--> CALLED SEGMENT                      START    LENGTH     START    LENGTH     START    LENGTH
--------------------------------------------------------------------------------------------------
?C_C51STARTUP                              -----    -----      -----    -----      -----    -----
  +--> ?PR?MAIN?MAIN
  +--> ?C_INITSEG

?PR?MAIN?MAIN                              -----    -----      -----    -----      -----    -----
  +--> ?PR?UART_INIT?UART
  +--> ?PR?TFTLCD_INIT?TFTLCD
  +--> ?CO?MAIN
  +--> ?PR?_LCD_SHOWSTRING?TFTLCD
  +--> ?PR?GRAPH_TEST?MAIN

?PR?TFTLCD_INIT?TFTLCD                     -----    -----      -----    -----      -----    -----
  +--> ?PR?_DELAY_MS?PUBLIC
  +--> ?PR?_LCD_WRITECMD?TFTLCD
BL51 BANKED LINKER/LOCATER V6.22                                                      11/10/2018  11:33:30  PAGE 5


  +--> ?PR?LCD_READDATA?TFTLCD
  +--> ?CO?TFTLCD
  +--> ?PR?PRINTF?PRINTF
  +--> ?PR?_LCD_WRITEDATA?TFTLCD
  +--> ?PR?_DELAY_10US?PUBLIC
  +--> ?PR?_DELAY?TFTLCD
  +--> ?PR?_LCD_DISPLAY_DIR?TFTLCD
  +--> ?PR?_LCD_CLEAR?TFTLCD

?PR?PRINTF?PRINTF                          0020H.0  0001H.1    0008H    0005H      0000H    0028H
  +--> ?PR?PUTCHAR?PUTCHAR

?PR?_LCD_WRITEDATA?TFTLCD                  -----    -----      -----    -----      -----    -----
  +--> ?PR?_LCD_WRITECMD?TFTLCD

?PR?_LCD_DISPLAY_DIR?TFTLCD                -----    -----      -----    -----      -----    -----
  +--> ?PR?_LCD_WRITECMDDATA?TFTLCD

?PR?_LCD_WRITECMDDATA?TFTLCD               -----    -----      -----    -----      -----    -----
  +--> ?PR?_LCD_WRITECMD?TFTLCD
  +--> ?PR?_LCD_WRITEDATA?TFTLCD

?PR?_LCD_CLEAR?TFTLCD                      -----    -----      -----    -----      0000H    0004H
  +--> ?PR?_LCD_SET_WINDOW?TFTLCD
  +--> ?PR?_LCD_WRITEDATA_COLOR?TFTLCD

?PR?_LCD_SET_WINDOW?TFTLCD                 -----    -----      -----    -----      005FH    0008H
  +--> ?PR?_LCD_WRITEDATA?TFTLCD
  +--> ?PR?_LCD_WRITECMD?TFTLCD

?PR?_LCD_SHOWSTRING?TFTLCD                 -----    -----      -----    -----      0000H    000DH
  +--> ?PR?_LCD_SHOWCHAR?TFTLCD

?PR?_LCD_SHOWCHAR?TFTLCD                   -----    -----      -----    -----      000DH    000CH
  +--> ?CO?TFTLCD
  +--> ?PR?_LCD_DRAWFRONT_COLOR?TFTLCD

?PR?_LCD_DRAWFRONT_COLOR?TFTLCD            -----    -----      -----    -----      0059H    0006H
  +--> ?PR?_LCD_SET_WINDOW?TFTLCD
  +--> ?PR?_LCD_WRITEDATA_COLOR?TFTLCD

?PR?GRAPH_TEST?MAIN                        -----    -----      -----    -----      0000H    0002H
  +--> ?PR?_GRAPH_CREATE?MAIN
  +--> ?PR?_GRAPH_ADDTEXT?MAIN
  +--> ?PR?_GRAPH_ADDVALUE?MAIN
  +--> ?PR?_DELAY_MS?PUBLIC

?PR?_GRAPH_CREATE?MAIN                     -----    -----      -----    -----      0002H    000DH
  +--> ?PR?_GUI_DRAW_VLINE?GUI
  +--> ?PR?_GUI_DRAW_HLINE?GUI
  +--> ?PR?_GUI_FILL_RECTANGLE?GUI

?PR?_GUI_DRAW_VLINE?GUI                    -----    -----      -----    -----      0019H    0008H
  +--> ?PR?_LCD_FILL?TFTLCD

?PR?_LCD_FILL?TFTLCD                       -----    -----      -----    -----      0023H    000CH
  +--> ?PR?_LCD_SET_WINDOW?TFTLCD
BL51 BANKED LINKER/LOCATER V6.22                                                      11/10/2018  11:33:30  PAGE 6


  +--> ?PR?_LCD_WRITEDATA_COLOR?TFTLCD

?PR?_GUI_DRAW_HLINE?GUI                    -----    -----      -----    -----      0019H    0008H
  +--> ?PR?_LCD_FILL?TFTLCD

?PR?_GUI_FILL_RECTANGLE?GUI                -----    -----      -----    -----      0019H    000AH
  +--> ?PR?_LCD_FILL?TFTLCD

?PR?_GRAPH_ADDTEXT?MAIN                    -----    -----      -----    -----      0002H    000BH
  +--> ?PR?_GUI_NUM2STREX?GUI
  +--> ?PR?_GUI_SHOW_STRMID?GUI

?PR?_GUI_NUM2STREX?GUI                     -----    -----      -----    -----      000DH    000DH

?PR?_GUI_SHOW_STRMID?GUI                   -----    -----      -----    -----      000DH    0012H
  +--> ?PR?_STRLEN?STRLEN
  +--> ?PR?_GUI_SHOW_PTSTR?GUI

?PR?_GUI_SHOW_PTSTR?GUI                    -----    -----      -----    -----      001FH    0013H
  +--> ?PR?_GUI_SHOW_PTCHAR?GUI

?PR?_GUI_SHOW_PTCHAR?GUI                   -----    -----      -----    -----      0032H    0019H
  +--> ?CO?TFTLCD
  +--> ?PR?_GUI_DRAW_BIGPOINT?GUI
  +--> ?PR?_LCD_DRAWFRONT_COLOR?TFTLCD

?PR?_GUI_DRAW_BIGPOINT?GUI                 -----    -----      -----    -----      004BH    000EH
  +--> ?PR?_LCD_DRAWFRONT_COLOR?TFTLCD

?PR?_GRAPH_ADDVALUE?MAIN                   -----    -----      -----    -----      0002H    000AH
  +--> ?PR?_GUI_DRAW_BLINE1?GUI
  +--> ?PR?_REDRAW_VALIDAREAGIRD?MAIN

?PR?_GUI_DRAW_BLINE1?GUI                   -----    -----      -----    -----      000CH    001FH
  +--> ?PR?_LCD_DRAWFRONT_COLOR?TFTLCD

?PR?_REDRAW_VALIDAREAGIRD?MAIN             -----    -----      -----    -----      000CH    000DH
  +--> ?PR?_GUI_FILL_RECTANGLE?GUI
  +--> ?PR?_GUI_DRAW_VLINE?GUI
  +--> ?PR?_GUI_DRAW_HLINE?GUI



SYMBOL TABLE OF MODULE:  .\output\template (MAIN)

  VALUE           TYPE          NAME
  ----------------------------------

  -------         MODULE        MAIN
  C:0000H         SYMBOL        _ICE_DUMMY_
  D:0090H         PUBLIC        P1
  D:00A0H         PUBLIC        P2
  D:00B0H         PUBLIC        P3
  B:00B0H.6       PUBLIC        LED1
  C:785EH         PUBLIC        _Graph_AddText
  D:00A8H         PUBLIC        IE
  D:00B8H         PUBLIC        IP
BL51 BANKED LINKER/LOCATER V6.22                                                      11/10/2018  11:33:30  PAGE 7


  C:6613H         PUBLIC        _ReDraw_ValidAreaGird
  C:7CF9H         PUBLIC        main
  C:354EH         PUBLIC        _Graph_Create
  D:0098H         PUBLIC        SCON
  D:0088H         PUBLIC        TCON
  X:0279H         PUBLIC        text_value
  C:6C00H         PUBLIC        _Graph_AddValue
  D:00C8H         PUBLIC        T2CON
  C:77D6H         PUBLIC        Graph_Test
  D:00D0H         PUBLIC        PSW
  -------         PROC          _GRAPH_CREATE
  X:0002H         SYMBOL        x0
  X:0004H         SYMBOL        y0
  X:0006H         SYMBOL        width
  X:0008H         SYMBOL        height
  X:000AH         SYMBOL        backcolor
  X:000CH         SYMBOL        frontcolor
  -------         DO            
  X:000EH         SYMBOL        i
  -------         ENDDO         
  C:354EH         LINE#         58
  C:3564H         LINE#         59
  C:3564H         LINE#         60
  C:3569H         LINE#         62
  C:357EH         LINE#         63
  C:359FH         LINE#         64
  C:35D6H         LINE#         65
  C:360DH         LINE#         66
  C:3642H         LINE#         67
  C:3677H         LINE#         68
  C:36BAH         LINE#         69
  C:36FDH         LINE#         70
  C:3755H         LINE#         71
  C:37ADH         LINE#         73
  C:37BCH         LINE#         74
  C:37BCH         LINE#         75
  C:37FFH         LINE#         76
  C:3807H         LINE#         77
  C:3816H         LINE#         78
  C:3816H         LINE#         79
  C:3858H         LINE#         80
  C:3860H         LINE#         81
  -------         ENDPROC       _GRAPH_CREATE
  -------         PROC          _REDRAW_VALIDAREAGIRD
  X:000CH         SYMBOL        x0
  X:000EH         SYMBOL        y0
  X:0010H         SYMBOL        width
  X:0012H         SYMBOL        height
  X:0014H         SYMBOL        backcolor
  X:0016H         SYMBOL        frontcolor
  -------         DO            
  X:0018H         SYMBOL        i
  -------         ENDDO         
  C:6613H         LINE#         83
  C:6627H         LINE#         84
  C:6627H         LINE#         85
  C:662CH         LINE#         87
BL51 BANKED LINKER/LOCATER V6.22                                                      11/10/2018  11:33:30  PAGE 8


  C:6670H         LINE#         89
  C:667FH         LINE#         90
  C:667FH         LINE#         91
  C:66C2H         LINE#         92
  C:66CAH         LINE#         93
  C:66D9H         LINE#         94
  C:66D9H         LINE#         95
  C:671BH         LINE#         96
  C:6723H         LINE#         97
  -------         ENDPROC       _REDRAW_VALIDAREAGIRD
  -------         PROC          _GRAPH_ADDTEXT
  X:0002H         SYMBOL        value
  -------         DO            
  X:0005H         SYMBOL        i
  X:0006H         SYMBOL        text_str
  -------         ENDDO         
  C:785EH         LINE#         101
  C:7869H         LINE#         102
  C:7869H         LINE#         103
  C:786CH         LINE#         106
  C:786DH         LINE#         107
  C:786DH         LINE#         108
  C:7897H         LINE#         109
  C:78D8H         LINE#         110
  C:78E4H         LINE#         111
  -------         ENDPROC       _GRAPH_ADDTEXT
  -------         PROC          _GRAPH_ADDVALUE
  X:0002H         SYMBOL        x0
  X:0004H         SYMBOL        y0
  X:0006H         SYMBOL        value
  X:0008H         SYMBOL        color
  X:000AH         SYMBOL        sampletime
  -------         DO            
  X:0275H         SYMBOL        xtemp
  X:0277H         SYMBOL        ytemp
  -------         ENDDO         
  C:6C00H         LINE#         113
  C:6C14H         LINE#         114
  C:6C14H         LINE#         118
  C:6C69H         LINE#         119
  C:6C83H         LINE#         120
  C:6C9EH         LINE#         122
  C:6CB5H         LINE#         123
  C:6CB5H         LINE#         124
  C:6CBEH         LINE#         125
  C:6CC5H         LINE#         126
  C:6CEAH         LINE#         127
  C:6CEAH         LINE#         128
  -------         ENDPROC       _GRAPH_ADDVALUE
  -------         PROC          GRAPH_TEST
  -------         DO            
  X:0000H         SYMBOL        i
  X:0001H         SYMBOL        value
  -------         ENDDO         
  C:77D6H         LINE#         133
  C:77D6H         LINE#         134
  C:77D6H         LINE#         135
BL51 BANKED LINKER/LOCATER V6.22                                                      11/10/2018  11:33:30  PAGE 9


  C:77DBH         LINE#         136
  C:77DDH         LINE#         138
  C:7801H         LINE#         139
  C:780AH         LINE#         140
  C:780AH         LINE#         141
  C:780AH         LINE#         142
  C:7810H         LINE#         143
  C:7814H         LINE#         144
  C:7833H         LINE#         145
  C:7847H         LINE#         146
  C:7853H         LINE#         147
  C:7853H         LINE#         148
  C:7855H         LINE#         149
  C:7855H         LINE#         150
  C:785CH         LINE#         151
  -------         ENDPROC       GRAPH_TEST
  -------         PROC          MAIN
  C:7CF9H         LINE#         156
  C:7CF9H         LINE#         157
  C:7CF9H         LINE#         159
  C:7CFCH         LINE#         160
  C:7CFFH         LINE#         162
  C:7D08H         LINE#         163
  C:7D3AH         LINE#         165
  C:7D3DH         LINE#         167
  C:7D3DH         LINE#         168
  C:7D3DH         LINE#         170
  -------         ENDPROC       MAIN
  -------         ENDMOD        MAIN

  -------         MODULE        PUBLIC
  C:0000H         SYMBOL        _ICE_DUMMY_
  D:0090H         PUBLIC        P1
  D:00B0H         PUBLIC        P3
  D:00A8H         PUBLIC        IE
  D:00B8H         PUBLIC        IP
  D:0098H         PUBLIC        SCON
  D:0088H         PUBLIC        TCON
  C:802BH         PUBLIC        _delay_10us
  C:7F98H         PUBLIC        _delay_ms
  D:00C8H         PUBLIC        T2CON
  D:00D0H         PUBLIC        PSW
  -------         PROC          _DELAY_10US
  D:0006H         SYMBOL        us
  C:802BH         LINE#         6
  C:802BH         LINE#         7
  C:802BH         LINE#         8
  C:8035H         LINE#         9
  -------         ENDPROC       _DELAY_10US
  -------         PROC          _DELAY_MS
  D:0006H         SYMBOL        ms
  -------         DO            
  D:0006H         SYMBOL        i
  D:0004H         SYMBOL        j
  -------         ENDDO         
  C:7F98H         LINE#         11
  C:7F98H         LINE#         12
BL51 BANKED LINKER/LOCATER V6.22                                                      11/10/2018  11:33:30  PAGE 10


  C:7F98H         LINE#         14
  C:7FA1H         LINE#         15
  C:7FB5H         LINE#         16
  -------         ENDPROC       _DELAY_MS
  -------         ENDMOD        PUBLIC

  -------         MODULE        UART
  C:0000H         SYMBOL        _ICE_DUMMY_
  D:0090H         PUBLIC        P1
  D:00B0H         PUBLIC        P3
  B:00A8H.7       PUBLIC        EA
  X:0067H         PUBLIC        UART_RX_BUF
  D:00A8H         PUBLIC        IE
  X:0099H         PUBLIC        UART_RX_STA
  B:00A8H.4       PUBLIC        ES
  D:00B8H         PUBLIC        IP
  B:0098H.0       PUBLIC        RI
  B:0098H.1       PUBLIC        TI
  C:7E76H         PUBLIC        _UART_SendString
  C:8012H         PUBLIC        _UART_SendData
  D:0099H         PUBLIC        SBUF
  D:0087H         PUBLIC        PCON
  C:8041H         PUBLIC        _UART_Cmd
  C:7FD3H         PUBLIC        UART_Init
  D:0098H         PUBLIC        SCON
  D:0089H         PUBLIC        TMOD
  D:0088H         PUBLIC        TCON
  D:008DH         PUBLIC        TH1
  D:008BH         PUBLIC        TL1
  B:0088H.6       PUBLIC        TR1
  D:00C8H         PUBLIC        T2CON
  C:78E5H         PUBLIC        UART_IRQn
  D:00D0H         PUBLIC        PSW
  -------         PROC          UART_INIT
  C:7FD3H         LINE#         5
  C:7FD3H         LINE#         6
  C:7FD3H         LINE#         7
  C:7FD6H         LINE#         8
  C:7FD9H         LINE#         9
  C:7FDCH         LINE#         10
  C:7FDFH         LINE#         11
  C:7FE2H         LINE#         13
  C:7FE4H         LINE#         14
  C:7FE6H         LINE#         15
  C:7FE8H         LINE#         16
  -------         ENDPROC       UART_INIT
  -------         PROC          _UART_CMD
  D:0007H         SYMBOL        ensta
  C:8041H         LINE#         18
  C:8041H         LINE#         19
  C:8041H         LINE#         20
  C:8046H         LINE#         21
  -------         ENDPROC       _UART_CMD
  -------         PROC          _UART_SENDDATA
  D:0007H         SYMBOL        dat
  C:8012H         LINE#         23
  C:8012H         LINE#         24
BL51 BANKED LINKER/LOCATER V6.22                                                      11/10/2018  11:33:30  PAGE 11


  C:8012H         LINE#         25
  C:8014H         LINE#         26
  C:8016H         LINE#         27
  C:8018H         LINE#         28
  C:801BH         LINE#         29
  C:801DH         LINE#         30
  C:801FH         LINE#         31
  -------         ENDPROC       _UART_SENDDATA
  -------         PROC          _UART_SENDSTRING
  X:037CH         SYMBOL        pbuf
  C:7E76H         LINE#         33
  C:7E81H         LINE#         34
  C:7E81H         LINE#         35
  C:7E92H         LINE#         36
  C:7E92H         LINE#         37
  C:7E95H         LINE#         38
  C:7E9CH         LINE#         39
  C:7EA6H         LINE#         40
  C:7EA8H         LINE#         41
  -------         ENDPROC       _UART_SENDSTRING
  -------         PROC          UART_IRQN
  -------         DO            
  D:0007H         SYMBOL        r
  -------         ENDDO         
  C:78E5H         LINE#         51
  C:78F6H         LINE#         55
  C:78F9H         LINE#         56
  C:78F9H         LINE#         57
  C:78FBH         LINE#         58
  C:78FDH         LINE#         59
  C:7906H         LINE#         60
  C:7906H         LINE#         61
  C:7909H         LINE#         62
  C:7909H         LINE#         63
  C:7913H         LINE#         64
  C:7916H         LINE#         65
  C:7918H         LINE#         67
  C:7918H         LINE#         68
  C:7928H         LINE#         70
  C:7928H         LINE#         71
  C:793CH         LINE#         72
  C:794AH         LINE#         73
  C:795DH         LINE#         74
  C:795DH         LINE#         75
  C:795DH         LINE#         76
  C:795DH         LINE#         77
  C:795DH         LINE#         78
  -------         ENDPROC       UART_IRQN
  -------         ENDMOD        UART

  -------         MODULE        TFTLCD
  C:0000H         SYMBOL        _ICE_DUMMY_
  D:0080H         PUBLIC        P0
  D:0090H         PUBLIC        P1
  X:0304H         PUBLIC        tftlcd_data
  D:00A0H         PUBLIC        P2
  C:63D6H         PUBLIC        _LCD_ShowxNum
BL51 BANKED LINKER/LOCATER V6.22                                                      11/10/2018  11:33:30  PAGE 12


  D:00B0H         PUBLIC        P3
  C:6DD0H         PUBLIC        _LCD_ShowNum
  D:00A8H         PUBLIC        IE
  C:7BC6H         PUBLIC        _LCD_Display_Dir
  C:62ABH         PUBLIC        _LCD_ShowFontHZ
  D:00B8H         PUBLIC        IP
  C:796CH         PUBLIC        _LCD_Clear
  C:6830H         PUBLIC        _LCD_Color_Fill
  C:7F31H         PUBLIC        _LCD_WriteData_Color
  C:7F79H         PUBLIC        LCD_ReadData
  C:4EA0H         PUBLIC        _LCD_DrawLine_Color
  C:7CB7H         PUBLIC        _LCD_DrawFRONT_COLOR
  D:0098H         PUBLIC        SCON
  D:0088H         PUBLIC        TCON
  C:0A97H         PUBLIC        ascii_2412
  C:0033H         PUBLIC        ascii_1206
  C:617EH         PUBLIC        _LCD_ShowPicture
  C:41EDH         PUBLIC        TFTLCD_Init
  C:04A7H         PUBLIC        ascii_1608
  C:7056H         PUBLIC        _LCD_Fill
  C:7634H         PUBLIC        _LCD_Set_Window
  C:7EB6H         PUBLIC        _LCD_WriteData
  C:7126H         PUBLIC        _LCD_ReadPoint
  B:00B0H.3       PUBLIC        TFT_RST
  C:4CB1H         PUBLIC        _LCD_DrawLine
  C:7D99H         PUBLIC        _LCD_DrawPoint
  C:6CEBH         PUBLIC        _LCD_ShowString
  C:8004H         PUBLIC        _LCD_WriteCmdData
  C:5AEBH         PUBLIC        _LCD_ShowChar
  C:7F08H         PUBLIC        _LCD_WriteCmd
  C:7445H         PUBLIC        _LCD_DrawRectangle
  B:00B0H.2       PUBLIC        TFT_RD
  B:00A0H.7       PUBLIC        TFT_CS
  C:6EACH         PUBLIC        _LCD_DrowSign
  C:7AE8H         PUBLIC        _LCD_DrawBigPoint
  D:00C8H         PUBLIC        T2CON
  C:7C1FH         PUBLIC        _LCD_Pow
  X:030BH         PUBLIC        FRONT_COLOR
  C:0003H         PUBLIC        _Delay
  X:030DH         PUBLIC        BACK_COLOR
  B:00A0H.6       PUBLIC        TFT_RS
  B:00A0H.5       PUBLIC        TFT_WR
  C:5276H         PUBLIC        _LCD_Draw_Circle
  D:00D0H         PUBLIC        PSW
  C:17F3H         PUBLIC        CnChar32x29
  -------         PROC          _DELAY
  D:0006H         SYMBOL        dly
  -------         DO            
  D:0004H         SYMBOL        i
  D:0002H         SYMBOL        j
  -------         ENDDO         
  C:0003H         LINE#         14
  C:0003H         LINE#         15
  C:0003H         LINE#         18
  C:000DH         LINE#         19
  C:0021H         LINE#         20
  -------         ENDPROC       _DELAY
BL51 BANKED LINKER/LOCATER V6.22                                                      11/10/2018  11:33:30  PAGE 13


  -------         PROC          L?0197
  -------         ENDPROC       L?0197
  -------         PROC          _LCD_WRITECMD
  D:0004H         SYMBOL        cmd
  -------         DO            
  D:0007H         SYMBOL        cmdH
  D:0006H         SYMBOL        cmdL
  -------         ENDDO         
  C:7F08H         LINE#         23
  C:7F0CH         LINE#         24
  C:7F0CH         LINE#         27
  C:7F0EH         LINE#         28
  C:7F10H         LINE#         31
  C:7F12H         LINE#         32
  C:7F14H         LINE#         34
  C:7F16H         LINE#         35
  C:7F18H         LINE#         38
  C:7F1AH         LINE#         39
  C:7F1CH         LINE#         41
  C:7F1EH         LINE#         42
  C:7F22H         LINE#         43
  C:7F24H         LINE#         44
  C:7F26H         LINE#         46
  C:7F28H         LINE#         94
  -------         ENDPROC       _LCD_WRITECMD
  C:7EA9H         SYMBOL        L?0184
  C:7EABH         SYMBOL        L?0185
  C:7EB1H         SYMBOL        L?0186
  -------         PROC          L?0183
  -------         ENDPROC       L?0183
  C:7EA9H         SYMBOL        L?0184
  C:7EABH         SYMBOL        L?0185
  C:7EB1H         SYMBOL        L?0186
  -------         PROC          _LCD_WRITEDATA
  D:0004H         SYMBOL        dat
  -------         DO            
  D:0007H         SYMBOL        datH
  D:0006H         SYMBOL        datL
  -------         ENDDO         
  C:7EB6H         LINE#         98
  C:7EBAH         LINE#         99
  C:7EBAH         LINE#         102
  C:7EBCH         LINE#         103
  C:7EBEH         LINE#         105
  C:7EC0H         LINE#         106
  C:7EC2H         LINE#         108
  C:7EC4H         LINE#         109
  C:7EC6H         LINE#         112
  C:7EC8H         LINE#         113
  C:7ECAH         LINE#         114
  C:7ECCH         LINE#         116
  C:7ED0H         LINE#         118
  C:7ED2H         LINE#         119
  C:7ED4H         LINE#         121
  C:7ED6H         LINE#         168
  -------         ENDPROC       _LCD_WRITEDATA
  C:7F29H         SYMBOL        L?0191
BL51 BANKED LINKER/LOCATER V6.22                                                      11/10/2018  11:33:30  PAGE 14


  C:7F2CH         SYMBOL        L?0192
  -------         PROC          L?0190
  -------         ENDPROC       L?0190
  C:7F29H         SYMBOL        L?0191
  C:7F2CH         SYMBOL        L?0192
  -------         PROC          _LCD_WRITEDATA_COLOR
  D:0004H         SYMBOL        color
  -------         DO            
  D:0007H         SYMBOL        datH
  D:0006H         SYMBOL        datL
  -------         ENDDO         
  C:7F31H         LINE#         170
  C:7F35H         LINE#         171
  C:7F35H         LINE#         174
  C:7F37H         LINE#         175
  C:7F39H         LINE#         177
  C:7F3BH         LINE#         178
  C:7F3DH         LINE#         180
  C:7F3FH         LINE#         181
  C:7F41H         LINE#         184
  C:7F43H         LINE#         185
  C:7F45H         LINE#         186
  C:7F47H         LINE#         188
  C:7F4BH         LINE#         190
  C:7F4DH         LINE#         191
  C:7F4FH         LINE#         193
  C:7F51H         LINE#         240
  -------         ENDPROC       _LCD_WRITEDATA_COLOR
  -------         PROC          L?0199
  -------         ENDPROC       L?0199
  -------         PROC          _LCD_WRITECMDDATA
  D:0006H         SYMBOL        cmd
  D:0002H         SYMBOL        dat
  C:8004H         LINE#         242
  C:8008H         LINE#         243
  C:8008H         LINE#         244
  C:800BH         LINE#         245
  -------         ENDPROC       _LCD_WRITECMDDATA
  -------         PROC          LCD_READDATA
  -------         DO            
  D:0006H         SYMBOL        ram
  -------         ENDDO         
  C:7F79H         LINE#         250
  C:7F79H         LINE#         251
  C:7F79H         LINE#         254
  C:7F7CH         LINE#         255
  C:7F7FH         LINE#         259
  C:7F81H         LINE#         260
  C:7F83H         LINE#         261
  C:7F85H         LINE#         262
  C:7F86H         LINE#         263
  C:7F88H         LINE#         264
  C:7F8AH         LINE#         266
  C:7F8CH         LINE#         267
  C:7F8EH         LINE#         268
  C:7F8FH         LINE#         269
  C:7F93H         LINE#         270
BL51 BANKED LINKER/LOCATER V6.22                                                      11/10/2018  11:33:30  PAGE 15


  C:7F95H         LINE#         271
  C:7F97H         LINE#         325
  C:7F97H         LINE#         326
  -------         ENDPROC       LCD_READDATA
  -------         PROC          _LCD_DISPLAY_DIR
  D:0007H         SYMBOL        dir
  C:7BC6H         LINE#         330
  C:7BC6H         LINE#         331
  C:7BC6H         LINE#         333
  C:7BC9H         LINE#         334
  C:7BC9H         LINE#         336
  C:7BD2H         LINE#         337
  C:7BD7H         LINE#         360
  C:7BE0H         LINE#         361
  C:7BE9H         LINE#         363
  C:7BEEH         LINE#         364
  C:7BEFH         LINE#         366
  C:7BEFH         LINE#         369
  C:7BFAH         LINE#         370
  C:7BFFH         LINE#         394
  C:7C08H         LINE#         395
  C:7C11H         LINE#         397
  C:7C17H         LINE#         398
  C:7C17H         LINE#         399
  -------         ENDPROC       _LCD_DISPLAY_DIR
  -------         PROC          TFTLCD_INIT
  C:41EDH         LINE#         402
  C:41EDH         LINE#         403
  C:41EDH         LINE#         404
  C:41EFH         LINE#         405
  C:41F6H         LINE#         407
  C:41F8H         LINE#         408
  C:41FFH         LINE#         410
  C:4201H         LINE#         411
  C:4208H         LINE#         414
  C:420EH         LINE#         415
  C:4219H         LINE#         437
  C:422AH         LINE#         442
  C:4237H         LINE#         443
  C:423EH         LINE#         444
  C:4243H         LINE#         445
  C:4248H         LINE#         446
  C:4256H         LINE#         447
  C:425DH         LINE#         448
  C:426BH         LINE#         449
  C:4279H         LINE#         450
  C:4287H         LINE#         452
  C:4295H         LINE#         453
  C:42A3H         LINE#         454
  C:42B1H         LINE#         455
  C:42BFH         LINE#         456
  C:42CDH         LINE#         457
  C:42DBH         LINE#         458
  C:42E2H         LINE#         461
  C:42EEH         LINE#         462
  C:42FCH         LINE#         463
  C:430AH         LINE#         465
BL51 BANKED LINKER/LOCATER V6.22                                                      11/10/2018  11:33:30  PAGE 16


  C:4318H         LINE#         466
  C:4326H         LINE#         467
  C:4333H         LINE#         468
  C:4341H         LINE#         470
  C:434EH         LINE#         471
  C:435BH         LINE#         472
  C:4368H         LINE#         485
  C:4375H         LINE#         486
  C:4383H         LINE#         487
  C:4390H         LINE#         488
  C:439EH         LINE#         490
  C:43ACH         LINE#         491
  C:43B9H         LINE#         493
  C:43C6H         LINE#         494
  C:43D4H         LINE#         495
  C:43E2H         LINE#         496
  C:43F0H         LINE#         497
  C:43FEH         LINE#         498
  C:440CH         LINE#         500
  C:441AH         LINE#         501
  C:4421H         LINE#         505
  C:4426H         LINE#         750
  C:442BH         LINE#         751
  -------         ENDPROC       TFTLCD_INIT
  C:762FH         SYMBOL        L?0194
  -------         PROC          L?0193
  -------         ENDPROC       L?0193
  C:762FH         SYMBOL        L?0194
  -------         PROC          _LCD_SET_WINDOW
  X:005FH         SYMBOL        sx
  X:0061H         SYMBOL        sy
  D:0002H         SYMBOL        width
  X:0065H         SYMBOL        height
  C:7634H         LINE#         758
  C:7642H         LINE#         759
  C:7642H         LINE#         761
  C:7648H         LINE#         762
  C:7648H         LINE#         763
  C:764BH         LINE#         764
  C:764EH         LINE#         765
  C:7655H         LINE#         766
  C:765CH         LINE#         767
  C:7663H         LINE#         768
  C:7667H         LINE#         769
  C:766EH         LINE#         770
  C:7674H         LINE#         772
  C:7676H         LINE#         773
  C:7679H         LINE#         774
  C:767BH         LINE#         775
  C:767BH         LINE#         777
  C:767BH         LINE#         779
  C:767DH         LINE#         781
  C:767DH         LINE#         782
  C:767FH         LINE#         783
  C:7682H         LINE#         784
  C:7689H         LINE#         785
  C:7690H         LINE#         786
BL51 BANKED LINKER/LOCATER V6.22                                                      11/10/2018  11:33:30  PAGE 17


  C:7697H         LINE#         787
  C:769BH         LINE#         788
  C:76A2H         LINE#         789
  C:76A8H         LINE#         791
  C:76AAH         LINE#         792
  C:76ADH         LINE#         793
  C:76B4H         LINE#         794
  C:76B8H         LINE#         796
  C:76BFH         LINE#         797
  C:76BFH         LINE#         904
  -------         ENDPROC       _LCD_SET_WINDOW
  -------         PROC          _LCD_READPOINT
  X:0340H         SYMBOL        x
  X:0342H         SYMBOL        y
  -------         DO            
  D:0004H         SYMBOL        r
  X:0344H         SYMBOL        g
  X:0346H         SYMBOL        b
  D:0002H         SYMBOL        dat
  -------         ENDDO         
  C:7126H         LINE#         909
  C:7134H         LINE#         910
  C:7134H         LINE#         911
  C:7140H         LINE#         912
  C:716EH         LINE#         913
  C:7191H         LINE#         919
  C:7198H         LINE#         920
  C:719FH         LINE#         923
  C:71AEH         LINE#         924
  C:71C3H         LINE#         925
  C:71C9H         LINE#         926
  C:71EFH         LINE#         928
  C:71F1H         LINE#         959
  C:71F4H         LINE#         960
  -------         ENDPROC       _LCD_READPOINT
  -------         PROC          _LCD_CLEAR
  X:0000H         SYMBOL        color
  -------         DO            
  D:0002H         SYMBOL        i
  X:0002H         SYMBOL        j
  -------         ENDDO         
  C:796CH         LINE#         964
  C:7974H         LINE#         965
  C:7974H         LINE#         966
  C:7979H         LINE#         968
  C:79A3H         LINE#         969
  C:79B3H         LINE#         970
  C:79B3H         LINE#         971
  C:79CFH         LINE#         972
  C:79CFH         LINE#         973
  C:79D5H         LINE#         974
  C:79E5H         LINE#         975
  C:79ECH         LINE#         976
  -------         ENDPROC       _LCD_CLEAR
  -------         PROC          _LCD_FILL
  X:0023H         SYMBOL        xState
  X:0025H         SYMBOL        yState
BL51 BANKED LINKER/LOCATER V6.22                                                      11/10/2018  11:33:30  PAGE 18


  X:0027H         SYMBOL        xEnd
  X:0029H         SYMBOL        yEnd
  X:002BH         SYMBOL        color
  -------         DO            
  X:002DH         SYMBOL        temp
  -------         ENDDO         
  C:7056H         LINE#         981
  C:706EH         LINE#         982
  C:706EH         LINE#         983
  C:7075H         LINE#         985
  C:7097H         LINE#         986
  C:7097H         LINE#         988
  C:7097H         LINE#         989
  C:70B2H         LINE#         990
  C:70D3H         LINE#         991
  C:70F2H         LINE#         993
  C:7100H         LINE#         994
  C:7100H         LINE#         995
  C:710FH         LINE#         996
  C:711DH         LINE#         997
  C:711DH         LINE#         998
  C:7123H         LINE#         999
  C:7125H         LINE#         1000
  C:7125H         LINE#         1001
  -------         ENDPROC       _LCD_FILL
  -------         PROC          _LCD_COLOR_FILL
  X:021AH         SYMBOL        sx
  X:021CH         SYMBOL        sy
  D:0002H         SYMBOL        ex
  X:0220H         SYMBOL        ey
  X:0222H         SYMBOL        color
  -------         DO            
  X:0225H         SYMBOL        height
  X:0227H         SYMBOL        width
  X:0229H         SYMBOL        i
  X:022BH         SYMBOL        j
  -------         ENDDO         
  C:6830H         LINE#         1006
  C:683EH         LINE#         1007
  C:683EH         LINE#         1010
  C:6859H         LINE#         1011
  C:687AH         LINE#         1012
  C:6897H         LINE#         1013
  C:68B3H         LINE#         1014
  C:68B3H         LINE#         1015
  C:68D0H         LINE#         1016
  C:68D0H         LINE#         1017
  C:6906H         LINE#         1018
  C:6916H         LINE#         1019
  C:6927H         LINE#         1020
  -------         ENDPROC       _LCD_COLOR_FILL
  C:7D86H         SYMBOL        L?0188
  C:7D87H         SYMBOL        L?0189
  -------         PROC          L?0187
  -------         ENDPROC       L?0187
  C:7D86H         SYMBOL        L?0188
  C:7D87H         SYMBOL        L?0189
BL51 BANKED LINKER/LOCATER V6.22                                                      11/10/2018  11:33:30  PAGE 19


  -------         PROC          _LCD_DRAWPOINT
  D:0002H         SYMBOL        x
  D:0082H         SYMBOL        y
  C:7D99H         LINE#         1025
  C:7DA1H         LINE#         1026
  C:7DA1H         LINE#         1027
  C:7DB8H         LINE#         1028
  -------         ENDPROC       _LCD_DRAWPOINT
  C:7CB2H         SYMBOL        L?0196
  -------         PROC          L?0195
  -------         ENDPROC       L?0195
  C:7CB2H         SYMBOL        L?0196
  -------         PROC          _LCD_DRAWFRONT_COLOR
  X:0059H         SYMBOL        x
  X:005BH         SYMBOL        y
  X:005DH         SYMBOL        color
  C:7CB7H         LINE#         1034
  C:7CCFH         LINE#         1035
  C:7CCFH         LINE#         1036
  C:7CEEH         LINE#         1037
  -------         ENDPROC       _LCD_DRAWFRONT_COLOR
  -------         PROC          _LCD_DRAWBIGPOINT
  X:0360H         SYMBOL        x
  X:0362H         SYMBOL        y
  X:0364H         SYMBOL        color
  C:7AE8H         LINE#         1042
  C:7AFCH         LINE#         1043
  C:7AFCH         LINE#         1044
  C:7AFFH         LINE#         1045
  C:7B18H         LINE#         1046
  C:7B34H         LINE#         1047
  -------         ENDPROC       _LCD_DRAWBIGPOINT
  -------         PROC          _LCD_DRAWLINE
  X:015AH         SYMBOL        x1
  X:015CH         SYMBOL        y1
  D:0002H         SYMBOL        x2
  X:0160H         SYMBOL        y2
  -------         DO            
  X:0162H         SYMBOL        t
  X:0164H         SYMBOL        xerr
  X:0166H         SYMBOL        yerr
  X:0168H         SYMBOL        delta_x
  X:016AH         SYMBOL        delta_y
  X:016CH         SYMBOL        distance
  X:016EH         SYMBOL        incx
  X:0170H         SYMBOL        incy
  X:0172H         SYMBOL        uRow
  X:0174H         SYMBOL        uCol
  -------         ENDDO         
  C:4CB1H         LINE#         1053
  C:4CBFH         LINE#         1054
  C:4CBFH         LINE#         1055
  C:4CC6H         LINE#         1056
  C:4CCEH         LINE#         1058
  C:4CE3H         LINE#         1059
  C:4CFEH         LINE#         1060
  C:4D0DH         LINE#         1061
BL51 BANKED LINKER/LOCATER V6.22                                                      11/10/2018  11:33:30  PAGE 20


  C:4D13H         LINE#         1062
  C:4D2FH         LINE#         1063
  C:4D3BH         LINE#         1064
  C:4D50H         LINE#         1065
  C:4D6CH         LINE#         1066
  C:4D78H         LINE#         1067
  C:4D8DH         LINE#         1068
  C:4DB3H         LINE#         1069
  C:4DB8H         LINE#         1070
  C:4DDDH         LINE#         1071
  C:4DDDH         LINE#         1072
  C:4DEEH         LINE#         1073
  C:4E02H         LINE#         1074
  C:4E16H         LINE#         1075
  C:4E32H         LINE#         1076
  C:4E32H         LINE#         1077
  C:4E3EH         LINE#         1078
  C:4E52H         LINE#         1079
  C:4E52H         LINE#         1080
  C:4E6EH         LINE#         1081
  C:4E6EH         LINE#         1082
  C:4E7AH         LINE#         1083
  C:4E8EH         LINE#         1084
  C:4E8EH         LINE#         1085
  C:4E9FH         LINE#         1086
  -------         ENDPROC       _LCD_DRAWLINE
  -------         PROC          _LCD_DRAWLINE_COLOR
  X:0100H         SYMBOL        x1
  X:0102H         SYMBOL        y1
  D:0002H         SYMBOL        x2
  X:0106H         SYMBOL        y2
  X:0108H         SYMBOL        color
  -------         DO            
  X:010AH         SYMBOL        t
  X:010CH         SYMBOL        xerr
  X:010EH         SYMBOL        yerr
  X:0110H         SYMBOL        delta_x
  X:0112H         SYMBOL        delta_y
  X:0114H         SYMBOL        distance
  X:0116H         SYMBOL        incx
  X:0118H         SYMBOL        incy
  X:011AH         SYMBOL        uRow
  X:011CH         SYMBOL        uCol
  -------         ENDDO         
  C:4EA0H         LINE#         1088
  C:4EAEH         LINE#         1089
  C:4EAEH         LINE#         1091
  C:4EB9H         LINE#         1093
  C:4ECEH         LINE#         1094
  C:4EE9H         LINE#         1095
  C:4EF8H         LINE#         1096
  C:4EFEH         LINE#         1097
  C:4F1AH         LINE#         1098
  C:4F26H         LINE#         1099
  C:4F3BH         LINE#         1100
  C:4F57H         LINE#         1101
  C:4F63H         LINE#         1102
BL51 BANKED LINKER/LOCATER V6.22                                                      11/10/2018  11:33:30  PAGE 21


  C:4F78H         LINE#         1103
  C:4F9EH         LINE#         1104
  C:4FA3H         LINE#         1105
  C:4FC8H         LINE#         1106
  C:4FC8H         LINE#         1107
  C:4FDBH         LINE#         1108
  C:4FEFH         LINE#         1109
  C:5003H         LINE#         1110
  C:501FH         LINE#         1111
  C:501FH         LINE#         1112
  C:502BH         LINE#         1113
  C:503FH         LINE#         1114
  C:503FH         LINE#         1115
  C:505BH         LINE#         1116
  C:505BH         LINE#         1117
  C:5067H         LINE#         1118
  C:507BH         LINE#         1119
  C:507BH         LINE#         1120
  C:508CH         LINE#         1121
  -------         ENDPROC       _LCD_DRAWLINE_COLOR
  -------         PROC          _LCD_DROWSIGN
  X:0366H         SYMBOL        x
  X:0368H         SYMBOL        y
  X:036AH         SYMBOL        color
  -------         DO            
  D:0003H         SYMBOL        i
  -------         ENDDO         
  C:6EACH         LINE#         1128
  C:6EC4H         LINE#         1129
  C:6EC4H         LINE#         1133
  C:6EFEH         LINE#         1134
  C:6F00H         LINE#         1135
  C:6F00H         LINE#         1136
  C:6F03H         LINE#         1137
  C:6F08H         LINE#         1140
  C:6F42H         LINE#         1141
  C:6F44H         LINE#         1142
  C:6F44H         LINE#         1143
  C:6F47H         LINE#         1144
  C:6F4CH         LINE#         1147
  C:6F79H         LINE#         1148
  C:6F7BH         LINE#         1149
  C:6F7BH         LINE#         1150
  C:6F7EH         LINE#         1151
  C:6F83H         LINE#         1152
  -------         ENDPROC       _LCD_DROWSIGN
  -------         PROC          _LCD_DRAWRECTANGLE
  X:0348H         SYMBOL        x1
  X:034AH         SYMBOL        y1
  X:034CH         SYMBOL        x2
  X:034EH         SYMBOL        y2
  C:7445H         LINE#         1156
  C:745BH         LINE#         1157
  C:745BH         LINE#         1158
  C:7477H         LINE#         1159
  C:749EH         LINE#         1160
  C:74C6H         LINE#         1161
BL51 BANKED LINKER/LOCATER V6.22                                                      11/10/2018  11:33:30  PAGE 22


  -------         ENDPROC       _LCD_DRAWRECTANGLE
  -------         PROC          _LCD_DRAW_CIRCLE
  X:030FH         SYMBOL        x0
  X:0311H         SYMBOL        y0
  D:0003H         SYMBOL        r
  -------         DO            
  X:0313H         SYMBOL        a
  X:0315H         SYMBOL        b
  X:0317H         SYMBOL        di
  -------         ENDDO         
  C:5276H         LINE#         1166
  C:5284H         LINE#         1167
  C:5284H         LINE#         1170
  C:5293H         LINE#         1171
  C:52A7H         LINE#         1172
  C:52C6H         LINE#         1173
  C:52C6H         LINE#         1174
  C:52D4H         LINE#         1175
  C:52EDH         LINE#         1176
  C:5318H         LINE#         1177
  C:5343H         LINE#         1178
  C:536FH         LINE#         1179
  C:539BH         LINE#         1180
  C:53B2H         LINE#         1181
  C:53CDH         LINE#         1182
  C:53DBH         LINE#         1184
  C:540BH         LINE#         1186
  C:540BH         LINE#         1187
  C:543CH         LINE#         1188
  C:544AH         LINE#         1189
  C:544AH         LINE#         1190
  C:544DH         LINE#         1191
  -------         ENDPROC       _LCD_DRAW_CIRCLE
  -------         PROC          _LCD_SHOWCHAR
  X:000DH         SYMBOL        x
  X:000FH         SYMBOL        y
  X:0011H         SYMBOL        num
  X:0012H         SYMBOL        size
  X:0013H         SYMBOL        mode
  -------         DO            
  X:0014H         SYMBOL        temp
  X:0015H         SYMBOL        t1
  D:0001H         SYMBOL        t
  X:0016H         SYMBOL        y0
  X:0018H         SYMBOL        csize
  -------         ENDDO         
  C:5AEBH         LINE#         1199
  C:5B00H         LINE#         1200
  C:5B00H         LINE#         1202
  C:5B08H         LINE#         1203
  C:5B30H         LINE#         1204
  C:5B37H         LINE#         1205
  C:5B46H         LINE#         1206
  C:5B46H         LINE#         1207
  C:5B60H         LINE#         1208
  C:5B76H         LINE#         1209
  C:5BA3H         LINE#         1211
BL51 BANKED LINKER/LOCATER V6.22                                                      11/10/2018  11:33:30  PAGE 23


  C:5BA8H         LINE#         1212
  C:5BA8H         LINE#         1213
  C:5BC2H         LINE#         1214
  C:5BDCH         LINE#         1215
  C:5BE3H         LINE#         1216
  C:5BF1H         LINE#         1217
  C:5C07H         LINE#         1218
  C:5C23H         LINE#         1219
  C:5C23H         LINE#         1220
  C:5C2BH         LINE#         1221
  C:5C39H         LINE#         1222
  C:5C4FH         LINE#         1224
  C:5C4FH         LINE#         1225
  C:5C5EH         LINE#         1226
  C:5C62H         LINE#         1227
  -------         ENDPROC       _LCD_SHOWCHAR
  -------         PROC          L?0198
  -------         ENDPROC       L?0198
  -------         PROC          _LCD_POW
  X:036CH         SYMBOL        m
  X:036DH         SYMBOL        n
  -------         DO            
  X:036EH         SYMBOL        result
  -------         ENDDO         
  C:7C1FH         LINE#         1230
  C:7C27H         LINE#         1231
  C:7C27H         LINE#         1232
  C:7C2FH         LINE#         1233
  C:7C59H         LINE#         1234
  C:7C67H         LINE#         1235
  -------         ENDPROC       _LCD_POW
  -------         PROC          _LCD_SHOWNUM
  X:02D1H         SYMBOL        x
  X:02D3H         SYMBOL        y
  X:02D5H         SYMBOL        num
  X:02D9H         SYMBOL        len
  X:02DAH         SYMBOL        size
  -------         DO            
  X:02DBH         SYMBOL        t
  X:02DCH         SYMBOL        temp
  X:02DDH         SYMBOL        enshow
  -------         ENDDO         
  C:6DD0H         LINE#         1242
  C:6DDEH         LINE#         1243
  C:6DDEH         LINE#         1245
  C:6DE3H         LINE#         1246
  C:6DF8H         LINE#         1247
  C:6DF8H         LINE#         1248
  C:6E22H         LINE#         1249
  C:6E35H         LINE#         1250
  C:6E35H         LINE#         1251
  C:6E39H         LINE#         1252
  C:6E39H         LINE#         1253
  C:6E63H         LINE#         1254
  C:6E65H         LINE#         1255
  C:6E6BH         LINE#         1257
  C:6E6BH         LINE#         1258
BL51 BANKED LINKER/LOCATER V6.22                                                      11/10/2018  11:33:30  PAGE 24


  C:6EA2H         LINE#         1259
  C:6EABH         LINE#         1260
  -------         ENDPROC       _LCD_SHOWNUM
  -------         PROC          _LCD_SHOWXNUM
  X:02B5H         SYMBOL        x
  X:02B7H         SYMBOL        y
  X:02B9H         SYMBOL        num
  X:02BDH         SYMBOL        len
  X:02BEH         SYMBOL        size
  X:02BFH         SYMBOL        mode
  -------         DO            
  X:02C0H         SYMBOL        t
  X:02C1H         SYMBOL        temp
  X:02C2H         SYMBOL        enshow
  -------         ENDDO         
  C:63D6H         LINE#         1271
  C:63E4H         LINE#         1272
  C:63E4H         LINE#         1274
  C:63E9H         LINE#         1275
  C:63FEH         LINE#         1276
  C:63FEH         LINE#         1277
  C:6428H         LINE#         1278
  C:643EH         LINE#         1279
  C:643EH         LINE#         1280
  C:6442H         LINE#         1281
  C:6442H         LINE#         1282
  C:6478H         LINE#         1283
  C:64ADH         LINE#         1284
  C:64AFH         LINE#         1285
  C:64B5H         LINE#         1287
  C:64B5H         LINE#         1288
  C:64F5H         LINE#         1289
  C:64FEH         LINE#         1290
  -------         ENDPROC       _LCD_SHOWXNUM
  -------         PROC          _LCD_SHOWSTRING
  X:0000H         SYMBOL        x
  X:0002H         SYMBOL        y
  X:0004H         SYMBOL        width
  X:0006H         SYMBOL        height
  X:0008H         SYMBOL        size
  X:0009H         SYMBOL        p
  -------         DO            
  X:000CH         SYMBOL        x0
  -------         ENDDO         
  C:6CEBH         LINE#         1296
  C:6CFFH         LINE#         1297
  C:6CFFH         LINE#         1298
  C:6D0BH         LINE#         1299
  C:6D17H         LINE#         1300
  C:6D2BH         LINE#         1301
  C:6D4BH         LINE#         1302
  C:6D4BH         LINE#         1303
  C:6D7EH         LINE#         1304
  C:6D94H         LINE#         1305
  C:6DAEH         LINE#         1306
  C:6DC2H         LINE#         1307
  C:6DCCH         LINE#         1308
BL51 BANKED LINKER/LOCATER V6.22                                                      11/10/2018  11:33:30  PAGE 25


  C:6DCFH         LINE#         1309
  -------         ENDPROC       _LCD_SHOWSTRING
  -------         PROC          _LCD_SHOWFONTHZ
  X:0319H         SYMBOL        x
  X:031BH         SYMBOL        y
  X:031DH         SYMBOL        cn
  -------         DO            
  D:0003H         SYMBOL        i
  D:0002H         SYMBOL        j
  X:0320H         SYMBOL        wordNum
  X:0321H         SYMBOL        color
  -------         ENDDO         
  C:62ABH         LINE#         1322
  C:62C2H         LINE#         1323
  C:62C2H         LINE#         1326
  C:62D5H         LINE#         1327
  C:62D5H         LINE#         1328
  C:630BH         LINE#         1329
  C:631DH         LINE#         1330
  C:631DH         LINE#         1331
  C:635EH         LINE#         1333
  C:635EH         LINE#         1335
  C:635FH         LINE#         1336
  C:635FH         LINE#         1337
  C:6386H         LINE#         1338
  C:6388H         LINE#         1339
  C:6388H         LINE#         1340
  C:638FH         LINE#         1341
  C:638FH         LINE#         1342
  C:6392H         LINE#         1343
  C:6394H         LINE#         1345
  C:6394H         LINE#         1346
  C:639AH         LINE#         1347
  C:639AH         LINE#         1348
  C:63A7H         LINE#         1349
  C:63ACH         LINE#         1350
  C:63B1H         LINE#         1351
  C:63B1H         LINE#         1352
  C:63BAH         LINE#         1353
  C:63C4H         LINE#         1354
  C:63D2H         LINE#         1355
  C:63D5H         LINE#         1356
  -------         ENDPROC       _LCD_SHOWFONTHZ
  -------         PROC          _LCD_SHOWPICTURE
  X:0205H         SYMBOL        x
  X:0207H         SYMBOL        y
  X:0209H         SYMBOL        wide
  X:020BH         SYMBOL        high
  X:020DH         SYMBOL        pic
  -------         DO            
  X:0210H         SYMBOL        temp
  X:0212H         SYMBOL        tmp
  X:0216H         SYMBOL        num
  -------         ENDDO         
  C:617EH         LINE#         1410
  C:6192H         LINE#         1411
  C:6192H         LINE#         1412
BL51 BANKED LINKER/LOCATER V6.22                                                      11/10/2018  11:33:30  PAGE 26


  C:6199H         LINE#         1413
  C:61ABH         LINE#         1414
  C:61F2H         LINE#         1415
  C:6215H         LINE#         1417
  C:6215H         LINE#         1418
  C:6242H         LINE#         1419
  C:624BH         LINE#         1420
  C:6265H         LINE#         1421
  C:6268H         LINE#         1422
  C:6285H         LINE#         1423
  C:6285H         LINE#         1424
  C:62AAH         LINE#         1425
  -------         ENDPROC       _LCD_SHOWPICTURE
  -------         ENDMOD        TFTLCD

  -------         MODULE        TOUCH
  C:0000H         SYMBOL        _ICE_DUMMY_
  D:0090H         PUBLIC        P1
  D:00A0H         PUBLIC        P2
  D:00B0H         PUBLIC        P3
  D:00A8H         PUBLIC        IE
  D:00B8H         PUBLIC        IP
  B:00A0H.0       PUBLIC        TOUCH_DOUT
  X:02DEH         PUBLIC        xpt_xy
  C:7E3BH         PUBLIC        TOUCH_SPI_Read
  D:0098H         PUBLIC        SCON
  D:0088H         PUBLIC        TCON
  C:57EFH         PUBLIC        _TOUCH_XPT_ReadData
  B:00A0H.1       PUBLIC        TOUCH_CLK
  C:7FB6H         PUBLIC        _TOUCH_SPI_Write
  B:00A0H.2       PUBLIC        TOUCH_DIN
  C:8036H         PUBLIC        TOUCH_SPI_Start
  D:00C8H         PUBLIC        T2CON
  C:603EH         PUBLIC        TOUCH_Scan
  C:64FFH         PUBLIC        TOUCH_XPT_ReadXY
  D:00D0H         PUBLIC        PSW
  B:00A0H.3       PUBLIC        TOUCH_CS
  -------         PROC          TOUCH_SPI_START
  C:8036H         LINE#         9
  C:8036H         LINE#         10
  C:8036H         LINE#         11
  C:8038H         LINE#         12
  C:803AH         LINE#         13
  C:803CH         LINE#         14
  C:803EH         LINE#         15
  C:8040H         LINE#         16
  -------         ENDPROC       TOUCH_SPI_START
  -------         PROC          _TOUCH_SPI_WRITE
  D:0007H         SYMBOL        dat
  -------         DO            
  D:0006H         SYMBOL        i
  -------         ENDDO         
  C:7FB6H         LINE#         18
  C:7FB6H         LINE#         19
  C:7FB6H         LINE#         21
  C:7FB8H         LINE#         22
  C:7FBAH         LINE#         23
BL51 BANKED LINKER/LOCATER V6.22                                                      11/10/2018  11:33:30  PAGE 27


  C:7FBAH         LINE#         24
  C:7FC5H         LINE#         25
  C:7FC9H         LINE#         26
  C:7FCBH         LINE#         28
  C:7FCDH         LINE#         30
  C:7FD2H         LINE#         31
  -------         ENDPROC       _TOUCH_SPI_WRITE
  -------         PROC          TOUCH_SPI_READ
  -------         DO            
  D:0004H         SYMBOL        i
  X:037FH         SYMBOL        dat
  -------         ENDDO         
  C:7E3BH         LINE#         33
  C:7E3BH         LINE#         34
  C:7E3BH         LINE#         35
  C:7E42H         LINE#         36
  C:7E44H         LINE#         37
  C:7E46H         LINE#         38
  C:7E46H         LINE#         39
  C:7E53H         LINE#         41
  C:7E55H         LINE#         42
  C:7E57H         LINE#         44
  C:7E62H         LINE#         46
  C:7E6DH         LINE#         47
  C:7E75H         LINE#         48
  -------         ENDPROC       TOUCH_SPI_READ
  -------         PROC          L?0046
  -------         ENDPROC       L?0046
  -------         PROC          _TOUCH_XPT_READDATA
  D:0003H         SYMBOL        cmd
  -------         DO            
  X:0176H         SYMBOL        i
  X:0177H         SYMBOL        j
  X:0178H         SYMBOL        readValue
  X:018CH         SYMBOL        endValue
  -------         ENDDO         
  C:57EFH         LINE#         52
  C:57F1H         LINE#         53
  C:57F1H         LINE#         58
  C:57F3H         LINE#         59
  C:57F5H         LINE#         61
  C:57FAH         LINE#         62
  C:57FAH         LINE#         63
  C:57FFH         LINE#         65
  C:580EH         LINE#         66
  C:5810H         LINE#         67
  C:5811H         LINE#         68
  C:5812H         LINE#         69
  C:5814H         LINE#         70
  C:5815H         LINE#         71
  C:5816H         LINE#         73
  C:582DH         LINE#         74
  C:5839H         LINE#         75
  C:583BH         LINE#         79
  C:584DH         LINE#         80
  C:584DH         LINE#         81
  C:585EH         LINE#         82
BL51 BANKED LINKER/LOCATER V6.22                                                      11/10/2018  11:33:30  PAGE 28


  C:585EH         LINE#         83
  C:5889H         LINE#         84
  C:5889H         LINE#         85
  C:58A3H         LINE#         86
  C:58C9H         LINE#         87
  C:58E4H         LINE#         88
  C:58E4H         LINE#         89
  C:58EDH         LINE#         90
  C:58F6H         LINE#         95
  C:5900H         LINE#         96
  C:5906H         LINE#         97
  C:5906H         LINE#         98
  C:593DH         LINE#         99
  C:5947H         LINE#         100
  C:5964H         LINE#         102
  C:596EH         LINE#         103
  -------         ENDPROC       _TOUCH_XPT_READDATA
  -------         PROC          TOUCH_XPT_READXY
  -------         DO            
  X:0323H         SYMBOL        x1
  X:0325H         SYMBOL        x2
  X:0327H         SYMBOL        x
  X:0329H         SYMBOL        y1
  D:0004H         SYMBOL        y2
  X:032BH         SYMBOL        y
  -------         ENDDO         
  C:64FFH         LINE#         107
  C:64FFH         LINE#         108
  C:64FFH         LINE#         111
  C:6502H         LINE#         113
  C:650AH         LINE#         114
  C:6515H         LINE#         115
  C:651DH         LINE#         116
  C:6524H         LINE#         120
  C:653AH         LINE#         121
  C:653AH         LINE#         122
  C:6542H         LINE#         123
  C:6544H         LINE#         125
  C:6544H         LINE#         126
  C:655FH         LINE#         127
  C:655FH         LINE#         130
  C:656DH         LINE#         131
  C:656DH         LINE#         132
  C:6572H         LINE#         133
  C:6574H         LINE#         135
  C:6574H         LINE#         136
  C:6587H         LINE#         137
  C:6587H         LINE#         140
  C:65A4H         LINE#         141
  C:65A4H         LINE#         142
  C:65A7H         LINE#         143
  C:65A7H         LINE#         146
  C:65C8H         LINE#         147
  C:65E1H         LINE#         149
  C:65E8H         LINE#         150
  C:65EFH         LINE#         153
  C:660DH         LINE#         154
BL51 BANKED LINKER/LOCATER V6.22                                                      11/10/2018  11:33:30  PAGE 29


  C:660DH         LINE#         155
  C:6610H         LINE#         156
  C:6610H         LINE#         158
  C:6612H         LINE#         159
  -------         ENDPROC       TOUCH_XPT_READXY
  -------         PROC          TOUCH_SCAN
  -------         DO            
  X:0381H         SYMBOL        res
  -------         ENDDO         
  C:603EH         LINE#         163
  C:603EH         LINE#         164
  C:603EH         LINE#         165
  C:6043H         LINE#         168
  C:604CH         LINE#         169
  C:604CH         LINE#         172
  C:6055H         LINE#         173
  C:6055H         LINE#         182
  C:6066H         LINE#         183
  C:609BH         LINE#         184
  C:60ACH         LINE#         185
  C:60D6H         LINE#         209
  C:60D9H         LINE#         211
  C:60D9H         LINE#         220
  C:60F0H         LINE#         221
  C:6125H         LINE#         222
  C:6136H         LINE#         223
  C:616BH         LINE#         247
  C:616BH         LINE#         264
  C:6171H         LINE#         265
  C:6171H         LINE#         266
  C:6173H         LINE#         268
  C:6178H         LINE#         269
  C:617DH         LINE#         270
  -------         ENDPROC       TOUCH_SCAN
  -------         ENDMOD        TOUCH

  -------         MODULE        GUI
  C:0000H         SYMBOL        _ICE_DUMMY_
  C:7C68H         PUBLIC        _gui_pow
  D:0090H         PUBLIC        P1
  D:00A0H         PUBLIC        P2
  D:00B0H         PUBLIC        P3
  C:74EFH         PUBLIC        _gui_num2str
  C:4436H         PUBLIC        _gui_show_ptstr
  D:00A8H         PUBLIC        IE
  C:596FH         PUBLIC        _gui_get_stringline
  D:00B8H         PUBLIC        IP
  C:6A1FH         PUBLIC        _gui_draw_bigpoint
  C:5625H         PUBLIC        _gui_show_num
  C:7B5BH         PUBLIC        _gui_disabs
  C:3D3EH         PUBLIC        _gui_fill_ellipse
  C:2E49H         PUBLIC        _gui_fill_circle
  C:22CCH         PUBLIC        _gui_draw_ellipse
  C:1C19H         PUBLIC        _gui_draw_arcrectangle
  D:0098H         PUBLIC        SCON
  C:6928H         PUBLIC        _gui_alphablend_area
  D:0088H         PUBLIC        TCON
BL51 BANKED LINKER/LOCATER V6.22                                                      11/10/2018  11:33:30  PAGE 30


  C:6B13H         PUBLIC        _gui_alpha_blend565
  C:7DC3H         PUBLIC        _gui_rgb332torgb565
  C:5C63H         PUBLIC        _gui_show_strmidex
  C:73BCH         PUBLIC        _gui_draw_expoint
  C:48A2H         PUBLIC        _gui_show_stringex
  C:3AD2H         PUBLIC        _gui_draw_bline
  C:508DH         PUBLIC        _gui_smooth_color
  C:7A6DH         PUBLIC        _gui_draw_hline
  C:3F9FH         PUBLIC        _gui_show_ptchar
  C:75AEH         PUBLIC        _gui_draw_vline
  C:79EDH         PUBLIC        _gui_color_chg
  C:5DAFH         PUBLIC        _gui_show_strmid
  C:5EF7H         PUBLIC        _gui_fill_colorblock
  C:4ABEH         PUBLIC        _gui_draw_line
  C:7DFFH         PUBLIC        _gui_draw_point
  C:72BDH         PUBLIC        _gui_num2strex
  C:3884H         PUBLIC        _gui_draw_circle8
  C:467CH         PUBLIC        _gui_show_string
  D:00C8H         PUBLIC        T2CON
  C:7760H         PUBLIC        _gui_fill_rectangle
  C:546AH         PUBLIC        _gui_draw_arc
  C:6724H         PUBLIC        _gui_draw_smooth_rectangle
  C:71F5H         PUBLIC        _gui_draw_rectangle
  C:26D0H         PUBLIC        _gui_draw_bline1
  D:00D0H         PUBLIC        PSW
  C:6F84H         PUBLIC        _gui_show_ptstrwhiterim
  -------         PROC          _GUI_COLOR_CHG
  X:0350H         SYMBOL        rgb
  -------         DO            
  X:0354H         SYMBOL        r
  X:0356H         SYMBOL        g
  D:0004H         SYMBOL        b
  -------         ENDDO         
  C:79EDH         LINE#         15
  C:79F3H         LINE#         16
  C:79F3H         LINE#         18
  C:7A0CH         LINE#         19
  C:7A2BH         LINE#         20
  C:7A46H         LINE#         21
  C:7A6CH         LINE#         22
  -------         ENDPROC       _GUI_COLOR_CHG
  -------         PROC          _GUI_RGB332TORGB565
  D:0004H         SYMBOL        rgb332
  -------         DO            
  D:0002H         SYMBOL        rgb565
  -------         ENDDO         
  C:7DC3H         LINE#         26
  C:7DC7H         LINE#         27
  C:7DC7H         LINE#         28
  C:7DCBH         LINE#         29
  C:7DE0H         LINE#         30
  C:7DF5H         LINE#         31
  C:7DFBH         LINE#         32
  C:7DFEH         LINE#         33
  -------         ENDPROC       _GUI_RGB332TORGB565
  -------         PROC          _GUI_POW
  X:0372H         SYMBOL        m
BL51 BANKED LINKER/LOCATER V6.22                                                      11/10/2018  11:33:30  PAGE 31


  X:0373H         SYMBOL        n
  -------         DO            
  X:0374H         SYMBOL        result
  -------         ENDDO         
  C:7C68H         LINE#         35
  C:7C70H         LINE#         36
  C:7C70H         LINE#         37
  C:7C78H         LINE#         38
  C:7CA2H         LINE#         39
  C:7CB0H         LINE#         40
  -------         ENDPROC       _GUI_POW
  -------         PROC          _GUI_DISABS
  X:0358H         SYMBOL        x1
  X:035CH         SYMBOL        x2
  C:7B5BH         LINE#         42
  C:7B61H         LINE#         43
  C:7B61H         LINE#         44
  C:7BC5H         LINE#         45
  -------         ENDPROC       _GUI_DISABS
  -------         PROC          _GUI_DRAW_POINT
  X:0378H         SYMBOL        x0
  D:0004H         SYMBOL        y0
  D:0002H         SYMBOL        color
  -------         DO            
  X:037AH         SYMBOL        tempcolor
  -------         ENDDO         
  C:7DFFH         LINE#         51
  C:7E07H         LINE#         52
  C:7E07H         LINE#         53
  C:7E16H         LINE#         54
  C:7E20H         LINE#         55
  C:7E2BH         LINE#         56
  C:7E3AH         LINE#         57
  -------         ENDPROC       _GUI_DRAW_POINT
  -------         PROC          _GUI_ALPHABLEND_AREA
  X:0264H         SYMBOL        x
  X:0266H         SYMBOL        y
  X:0268H         SYMBOL        width
  X:026AH         SYMBOL        height
  X:026CH         SYMBOL        color
  X:026EH         SYMBOL        aval
  -------         DO            
  X:026FH         SYMBOL        i
  X:0271H         SYMBOL        j
  X:0273H         SYMBOL        tempcolor
  -------         ENDDO         
  C:6928H         LINE#         63
  C:693CH         LINE#         64
  C:693CH         LINE#         67
  C:695BH         LINE#         68
  C:695BH         LINE#         69
  C:697AH         LINE#         70
  C:697AH         LINE#         71
  C:69ADH         LINE#         72
  C:69C3H         LINE#         73
  C:69F6H         LINE#         74
  C:6A0AH         LINE#         75
BL51 BANKED LINKER/LOCATER V6.22                                                      11/10/2018  11:33:30  PAGE 32


  C:6A1EH         LINE#         76
  -------         ENDPROC       _GUI_ALPHABLEND_AREA
  -------         PROC          _GUI_DRAW_BIGPOINT
  X:004BH         SYMBOL        x0
  X:004DH         SYMBOL        y0
  X:004FH         SYMBOL        color
  -------         DO            
  X:0051H         SYMBOL        i
  X:0053H         SYMBOL        j
  X:0055H         SYMBOL        x
  X:0057H         SYMBOL        y
  -------         ENDDO         
  C:6A1FH         LINE#         82
  C:6A35H         LINE#         83
  C:6A35H         LINE#         86
  C:6A50H         LINE#         87
  C:6A5FH         LINE#         88
  C:6A7BH         LINE#         89
  C:6A8AH         LINE#         90
  C:6AB4H         LINE#         91
  C:6AB4H         LINE#         92
  C:6B02H         LINE#         93
  C:6B12H         LINE#         94
  -------         ENDPROC       _GUI_DRAW_BIGPOINT
  -------         PROC          _GUI_DRAW_LINE
  X:011EH         SYMBOL        x0
  X:0120H         SYMBOL        y0
  D:0002H         SYMBOL        x1
  X:0124H         SYMBOL        y1
  X:0126H         SYMBOL        color
  -------         DO            
  X:0128H         SYMBOL        t
  X:012AH         SYMBOL        xerr
  X:012CH         SYMBOL        yerr
  X:012EH         SYMBOL        delta_x
  X:0130H         SYMBOL        delta_y
  X:0132H         SYMBOL        distance
  X:0134H         SYMBOL        incx
  X:0136H         SYMBOL        incy
  X:0138H         SYMBOL        uRow
  X:013AH         SYMBOL        uCol
  -------         ENDDO         
  C:4ABEH         LINE#         98
  C:4ACCH         LINE#         99
  C:4ACCH         LINE#         101
  C:4AD7H         LINE#         104
  C:4AECH         LINE#         105
  C:4B07H         LINE#         106
  C:4B16H         LINE#         107
  C:4B1CH         LINE#         108
  C:4B38H         LINE#         109
  C:4B44H         LINE#         110
  C:4B59H         LINE#         111
  C:4B75H         LINE#         112
  C:4B81H         LINE#         113
  C:4B96H         LINE#         114
  C:4BBCH         LINE#         115
BL51 BANKED LINKER/LOCATER V6.22                                                      11/10/2018  11:33:30  PAGE 33


  C:4BC1H         LINE#         116
  C:4BE6H         LINE#         117
  C:4BE6H         LINE#         118
  C:4BFFH         LINE#         119
  C:4C13H         LINE#         120
  C:4C27H         LINE#         121
  C:4C43H         LINE#         122
  C:4C43H         LINE#         123
  C:4C4FH         LINE#         124
  C:4C63H         LINE#         125
  C:4C63H         LINE#         126
  C:4C7FH         LINE#         127
  C:4C7FH         LINE#         128
  C:4C8BH         LINE#         129
  C:4C9FH         LINE#         130
  C:4C9FH         LINE#         131
  C:4CB0H         LINE#         132
  -------         ENDPROC       _GUI_DRAW_LINE
  -------         PROC          _GUI_DRAW_BLINE
  X:00E1H         SYMBOL        x1
  X:00E3H         SYMBOL        y1
  X:00E5H         SYMBOL        x2
  X:00E7H         SYMBOL        y2
  X:00E9H         SYMBOL        size
  X:00EAH         SYMBOL        color
  -------         DO            
  X:00ECH         SYMBOL        t
  X:00EEH         SYMBOL        xerr
  X:00F0H         SYMBOL        yerr
  X:00F2H         SYMBOL        delta_x
  X:00F4H         SYMBOL        delta_y
  X:00F6H         SYMBOL        distance
  X:00F8H         SYMBOL        incx
  X:00FAH         SYMBOL        incy
  X:00FCH         SYMBOL        uRow
  X:00FEH         SYMBOL        uCol
  -------         ENDDO         
  C:3AD2H         LINE#         137
  C:3AE6H         LINE#         138
  C:3AE6H         LINE#         140
  C:3AF1H         LINE#         142
  C:3B36H         LINE#         143
  C:3B4FH         LINE#         144
  C:3B6AH         LINE#         145
  C:3B85H         LINE#         146
  C:3B8DH         LINE#         147
  C:3B9BH         LINE#         148
  C:3BB7H         LINE#         149
  C:3BC3H         LINE#         150
  C:3BD8H         LINE#         151
  C:3BF4H         LINE#         152
  C:3C00H         LINE#         153
  C:3C15H         LINE#         154
  C:3C3BH         LINE#         155
[...]
  C:41ECH         LINE#         637
  -------         ENDPROC       _GUI_SHOW_PTCHAR
  -------         PROC          _GUI_SHOW_NUM
  X:02A5H         SYMBOL        x
  X:02A7H         SYMBOL        y
  X:02A9H         SYMBOL        len
  X:02AAH         SYMBOL        color
  X:02ACH         SYMBOL        size
  X:02ADH         SYMBOL        num
  X:02B1H         SYMBOL        mode
  -------         DO            
  X:02B2H         SYMBOL        t
  X:02B3H         SYMBOL        temp
  X:02B4H         SYMBOL        enshow
  -------         ENDDO         
  C:5625H         LINE#         648
  C:5636H         LINE#         649
  C:5636H         LINE#         651
  C:563BH         LINE#         652
  C:5650H         LINE#         653
  C:5650H         LINE#         654
  C:5681H         LINE#         655
  C:569AH         LINE#         656
  C:569AH         LINE#         657
  C:56A1H         LINE#         658
  C:56A1H         LINE#         659
  C:5703H         LINE#         660
  C:575FH         LINE#         661
BL51 BANKED LINKER/LOCATER V6.22                                                      11/10/2018  11:33:30  PAGE 45


  C:5761H         LINE#         662
  C:5767H         LINE#         664
  C:5767H         LINE#         665
  C:57DEH         LINE#         666
  C:57E7H         LINE#         667
  -------         ENDPROC       _GUI_SHOW_NUM
  -------         PROC          _GUI_NUM2STR
  X:0337H         SYMBOL        str
  X:033AH         SYMBOL        num
  -------         DO            
  X:033EH         SYMBOL        t
  D:0007H         SYMBOL        temp
  X:033FH         SYMBOL        enrec
  -------         ENDDO         
  C:74EFH         LINE#         672
  C:74FEH         LINE#         673
  C:74FEH         LINE#         675
  C:7503H         LINE#         676
  C:7511H         LINE#         677
  C:7511H         LINE#         678
  C:753FH         LINE#         679
  C:754EH         LINE#         680
  C:754EH         LINE#         681
  C:7553H         LINE#         682
  C:7559H         LINE#         683
  C:7559H         LINE#         684
  C:756CH         LINE#         685
  C:7576H         LINE#         686
  C:757EH         LINE#         687
  C:758DH         LINE#         688
  C:7598H         LINE#         689
  -------         ENDPROC       _GUI_NUM2STR
  -------         PROC          _GUI_NUM2STREX
  X:000DH         SYMBOL        n
  X:000FH         SYMBOL        str
  -------         DO            
  D:0003H         SYMBOL        i
  X:0012H         SYMBOL        j
  X:0013H         SYMBOL        k
  X:0014H         SYMBOL        s
  -------         ENDDO         
  C:72BDH         LINE#         694
  C:72CEH         LINE#         695
  C:72CEH         LINE#         696
  C:72D4H         LINE#         700
  C:72D4H         LINE#         701
  C:72FCH         LINE#         702
  C:72FCH         LINE#         703
  C:731DH         LINE#         704
  C:7331H         LINE#         705
  C:7369H         LINE#         706
  -------         ENDPROC       _GUI_NUM2STREX
  -------         PROC          _GUI_SHOW_PTSTR
  X:001FH         SYMBOL        x
  X:0021H         SYMBOL        y
  X:0023H         SYMBOL        xend
  X:0025H         SYMBOL        yend
BL51 BANKED LINKER/LOCATER V6.22                                                      11/10/2018  11:33:30  PAGE 46


  X:0027H         SYMBOL        offset
  X:0029H         SYMBOL        color
  X:002BH         SYMBOL        size
  X:002CH         SYMBOL        str
  X:002FH         SYMBOL        mode
  -------         DO            
  X:0030H         SYMBOL        bHz
  X:0031H         SYMBOL        EnDisp
  -------         ENDDO         
  C:4436H         LINE#         717
  C:444AH         LINE#         718
  C:444AH         LINE#         719
  C:444FH         LINE#         720
  C:4451H         LINE#         721
  C:4465H         LINE#         722
  C:4465H         LINE#         723
  C:446EH         LINE#         724
  C:446EH         LINE#         725
  C:4479H         LINE#         727
  C:4479H         LINE#         728
  C:447FH         LINE#         729
  C:447FH         LINE#         730
  C:4496H         LINE#         731
  C:4496H         LINE#         732
  C:44A3H         LINE#         733
  C:44A5H         LINE#         734
  C:44A5H         LINE#         735
  C:44BCH         LINE#         736
  C:44C2H         LINE#         737
  C:44C2H         LINE#         738
  C:44C2H         LINE#         739
  C:44CDH         LINE#         740
  C:44CDH         LINE#         741
  C:4535H         LINE#         742
  C:4568H         LINE#         743
  C:4570H         LINE#         744
  C:457BH         LINE#         745
  C:457BH         LINE#         746
  C:4588H         LINE#         747
  C:458FH         LINE#         748
  C:458FH         LINE#         749
  C:458FH         LINE#         750
  C:45A7H         LINE#         751
  C:45AEH         LINE#         752
  C:45AEH         LINE#         753
  C:45B1H         LINE#         754
  C:45B1H         LINE#         755
  C:45B6H         LINE#         756
  C:45BAH         LINE#         757
  C:45BAH         LINE#         758
  C:45CFH         LINE#         759
  C:45CFH         LINE#         760
  C:45DCH         LINE#         761
  C:45DEH         LINE#         762
  C:45DEH         LINE#         763
  C:45F5H         LINE#         764
  C:45FBH         LINE#         765
BL51 BANKED LINKER/LOCATER V6.22                                                      11/10/2018  11:33:30  PAGE 47


  C:45FBH         LINE#         766
  C:45FBH         LINE#         767
  C:4601H         LINE#         768
  C:4601H         LINE#         770
  C:4632H         LINE#         771
  C:463AH         LINE#         772
  C:4645H         LINE#         773
  C:4645H         LINE#         774
  C:4652H         LINE#         775
  C:4659H         LINE#         776
  C:4659H         LINE#         777
  C:4659H         LINE#         778
  C:466EH         LINE#         779
  C:4678H         LINE#         780
  C:4678H         LINE#         781
  C:467BH         LINE#         782
  -------         ENDPROC       _GUI_SHOW_PTSTR
  -------         PROC          _GUI_SHOW_PTSTRWHITERIM
  X:0252H         SYMBOL        x
  X:0254H         SYMBOL        y
  X:0256H         SYMBOL        xend
  X:0258H         SYMBOL        yend
  X:025AH         SYMBOL        offset
  X:025CH         SYMBOL        color
  X:025EH         SYMBOL        rimcolor
  X:0260H         SYMBOL        size
  X:0261H         SYMBOL        str
  C:6F84H         LINE#         792
  C:6F98H         LINE#         793
  C:6F98H         LINE#         794
  C:6FEFH         LINE#         795
  -------         ENDPROC       _GUI_SHOW_PTSTRWHITERIM
  -------         PROC          _GUI_GET_STRINGLINE
  X:02F8H         SYMBOL        str
  X:02FBH         SYMBOL        linelenth
  X:02FDH         SYMBOL        font
  -------         DO            
  X:02FEH         SYMBOL        xpos
  X:0300H         SYMBOL        lincnt
  -------         ENDDO         
  C:596FH         LINE#         803
  C:5982H         LINE#         804
  C:5982H         LINE#         805
  C:5989H         LINE#         806
  C:5991H         LINE#         807
  C:59A7H         LINE#         808
  C:59D7H         LINE#         809
  C:59D7H         LINE#         810
  C:59F7H         LINE#         811
  C:59F7H         LINE#         812
  C:5A06H         LINE#         813
  C:5A0DH         LINE#         814
  C:5A2CH         LINE#         815
  C:5A33H         LINE#         816
  C:5A49H         LINE#         817
  C:5A49H         LINE#         818
  C:5A5CH         LINE#         819
BL51 BANKED LINKER/LOCATER V6.22                                                      11/10/2018  11:33:30  PAGE 48


  C:5A66H         LINE#         820
  C:5A7EH         LINE#         821
  C:5A7EH         LINE#         822
  C:5A7EH         LINE#         823
  C:5A7EH         LINE#         824
  C:5A7EH         LINE#         825
  C:5A80H         LINE#         826
  C:5A80H         LINE#         827
  C:5A95H         LINE#         828
  C:5A9FH         LINE#         829
  C:5AB7H         LINE#         830
  C:5AB7H         LINE#         831
  C:5ABCH         LINE#         832
  C:5AD9H         LINE#         833
  C:5AD9H         LINE#         834
  C:5AD9H         LINE#         835
  C:5ADCH         LINE#         836
  C:5AEAH         LINE#         837
  -------         ENDPROC       _GUI_GET_STRINGLINE
  -------         PROC          _GUI_SHOW_STRING
  X:01EFH         SYMBOL        str
  X:01F2H         SYMBOL        x
  X:01F4H         SYMBOL        y
  X:01F6H         SYMBOL        width
  X:01F8H         SYMBOL        height
  X:01FAH         SYMBOL        font
  X:01FBH         SYMBOL        fcolor
  -------         DO            
  X:01FDH         SYMBOL        xpos
  X:01FFH         SYMBOL        ypos
  X:0201H         SYMBOL        endx
  X:0203H         SYMBOL        endy
  -------         ENDDO         
  C:467CH         LINE#         844
  C:468DH         LINE#         845
  C:468DH         LINE#         846
  C:469DH         LINE#         847
  C:46ADH         LINE#         848
  C:46C7H         LINE#         849
  C:46E1H         LINE#         850
  C:46F9H         LINE#         851
  C:470CH         LINE#         852
  C:470CH         LINE#         853
  C:4720H         LINE#         854
  C:4720H         LINE#         855
  C:472FH         LINE#         856
  C:4736H         LINE#         857
  C:4745H         LINE#         858
  C:4757H         LINE#         859
  C:476BH         LINE#         860
  C:476BH         LINE#         861
  C:4793H         LINE#         862
  C:4793H         LINE#         863
  C:47A2H         LINE#         864
  C:47AEH         LINE#         865
  C:47AEH         LINE#         867
  C:47C0H         LINE#         868
BL51 BANKED LINKER/LOCATER V6.22                                                      11/10/2018  11:33:30  PAGE 49


  C:47C7H         LINE#         870
  C:47CAH         LINE#         871
  C:47CAH         LINE#         872
  C:47F4H         LINE#         873
  C:47F4H         LINE#         874
  C:4803H         LINE#         875
  C:4810H         LINE#         876
  C:4810H         LINE#         877
  C:486AH         LINE#         878
  C:487EH         LINE#         879
  C:4888H         LINE#         880
  C:4888H         LINE#         881
  C:48A1H         LINE#         883
  -------         ENDPROC       _GUI_SHOW_STRING
  -------         PROC          _GUI_SHOW_STRINGEX
  X:01D8H         SYMBOL        x
  X:01DAH         SYMBOL        y
  D:0002H         SYMBOL        width
  X:01DEH         SYMBOL        height
  X:01E0H         SYMBOL        fcolor
  X:01E2H         SYMBOL        font
  X:01E3H         SYMBOL        str
  X:01E6H         SYMBOL        mode
  -------         DO            
  X:01E7H         SYMBOL        xpos
  X:01E9H         SYMBOL        ypos
  X:01EBH         SYMBOL        endx
  X:01EDH         SYMBOL        endy
  -------         ENDDO         
  C:48A2H         LINE#         891
  C:48B0H         LINE#         892
  C:48B0H         LINE#         893
  C:48C0H         LINE#         894
  C:48CFH         LINE#         895
  C:48DFH         LINE#         896
  C:48FFH         LINE#         897
  C:4911H         LINE#         898
  C:4924H         LINE#         899
  C:4924H         LINE#         900
  C:4938H         LINE#         901
  C:4938H         LINE#         902
  C:4947H         LINE#         903
  C:494EH         LINE#         904
  C:495DH         LINE#         905
  C:496FH         LINE#         906
  C:4983H         LINE#         907
  C:4983H         LINE#         908
  C:49ABH         LINE#         909
  C:49ABH         LINE#         910
  C:49BAH         LINE#         911
  C:49C6H         LINE#         912
  C:49C6H         LINE#         914
  C:49D8H         LINE#         915
  C:49DFH         LINE#         917
  C:49E2H         LINE#         918
  C:49E2H         LINE#         919
  C:4A0CH         LINE#         920
BL51 BANKED LINKER/LOCATER V6.22                                                      11/10/2018  11:33:30  PAGE 50


  C:4A0CH         LINE#         921
  C:4A1BH         LINE#         922
  C:4A28H         LINE#         923
  C:4A28H         LINE#         924
  C:4A86H         LINE#         925
  C:4A9AH         LINE#         926
  C:4AA4H         LINE#         927
  C:4AA4H         LINE#         928
  C:4ABDH         LINE#         930
  -------         ENDPROC       _GUI_SHOW_STRINGEX
  -------         ENDMOD        GUI

  -------         MODULE        ?C?CLDPTR
  C:2A9AH         PUBLIC        ?C?CLDPTR
  -------         ENDMOD        ?C?CLDPTR

  -------         MODULE        ?C?CLDOPTR
  C:2AB3H         PUBLIC        ?C?CLDOPTR
  -------         ENDMOD        ?C?CLDOPTR

  -------         MODULE        ?C?CSTPTR
  C:2AE0H         PUBLIC        ?C?CSTPTR
  -------         ENDMOD        ?C?CSTPTR

  -------         MODULE        ?C?CSTOPTR
  C:2AF2H         PUBLIC        ?C?CSTOPTR
  -------         ENDMOD        ?C?CSTOPTR

  -------         MODULE        ?C?IMUL
  C:2B14H         PUBLIC        ?C?IMUL
  -------         ENDMOD        ?C?IMUL

  -------         MODULE        ?C?UIDIV
  C:2B26H         PUBLIC        ?C?UIDIV
  -------         ENDMOD        ?C?UIDIV

  -------         MODULE        ?C?SIDIV
  C:2B7BH         PUBLIC        ?C?SIDIV
  -------         ENDMOD        ?C?SIDIV

  -------         MODULE        ?C?IILDX
  C:2BB1H         PUBLIC        ?C?IILDX
  -------         ENDMOD        ?C?IILDX

  -------         MODULE        ?C?ILDIX
  C:2BC7H         PUBLIC        ?C?ILDIX
  -------         ENDMOD        ?C?ILDIX

  -------         MODULE        ?C?ILDOPTR
  C:2BDDH         PUBLIC        ?C?ILDOPTR
  -------         ENDMOD        ?C?ILDOPTR

  -------         MODULE        ?C?ISTOPTR
  C:2C15H         PUBLIC        ?C?ISTOPTR
  -------         ENDMOD        ?C?ISTOPTR

  -------         MODULE        ?C?LMUL
BL51 BANKED LINKER/LOCATER V6.22                                                      11/10/2018  11:33:30  PAGE 51


  C:2C42H         PUBLIC        ?C?LMUL
  -------         ENDMOD        ?C?LMUL

  -------         MODULE        ?C?ULDIV
  C:2CCDH         PUBLIC        ?C?ULDIV
  -------         ENDMOD        ?C?ULDIV

  -------         MODULE        ?C?SLDIV
  C:7D3FH         PUBLIC        ?C?SLDIV
  -------         ENDMOD        ?C?SLDIV

  -------         MODULE        ?C?SLCMP
  C:2D5FH         PUBLIC        ?C?SLCMP
  -------         ENDMOD        ?C?SLCMP

  -------         MODULE        ?C?ULCMP
  C:2D75H         PUBLIC        ?C?ULCMP
  -------         ENDMOD        ?C?ULCMP

  -------         MODULE        ?C?ULSHR
  C:2D86H         PUBLIC        ?C?ULSHR
  -------         ENDMOD        ?C?ULSHR

  -------         MODULE        ?C?LSTXDATA
  C:2D99H         PUBLIC        ?C?LSTXDATA
  -------         ENDMOD        ?C?LSTXDATA

  -------         MODULE        ?C?LSTKXDATA
  C:2DA5H         PUBLIC        ?C?LSTKXDATA
  -------         ENDMOD        ?C?LSTKXDATA

  -------         MODULE        ?C?LIMUL
  C:2DD6H         PUBLIC        ?C?LIMUL
  -------         ENDMOD        ?C?LIMUL

  -------         MODULE        PRINTF
  X:0000H         PUBLIC        ?_PRINTF517?BYTE
  X:0000H         PUBLIC        ?_PRINTF?BYTE
  X:0000H         PUBLIC        ?_SPRINTF517?BYTE
  X:0000H         PUBLIC        ?_SPRINTF?BYTE
  C:3254H         PUBLIC        _PRINTF
  C:3254H         PUBLIC        _PRINTF517
  C:324EH         PUBLIC        _SPRINTF
  C:324EH         PUBLIC        _SPRINTF517
  -------         ENDMOD        PRINTF

  -------         MODULE        STRLEN
  C:7FE9H         PUBLIC        _STRLEN
  -------         ENDMOD        STRLEN

  -------         MODULE        ?C?PLDIXDATA
  C:2E03H         PUBLIC        ?C?PLDIXDATA
  -------         ENDMOD        ?C?PLDIXDATA

  -------         MODULE        ?C?PSTXDATA
  C:2E1AH         PUBLIC        ?C?PSTXDATA
  -------         ENDMOD        ?C?PSTXDATA
BL51 BANKED LINKER/LOCATER V6.22                                                      11/10/2018  11:33:30  PAGE 52



  -------         MODULE        ?C?CCASE
  C:2E23H         PUBLIC        ?C?CCASE
  -------         ENDMOD        ?C?CCASE

  -------         MODULE        PUTCHAR
  C:7F52H         PUBLIC        _PUTCHAR
  -------         ENDMOD        PUTCHAR

*** WARNING L16: UNCALLED SEGMENT, IGNORED FOR OVERLAY PROCESS
    SEGMENT: ?PR?_UART_CMD?UART

*** WARNING L16: UNCALLED SEGMENT, IGNORED FOR OVERLAY PROCESS
    SEGMENT: ?PR?_UART_SENDSTRING?UART

*** WARNING L16: UNCALLED SEGMENT, IGNORED FOR OVERLAY PROCESS
    SEGMENT: ?PR?_LCD_COLOR_FILL?TFTLCD

*** WARNING L16: UNCALLED SEGMENT, IGNORED FOR OVERLAY PROCESS
    SEGMENT: ?PR?_LCD_DRAWBIGPOINT?TFTLCD

*** WARNING L16: UNCALLED SEGMENT, IGNORED FOR OVERLAY PROCESS
    SEGMENT: ?PR?_LCD_DRAWLINE_COLOR?TFTLCD

*** WARNING L16: UNCALLED SEGMENT, IGNORED FOR OVERLAY PROCESS
    SEGMENT: ?PR?_LCD_DROWSIGN?TFTLCD

*** WARNING L16: UNCALLED SEGMENT, IGNORED FOR OVERLAY PROCESS
    SEGMENT: ?PR?_LCD_DRAWRECTANGLE?TFTLCD

*** WARNING L16: UNCALLED SEGMENT, IGNORED FOR OVERLAY PROCESS
    SEGMENT: ?PR?_LCD_DRAW_CIRCLE?TFTLCD

*** WARNING L16: UNCALLED SEGMENT, IGNORED FOR OVERLAY PROCESS
    SEGMENT: ?PR?_LCD_SHOWNUM?TFTLCD

*** WARNING L16: UNCALLED SEGMENT, IGNORED FOR OVERLAY PROCESS
    SEGMENT: ?PR?_LCD_SHOWXNUM?TFTLCD

*** WARNING L16: UNCALLED SEGMENT, IGNORED FOR OVERLAY PROCESS
    SEGMENT: ?PR?_LCD_SHOWFONTHZ?TFTLCD

*** WARNING L16: UNCALLED SEGMENT, IGNORED FOR OVERLAY PROCESS
    SEGMENT: ?PR?_LCD_SHOWPICTURE?TFTLCD

*** WARNING L16: UNCALLED SEGMENT, IGNORED FOR OVERLAY PROCESS
    SEGMENT: ?PR?TOUCH_SCAN?TOUCH

*** WARNING L16: UNCALLED SEGMENT, IGNORED FOR OVERLAY PROCESS
    SEGMENT: ?PR?_GUI_COLOR_CHG?GUI

*** WARNING L16: UNCALLED SEGMENT, IGNORED FOR OVERLAY PROCESS
    SEGMENT: ?PR?_GUI_RGB332TORGB565?GUI

*** WARNING L16: UNCALLED SEGMENT, IGNORED FOR OVERLAY PROCESS
    SEGMENT: ?PR?_GUI_DISABS?GUI

BL51 BANKED LINKER/LOCATER V6.22                                                      11/10/2018  11:33:30  PAGE 53


*** WARNING L16: UNCALLED SEGMENT, IGNORED FOR OVERLAY PROCESS
    SEGMENT: ?PR?_GUI_DRAW_POINT?GUI

*** WARNING L16: UNCALLED SEGMENT, IGNORED FOR OVERLAY PROCESS
    SEGMENT: ?PR?_GUI_ALPHABLEND_AREA?GUI

*** WARNING L16: UNCALLED SEGMENT, IGNORED FOR OVERLAY PROCESS
    SEGMENT: ?PR?_GUI_DRAW_BLINE?GUI

*** WARNING L16: UNCALLED SEGMENT, IGNORED FOR OVERLAY PROCESS
    SEGMENT: ?PR?_GUI_FILL_COLORBLOCK?GUI

*** WARNING L16: UNCALLED SEGMENT, IGNORED FOR OVERLAY PROCESS
    SEGMENT: ?PR?_GUI_DRAW_SMOOTH_RECTANGLE?GUI

*** WARNING L16: UNCALLED SEGMENT, IGNORED FOR OVERLAY PROCESS
    SEGMENT: ?PR?_GUI_DRAW_RECTANGLE?GUI

*** WARNING L16: UNCALLED SEGMENT, IGNORED FOR OVERLAY PROCESS
    SEGMENT: ?PR?_GUI_DRAW_ARCRECTANGLE?GUI

*** WARNING L16: UNCALLED SEGMENT, IGNORED FOR OVERLAY PROCESS
    SEGMENT: ?PR?_GUI_DRAW_ELLIPSE?GUI

*** WARNING L16: UNCALLED SEGMENT, IGNORED FOR OVERLAY PROCESS
    SEGMENT: ?PR?_GUI_FILL_ELLIPSE?GUI

*** WARNING L16: UNCALLED SEGMENT, IGNORED FOR OVERLAY PROCESS
    SEGMENT: ?PR?_GUI_SHOW_STRMIDEX?GUI

*** WARNING L16: UNCALLED SEGMENT, IGNORED FOR OVERLAY PROCESS
    SEGMENT: ?PR?_GUI_SHOW_NUM?GUI

*** WARNING L16: UNCALLED SEGMENT, IGNORED FOR OVERLAY PROCESS
    SEGMENT: ?PR?_GUI_NUM2STR?GUI

*** WARNING L16: UNCALLED SEGMENT, IGNORED FOR OVERLAY PROCESS
    SEGMENT: ?PR?_GUI_SHOW_PTSTRWHITERIM?GUI

*** WARNING L16: UNCALLED SEGMENT, IGNORED FOR OVERLAY PROCESS
    SEGMENT: ?PR?_GUI_GET_STRINGLINE?GUI

*** WARNING L16: UNCALLED SEGMENT, IGNORED FOR OVERLAY PROCESS
    SEGMENT: ?PR?_GUI_SHOW_STRING?GUI

*** WARNING L16: UNCALLED SEGMENT, IGNORED FOR OVERLAY PROCESS
    SEGMENT: ?PR?_GUI_SHOW_STRINGEX?GUI

Program Size: data=15.1 xdata=898 code=32838
LINK/LOCATE RUN COMPLETE.  32 WARNING(S),  0 ERROR(S)
